Component: ARM Compiler 5.06 update 4 (build 422) Tool: armlink [4d35d2]

==============================================================================

Section Cross References

    main.o(i.advertising_init) refers to memseta.o(.text) for __aeabi_memclr4
    main.o(i.advertising_init) refers to ble_advertising.o(i.ble_advertising_init) for ble_advertising_init
    main.o(i.advertising_init) refers to app_error.o(i.app_error_handler) for app_error_handler
    main.o(i.advertising_init) refers to main.o(i.on_adv_evt) for on_adv_evt
    main.o(i.assert_nrf_callback) refers to app_error.o(i.app_error_handler) for app_error_handler
    main.o(i.ble_evt_dispatch) refers to device_manager_peripheral.o(i.dm_ble_evt_handler) for dm_ble_evt_handler
    main.o(i.ble_evt_dispatch) refers to ble_conn_params.o(i.ble_conn_params_on_ble_evt) for ble_conn_params_on_ble_evt
    main.o(i.ble_evt_dispatch) refers to bsp_btn_ble.o(i.bsp_btn_ble_on_ble_evt) for bsp_btn_ble_on_ble_evt
    main.o(i.ble_evt_dispatch) refers to main.o(i.on_ble_evt) for on_ble_evt
    main.o(i.ble_evt_dispatch) refers to ble_advertising.o(i.ble_advertising_on_ble_evt) for ble_advertising_on_ble_evt
    main.o(i.ble_stack_init) refers to softdevice_handler.o(i.softdevice_handler_init) for softdevice_handler_init
    main.o(i.ble_stack_init) refers to app_error.o(i.app_error_handler) for app_error_handler
    main.o(i.ble_stack_init) refers to softdevice_handler.o(i.softdevice_enable_get_default_config) for softdevice_enable_get_default_config
    main.o(i.ble_stack_init) refers to softdevice_handler.o(i.sd_check_ram_start) for sd_check_ram_start
    main.o(i.ble_stack_init) refers to softdevice_handler.o(i.softdevice_enable) for softdevice_enable
    main.o(i.ble_stack_init) refers to softdevice_handler.o(i.softdevice_ble_evt_handler_set) for softdevice_ble_evt_handler_set
    main.o(i.ble_stack_init) refers to softdevice_handler.o(i.softdevice_sys_evt_handler_set) for softdevice_sys_evt_handler_set
    main.o(i.ble_stack_init) refers to main.o(.constdata) for .constdata
    main.o(i.ble_stack_init) refers to main.o(.bss) for BLE_EVT_BUFFER
    main.o(i.ble_stack_init) refers to main.o(i.ble_evt_dispatch) for ble_evt_dispatch
    main.o(i.ble_stack_init) refers to main.o(i.sys_evt_dispatch) for sys_evt_dispatch
    main.o(i.bsp_event_handler) refers to main.o(i.sleep_mode_enter) for sleep_mode_enter
    main.o(i.bsp_event_handler) refers to app_error.o(i.app_error_handler) for app_error_handler
    main.o(i.bsp_event_handler) refers to ble_advertising.o(i.ble_advertising_restart_without_whitelist) for ble_advertising_restart_without_whitelist
    main.o(i.bsp_event_handler) refers to main.o(.data) for m_conn_handle
    main.o(i.buttons_leds_init) refers to segger_rtt.o(i.SEGGER_RTT_WriteString) for SEGGER_RTT_WriteString
    main.o(i.buttons_leds_init) refers to bsp.o(i.bsp_init) for bsp_init
    main.o(i.buttons_leds_init) refers to app_error.o(i.app_error_handler) for app_error_handler
    main.o(i.buttons_leds_init) refers to bsp_btn_ble.o(i.bsp_btn_ble_init) for bsp_btn_ble_init
    main.o(i.buttons_leds_init) refers to main.o(i.bsp_event_handler) for bsp_event_handler
    main.o(i.conn_params_error_handler) refers to app_error.o(i.app_error_handler) for app_error_handler
    main.o(i.conn_params_init) refers to memseta.o(.text) for __aeabi_memclr4
    main.o(i.conn_params_init) refers to ble_conn_params.o(i.ble_conn_params_init) for ble_conn_params_init
    main.o(i.conn_params_init) refers to app_error.o(i.app_error_handler) for app_error_handler
    main.o(i.conn_params_init) refers to main.o(i.on_conn_params_evt) for on_conn_params_evt
    main.o(i.conn_params_init) refers to main.o(i.conn_params_error_handler) for conn_params_error_handler
    main.o(i.device_manager_evt_handler) refers to app_error.o(i.app_error_handler) for app_error_handler
    main.o(i.device_manager_init) refers to pstorage.o(i.pstorage_init) for pstorage_init
    main.o(i.device_manager_init) refers to app_error.o(i.app_error_handler) for app_error_handler
    main.o(i.device_manager_init) refers to device_manager_peripheral.o(i.dm_init) for dm_init
    main.o(i.device_manager_init) refers to device_manager_peripheral.o(i.dm_register) for dm_register
    main.o(i.device_manager_init) refers to main.o(i.device_manager_evt_handler) for device_manager_evt_handler
    main.o(i.device_manager_init) refers to main.o(.data) for m_app_handle
    main.o(i.gap_params_init) refers to app_error.o(i.app_error_handler) for app_error_handler
    main.o(i.main) refers to main.o(i.timers_init) for timers_init
    main.o(i.main) refers to main.o(i.buttons_leds_init) for buttons_leds_init
    main.o(i.main) refers to main.o(i.ble_stack_init) for ble_stack_init
    main.o(i.main) refers to main.o(i.device_manager_init) for device_manager_init
    main.o(i.main) refers to main.o(i.gap_params_init) for gap_params_init
[...]
    i.no_service_context_load                0x00020ff2   Section        0  device_manager_peripheral.o(i.no_service_context_load)
    no_service_context_load                  0x00020ff3   Thumb Code     6  device_manager_peripheral.o(i.no_service_context_load)
    i.no_service_context_store               0x00020ff8   Section        0  device_manager_peripheral.o(i.no_service_context_store)
    no_service_context_store                 0x00020ff9   Thumb Code     6  device_manager_peripheral.o(i.no_service_context_store)
    i.nrf_drv_common_irq_enable              0x00021000   Section        0  nrf_drv_common.o(i.nrf_drv_common_irq_enable)
    i.nrf_drv_gpiote_in_event_enable         0x00021060   Section        0  nrf_drv_gpiote.o(i.nrf_drv_gpiote_in_event_enable)
    i.nrf_drv_gpiote_in_init                 0x00021118   Section        0  nrf_drv_gpiote.o(i.nrf_drv_gpiote_in_init)
    i.nrf_drv_gpiote_in_is_set               0x000211f0   Section        0  nrf_drv_gpiote.o(i.nrf_drv_gpiote_in_is_set)
    i.nrf_drv_gpiote_init                    0x0002120c   Section        0  nrf_drv_gpiote.o(i.nrf_drv_gpiote_init)
    i.nrf_drv_gpiote_is_init                 0x00021260   Section        0  nrf_drv_gpiote.o(i.nrf_drv_gpiote_is_init)
    i.nrf_gpio_cfg                           0x00021274   Section        0  nrf_drv_gpiote.o(i.nrf_gpio_cfg)
    nrf_gpio_cfg                             0x00021275   Thumb Code    30  nrf_drv_gpiote.o(i.nrf_gpio_cfg)
    i.nrf_gpio_cfg_sense_set                 0x00021298   Section        0  nrf_drv_gpiote.o(i.nrf_gpio_cfg_sense_set)
    nrf_gpio_cfg_sense_set                   0x00021299   Thumb Code    32  nrf_drv_gpiote.o(i.nrf_gpio_cfg_sense_set)
    i.nrf_gpiote_event_addr_get              0x000212bc   Section        0  nrf_drv_gpiote.o(i.nrf_gpiote_event_addr_get)
    nrf_gpiote_event_addr_get                0x000212bd   Thumb Code     8  nrf_drv_gpiote.o(i.nrf_gpiote_event_addr_get)
    i.nrf_gpiote_event_clear                 0x000212c8   Section        0  nrf_drv_gpiote.o(i.nrf_gpiote_event_clear)
    nrf_gpiote_event_clear                   0x000212c9   Thumb Code    28  nrf_drv_gpiote.o(i.nrf_gpiote_event_clear)
    i.nrf_gpiote_event_is_set                0x000212e4   Section        0  nrf_drv_gpiote.o(i.nrf_gpiote_event_is_set)
    nrf_gpiote_event_is_set                  0x000212e5   Thumb Code    22  nrf_drv_gpiote.o(i.nrf_gpiote_event_is_set)
    i.nrf_gpiote_int_enable                  0x000212fc   Section        0  nrf_drv_gpiote.o(i.nrf_gpiote_int_enable)
    nrf_gpiote_int_enable                    0x000212fd   Thumb Code     6  nrf_drv_gpiote.o(i.nrf_gpiote_int_enable)
    i.nrf_uart_errorsrc_get_and_clear        0x00021308   Section        0  nrf_drv_uart.o(i.nrf_uart_errorsrc_get_and_clear)
    nrf_uart_errorsrc_get_and_clear          0x00021309   Thumb Code    12  nrf_drv_uart.o(i.nrf_uart_errorsrc_get_and_clear)
    i.nrf_uart_event_check                   0x00021314   Section        0  nrf_drv_uart.o(i.nrf_uart_event_check)
    nrf_uart_event_check                     0x00021315   Thumb Code    14  nrf_drv_uart.o(i.nrf_uart_event_check)
    i.nrf_uart_event_clear                   0x00021322   Section        0  nrf_drv_uart.o(i.nrf_uart_event_clear)
    nrf_uart_event_clear                     0x00021323   Thumb Code     6  nrf_drv_uart.o(i.nrf_uart_event_clear)
    i.nrf_uart_int_disable                   0x00021328   Section        0  nrf_drv_uart.o(i.nrf_uart_int_disable)
    nrf_uart_int_disable                     0x00021329   Thumb Code     6  nrf_drv_uart.o(i.nrf_uart_int_disable)
    i.nrf_uart_int_enable_check              0x0002132e   Section        0  nrf_drv_uart.o(i.nrf_uart_int_enable_check)
    nrf_uart_int_enable_check                0x0002132f   Thumb Code    18  nrf_drv_uart.o(i.nrf_uart_int_enable_check)
    i.nrf_uart_task_trigger                  0x00021340   Section        0  nrf_drv_uart.o(i.nrf_uart_task_trigger)
    nrf_uart_task_trigger                    0x00021341   Thumb Code     6  nrf_drv_uart.o(i.nrf_uart_task_trigger)
    i.nrf_uarte_errorsrc_get_and_clear       0x00021346   Section        0  nrf_drv_uart.o(i.nrf_uarte_errorsrc_get_and_clear)
    nrf_uarte_errorsrc_get_and_clear         0x00021347   Thumb Code    12  nrf_drv_uart.o(i.nrf_uarte_errorsrc_get_and_clear)
    i.nrf_uarte_event_check                  0x00021352   Section        0  nrf_drv_uart.o(i.nrf_uarte_event_check)
    nrf_uarte_event_check                    0x00021353   Thumb Code    14  nrf_drv_uart.o(i.nrf_uarte_event_check)
    i.nrf_uarte_event_clear                  0x00021360   Section        0  nrf_drv_uart.o(i.nrf_uarte_event_clear)
    nrf_uarte_event_clear                    0x00021361   Thumb Code     6  nrf_drv_uart.o(i.nrf_uarte_event_clear)
    i.nrf_uarte_rx_amount_get                0x00021366   Section        0  nrf_drv_uart.o(i.nrf_uarte_rx_amount_get)
    nrf_uarte_rx_amount_get                  0x00021367   Thumb Code    10  nrf_drv_uart.o(i.nrf_uarte_rx_amount_get)
    i.on_adv_evt                             0x00021370   Section        0  main.o(i.on_adv_evt)
    on_adv_evt                               0x00021371   Thumb Code    54  main.o(i.on_adv_evt)
    i.on_ble_evt                             0x000213b8   Section        0  main.o(i.on_ble_evt)
    on_ble_evt                               0x000213b9   Thumb Code    72  main.o(i.on_ble_evt)
    i.on_conn_params_evt                     0x00021414   Section        0  main.o(i.on_conn_params_evt)
    on_conn_params_evt                       0x00021415   Thumb Code    42  main.o(i.on_conn_params_evt)
    i.on_conn_params_update                  0x00021454   Section        0  ble_conn_params.o(i.on_conn_params_update)
    on_conn_params_update                    0x00021455   Thumb Code    20  ble_conn_params.o(i.on_conn_params_update)
    i.on_connect                             0x0002146c   Section        0  ble_conn_params.o(i.on_connect)
    on_connect                               0x0002146d   Thumb Code    38  ble_conn_params.o(i.on_connect)
    i.on_disconnect                          0x000214a4   Section        0  ble_conn_params.o(i.on_disconnect)
    on_disconnect                            0x000214a5   Thumb Code    46  ble_conn_params.o(i.on_disconnect)
    i.on_write                               0x000214e4   Section        0  ble_conn_params.o(i.on_write)
    on_write                                 0x000214e5   Thumb Code    78  ble_conn_params.o(i.on_write)
    i.peer_address_exists                    0x0002153c   Section        0  ble_advertising.o(i.peer_address_exists)
    peer_address_exists                      0x0002153d   Thumb Code    24  ble_advertising.o(i.peer_address_exists)
    i.peer_instance_init                     0x00021554   Section        0  device_manager_peripheral.o(i.peer_instance_init)
    peer_instance_init                       0x00021555   Thumb Code    92  device_manager_peripheral.o(i.peer_instance_init)
    i.pin_in_use_by_gpiote                   0x000215b8   Section        0  nrf_drv_gpiote.o(i.pin_in_use_by_gpiote)
    pin_in_use_by_gpiote                     0x000215b9   Thumb Code    22  nrf_drv_gpiote.o(i.pin_in_use_by_gpiote)
    i.pin_in_use_by_port                     0x000215d4   Section        0  nrf_drv_gpiote.o(i.pin_in_use_by_port)
    pin_in_use_by_port                       0x000215d5   Thumb Code    18  nrf_drv_gpiote.o(i.pin_in_use_by_port)
    i.pin_in_use_by_te                       0x000215ec   Section        0  nrf_drv_gpiote.o(i.pin_in_use_by_te)
    pin_in_use_by_te                         0x000215ed   Thumb Code    26  nrf_drv_gpiote.o(i.pin_in_use_by_te)
    i.pin_in_use_clear                       0x0002160c   Section        0  nrf_drv_gpiote.o(i.pin_in_use_clear)
    pin_in_use_clear                         0x0002160d   Thumb Code     8  nrf_drv_gpiote.o(i.pin_in_use_clear)
    i.power_manage                           0x00021618   Section        0  main.o(i.power_manage)
    power_manage                             0x00021619   Thumb Code    32  main.o(i.power_manage)
    i.pstorage_access_status_get             0x00021648   Section        0  pstorage.o(i.pstorage_access_status_get)
    i.pstorage_block_identifier_get          0x00021674   Section        0  pstorage.o(i.pstorage_block_identifier_get)
    i.pstorage_clear                         0x00021718   Section        0  pstorage.o(i.pstorage_clear)
    i.pstorage_flash_page_end                0x00021838   Section        0  pstorage.o(i.pstorage_flash_page_end)
    pstorage_flash_page_end                  0x00021839   Thumb Code    30  pstorage.o(i.pstorage_flash_page_end)
    i.pstorage_flash_page_size               0x00021856   Section        0  pstorage.o(i.pstorage_flash_page_size)
    pstorage_flash_page_size                 0x00021857   Thumb Code    10  pstorage.o(i.pstorage_flash_page_size)
    i.pstorage_init                          0x00021860   Section        0  pstorage.o(i.pstorage_init)
    i.pstorage_load                          0x000218f0   Section        0  pstorage.o(i.pstorage_load)
    i.pstorage_register                      0x000219e4   Section        0  pstorage.o(i.pstorage_register)
    i.pstorage_store                         0x00021af4   Section        0  pstorage.o(i.pstorage_store)
    i.pstorage_sys_event_handler             0x00021bd0   Section        0  pstorage.o(i.pstorage_sys_event_handler)
    i.pstorage_update                        0x00021c18   Section        0  pstorage.o(i.pstorage_update)
    i.ram_end_address_get                    0x00021cf4   Section        0  softdevice_handler.o(i.ram_end_address_get)
    ram_end_address_get                      0x00021cf5   Thumb Code    16  softdevice_handler.o(i.ram_end_address_get)
    i.rtc1_compare0_set                      0x00021d08   Section        0  app_timer.o(i.rtc1_compare0_set)
    rtc1_compare0_set                        0x00021d09   Thumb Code     6  app_timer.o(i.rtc1_compare0_set)
    i.rtc1_counter_get                       0x00021d14   Section        0  app_timer.o(i.rtc1_counter_get)
    rtc1_counter_get                         0x00021d15   Thumb Code     6  app_timer.o(i.rtc1_counter_get)
    i.rtc1_init                              0x00021d20   Section        0  app_timer.o(i.rtc1_init)
    rtc1_init                                0x00021d21   Thumb Code    18  app_timer.o(i.rtc1_init)
    i.rtc1_start                             0x00021d38   Section        0  app_timer.o(i.rtc1_start)
    rtc1_start                               0x00021d39   Thumb Code    48  app_timer.o(i.rtc1_start)
    i.rtc1_stop                              0x00021d74   Section        0  app_timer.o(i.rtc1_stop)
    rtc1_stop                                0x00021d75   Thumb Code    68  app_timer.o(i.rtc1_stop)
    i.rx_byte                                0x00021dcc   Section        0  nrf_drv_uart.o(i.rx_byte)
    rx_byte                                  0x00021dcd   Thumb Code    68  nrf_drv_uart.o(i.rx_byte)
    i.rx_done_event                          0x00021e1c   Section        0  nrf_drv_uart.o(i.rx_done_event)
    rx_done_event                            0x00021e1d   Thumb Code    30  nrf_drv_uart.o(i.rx_done_event)
    i.sd_check_ram_start                     0x00021e40   Section        0  softdevice_handler.o(i.sd_check_ram_start)
    i.sec_mgr_oob_flags_encode               0x00021ed4   Section        0  ble_advdata.o(i.sec_mgr_oob_flags_encode)
    sec_mgr_oob_flags_encode                 0x00021ed5   Thumb Code    54  ble_advdata.o(i.sec_mgr_oob_flags_encode)
    i.service_data_encode                    0x00021f0a   Section        0  ble_advdata.o(i.service_data_encode)
    service_data_encode                      0x00021f0b   Thumb Code   150  ble_advdata.o(i.service_data_encode)
    i.sleep_mode_enter                       0x00021fa0   Section        0  main.o(i.sleep_mode_enter)
    sleep_mode_enter                         0x00021fa1   Thumb Code    88  main.o(i.sleep_mode_enter)
    i.sm_state_change                        0x00022008   Section        0  pstorage.o(i.sm_state_change)
    sm_state_change                          0x00022009   Thumb Code    14  pstorage.o(i.sm_state_change)
    i.softdevice_ble_evt_handler_set         0x0002201c   Section        0  softdevice_handler.o(i.softdevice_ble_evt_handler_set)
    i.softdevice_enable                      0x00022034   Section        0  softdevice_handler.o(i.softdevice_enable)
    i.softdevice_enable_get_default_config   0x00022138   Section        0  softdevice_handler.o(i.softdevice_enable_get_default_config)
    i.softdevice_fault_handler               0x00022164   Section        0  softdevice_handler.o(i.softdevice_fault_handler)
    i.softdevice_handler_init                0x00022178   Section        0  softdevice_handler.o(i.softdevice_handler_init)
    i.softdevice_sys_evt_handler_set         0x000221f0   Section        0  softdevice_handler.o(i.softdevice_sys_evt_handler_set)
    i.srdata_check                           0x00022208   Section        0  ble_advdata.o(i.srdata_check)
    srdata_check                             0x00022209   Thumb Code    14  ble_advdata.o(i.srdata_check)
    i.startup_event_extract                  0x00022216   Section        0  bsp_btn_ble.o(i.startup_event_extract)
    startup_event_extract                    0x00022217   Thumb Code    76  bsp_btn_ble.o(i.startup_event_extract)
    i.state_data_erase_entry_run             0x00022264   Section        0  pstorage.o(i.state_data_erase_entry_run)
    state_data_erase_entry_run               0x00022265   Thumb Code    12  pstorage.o(i.state_data_erase_entry_run)
    i.state_data_erase_swap_entry_run        0x00022274   Section        0  pstorage.o(i.state_data_erase_swap_entry_run)
    state_data_erase_swap_entry_run          0x00022275   Thumb Code   124  pstorage.o(i.state_data_erase_swap_entry_run)
    i.state_entry_action_run                 0x00022300   Section        0  pstorage.o(i.state_entry_action_run)
    state_entry_action_run                   0x00022301   Thumb Code    52  pstorage.o(i.state_entry_action_run)
    i.state_erase_data_page_entry_run        0x00022338   Section        0  pstorage.o(i.state_erase_data_page_entry_run)
    state_erase_data_page_entry_run          0x00022339   Thumb Code    12  pstorage.o(i.state_erase_data_page_entry_run)
    i.state_idle_entry_run                   0x00022348   Section        0  pstorage.o(i.state_idle_entry_run)
    state_idle_entry_run                     0x00022349   Thumb Code    18  pstorage.o(i.state_idle_entry_run)
    i.state_restore_head_entry_run           0x00022364   Section        0  pstorage.o(i.state_restore_head_entry_run)
    state_restore_head_entry_run             0x00022365   Thumb Code    44  pstorage.o(i.state_restore_head_entry_run)
    i.state_restore_tail_entry_run           0x00022398   Section        0  pstorage.o(i.state_restore_tail_entry_run)
    state_restore_tail_entry_run             0x00022399   Thumb Code    80  pstorage.o(i.state_restore_tail_entry_run)
    i.state_store_entry_run                  0x000223f0   Section        0  pstorage.o(i.state_store_entry_run)
    state_store_entry_run                    0x000223f1   Thumb Code     8  pstorage.o(i.state_store_entry_run)
    i.state_swap_erase_entry_run             0x000223f8   Section        0  pstorage.o(i.state_swap_erase_entry_run)
    state_swap_erase_entry_run               0x000223f9   Thumb Code    30  pstorage.o(i.state_swap_erase_entry_run)
    i.state_write_data_swap_entry_run        0x00022418   Section        0  pstorage.o(i.state_write_data_swap_entry_run)
    state_write_data_swap_entry_run          0x00022419   Thumb Code    50  pstorage.o(i.state_write_data_swap_entry_run)
    i.storage_operation_dummy_handler        0x00022450   Section        0  device_manager_peripheral.o(i.storage_operation_dummy_handler)
    storage_operation_dummy_handler          0x00022451   Thumb Code     8  device_manager_peripheral.o(i.storage_operation_dummy_handler)
    i.store_cmd_flash_write_execute          0x00022458   Section        0  pstorage.o(i.store_cmd_flash_write_execute)
    store_cmd_flash_write_execute            0x00022459   Thumb Code    94  pstorage.o(i.store_cmd_flash_write_execute)
    i.store_operation_execute                0x000224c0   Section        0  pstorage.o(i.store_operation_execute)
    store_operation_execute                  0x000224c1   Thumb Code    10  pstorage.o(i.store_operation_execute)
    i.store_sub_state_sm_run                 0x000224cc   Section        0  pstorage.o(i.store_sub_state_sm_run)
    store_sub_state_sm_run                   0x000224cd   Thumb Code    60  pstorage.o(i.store_sub_state_sm_run)
    i.swap_erase_state_run                   0x00022514   Section        0  pstorage.o(i.swap_erase_state_run)
    swap_erase_state_run                     0x00022515   Thumb Code    26  pstorage.o(i.swap_erase_state_run)
    i.swap_sub_sm_exit_action_run            0x00022534   Section        0  pstorage.o(i.swap_sub_sm_exit_action_run)
    swap_sub_sm_exit_action_run              0x00022535   Thumb Code     8  pstorage.o(i.swap_sub_sm_exit_action_run)
    i.swap_sub_state_entry_action_run        0x0002253c   Section        0  pstorage.o(i.swap_sub_state_entry_action_run)
    swap_sub_state_entry_action_run          0x0002253d   Thumb Code    16  pstorage.o(i.swap_sub_state_entry_action_run)
    i.swap_sub_state_err_busy_process        0x00022554   Section        0  pstorage.o(i.swap_sub_state_err_busy_process)
    swap_sub_state_err_busy_process          0x00022555   Thumb Code    24  pstorage.o(i.swap_sub_state_err_busy_process)
    i.swap_sub_state_sm_run                  0x00022574   Section        0  pstorage.o(i.swap_sub_state_sm_run)
    swap_sub_state_sm_run                    0x00022575   Thumb Code    16  pstorage.o(i.swap_sub_state_sm_run)
    i.swap_sub_state_state_change            0x0002258c   Section        0  pstorage.o(i.swap_sub_state_state_change)
    swap_sub_state_state_change              0x0002258d   Thumb Code    14  pstorage.o(i.swap_sub_state_state_change)
    i.sys_evt_dispatch                       0x000225a0   Section        0  main.o(i.sys_evt_dispatch)
    sys_evt_dispatch                         0x000225a1   Thumb Code    18  main.o(i.sys_evt_dispatch)
    i.tail_restore_state_run                 0x000225b4   Section        0  pstorage.o(i.tail_restore_state_run)
    tail_restore_state_run                   0x000225b5   Thumb Code    24  pstorage.o(i.tail_restore_state_run)
    i.tail_word_size_calculate               0x000225d0   Section        0  pstorage.o(i.tail_word_size_calculate)
    tail_word_size_calculate                 0x000225d1   Thumb Code    70  pstorage.o(i.tail_word_size_calculate)
    i.ticks_diff_get                         0x0002261c   Section        0  app_timer.o(i.ticks_diff_get)
    ticks_diff_get                           0x0002261d   Thumb Code    10  app_timer.o(i.ticks_diff_get)
    i.timeout_handler_exec                   0x00022628   Section        0  app_timer.o(i.timeout_handler_exec)
    timeout_handler_exec                     0x00022629   Thumb Code    56  app_timer.o(i.timeout_handler_exec)
    i.timer_list_handler                     0x000226a0   Section        0  app_timer.o(i.timer_list_handler)
    timer_list_handler                       0x000226a1   Thumb Code    72  app_timer.o(i.timer_list_handler)
    i.timer_list_handler_sched               0x000226f4   Section        0  app_timer.o(i.timer_list_handler_sched)
    timer_list_handler_sched                 0x000226f5   Thumb Code    10  app_timer.o(i.timer_list_handler_sched)
    i.timer_list_insert                      0x00022700   Section        0  app_timer.o(i.timer_list_insert)
    timer_list_insert                        0x00022701   Thumb Code    98  app_timer.o(i.timer_list_insert)
    i.timer_list_remove                      0x00022768   Section        0  app_timer.o(i.timer_list_remove)
    timer_list_remove                        0x00022769   Thumb Code    90  app_timer.o(i.timer_list_remove)
    i.timer_start_op_schedule                0x000227d4   Section        0  app_timer.o(i.timer_start_op_schedule)
    timer_start_op_schedule                  0x000227d5   Thumb Code    86  app_timer.o(i.timer_start_op_schedule)
    i.timer_stop_op_schedule                 0x00022830   Section        0  app_timer.o(i.timer_stop_op_schedule)
    timer_stop_op_schedule                   0x00022831   Thumb Code    58  app_timer.o(i.timer_stop_op_schedule)
    i.timer_timeouts_check                   0x00022870   Section        0  app_timer.o(i.timer_timeouts_check)
    timer_timeouts_check                     0x00022871   Thumb Code   130  app_timer.o(i.timer_timeouts_check)
    i.timer_timeouts_check_sched             0x00022908   Section        0  app_timer.o(i.timer_timeouts_check_sched)
    timer_timeouts_check_sched               0x00022909   Thumb Code    10  app_timer.o(i.timer_timeouts_check_sched)
    i.timers_init                            0x00022914   Section        0  main.o(i.timers_init)
    timers_init                              0x00022915   Thumb Code    44  main.o(i.timers_init)
    i.tk_value_encode                        0x00022954   Section        0  ble_advdata.o(i.tk_value_encode)
    tk_value_encode                          0x00022955   Thumb Code    70  ble_advdata.o(i.tk_value_encode)
    i.tx_byte                                0x0002299c   Section        0  nrf_drv_uart.o(i.tx_byte)
    tx_byte                                  0x0002299d   Thumb Code    42  nrf_drv_uart.o(i.tx_byte)
    i.tx_done_event                          0x000229d4   Section        0  nrf_drv_uart.o(i.tx_done_event)
    tx_done_event                            0x000229d5   Thumb Code    38  nrf_drv_uart.o(i.tx_done_event)
    i.tx_power_level_encode                  0x00022a00   Section        0  ble_advdata.o(i.tx_power_level_encode)
    tx_power_level_encode                    0x00022a01   Thumb Code    54  ble_advdata.o(i.tx_power_level_encode)
    i.uart_irq_handler                       0x00022a38   Section        0  nrf_drv_uart.o(i.uart_irq_handler)
    uart_irq_handler                         0x00022a39   Thumb Code   342  nrf_drv_uart.o(i.uart_irq_handler)
    i.uarte_irq_handler                      0x00022b98   Section        0  nrf_drv_uart.o(i.uarte_irq_handler)
    uarte_irq_handler                        0x00022b99   Thumb Code   286  nrf_drv_uart.o(i.uarte_irq_handler)
    i.uint16_encode                          0x00022cc4   Section        0  ble_advdata.o(i.uint16_encode)
    uint16_encode                            0x00022cc5   Thumb Code    12  ble_advdata.o(i.uint16_encode)
    i.update_operation_execute               0x00022cd0   Section        0  pstorage.o(i.update_operation_execute)
    update_operation_execute                 0x00022cd1   Thumb Code     8  pstorage.o(i.update_operation_execute)
    i.update_status_bit_reset                0x00022cd8   Section        0  device_manager_peripheral.o(i.update_status_bit_reset)
    update_status_bit_reset                  0x00022cd9   Thumb Code    16  device_manager_peripheral.o(i.update_status_bit_reset)
    i.update_timeout_handler                 0x00022cec   Section        0  ble_conn_params.o(i.update_timeout_handler)
    update_timeout_handler                   0x00022ced   Thumb Code   126  ble_conn_params.o(i.update_timeout_handler)
    i.user_id_get                            0x00022d7c   Section        0  app_timer.o(i.user_id_get)
    user_id_get                              0x00022d7d   Thumb Code    78  app_timer.o(i.user_id_get)
    i.user_op_alloc                          0x00022dd4   Section        0  app_timer.o(i.user_op_alloc)
    user_op_alloc                            0x00022dd5   Thumb Code    48  app_timer.o(i.user_op_alloc)
    i.user_op_enque                          0x00022e04   Section        0  app_timer.o(i.user_op_enque)
    user_op_enque                            0x00022e05   Thumb Code     4  app_timer.o(i.user_op_enque)
    i.uuid_list_encode                       0x00022e08   Section        0  ble_advdata.o(i.uuid_list_encode)
    uuid_list_encode                         0x00022e09   Thumb Code    78  ble_advdata.o(i.uuid_list_encode)
    i.uuid_list_sized_encode                 0x00022e56   Section        0  ble_advdata.o(i.uuid_list_sized_encode)
    uuid_list_sized_encode                   0x00022e57   Thumb Code   220  ble_advdata.o(i.uuid_list_sized_encode)
    i.whitelist_has_entries                  0x00022f32   Section        0  ble_advertising.o(i.whitelist_has_entries)
    whitelist_has_entries                    0x00022f33   Thumb Code    18  ble_advertising.o(i.whitelist_has_entries)
    .constdata                               0x00022f44   Section        4  main.o(.constdata)
    .constdata                               0x00022f48   Section       24  bsp.o(.constdata)
    m_leds_timer_id                          0x00022f48   Data           4  bsp.o(.constdata)
    m_alert_timer_id                         0x00022f4c   Data           4  bsp.o(.constdata)
    m_button_timer_id                        0x00022f50   Data           4  bsp.o(.constdata)
    m_buttons_list                           0x00022f54   Data           4  bsp.o(.constdata)
    app_buttons                              0x00022f58   Data           8  bsp.o(.constdata)
    .constdata                               0x00022f60   Section        4  ble_conn_params.o(.constdata)
    m_conn_params_timer_id                   0x00022f60   Data           4  ble_conn_params.o(.constdata)
    .constdata                               0x00022f64   Section       52  device_manager_peripheral.o(.constdata)
    .constdata                               0x00022f98   Section       40  pstorage.o(.constdata)
    swap_sub_state_sm_lut                    0x00022f98   Data          20  pstorage.o(.constdata)
    swap_sub_state_sm_lut                    0x00022fac   Data          20  pstorage.o(.constdata)
    .constdata                               0x00022fc0   Section        8  app_button.o(.constdata)
    m_detection_delay_timer_id               0x00022fc0   Data           4  app_button.o(.constdata)
    .constdata                               0x00022fc8   Section       16  segger_rtt_printf.o(.constdata)
    _aV2C                                    0x00022fc8   Data          16  segger_rtt_printf.o(.constdata)
    .conststring                             0x00022fd8   Section       76  device_manager_peripheral.o(.conststring)
    .conststring                             0x00023024   Section       87  softdevice_handler.o(.conststring)
    .data                                    0x20002080   Section        4  main.o(.data)
    m_app_handle                             0x20002080   Data           1  main.o(.data)
    m_conn_handle                            0x20002082   Data           2  main.o(.data)
    .data                                    0x20002084   Section       25  bsp.o(.data)
    m_stable_state                           0x20002084   Data           1  bsp.o(.data)
    m_app_ticks_per_100ms                    0x20002088   Data           4  bsp.o(.data)
    m_indication_type                        0x2000208c   Data           4  bsp.o(.data)
    m_alert_mask                             0x20002090   Data           4  bsp.o(.data)
    m_registered_callback                    0x20002094   Data           4  bsp.o(.data)
    m_events_list                            0x20002098   Data           3  bsp.o(.data)
    current_long_push_pin_no                 0x2000209b   Data           1  bsp.o(.data)
    release_event_at_push                    0x2000209c   Data           1  bsp.o(.data)
    .data                                    0x200020a0   Section        8  bsp_btn_ble.o(.data)
    m_error_handler                          0x200020a0   Data           4  bsp_btn_ble.o(.data)
    m_num_connections                        0x200020a4   Data           4  bsp_btn_ble.o(.data)
    .data                                    0x200020a8   Section       32  ble_advertising.o(.data)
    m_advertising_start_pending              0x200020a8   Data           1  ble_advertising.o(.data)
    m_peer_address                           0x200020a9   Data           7  ble_advertising.o(.data)
    m_adv_evt                                0x200020b0   Data           1  ble_advertising.o(.data)
    m_evt_handler                            0x200020b4   Data           4  ble_advertising.o(.data)
    m_error_handler                          0x200020b8   Data           4  ble_advertising.o(.data)
    m_adv_mode_current                       0x200020bc   Data           1  ble_advertising.o(.data)
    m_whitelist_temporarily_disabled         0x200020bd   Data           1  ble_advertising.o(.data)
    m_whitelist_reply_expected               0x200020be   Data           1  ble_advertising.o(.data)
    m_peer_addr_reply_expected               0x200020bf   Data           1  ble_advertising.o(.data)
    m_slave_conn_int                         0x200020c0   Data           4  ble_advertising.o(.data)
    m_tx_power_level                         0x200020c4   Data           1  ble_advertising.o(.data)
    current_slave_link_conn_handle           0x200020c6   Data           2  ble_advertising.o(.data)
    .data                                    0x200020c8   Section       21  ble_conn_params.o(.data)
    m_preferred_conn_params                  0x200020c8   Data           8  ble_conn_params.o(.data)
    m_update_count                           0x200020d0   Data           1  ble_conn_params.o(.data)
    m_conn_handle                            0x200020d2   Data           2  ble_conn_params.o(.data)
    m_current_conn_params                    0x200020d4   Data           8  ble_conn_params.o(.data)
    m_change_param                           0x200020dc   Data           1  ble_conn_params.o(.data)
    .data                                    0x200020e0   Section       20  device_manager_peripheral.o(.data)
    m_storage_handle                         0x200020e0   Data           8  device_manager_peripheral.o(.data)
    m_peer_addr_update                       0x200020e8   Data           4  device_manager_peripheral.o(.data)
    m_module_initialized                     0x200020ec   Data           1  device_manager_peripheral.o(.data)
    m_irk_index_table                        0x200020ed   Data           7  device_manager_peripheral.o(.data)
    .data                                    0x200020f4   Section       40  pstorage.o(.data)
    m_next_app_instance                      0x200020f4   Data           2  pstorage.o(.data)
    m_next_page_addr                         0x200020f8   Data           4  pstorage.o(.data)
    m_state                                  0x200020fc   Data           1  pstorage.o(.data)
    m_swap_sub_state                         0x200020fd   Data           1  pstorage.o(.data)
    m_head_word_size                         0x20002100   Data           4  pstorage.o(.data)
    m_tail_word_size                         0x20002104   Data           4  pstorage.o(.data)
    m_current_page_id                        0x20002108   Data           4  pstorage.o(.data)
    m_num_of_command_retries                 0x2000210c   Data           4  pstorage.o(.data)
    m_num_of_bytes_written                   0x20002110   Data           4  pstorage.o(.data)
    m_app_data_size                          0x20002114   Data           4  pstorage.o(.data)
    m_flags                                  0x20002118   Data           4  pstorage.o(.data)
    .data                                    0x2000211c   Section       20  app_button.o(.data)
    mp_buttons                               0x2000211c   Data           4  app_button.o(.data)
    m_button_count                           0x20002120   Data           1  app_button.o(.data)
    m_detection_delay                        0x20002124   Data           4  app_button.o(.data)
    m_pin_state                              0x20002128   Data           4  app_button.o(.data)
    m_pin_transition                         0x2000212c   Data           4  app_button.o(.data)
    .data                                    0x20002130   Section       34  app_timer.o(.data)
    m_user_array_size                        0x20002130   Data           1  app_timer.o(.data)
    mp_users                                 0x20002134   Data           4  app_timer.o(.data)
    mp_timer_id_head                         0x20002138   Data           4  app_timer.o(.data)
    m_ticks_latest                           0x2000213c   Data           4  app_timer.o(.data)
    m_ticks_elapsed                          0x20002140   Data           8  app_timer.o(.data)
    m_ticks_elapsed_q_read_ind               0x20002148   Data           1  app_timer.o(.data)
    m_ticks_elapsed_q_write_ind              0x20002149   Data           1  app_timer.o(.data)
    m_evt_schedule_func                      0x2000214c   Data           4  app_timer.o(.data)
    m_rtc1_running                           0x20002150   Data           1  app_timer.o(.data)
    m_rtc1_reset                             0x20002151   Data           1  app_timer.o(.data)
    .data                                    0x20002152   Section        4  nrf_log.o(.data)
    initialized                              0x20002152   Data           1  nrf_log.o(.data)
    hex_string                               0x20002153   Data           3  nrf_log.o(.data)
    .data                                    0x20002158   Section       24  softdevice_handler.o(.data)
    m_evt_schedule_func                      0x20002158   Data           4  softdevice_handler.o(.data)
    m_softdevice_enabled                     0x2000215c   Data           1  softdevice_handler.o(.data)
    mp_ble_evt_buffer                        0x20002160   Data           4  softdevice_handler.o(.data)
    m_ble_evt_buffer_size                    0x20002164   Data           2  softdevice_handler.o(.data)
    m_ble_evt_handler                        0x20002168   Data           4  softdevice_handler.o(.data)
    m_sys_evt_handler                        0x2000216c   Data           4  softdevice_handler.o(.data)
    .data                                    0x20002170   Section        4  system_nrf52.o(.data)
    __tagsym$$used                           0x20002170   Number         0  system_nrf52.o(.data)
    .bss                                     0x20002174   Section      528  main.o(.bss)
    APP_TIMER_BUF                            0x20002174   Data         456  main.o(.bss)
    BLE_EVT_BUFFER                           0x2000233c   Data          72  main.o(.bss)
    .bss                                     0x20002384   Section       96  bsp.o(.bss)
    m_leds_timer_id_data                     0x20002384   Data          32  bsp.o(.bss)
    m_alert_timer_id_data                    0x200023a4   Data          32  bsp.o(.bss)
    m_button_timer_id_data                   0x200023c4   Data          32  bsp.o(.bss)
    .bss                                     0x200023e4   Section      259  ble_advertising.o(.bss)
    m_advdata                                0x200023e4   Data          56  ble_advertising.o(.bss)
    m_adv_modes_config                       0x2000241c   Data          36  ble_advertising.o(.bss)
    m_whitelist                              0x20002440   Data          16  ble_advertising.o(.bss)
    mp_whitelist_addr                        0x20002450   Data          32  ble_advertising.o(.bss)
    mp_whitelist_irk                         0x20002470   Data          32  ble_advertising.o(.bss)
    m_manuf_specific_data                    0x20002490   Data          12  ble_advertising.o(.bss)
    m_manuf_data_array                       0x2000249c   Data          31  ble_advertising.o(.bss)
    m_service_data                           0x200024bc   Data          12  ble_advertising.o(.bss)
    m_service_data_array                     0x200024c8   Data          31  ble_advertising.o(.bss)
    .bss                                     0x200024e8   Section       60  ble_conn_params.o(.bss)
    m_conn_params_config                     0x200024e8   Data          28  ble_conn_params.o(.bss)
    m_conn_params_timer_id_data              0x20002504   Data          32  ble_conn_params.o(.bss)
    .bss                                     0x20002524   Section      335  device_manager_peripheral.o(.bss)
    m_app_context_table                      0x20002524   Data          28  device_manager_peripheral.o(.bss)
    m_peer_table                             0x20002540   Data         196  device_manager_peripheral.o(.bss)
    m_bond_table                             0x20002604   Data          28  device_manager_peripheral.o(.bss)
    m_gatts_table                            0x20002620   Data          36  device_manager_peripheral.o(.bss)
    m_connection_table                       0x20002644   Data          12  device_manager_peripheral.o(.bss)
    m_application_table                      0x20002650   Data          12  device_manager_peripheral.o(.bss)
    m_local_id_info                          0x2000265c   Data          23  device_manager_peripheral.o(.bss)
    .bss                                     0x20002674   Section       88  nrf_drv_gpiote.o(.bss)
    m_cb                                     0x20002674   Data          88  nrf_drv_gpiote.o(.bss)
    .bss                                     0x200026cc   Section       32  nrf_drv_uart.o(.bss)
    m_cb                                     0x200026cc   Data          32  nrf_drv_uart.o(.bss)
    .bss                                     0x200026ec   Section      228  pstorage.o(.bss)
    m_cmd_queue                              0x200026ec   Data         204  pstorage.o(.bss)
    m_app_table                              0x200027b8   Data          24  pstorage.o(.bss)
    .bss                                     0x200027d0   Section       32  app_button.o(.bss)
    m_detection_delay_timer_id_data          0x200027d0   Data          32  app_button.o(.bss)
    .bss                                     0x200027f0   Section       32  app_error.o(.bss)
    m_error_data                             0x200027f0   Data          32  app_error.o(.bss)
    .bss                                     0x20002810   Section       88  fstorage.o(.bss)
    m_queue                                  0x20002810   Data          88  fstorage.o(.bss)
    .bss                                     0x20002868   Section     1051  nrf_log.o(.bss)
    buf_normal_up                            0x20002868   Data        1024  nrf_log.o(.bss)
    buf_down                                 0x20002c68   Data          16  nrf_log.o(.bss)
    hex_string                               0x20002c78   Data          11  nrf_log.o(.bss)
    .bss                                     0x20002c84   Section     1160  segger_rtt.o(.bss)
    _acUpBuffer                              0x20002c84   Data        1024  segger_rtt.o(.bss)
    _acDownBuffer                            0x20003084   Data          16  segger_rtt.o(.bss)
    STACK                                    0x20003110   Section     8192  arm_startup_nrf52.o(STACK)

    Global Symbols

    Symbol Name                              Value     Ov Type        Size  Object(Section)

    BuildAttributes$$THM_ISAv4$E$P$D$K$B$S$7EM$VFPi3$EXTD16$VFPS$VFMA$PE$A:L22UL41UL21$X:L11$S22US41US21$IEEE1$IW$USESV6$~STKCKD$USESV7$~SHL$OSPACE$EBA8$MICROLIB$REQ8$PRES8$EABIv2 0x00000000   Number         0  anon$$obj.o ABSOLUTE
    __ARM_use_no_argv                        0x00000000   Number         0  main.o ABSOLUTE
    __cpp_initialize__aeabi_                  - Undefined Weak Reference
    __cxa_finalize                            - Undefined Weak Reference
    __decompress                              - Undefined Weak Reference
    _clock_init                               - Undefined Weak Reference
    _microlib_exit                            - Undefined Weak Reference
    fs_data$$Base                             - Undefined Reference
    fs_data$$Limit                            - Undefined Reference
    __Vectors_Size                           0x00000400   Number         0  arm_startup_nrf52.o ABSOLUTE
    __Vectors                                0x0001c000   Data           4  arm_startup_nrf52.o(RESET)
    __Vectors_End                            0x0001c400   Data           0  arm_startup_nrf52.o(RESET)
    __main                                   0x0001c401   Thumb Code     0  entry.o(.ARM.Collect$$$$00000000)
    _main_stk                                0x0001c401   Thumb Code     0  entry2.o(.ARM.Collect$$$$00000001)
    _main_scatterload                        0x0001c405   Thumb Code     0  entry5.o(.ARM.Collect$$$$00000004)
    __main_after_scatterload                 0x0001c409   Thumb Code     0  entry5.o(.ARM.Collect$$$$00000004)
    _main_clock                              0x0001c409   Thumb Code     0  entry7b.o(.ARM.Collect$$$$00000008)
    _main_cpp_init                           0x0001c409   Thumb Code     0  entry8b.o(.ARM.Collect$$$$0000000A)
    _main_init                               0x0001c409   Thumb Code     0  entry9a.o(.ARM.Collect$$$$0000000B)
    __rt_final_cpp                           0x0001c411   Thumb Code     0  entry10a.o(.ARM.Collect$$$$0000000D)
    __rt_final_exit                          0x0001c411   Thumb Code     0  entry11a.o(.ARM.Collect$$$$0000000F)
    __asm___11_app_timer_c_cd27f9c3__nrf_delay_us 0x0001c415   Thumb Code   118  app_timer.o(.emb_text)
    Reset_Handler                            0x0001c48d   Thumb Code     8  arm_startup_nrf52.o(.text)
    NMI_Handler                              0x0001c495   Thumb Code     2  arm_startup_nrf52.o(.text)
    HardFault_Handler                        0x0001c497   Thumb Code     2  arm_startup_nrf52.o(.text)
    MemoryManagement_Handler                 0x0001c499   Thumb Code     2  arm_startup_nrf52.o(.text)
    BusFault_Handler                         0x0001c49b   Thumb Code     2  arm_startup_nrf52.o(.text)
    UsageFault_Handler                       0x0001c49d   Thumb Code     2  arm_startup_nrf52.o(.text)
    SVC_Handler                              0x0001c49f   Thumb Code     2  arm_startup_nrf52.o(.text)
    DebugMonitor_Handler                     0x0001c4a1   Thumb Code     2  arm_startup_nrf52.o(.text)
    PendSV_Handler                           0x0001c4a3   Thumb Code     2  arm_startup_nrf52.o(.text)
    SysTick_Handler                          0x0001c4a5   Thumb Code     2  arm_startup_nrf52.o(.text)
    CCM_AAR_IRQHandler                       0x0001c4a7   Thumb Code     0  arm_startup_nrf52.o(.text)
    COMP_LPCOMP_IRQHandler                   0x0001c4a7   Thumb Code     0  arm_startup_nrf52.o(.text)
    ECB_IRQHandler                           0x0001c4a7   Thumb Code     0  arm_startup_nrf52.o(.text)
    FPU_IRQHandler                           0x0001c4a7   Thumb Code     0  arm_startup_nrf52.o(.text)
    I2S_IRQHandler                           0x0001c4a7   Thumb Code     0  arm_startup_nrf52.o(.text)
    MWU_IRQHandler                           0x0001c4a7   Thumb Code     0  arm_startup_nrf52.o(.text)
    NFCT_IRQHandler                          0x0001c4a7   Thumb Code     0  arm_startup_nrf52.o(.text)
    PDM_IRQHandler                           0x0001c4a7   Thumb Code     0  arm_startup_nrf52.o(.text)
    POWER_CLOCK_IRQHandler                   0x0001c4a7   Thumb Code     0  arm_startup_nrf52.o(.text)
    PWM0_IRQHandler                          0x0001c4a7   Thumb Code     0  arm_startup_nrf52.o(.text)
    PWM1_IRQHandler                          0x0001c4a7   Thumb Code     0  arm_startup_nrf52.o(.text)
    PWM2_IRQHandler                          0x0001c4a7   Thumb Code     0  arm_startup_nrf52.o(.text)
    QDEC_IRQHandler                          0x0001c4a7   Thumb Code     0  arm_startup_nrf52.o(.text)
    RADIO_IRQHandler                         0x0001c4a7   Thumb Code     0  arm_startup_nrf52.o(.text)
    RNG_IRQHandler                           0x0001c4a7   Thumb Code     0  arm_startup_nrf52.o(.text)
    RTC0_IRQHandler                          0x0001c4a7   Thumb Code     0  arm_startup_nrf52.o(.text)
    RTC2_IRQHandler                          0x0001c4a7   Thumb Code     0  arm_startup_nrf52.o(.text)
    SAADC_IRQHandler                         0x0001c4a7   Thumb Code     0  arm_startup_nrf52.o(.text)
    SPIM0_SPIS0_TWIM0_TWIS0_SPI0_TWI0_IRQHandler 0x0001c4a7   Thumb Code     0  arm_startup_nrf52.o(.text)
    SPIM1_SPIS1_TWIM1_TWIS1_SPI1_TWI1_IRQHandler 0x0001c4a7   Thumb Code     0  arm_startup_nrf52.o(.text)
    SPIM2_SPIS2_SPI2_IRQHandler              0x0001c4a7   Thumb Code     0  arm_startup_nrf52.o(.text)
    SWI1_EGU1_IRQHandler                     0x0001c4a7   Thumb Code     0  arm_startup_nrf52.o(.text)
    SWI3_EGU3_IRQHandler                     0x0001c4a7   Thumb Code     0  arm_startup_nrf52.o(.text)
    SWI4_EGU4_IRQHandler                     0x0001c4a7   Thumb Code     0  arm_startup_nrf52.o(.text)
    SWI5_EGU5_IRQHandler                     0x0001c4a7   Thumb Code     0  arm_startup_nrf52.o(.text)
    TEMP_IRQHandler                          0x0001c4a7   Thumb Code     0  arm_startup_nrf52.o(.text)
    TIMER0_IRQHandler                        0x0001c4a7   Thumb Code     0  arm_startup_nrf52.o(.text)
    TIMER1_IRQHandler                        0x0001c4a7   Thumb Code     0  arm_startup_nrf52.o(.text)
    TIMER2_IRQHandler                        0x0001c4a7   Thumb Code     0  arm_startup_nrf52.o(.text)
    TIMER3_IRQHandler                        0x0001c4a7   Thumb Code     0  arm_startup_nrf52.o(.text)
    TIMER4_IRQHandler                        0x0001c4a7   Thumb Code     0  arm_startup_nrf52.o(.text)
    WDT_IRQHandler                           0x0001c4a7   Thumb Code     0  arm_startup_nrf52.o(.text)
    __aeabi_memcpy                           0x0001c4b1   Thumb Code    36  memcpya.o(.text)
    __aeabi_memcpy4                          0x0001c4b1   Thumb Code     0  memcpya.o(.text)
    __aeabi_memcpy8                          0x0001c4b1   Thumb Code     0  memcpya.o(.text)
    __aeabi_memset                           0x0001c4d5   Thumb Code    14  memseta.o(.text)
    __aeabi_memset4                          0x0001c4d5   Thumb Code     0  memseta.o(.text)
    __aeabi_memset8                          0x0001c4d5   Thumb Code     0  memseta.o(.text)
    __aeabi_memclr                           0x0001c4e3   Thumb Code     4  memseta.o(.text)
    __aeabi_memclr4                          0x0001c4e3   Thumb Code     0  memseta.o(.text)
    __aeabi_memclr8                          0x0001c4e3   Thumb Code     0  memseta.o(.text)
    _memset$wrapper                          0x0001c4e7   Thumb Code    18  memseta.o(.text)
    strlen                                   0x0001c4f9   Thumb Code    14  strlen.o(.text)
    memcmp                                   0x0001c507   Thumb Code    26  memcmp.o(.text)
    strcpy                                   0x0001c521   Thumb Code    18  strcpy.o(.text)
    __scatterload                            0x0001c535   Thumb Code    28  init.o(.text)
    __scatterload_rt2                        0x0001c535   Thumb Code     0  init.o(.text)
    GPIOTE_IRQHandler                        0x0001c559   Thumb Code   420  nrf_drv_gpiote.o(i.GPIOTE_IRQHandler)
    RTC1_IRQHandler                          0x0001c781   Thumb Code    44  app_timer.o(i.RTC1_IRQHandler)
    SEGGER_RTT_ConfigDownBuffer              0x0001c7b5   Thumb Code   142  segger_rtt.o(i.SEGGER_RTT_ConfigDownBuffer)
    SEGGER_RTT_ConfigUpBuffer                0x0001c849   Thumb Code   142  segger_rtt.o(i.SEGGER_RTT_ConfigUpBuffer)
    SEGGER_RTT_Write                         0x0001c8dd   Thumb Code    46  segger_rtt.o(i.SEGGER_RTT_Write)
    SEGGER_RTT_WriteNoLock                   0x0001c911   Thumb Code   126  segger_rtt.o(i.SEGGER_RTT_WriteNoLock)
    SEGGER_RTT_WriteString                   0x0001c995   Thumb Code    26  segger_rtt.o(i.SEGGER_RTT_WriteString)
    SEGGER_RTT_vprintf                       0x0001c9af   Thumb Code   522  segger_rtt_printf.o(i.SEGGER_RTT_vprintf)
    SWI0_EGU0_IRQHandler                     0x0001cbb9   Thumb Code     8  app_timer.o(i.SWI0_EGU0_IRQHandler)
    SWI2_EGU2_IRQHandler                     0x0001cbc1   Thumb Code    48  softdevice_handler.o(i.SWI2_EGU2_IRQHandler)
    SystemCoreClockUpdate                    0x0001cbf9   Thumb Code     8  system_nrf52.o(i.SystemCoreClockUpdate)
    SystemInit                               0x0001cc09   Thumb Code   512  system_nrf52.o(i.SystemInit)
    UARTE0_UART0_IRQHandler                  0x0001ce3d   Thumb Code    20  nrf_drv_uart.o(i.UARTE0_UART0_IRQHandler)
    __scatterload_copy                       0x0001d1bb   Thumb Code    14  handlers.o(i.__scatterload_copy)
    __scatterload_null                       0x0001d1c9   Thumb Code     2  handlers.o(i.__scatterload_null)
    __scatterload_zeroinit                   0x0001d1cb   Thumb Code    14  handlers.o(i.__scatterload_zeroinit)
    adv_data_encode                          0x0001d1d9   Thumb Code   454  ble_advdata.o(i.adv_data_encode)
    app_button_enable                        0x0001d49d   Thumb Code    34  app_button.o(i.app_button_enable)
    app_button_init                          0x0001d4c9   Thumb Code   132  app_button.o(i.app_button_init)
    app_error_fault_handler                  0x0001d571   Thumb Code    26  app_error_weak.o(i.app_error_fault_handler)
    app_error_handler                        0x0001d58b   Thumb Code    32  app_error.o(i.app_error_handler)
    app_error_save_and_stop                  0x0001d5ad   Thumb Code   132  app_error.o(i.app_error_save_and_stop)
    app_timer_create                         0x0001d6ad   Thumb Code    56  app_timer.o(i.app_timer_create)
    app_timer_init                           0x0001d6e9   Thumb Code   154  app_timer.o(i.app_timer_init)
    app_timer_start                          0x0001d7a1   Thumb Code    84  app_timer.o(i.app_timer_start)
    app_timer_stop                           0x0001d7f9   Thumb Code    48  app_timer.o(i.app_timer_stop)
    ble_advdata_set                          0x0001d87f   Thumb Code   148  ble_advdata.o(i.ble_advdata_set)
    ble_advertising_init                     0x0001d915   Thumb Code   324  ble_advertising.o(i.ble_advertising_init)
    ble_advertising_on_ble_evt               0x0001da91   Thumb Code   224  ble_advertising.o(i.ble_advertising_on_ble_evt)
    ble_advertising_on_sys_evt               0x0001db89   Thumb Code    64  ble_advertising.o(i.ble_advertising_on_sys_evt)
    ble_advertising_restart_without_whitelist 0x0001dbe5   Thumb Code    98  ble_advertising.o(i.ble_advertising_restart_without_whitelist)
    ble_advertising_start                    0x0001dc5d   Thumb Code   604  ble_advertising.o(i.ble_advertising_start)
    ble_conn_params_init                     0x0001dee5   Thumb Code    84  ble_conn_params.o(i.ble_conn_params_init)
    ble_conn_params_on_ble_evt               0x0001df55   Thumb Code    62  ble_conn_params.o(i.ble_conn_params_on_ble_evt)
    bond_data_load                           0x0001e135   Thumb Code    64  device_manager_peripheral.o(i.bond_data_load)
    bsp_btn_ble_init                         0x0001e185   Thumb Code    48  bsp_btn_ble.o(i.bsp_btn_ble_init)
    bsp_btn_ble_on_ble_evt                   0x0001e1bd   Thumb Code   110  bsp_btn_ble.o(i.bsp_btn_ble_on_ble_evt)
    bsp_btn_ble_sleep_mode_prepare           0x0001e235   Thumb Code    28  bsp_btn_ble.o(i.bsp_btn_ble_sleep_mode_prepare)
    bsp_button_is_pressed                    0x0001e32d   Thumb Code    44  bsp.o(i.bsp_button_is_pressed)
    bsp_event_handler                        0x0001e361   Thumb Code   104  main.o(i.bsp_event_handler)
    bsp_event_to_button_action_assign        0x0001e3dd   Thumb Code    84  bsp.o(i.bsp_event_to_button_action_assign)
    bsp_indication_set                       0x0001e435   Thumb Code    28  bsp.o(i.bsp_indication_set)
    bsp_init                                 0x0001e455   Thumb Code   162  bsp.o(i.bsp_init)
    bsp_wakeup_buttons_set                   0x0001eab1   Thumb Code    70  bsp.o(i.bsp_wakeup_buttons_set)
    dm_ble_evt_handler                       0x0001f701   Thumb Code  1696  device_manager_peripheral.o(i.dm_ble_evt_handler)
    dm_handle_initialize                     0x0001fdb9   Thumb Code    24  device_manager_peripheral.o(i.dm_handle_initialize)
    dm_init                                  0x0001fdd1   Thumb Code   234  device_manager_peripheral.o(i.dm_init)
    dm_register                              0x00020135   Thumb Code   166  device_manager_peripheral.o(i.dm_register)
    fs_queued_op_count_get                   0x000205b1   Thumb Code    18  fstorage.o(i.fs_queued_op_count_get)
    intern_softdevice_events_execute         0x00020a01   Thumb Code   150  softdevice_handler.o(i.intern_softdevice_events_execute)
    log_rtt_init                             0x00020dbd   Thumb Code    64  nrf_log.o(i.log_rtt_init)
    log_rtt_printf                           0x00020e19   Thumb Code    30  nrf_log.o(i.log_rtt_printf)
    main                                     0x00020e39   Thumb Code    76  main.o(i.main)
    nrf_drv_common_irq_enable                0x00021001   Thumb Code    84  nrf_drv_common.o(i.nrf_drv_common_irq_enable)
    nrf_drv_gpiote_in_event_enable           0x00021061   Thumb Code   170  nrf_drv_gpiote.o(i.nrf_drv_gpiote_in_event_enable)
    nrf_drv_gpiote_in_init                   0x00021119   Thumb Code   198  nrf_drv_gpiote.o(i.nrf_drv_gpiote_in_init)
    nrf_drv_gpiote_in_is_set                 0x000211f1   Thumb Code    24  nrf_drv_gpiote.o(i.nrf_drv_gpiote_in_is_set)
    nrf_drv_gpiote_init                      0x0002120d   Thumb Code    78  nrf_drv_gpiote.o(i.nrf_drv_gpiote_init)
    nrf_drv_gpiote_is_init                   0x00021261   Thumb Code    16  nrf_drv_gpiote.o(i.nrf_drv_gpiote_is_init)
    pstorage_access_status_get               0x00021649   Thumb Code    36  pstorage.o(i.pstorage_access_status_get)
    pstorage_block_identifier_get            0x00021675   Thumb Code   154  pstorage.o(i.pstorage_block_identifier_get)
    pstorage_clear                           0x00021719   Thumb Code   280  pstorage.o(i.pstorage_clear)
    pstorage_init                            0x00021861   Thumb Code   110  pstorage.o(i.pstorage_init)
    pstorage_load                            0x000218f1   Thumb Code   236  pstorage.o(i.pstorage_load)
    pstorage_register                        0x000219e5   Thumb Code   256  pstorage.o(i.pstorage_register)
    pstorage_store                           0x00021af5   Thumb Code   212  pstorage.o(i.pstorage_store)
    pstorage_sys_event_handler               0x00021bd1   Thumb Code    62  pstorage.o(i.pstorage_sys_event_handler)
    pstorage_update                          0x00021c19   Thumb Code   212  pstorage.o(i.pstorage_update)
    sd_check_ram_start                       0x00021e41   Thumb Code    52  softdevice_handler.o(i.sd_check_ram_start)
    softdevice_ble_evt_handler_set           0x0002201d   Thumb Code    20  softdevice_handler.o(i.softdevice_ble_evt_handler_set)
    softdevice_enable                        0x00022035   Thumb Code    90  softdevice_handler.o(i.softdevice_enable)
    softdevice_enable_get_default_config     0x00022139   Thumb Code    44  softdevice_handler.o(i.softdevice_enable_get_default_config)
    softdevice_fault_handler                 0x00022165   Thumb Code    20  softdevice_handler.o(i.softdevice_fault_handler)
    softdevice_handler_init                  0x00022179   Thumb Code   100  softdevice_handler.o(i.softdevice_handler_init)
    softdevice_sys_evt_handler_set           0x000221f1   Thumb Code    20  softdevice_handler.o(i.softdevice_sys_evt_handler_set)
    m_service_context_store                  0x00022f64   Data          16  device_manager_peripheral.o(.constdata)
    m_service_context_load                   0x00022f74   Data          16  device_manager_peripheral.o(.constdata)
    m_service_context_apply                  0x00022f84   Data          16  device_manager_peripheral.o(.constdata)
    m_context_init_len                       0x00022f94   Data           4  device_manager_peripheral.o(.constdata)
    Region$$Table$$Base                      0x0002307c   Number         0  anon$$obj.o(Region$$Table)
    Region$$Table$$Limit                     0x0002309c   Number         0  anon$$obj.o(Region$$Table)
    Image$$RW_IRAM1$$Base                    0x20002080   Number         0  anon$$obj.o ABSOLUTE
    SystemCoreClock                          0x20002170   Data           4  system_nrf52.o(.data)
    _SEGGER_RTT                              0x20003094   Data         120  segger_rtt.o(.bss)
    __initial_sp                             0x20005110   Data           0  arm_startup_nrf52.o(STACK)



==============================================================================

Memory Map of the image

  Image Entry point : 0x0001c401

  Load Region LR_IROM1 (Base: 0x0001c000, Size: 0x00007190, Max: 0x00064000, ABSOLUTE)

    Execution Region ER_IROM1 (Base: 0x0001c000, Size: 0x0000709c, Max: 0x00064000, ABSOLUTE)

    Base Addr    Size         Type   Attr      Idx    E Section Name        Object

    0x0001c000   0x00000400   Data   RO         3173    RESET               arm_startup_nrf52.o
    0x0001c400   0x00000000   Code   RO         3253  * .ARM.Collect$$$$00000000  mc_w.l(entry.o)
    0x0001c400   0x00000004   Code   RO         3275    .ARM.Collect$$$$00000001  mc_w.l(entry2.o)
    0x0001c404   0x00000004   Code   RO         3278    .ARM.Collect$$$$00000004  mc_w.l(entry5.o)
    0x0001c408   0x00000000   Code   RO         3280    .ARM.Collect$$$$00000008  mc_w.l(entry7b.o)
    0x0001c408   0x00000000   Code   RO         3282    .ARM.Collect$$$$0000000A  mc_w.l(entry8b.o)
    0x0001c408   0x00000008   Code   RO         3283    .ARM.Collect$$$$0000000B  mc_w.l(entry9a.o)
    0x0001c410   0x00000000   Code   RO         3285    .ARM.Collect$$$$0000000D  mc_w.l(entry10a.o)
    0x0001c410   0x00000000   Code   RO         3287    .ARM.Collect$$$$0000000F  mc_w.l(entry11a.o)
    0x0001c410   0x00000004   Code   RO         3276    .ARM.Collect$$$$00002712  mc_w.l(entry2.o)
    0x0001c414   0x00000076   Code   RO         2272    .emb_text           app_timer.o
    0x0001c48a   0x00000002   PAD
    0x0001c48c   0x00000024   Code   RO         3174    .text               arm_startup_nrf52.o
    0x0001c4b0   0x00000024   Code   RO         3261    .text               mc_w.l(memcpya.o)
    0x0001c4d4   0x00000024   Code   RO         3263    .text               mc_w.l(memseta.o)
    0x0001c4f8   0x0000000e   Code   RO         3265    .text               mc_w.l(strlen.o)
    0x0001c506   0x0000001a   Code   RO         3269    .text               mc_w.l(memcmp.o)
    0x0001c520   0x00000012   Code   RO         3271    .text               mc_w.l(strcpy.o)
    0x0001c532   0x00000002   PAD
    0x0001c534   0x00000024   Code   RO         3291    .text               mc_w.l(init.o)
    0x0001c558   0x000001b8   Code   RO         1287    i.GPIOTE_IRQHandler  nrf_drv_gpiote.o
    0x0001c710   0x00000018   Code   RO         2273    i.NVIC_ClearPendingIRQ  app_timer.o
    0x0001c728   0x00000016   Code   RO         2274    i.NVIC_EnableIRQ    app_timer.o
    0x0001c73e   0x00000002   PAD
    0x0001c740   0x00000018   Code   RO         2275    i.NVIC_SetPendingIRQ  app_timer.o
    0x0001c758   0x00000028   Code   RO         2276    i.NVIC_SetPriority  app_timer.o
    0x0001c780   0x00000034   Code   RO         2277    i.RTC1_IRQHandler   app_timer.o
    0x0001c7b4   0x00000094   Code   RO         2997    i.SEGGER_RTT_ConfigDownBuffer  segger_rtt.o
    0x0001c848   0x00000094   Code   RO         2998    i.SEGGER_RTT_ConfigUpBuffer  segger_rtt.o
    0x0001c8dc   0x00000034   Code   RO         3010    i.SEGGER_RTT_Write  segger_rtt.o
    0x0001c910   0x00000084   Code   RO         3011    i.SEGGER_RTT_WriteNoLock  segger_rtt.o
    0x0001c994   0x0000001a   Code   RO         3013    i.SEGGER_RTT_WriteString  segger_rtt.o
    0x0001c9ae   0x0000020a   Code   RO         3138    i.SEGGER_RTT_vprintf  segger_rtt_printf.o
    0x0001cbb8   0x00000008   Code   RO         2278    i.SWI0_EGU0_IRQHandler  app_timer.o
    0x0001cbc0   0x00000038   Code   RO         2802    i.SWI2_EGU2_IRQHandler  softdevice_handler.o
    0x0001cbf8   0x00000010   Code   RO         3181    i.SystemCoreClockUpdate  system_nrf52.o
    0x0001cc08   0x00000234   Code   RO         3182    i.SystemInit        system_nrf52.o
    0x0001ce3c   0x00000018   Code   RO         1526    i.UARTE0_UART0_IRQHandler  nrf_drv_uart.o
    0x0001ce54   0x00000070   Code   RO         3014    i._DoInit           segger_rtt.o
    0x0001cec4   0x0000001c   Code   RO         3015    i._GetAvailWriteSpace  segger_rtt.o
    0x0001cee0   0x000000ec   Code   RO         3139    i._PrintInt         segger_rtt_printf.o
    0x0001cfcc   0x000000ec   Code   RO         3140    i._PrintUnsigned    segger_rtt_printf.o
    0x0001d0b8   0x00000044   Code   RO         3141    i._StoreChar        segger_rtt_printf.o
    0x0001d0fc   0x00000072   Code   RO         3017    i._WriteBlocking    segger_rtt.o
    0x0001d16e   0x0000004c   Code   RO         3018    i._WriteNoCheck     segger_rtt.o
    0x0001d1ba   0x0000000e   Code   RO         3295    i.__scatterload_copy  mc_w.l(handlers.o)
    0x0001d1c8   0x00000002   Code   RO         3296    i.__scatterload_null  mc_w.l(handlers.o)
    0x0001d1ca   0x0000000e   Code   RO         3297    i.__scatterload_zeroinit  mc_w.l(handlers.o)
    0x0001d1d8   0x000001c6   Code   RO          506    i.adv_data_encode   ble_advdata.o
    0x0001d39e   0x00000012   Code   RO          507    i.advdata_check     ble_advdata.o
    0x0001d3b0   0x00000054   Code   RO          453    i.advertising_buttons_configure  bsp_btn_ble.o
    0x0001d404   0x00000074   Code   RO            4    i.advertising_init  main.o
    0x0001d478   0x00000024   Code   RO          342    i.alert_timer_handler  bsp.o
    0x0001d49c   0x0000002c   Code   RO         2147    i.app_button_enable  app_button.o
    0x0001d4c8   0x000000a8   Code   RO         2148    i.app_button_init   app_button.o
    0x0001d570   0x0000001a   Code   RO         2248    i.app_error_fault_handler  app_error_weak.o
    0x0001d58a   0x00000020   Code   RO         2208    i.app_error_handler  app_error.o
    0x0001d5aa   0x00000002   PAD
    0x0001d5ac   0x00000088   Code   RO         2210    i.app_error_save_and_stop  app_error.o
    0x0001d634   0x00000020   Code   RO          865    i.app_evt_notify    device_manager_peripheral.o
    0x0001d654   0x00000030   Code   RO         1812    i.app_notify        pstorage.o
    0x0001d684   0x00000028   Code   RO         1813    i.app_notify_error_state_transit  pstorage.o
    0x0001d6ac   0x0000003c   Code   RO         2281    i.app_timer_create  app_timer.o
    0x0001d6e8   0x000000b8   Code   RO         2282    i.app_timer_init    app_timer.o
    0x0001d7a0   0x00000058   Code   RO         2283    i.app_timer_start   app_timer.o
    0x0001d7f8   0x00000034   Code   RO         2284    i.app_timer_stop    app_timer.o
    0x0001d82c   0x00000052   Code   RO          508    i.appearance_encode  ble_advdata.o
    0x0001d87e   0x00000094   Code   RO          509    i.ble_advdata_set   ble_advdata.o
    0x0001d912   0x00000002   PAD
    0x0001d914   0x0000017c   Code   RO          631    i.ble_advertising_init  ble_advertising.o
    0x0001da90   0x000000f8   Code   RO          632    i.ble_advertising_on_ble_evt  ble_advertising.o
    0x0001db88   0x0000004c   Code   RO          633    i.ble_advertising_on_sys_evt  ble_advertising.o
    0x0001dbd4   0x00000010   Code   RO          635    i.ble_advertising_peer_address_clear  ble_advertising.o
    0x0001dbe4   0x00000078   Code   RO          636    i.ble_advertising_restart_without_whitelist  ble_advertising.o
    0x0001dc5c   0x00000288   Code   RO          637    i.ble_advertising_start  ble_advertising.o
    0x0001dee4   0x00000070   Code   RO          721    i.ble_conn_params_init  ble_conn_params.o
    0x0001df54   0x0000003e   Code   RO          722    i.ble_conn_params_on_ble_evt  ble_conn_params.o
    0x0001df92   0x00000074   Code   RO          510    i.ble_device_addr_encode  ble_advdata.o
    0x0001e006   0x00000024   Code   RO            6    i.ble_evt_dispatch  main.o
    0x0001e02a   0x00000002   PAD
    0x0001e02c   0x00000108   Code   RO            7    i.ble_stack_init    main.o
    0x0001e134   0x00000050   Code   RO          866    i.bond_data_load    device_manager_peripheral.o
    0x0001e184   0x00000038   Code   RO          454    i.bsp_btn_ble_init  bsp_btn_ble.o
    0x0001e1bc   0x00000078   Code   RO          455    i.bsp_btn_ble_on_ble_evt  bsp_btn_ble.o
    0x0001e234   0x0000001c   Code   RO          456    i.bsp_btn_ble_sleep_mode_prepare  bsp_btn_ble.o
    0x0001e250   0x000000dc   Code   RO          343    i.bsp_button_event_handler  bsp.o
    0x0001e32c   0x00000034   Code   RO          344    i.bsp_button_is_pressed  bsp.o
    0x0001e360   0x0000007c   Code   RO            8    i.bsp_event_handler  main.o
    0x0001e3dc   0x00000058   Code   RO          348    i.bsp_event_to_button_action_assign  bsp.o
    0x0001e434   0x00000020   Code   RO          349    i.bsp_indication_set  bsp.o
    0x0001e454   0x000000d0   Code   RO          351    i.bsp_init          bsp.o
    0x0001e524   0x0000058c   Code   RO          352    i.bsp_led_indication  bsp.o
    0x0001eab0   0x00000050   Code   RO          353    i.bsp_wakeup_buttons_set  bsp.o
    0x0001eb00   0x0000000e   Code   RO          354    i.button_timer_handler  bsp.o
    0x0001eb0e   0x00000002   PAD
    0x0001eb10   0x000000b8   Code   RO            9    i.buttons_leds_init  main.o
    0x0001ebc8   0x00000020   Code   RO         1288    i.channel_free      nrf_drv_gpiote.o
    0x0001ebe8   0x00000010   Code   RO         1289    i.channel_handler_get  nrf_drv_gpiote.o
    0x0001ebf8   0x00000080   Code   RO         1290    i.channel_port_alloc  nrf_drv_gpiote.o
    0x0001ec78   0x0000000c   Code   RO         1291    i.channel_port_get  nrf_drv_gpiote.o
    0x0001ec84   0x00000104   Code   RO         1814    i.clear_operation_execute  pstorage.o
    0x0001ed88   0x00000028   Code   RO         1815    i.clear_post_processing_run  pstorage.o
    0x0001edb0   0x00000048   Code   RO         1816    i.cmd_process       pstorage.o
    0x0001edf8   0x00000014   Code   RO         1817    i.cmd_queue_dequeue  pstorage.o
    0x0001ee0c   0x00000050   Code   RO         1818    i.cmd_queue_element_init  pstorage.o
    0x0001ee5c   0x0000009c   Code   RO         1819    i.cmd_queue_enqueue  pstorage.o
    0x0001eef8   0x00000020   Code   RO         1820    i.cmd_queue_init    pstorage.o
    0x0001ef18   0x00000028   Code   RO         1821    i.command_end_procedure_run  pstorage.o
    0x0001ef40   0x0000002c   Code   RO         1822    i.command_queue_element_consume  pstorage.o
    0x0001ef6c   0x00000090   Code   RO         2286    i.compare_reg_update  app_timer.o
    0x0001effc   0x0000005a   Code   RO          511    i.conn_int_check    ble_advdata.o
    0x0001f056   0x00000068   Code   RO          512    i.conn_int_encode   ble_advdata.o
    0x0001f0be   0x00000002   PAD
    0x0001f0c0   0x00000024   Code   RO           10    i.conn_params_error_handler  main.o
    0x0001f0e4   0x00000070   Code   RO           11    i.conn_params_init  main.o
    0x0001f154   0x00000084   Code   RO          724    i.conn_params_negotiation  ble_conn_params.o
    0x0001f1d8   0x00000054   Code   RO          457    i.connection_buttons_configure  bsp_btn_ble.o
    0x0001f22c   0x00000048   Code   RO          867    i.connection_instance_find  device_manager_peripheral.o
    0x0001f274   0x00000040   Code   RO          868    i.connection_instance_init  device_manager_peripheral.o
    0x0001f2b4   0x0000007c   Code   RO         1823    i.data_page_erase_state_run  pstorage.o
    0x0001f330   0x00000034   Code   RO         1824    i.data_to_swap_write_state_run  pstorage.o
    0x0001f364   0x0000008c   Code   RO         2150    i.detection_delay_timeout_handler  app_button.o
    0x0001f3f0   0x000000e0   Code   RO          869    i.device_context_store  device_manager_peripheral.o
    0x0001f4d0   0x00000088   Code   RO          870    i.device_instance_allocate  device_manager_peripheral.o
    0x0001f558   0x00000058   Code   RO          871    i.device_instance_find  device_manager_peripheral.o
    0x0001f5b0   0x0000002c   Code   RO          872    i.device_instance_free  device_manager_peripheral.o
    0x0001f5dc   0x00000038   Code   RO           12    i.device_manager_evt_handler  main.o
    0x0001f614   0x000000ec   Code   RO           13    i.device_manager_init  main.o
    0x0001f700   0x000006b8   Code   RO          877    i.dm_ble_evt_handler  device_manager_peripheral.o
    0x0001fdb8   0x00000018   Code   RO          883    i.dm_handle_initialize  device_manager_peripheral.o
    0x0001fdd0   0x00000108   Code   RO          884    i.dm_init           device_manager_peripheral.o
    0x0001fed8   0x0000025c   Code   RO          887    i.dm_pstorage_cb_handler  device_manager_peripheral.o
    0x00020134   0x000000b0   Code   RO          888    i.dm_register       device_manager_peripheral.o
    0x000201e4   0x00000064   Code   RO         2287    i.elapsed_ticks_acquire  app_timer.o
    0x00020248   0x00000040   Code   RO         1825    i.erase_sub_state_sm_run  pstorage.o
    0x00020288   0x00000030   Code   RO         3183    i.errata_16         system_nrf52.o
    0x000202b8   0x00000054   Code   RO         3184    i.errata_31         system_nrf52.o
    0x0002030c   0x00000030   Code   RO         3185    i.errata_32         system_nrf52.o
    0x0002033c   0x00000054   Code   RO         3186    i.errata_36         system_nrf52.o
    0x00020390   0x00000030   Code   RO         3187    i.errata_37         system_nrf52.o
    0x000203c0   0x00000030   Code   RO         3188    i.errata_57         system_nrf52.o
    0x000203f0   0x00000030   Code   RO         3189    i.errata_66         system_nrf52.o
    0x00020420   0x00000058   Code   RO         2288    i.expired_timers_handler  app_timer.o
    0x00020478   0x00000036   Code   RO          513    i.flags_encode      ble_advdata.o
    0x000204ae   0x00000036   Code   RO          639    i.flash_access_in_progress  ble_advertising.o
    0x000204e4   0x0000002c   Code   RO         1826    i.flash_api_err_code_process  pstorage.o
    0x00020510   0x00000044   Code   RO         1827    i.flash_operation_failure_run  pstorage.o
    0x00020554   0x00000030   Code   RO         1828    i.flash_operation_success_run  pstorage.o
    0x00020584   0x00000010   Code   RO         1829    i.flash_page_erase  pstorage.o
    0x00020594   0x0000001c   Code   RO         1830    i.flash_write       pstorage.o
    0x000205b0   0x00000018   Code   RO         2561    i.fs_queued_op_count_get  fstorage.o
    0x000205c8   0x000000b8   Code   RO           14    i.gap_params_init   main.o
    0x00020680   0x00000006   Code   RO          895    i.gattc_context_apply  device_manager_peripheral.o
    0x00020686   0x00000006   Code   RO          896    i.gattc_context_load  device_manager_peripheral.o
    0x0002068c   0x00000006   Code   RO          897    i.gattc_context_store  device_manager_peripheral.o
    0x00020692   0x00000002   PAD
    0x00020694   0x000000f8   Code   RO          898    i.gatts_context_apply  device_manager_peripheral.o
    0x0002078c   0x0000004c   Code   RO          899    i.gatts_context_load  device_manager_peripheral.o
    0x000207d8   0x000000f0   Code   RO          900    i.gatts_context_store  device_manager_peripheral.o
    0x000208c8   0x00000018   Code   RO          901    i.gattsc_context_apply  device_manager_peripheral.o
    0x000208e0   0x0000001c   Code   RO          902    i.gattsc_context_load  device_manager_peripheral.o
    0x000208fc   0x0000001c   Code   RO          903    i.gattsc_context_store  device_manager_peripheral.o
    0x00020918   0x00000080   Code   RO         2151    i.gpiote_event_handler  app_button.o
    0x00020998   0x00000068   Code   RO         1831    i.head_restore_state_run  pstorage.o
    0x00020a00   0x000000b0   Code   RO         2803    i.intern_softdevice_events_execute  softdevice_handler.o
    0x00020ab0   0x00000024   Code   RO          725    i.is_conn_params_ok  ble_conn_params.o
    0x00020ad4   0x00000058   Code   RO         1832    i.is_page_erase_required  pstorage.o
    0x00020b2c   0x00000050   Code   RO         1833    i.is_tail_data_page_swap_required  pstorage.o
    0x00020b7c   0x00000010   Code   RO         1834    i.is_word_aligned   pstorage.o
    0x00020b8c   0x0000006a   Code   RO          514    i.le_role_encode    ble_advdata.o
    0x00020bf6   0x00000002   PAD
    0x00020bf8   0x00000020   Code   RO          355    i.leds_timer_handler  bsp.o
    0x00020c18   0x00000098   Code   RO         2289    i.list_deletions_handler  app_timer.o
    0x00020cb0   0x0000010c   Code   RO         2290    i.list_insertions_handler  app_timer.o
    0x00020dbc   0x0000005c   Code   RO         2689    i.log_rtt_init      nrf_log.o
    0x00020e18   0x0000001e   Code   RO         2690    i.log_rtt_printf    nrf_log.o
    0x00020e36   0x00000002   PAD
    0x00020e38   0x0000005c   Code   RO           15    i.main              main.o
    0x00020e94   0x00000020   Code   RO         1835    i.main_state_err_busy_process  pstorage.o
    0x00020eb4   0x00000076   Code   RO          515    i.manuf_specific_data_encode  ble_advdata.o
    0x00020f2a   0x000000c2   Code   RO          516    i.name_encode       ble_advdata.o
    0x00020fec   0x00000006   Code   RO          904    i.no_service_context_apply  device_manager_peripheral.o
    0x00020ff2   0x00000006   Code   RO          905    i.no_service_context_load  device_manager_peripheral.o
    0x00020ff8   0x00000006   Code   RO          906    i.no_service_context_store  device_manager_peripheral.o
    0x00020ffe   0x00000002   PAD
    0x00021000   0x00000060   Code   RO         1249    i.nrf_drv_common_irq_enable  nrf_drv_common.o
    0x00021060   0x000000b8   Code   RO         1294    i.nrf_drv_gpiote_in_event_enable  nrf_drv_gpiote.o
    0x00021118   0x000000d8   Code   RO         1295    i.nrf_drv_gpiote_in_init  nrf_drv_gpiote.o
    0x000211f0   0x0000001c   Code   RO         1296    i.nrf_drv_gpiote_in_is_set  nrf_drv_gpiote.o
    0x0002120c   0x00000054   Code   RO         1298    i.nrf_drv_gpiote_init  nrf_drv_gpiote.o
    0x00021260   0x00000014   Code   RO         1299    i.nrf_drv_gpiote_is_init  nrf_drv_gpiote.o
    0x00021274   0x00000024   Code   RO         1311    i.nrf_gpio_cfg      nrf_drv_gpiote.o
    0x00021298   0x00000024   Code   RO         1313    i.nrf_gpio_cfg_sense_set  nrf_drv_gpiote.o
    0x000212bc   0x0000000c   Code   RO         1316    i.nrf_gpiote_event_addr_get  nrf_drv_gpiote.o
    0x000212c8   0x0000001c   Code   RO         1317    i.nrf_gpiote_event_clear  nrf_drv_gpiote.o
    0x000212e4   0x00000016   Code   RO         1318    i.nrf_gpiote_event_is_set  nrf_drv_gpiote.o
    0x000212fa   0x00000002   PAD
    0x000212fc   0x0000000c   Code   RO         1319    i.nrf_gpiote_int_enable  nrf_drv_gpiote.o
    0x00021308   0x0000000c   Code   RO         1547    i.nrf_uart_errorsrc_get_and_clear  nrf_drv_uart.o
    0x00021314   0x0000000e   Code   RO         1548    i.nrf_uart_event_check  nrf_drv_uart.o
    0x00021322   0x00000006   Code   RO         1549    i.nrf_uart_event_clear  nrf_drv_uart.o
    0x00021328   0x00000006   Code   RO         1551    i.nrf_uart_int_disable  nrf_drv_uart.o
    0x0002132e   0x00000012   Code   RO         1553    i.nrf_uart_int_enable_check  nrf_drv_uart.o
    0x00021340   0x00000006   Code   RO         1554    i.nrf_uart_task_trigger  nrf_drv_uart.o
    0x00021346   0x0000000c   Code   RO         1556    i.nrf_uarte_errorsrc_get_and_clear  nrf_drv_uart.o
    0x00021352   0x0000000e   Code   RO         1557    i.nrf_uarte_event_check  nrf_drv_uart.o
    0x00021360   0x00000006   Code   RO         1558    i.nrf_uarte_event_clear  nrf_drv_uart.o
    0x00021366   0x0000000a   Code   RO         1562    i.nrf_uarte_rx_amount_get  nrf_drv_uart.o
    0x00021370   0x00000048   Code   RO           16    i.on_adv_evt        main.o
    0x000213b8   0x0000005c   Code   RO           17    i.on_ble_evt        main.o
    0x00021414   0x00000040   Code   RO           18    i.on_conn_params_evt  main.o
    0x00021454   0x00000018   Code   RO          726    i.on_conn_params_update  ble_conn_params.o
    0x0002146c   0x00000038   Code   RO          727    i.on_connect        ble_conn_params.o
    0x000214a4   0x00000040   Code   RO          728    i.on_disconnect     ble_conn_params.o
    0x000214e4   0x00000058   Code   RO          729    i.on_write          ble_conn_params.o
    0x0002153c   0x00000018   Code   RO          640    i.peer_address_exists  ble_advertising.o
    0x00021554   0x00000064   Code   RO          907    i.peer_instance_init  device_manager_peripheral.o
    0x000215b8   0x0000001c   Code   RO         1321    i.pin_in_use_by_gpiote  nrf_drv_gpiote.o
    0x000215d4   0x00000018   Code   RO         1322    i.pin_in_use_by_port  nrf_drv_gpiote.o
    0x000215ec   0x00000020   Code   RO         1323    i.pin_in_use_by_te  nrf_drv_gpiote.o
    0x0002160c   0x0000000c   Code   RO         1324    i.pin_in_use_clear  nrf_drv_gpiote.o
    0x00021618   0x00000030   Code   RO           19    i.power_manage      main.o
    0x00021648   0x0000002c   Code   RO         1836    i.pstorage_access_status_get  pstorage.o
    0x00021674   0x000000a4   Code   RO         1837    i.pstorage_block_identifier_get  pstorage.o
    0x00021718   0x00000120   Code   RO         1838    i.pstorage_clear    pstorage.o
    0x00021838   0x0000001e   Code   RO         1839    i.pstorage_flash_page_end  pstorage.o
    0x00021856   0x0000000a   Code   RO         1840    i.pstorage_flash_page_size  pstorage.o
    0x00021860   0x00000090   Code   RO         1841    i.pstorage_init     pstorage.o
    0x000218f0   0x000000f4   Code   RO         1842    i.pstorage_load     pstorage.o
    0x000219e4   0x00000110   Code   RO         1843    i.pstorage_register  pstorage.o
    0x00021af4   0x000000dc   Code   RO         1844    i.pstorage_store    pstorage.o
    0x00021bd0   0x00000048   Code   RO         1845    i.pstorage_sys_event_handler  pstorage.o
    0x00021c18   0x000000dc   Code   RO         1846    i.pstorage_update   pstorage.o
    0x00021cf4   0x00000014   Code   RO         2804    i.ram_end_address_get  softdevice_handler.o
    0x00021d08   0x0000000c   Code   RO         2291    i.rtc1_compare0_set  app_timer.o
    0x00021d14   0x0000000c   Code   RO         2292    i.rtc1_counter_get  app_timer.o
    0x00021d20   0x00000018   Code   RO         2293    i.rtc1_init         app_timer.o
    0x00021d38   0x0000003c   Code   RO         2294    i.rtc1_start        app_timer.o
    0x00021d74   0x00000058   Code   RO         2295    i.rtc1_stop         app_timer.o
    0x00021dcc   0x00000050   Code   RO         1566    i.rx_byte           nrf_drv_uart.o
    0x00021e1c   0x00000024   Code   RO         1567    i.rx_done_event     nrf_drv_uart.o
    0x00021e40   0x00000094   Code   RO         2805    i.sd_check_ram_start  softdevice_handler.o
    0x00021ed4   0x00000036   Code   RO          517    i.sec_mgr_oob_flags_encode  ble_advdata.o
    0x00021f0a   0x00000096   Code   RO          518    i.service_data_encode  ble_advdata.o
    0x00021fa0   0x00000068   Code   RO           20    i.sleep_mode_enter  main.o
    0x00022008   0x00000014   Code   RO         1847    i.sm_state_change   pstorage.o
    0x0002201c   0x00000018   Code   RO         2806    i.softdevice_ble_evt_handler_set  softdevice_handler.o
    0x00022034   0x00000104   Code   RO         2807    i.softdevice_enable  softdevice_handler.o
    0x00022138   0x0000002c   Code   RO         2808    i.softdevice_enable_get_default_config  softdevice_handler.o
    0x00022164   0x00000014   Code   RO         2809    i.softdevice_fault_handler  softdevice_handler.o
    0x00022178   0x00000078   Code   RO         2810    i.softdevice_handler_init  softdevice_handler.o
    0x000221f0   0x00000018   Code   RO         2813    i.softdevice_sys_evt_handler_set  softdevice_handler.o
    0x00022208   0x0000000e   Code   RO          519    i.srdata_check      ble_advdata.o
    0x00022216   0x0000004c   Code   RO          458    i.startup_event_extract  bsp_btn_ble.o
    0x00022262   0x00000002   PAD
    0x00022264   0x00000010   Code   RO         1848    i.state_data_erase_entry_run  pstorage.o
    0x00022274   0x0000008c   Code   RO         1849    i.state_data_erase_swap_entry_run  pstorage.o
    0x00022300   0x00000038   Code   RO         1850    i.state_entry_action_run  pstorage.o
    0x00022338   0x00000010   Code   RO         1851    i.state_erase_data_page_entry_run  pstorage.o
    0x00022348   0x0000001c   Code   RO         1852    i.state_idle_entry_run  pstorage.o
    0x00022364   0x00000034   Code   RO         1853    i.state_restore_head_entry_run  pstorage.o
    0x00022398   0x00000058   Code   RO         1854    i.state_restore_tail_entry_run  pstorage.o
    0x000223f0   0x00000008   Code   RO         1855    i.state_store_entry_run  pstorage.o
    0x000223f8   0x0000001e   Code   RO         1856    i.state_swap_erase_entry_run  pstorage.o
    0x00022416   0x00000002   PAD
    0x00022418   0x00000038   Code   RO         1857    i.state_write_data_swap_entry_run  pstorage.o
    0x00022450   0x00000008   Code   RO          908    i.storage_operation_dummy_handler  device_manager_peripheral.o
    0x00022458   0x00000068   Code   RO         1858    i.store_cmd_flash_write_execute  pstorage.o
    0x000224c0   0x0000000a   Code   RO         1859    i.store_operation_execute  pstorage.o
    0x000224ca   0x00000002   PAD
    0x000224cc   0x00000048   Code   RO         1860    i.store_sub_state_sm_run  pstorage.o
    0x00022514   0x00000020   Code   RO         1861    i.swap_erase_state_run  pstorage.o
    0x00022534   0x00000008   Code   RO         1862    i.swap_sub_sm_exit_action_run  pstorage.o
    0x0002253c   0x00000018   Code   RO         1863    i.swap_sub_state_entry_action_run  pstorage.o
    0x00022554   0x00000020   Code   RO         1864    i.swap_sub_state_err_busy_process  pstorage.o
    0x00022574   0x00000018   Code   RO         1865    i.swap_sub_state_sm_run  pstorage.o
    0x0002258c   0x00000014   Code   RO         1866    i.swap_sub_state_state_change  pstorage.o
    0x000225a0   0x00000012   Code   RO           21    i.sys_evt_dispatch  main.o
    0x000225b2   0x00000002   PAD
    0x000225b4   0x0000001c   Code   RO         1867    i.tail_restore_state_run  pstorage.o
    0x000225d0   0x0000004c   Code   RO         1868    i.tail_word_size_calculate  pstorage.o
    0x0002261c   0x0000000a   Code   RO         2296    i.ticks_diff_get    app_timer.o
    0x00022626   0x00000002   PAD
    0x00022628   0x00000078   Code   RO         2297    i.timeout_handler_exec  app_timer.o
    0x000226a0   0x00000054   Code   RO         2298    i.timer_list_handler  app_timer.o
    0x000226f4   0x0000000a   Code   RO         2299    i.timer_list_handler_sched  app_timer.o
    0x000226fe   0x00000002   PAD
    0x00022700   0x00000068   Code   RO         2300    i.timer_list_insert  app_timer.o
    0x00022768   0x0000006c   Code   RO         2301    i.timer_list_remove  app_timer.o
    0x000227d4   0x0000005c   Code   RO         2302    i.timer_start_op_schedule  app_timer.o
    0x00022830   0x00000040   Code   RO         2304    i.timer_stop_op_schedule  app_timer.o
    0x00022870   0x00000098   Code   RO         2305    i.timer_timeouts_check  app_timer.o
    0x00022908   0x0000000a   Code   RO         2306    i.timer_timeouts_check_sched  app_timer.o
    0x00022912   0x00000002   PAD
    0x00022914   0x00000040   Code   RO           22    i.timers_init       main.o
    0x00022954   0x00000046   Code   RO          520    i.tk_value_encode   ble_advdata.o
    0x0002299a   0x00000002   PAD
    0x0002299c   0x00000038   Code   RO         1569    i.tx_byte           nrf_drv_uart.o
    0x000229d4   0x0000002c   Code   RO         1570    i.tx_done_event     nrf_drv_uart.o
    0x00022a00   0x00000036   Code   RO          521    i.tx_power_level_encode  ble_advdata.o
    0x00022a36   0x00000002   PAD
    0x00022a38   0x00000160   Code   RO         1571    i.uart_irq_handler  nrf_drv_uart.o
    0x00022b98   0x0000012c   Code   RO         1572    i.uarte_irq_handler  nrf_drv_uart.o
    0x00022cc4   0x0000000c   Code   RO          522    i.uint16_encode     ble_advdata.o
    0x00022cd0   0x00000008   Code   RO         1869    i.update_operation_execute  pstorage.o
    0x00022cd8   0x00000014   Code   RO          909    i.update_status_bit_reset  device_manager_peripheral.o
    0x00022cec   0x00000090   Code   RO          730    i.update_timeout_handler  ble_conn_params.o
    0x00022d7c   0x00000058   Code   RO         2307    i.user_id_get       app_timer.o
    0x00022dd4   0x00000030   Code   RO         2308    i.user_op_alloc     app_timer.o
    0x00022e04   0x00000004   Code   RO         2309    i.user_op_enque     app_timer.o
    0x00022e08   0x0000004e   Code   RO          523    i.uuid_list_encode  ble_advdata.o
    0x00022e56   0x000000dc   Code   RO          524    i.uuid_list_sized_encode  ble_advdata.o
    0x00022f32   0x00000012   Code   RO          641    i.whitelist_has_entries  ble_advertising.o
    0x00022f44   0x00000004   Data   RO           24    .constdata          main.o
    0x00022f48   0x00000018   Data   RO          357    .constdata          bsp.o
    0x00022f60   0x00000004   Data   RO          732    .constdata          ble_conn_params.o
    0x00022f64   0x00000034   Data   RO          911    .constdata          device_manager_peripheral.o
    0x00022f98   0x00000028   Data   RO         1871    .constdata          pstorage.o
    0x00022fc0   0x00000008   Data   RO         2153    .constdata          app_button.o
    0x00022fc8   0x00000010   Data   RO         3142    .constdata          segger_rtt_printf.o
    0x00022fd8   0x0000004c   Data   RO          912    .conststring        device_manager_peripheral.o
    0x00023024   0x00000057   Data   RO         2815    .conststring        softdevice_handler.o
    0x0002307b   0x00000001   PAD
    0x0002307c   0x00000020   Data   RO         3293    Region$$Table       anon$$obj.o


    Execution Region RW_IRAM1 (Base: 0x20002080, Size: 0x00003090, Max: 0x0000df80, ABSOLUTE)

    Base Addr    Size         Type   Attr      Idx    E Section Name        Object

    0x20002080   0x00000004   Data   RW           25    .data               main.o
    0x20002084   0x00000019   Data   RW          358    .data               bsp.o
    0x2000209d   0x00000003   PAD
    0x200020a0   0x00000008   Data   RW          459    .data               bsp_btn_ble.o
    0x200020a8   0x00000020   Data   RW          643    .data               ble_advertising.o
    0x200020c8   0x00000015   Data   RW          733    .data               ble_conn_params.o
    0x200020dd   0x00000003   PAD
    0x200020e0   0x00000014   Data   RW          913    .data               device_manager_peripheral.o
    0x200020f4   0x00000028   Data   RW         1872    .data               pstorage.o
    0x2000211c   0x00000014   Data   RW         2154    .data               app_button.o
    0x20002130   0x00000022   Data   RW         2310    .data               app_timer.o
    0x20002152   0x00000004   Data   RW         2695    .data               nrf_log.o
    0x20002156   0x00000002   PAD
    0x20002158   0x00000018   Data   RW         2816    .data               softdevice_handler.o
    0x20002170   0x00000004   Data   RW         3190    .data               system_nrf52.o
    0x20002174   0x00000210   Zero   RW           23    .bss                main.o
    0x20002384   0x00000060   Zero   RW          356    .bss                bsp.o
    0x200023e4   0x00000103   Zero   RW          642    .bss                ble_advertising.o
    0x200024e7   0x00000001   PAD
    0x200024e8   0x0000003c   Zero   RW          731    .bss                ble_conn_params.o
    0x20002524   0x0000014f   Zero   RW          910    .bss                device_manager_peripheral.o
    0x20002673   0x00000001   PAD
    0x20002674   0x00000058   Zero   RW         1325    .bss                nrf_drv_gpiote.o
    0x200026cc   0x00000020   Zero   RW         1573    .bss                nrf_drv_uart.o
    0x200026ec   0x000000e4   Zero   RW         1870    .bss                pstorage.o
    0x200027d0   0x00000020   Zero   RW         2152    .bss                app_button.o
    0x200027f0   0x00000020   Zero   RW         2211    .bss                app_error.o
    0x20002810   0x00000058   Zero   RW         2572    .bss                fstorage.o
    0x20002868   0x0000041b   Zero   RW         2694    .bss                nrf_log.o
    0x20002c83   0x00000001   PAD
    0x20002c84   0x00000488   Zero   RW         3019    .bss                segger_rtt.o
    0x2000310c   0x00000004   PAD
    0x20003110   0x00002000   Zero   RW         3171    STACK               arm_startup_nrf52.o


==============================================================================

Image component sizes


      Code (inc. data)   RO Data    RW Data    ZI Data      Debug   Object Name

       480         80          8         20         32      10294   app_button.o
       168          4          0          0         32       4262   app_error.o
        26          0          0          0          0        822   app_error_weak.o
      2514        336          0         34          0      63131   app_timer.o
        36          8       1024          0       8192        964   arm_startup_nrf52.o
      2136          0          0          0          0      25820   ble_advdata.o
      1584        162          0         32        259      11625   ble_advertising.o
       718        122          4         21         60      20056   ble_conn_params.o
      2182        180         24         25         96      10781   bsp.o
       448         18          0          8          0       6333   bsp_btn_ble.o
      4336        262        128         20        335      35109   device_manager_peripheral.o
        24          6          0          0         88       3548   fstorage.o
      1902        394          4          4        528     120667   main.o
        96         12          0          0          0      29043   nrf_drv_common.o
      1402        130          0          0         88      27960   nrf_drv_gpiote.o
       996         66          0          0         32      25090   nrf_drv_uart.o
       122         28          0          4       1051       4729   nrf_log.o
      4252        430         40         40        228      51950   pstorage.o
       836         62          0          0       1160      11677   segger_rtt.o
      1062          6         16          0          0       5777   segger_rtt_printf.o
       892        332         87         24          0      42621   softdevice_handler.o
       988        102          0          4          0      32990   system_nrf52.o

    ----------------------------------------------------------------------
     27242       2740       1368        244      12188     545249   Object Totals
         0          0         32          0          0          0   (incl. Generated)
        42          0          1          8          7          0   (incl. Padding)

    ----------------------------------------------------------------------

      Code (inc. data)   RO Data    RW Data    ZI Data      Debug   Library Member Name

         0          0          0          0          0          0   entry.o
         0          0          0          0          0          0   entry10a.o
         0          0          0          0          0          0   entry11a.o
         8          4          0          0          0          0   entry2.o
         4          0          0          0          0          0   entry5.o
         0          0          0          0          0          0   entry7b.o
         0          0          0          0          0          0   entry8b.o
         8          4          0          0          0          0   entry9a.o
        30          0          0          0          0          0   handlers.o
        36          8          0          0          0         68   init.o
        26          0          0          0          0         80   memcmp.o
        36          0          0          0          0         68   memcpya.o
        36          0          0          0          0        108   memseta.o
        18          0          0          0          0         68   strcpy.o
        14          0          0          0          0         68   strlen.o

    ----------------------------------------------------------------------
       218         16          0          0          0        460   Library Totals
         2          0          0          0          0          0   (incl. Padding)

    ----------------------------------------------------------------------

      Code (inc. data)   RO Data    RW Data    ZI Data      Debug   Library Name

       216         16          0          0          0        460   mc_w.l

    ----------------------------------------------------------------------
       218         16          0          0          0        460   Library Totals

    ----------------------------------------------------------------------

==============================================================================


      Code (inc. data)   RO Data    RW Data    ZI Data      Debug   

     27460       2756       1368        244      12188     519057   Grand Totals
     27460       2756       1368        244      12188     519057   ELF Image Totals
     27460       2756       1368        244          0          0   ROM Totals

==============================================================================

    Total RO  Size (Code + RO Data)                28828 (  28.15kB)
    Total RW  Size (RW Data + ZI Data)             12432 (  12.14kB)
    Total ROM Size (Code + RO Data + RW Data)      29072 (  28.39kB)

==============================================================================

