Component: ARM Compiler 5.06 update 4 (build 422) Tool: armlink [4d35d2]

==============================================================================

Section Cross References

    main.o(i.advertising_init) refers to memseta.o(.text) for __aeabi_memclr4
    main.o(i.advertising_init) refers to ble_advertising.o(i.ble_advertising_init) for ble_advertising_init
    main.o(i.advertising_init) refers to app_error.o(i.app_error_handler) for app_error_handler
    main.o(i.advertising_init) refers to main.o(i.on_adv_evt) for on_adv_evt
    main.o(i.assert_nrf_callback) refers to app_error.o(i.app_error_handler) for app_error_handler
    main.o(i.ble_evt_dispatch) refers to device_manager_peripheral.o(i.dm_ble_evt_handler) for dm_ble_evt_handler
    main.o(i.ble_evt_dispatch) refers to ble_conn_params.o(i.ble_conn_params_on_ble_evt) for ble_conn_params_on_ble_evt
    main.o(i.ble_evt_dispatch) refers to bsp_btn_ble.o(i.bsp_btn_ble_on_ble_evt) for bsp_btn_ble_on_ble_evt
    main.o(i.ble_evt_dispatch) refers to main.o(i.on_ble_evt) for on_ble_evt
    main.o(i.ble_evt_dispatch) refers to ble_advertising.o(i.ble_advertising_on_ble_evt) for ble_advertising_on_ble_evt
    main.o(i.ble_stack_init) refers to softdevice_handler.o(i.softdevice_handler_init) for softdevice_handler_init
    main.o(i.ble_stack_init) refers to app_error.o(i.app_error_handler) for app_error_handler
    main.o(i.ble_stack_init) refers to softdevice_handler.o(i.softdevice_enable_get_default_config) for softdevice_enable_get_default_config
    main.o(i.ble_stack_init) refers to softdevice_handler.o(i.sd_check_ram_start) for sd_check_ram_start
    main.o(i.ble_stack_init) refers to softdevice_handler.o(i.softdevice_enable) for softdevice_enable
    main.o(i.ble_stack_init) refers to softdevice_handler.o(i.softdevice_ble_evt_handler_set) for softdevice_ble_evt_handler_set
    main.o(i.ble_stack_init) refers to softdevice_handler.o(i.softdevice_sys_evt_handler_set) for softdevice_sys_evt_handler_set
    main.o(i.ble_stack_init) refers to main.o(.constdata) for .constdata
    main.o(i.ble_stack_init) refers to main.o(.bss) for BLE_EVT_BUFFER
    main.o(i.ble_stack_init) refers to main.o(i.ble_evt_dispatch) for ble_evt_dispatch
    main.o(i.ble_stack_init) refers to main.o(i.sys_evt_dispatch) for sys_evt_dispatch
    main.o(i.bsp_event_handler) refers to main.o(i.sleep_mode_enter) for sleep_mode_enter
    main.o(i.bsp_event_handler) refers to app_error.o(i.app_error_handler) for app_error_handler
    main.o(i.bsp_event_handler) refers to ble_advertising.o(i.ble_advertising_restart_without_whitelist) for ble_advertising_restart_without_whitelist
    main.o(i.bsp_event_handler) refers to main.o(.data) for m_conn_handle
    main.o(i.buttons_leds_init) refers to bsp.o(i.bsp_init) for bsp_init
    main.o(i.buttons_leds_init) refers to app_error.o(i.app_error_handler) for app_error_handler
    main.o(i.buttons_leds_init) refers to bsp_btn_ble.o(i.bsp_btn_ble_init) for bsp_btn_ble_init
    main.o(i.buttons_leds_init) refers to main.o(i.bsp_event_handler) for bsp_event_handler
    main.o(i.conn_params_error_handler) refers to app_error.o(i.app_error_handler) for app_error_handler
    main.o(i.conn_params_init) refers to memseta.o(.text) for __aeabi_memclr4
    main.o(i.conn_params_init) refers to ble_conn_params.o(i.ble_conn_params_init) for ble_conn_params_init
    main.o(i.conn_params_init) refers to app_error.o(i.app_error_handler) for app_error_handler
    main.o(i.conn_params_init) refers to main.o(i.on_conn_params_evt) for on_conn_params_evt
    main.o(i.conn_params_init) refers to main.o(i.conn_params_error_handler) for conn_params_error_handler
    main.o(i.device_manager_evt_handler) refers to app_error.o(i.app_error_handler) for app_error_handler
    main.o(i.device_manager_init) refers to pstorage.o(i.pstorage_init) for pstorage_init
    main.o(i.device_manager_init) refers to app_error.o(i.app_error_handler) for app_error_handler
    main.o(i.device_manager_init) refers to device_manager_peripheral.o(i.dm_init) for dm_init
    main.o(i.device_manager_init) refers to device_manager_peripheral.o(i.dm_register) for dm_register
    main.o(i.device_manager_init) refers to main.o(i.device_manager_evt_handler) for device_manager_evt_handler
    main.o(i.device_manager_init) refers to main.o(.data) for m_app_handle
    main.o(i.gap_params_init) refers to app_error.o(i.app_error_handler) for app_error_handler
    main.o(i.main) refers to main.o(i.timers_init) for timers_init
    main.o(i.main) refers to main.o(i.buttons_leds_init) for buttons_leds_init
    main.o(i.main) refers to main.o(i.ble_stack_init) for ble_stack_init
    main.o(i.main) refers to main.o(i.device_manager_init) for device_manager_init
    main.o(i.main) refers to main.o(i.gap_params_init) for gap_params_init
    main.o(i.main) refers to main.o(i.advertising_init) for advertising_init
    main.o(i.main) refers to main.o(i.conn_params_init) for conn_params_init
[...]
    i.gatts_context_store                    0x0002001c   Section        0  device_manager_peripheral.o(i.gatts_context_store)
    gatts_context_store                      0x0002001d   Thumb Code   224  device_manager_peripheral.o(i.gatts_context_store)
    i.gattsc_context_apply                   0x0002010c   Section        0  device_manager_peripheral.o(i.gattsc_context_apply)
    gattsc_context_apply                     0x0002010d   Thumb Code    24  device_manager_peripheral.o(i.gattsc_context_apply)
    i.gattsc_context_load                    0x00020124   Section        0  device_manager_peripheral.o(i.gattsc_context_load)
    gattsc_context_load                      0x00020125   Thumb Code    28  device_manager_peripheral.o(i.gattsc_context_load)
    i.gattsc_context_store                   0x00020140   Section        0  device_manager_peripheral.o(i.gattsc_context_store)
    gattsc_context_store                     0x00020141   Thumb Code    28  device_manager_peripheral.o(i.gattsc_context_store)
    i.gpiote_event_handler                   0x0002015c   Section        0  app_button.o(i.gpiote_event_handler)
    gpiote_event_handler                     0x0002015d   Thumb Code   110  app_button.o(i.gpiote_event_handler)
    i.head_restore_state_run                 0x000201dc   Section        0  pstorage.o(i.head_restore_state_run)
    head_restore_state_run                   0x000201dd   Thumb Code    90  pstorage.o(i.head_restore_state_run)
    i.intern_softdevice_events_execute       0x00020244   Section        0  softdevice_handler.o(i.intern_softdevice_events_execute)
    i.is_conn_params_ok                      0x000202f4   Section        0  ble_conn_params.o(i.is_conn_params_ok)
    is_conn_params_ok                        0x000202f5   Thumb Code    30  ble_conn_params.o(i.is_conn_params_ok)
    i.is_page_erase_required                 0x00020318   Section        0  pstorage.o(i.is_page_erase_required)
    is_page_erase_required                   0x00020319   Thumb Code    74  pstorage.o(i.is_page_erase_required)
    i.is_tail_data_page_swap_required        0x00020370   Section        0  pstorage.o(i.is_tail_data_page_swap_required)
    is_tail_data_page_swap_required          0x00020371   Thumb Code    66  pstorage.o(i.is_tail_data_page_swap_required)
    i.is_word_aligned                        0x000203c0   Section        0  pstorage.o(i.is_word_aligned)
    is_word_aligned                          0x000203c1   Thumb Code    16  pstorage.o(i.is_word_aligned)
    i.le_role_encode                         0x000203d0   Section        0  ble_advdata.o(i.le_role_encode)
    le_role_encode                           0x000203d1   Thumb Code   106  ble_advdata.o(i.le_role_encode)
    i.leds_timer_handler                     0x0002043c   Section        0  bsp.o(i.leds_timer_handler)
    leds_timer_handler                       0x0002043d   Thumb Code    24  bsp.o(i.leds_timer_handler)
    i.list_deletions_handler                 0x0002045c   Section        0  app_timer.o(i.list_deletions_handler)
    list_deletions_handler                   0x0002045d   Thumb Code   140  app_timer.o(i.list_deletions_handler)
    i.list_insertions_handler                0x000204f4   Section        0  app_timer.o(i.list_insertions_handler)
    list_insertions_handler                  0x000204f5   Thumb Code   242  app_timer.o(i.list_insertions_handler)
    i.main                                   0x00020600   Section        0  main.o(i.main)
    i.main_state_err_busy_process            0x0002065c   Section        0  pstorage.o(i.main_state_err_busy_process)
    main_state_err_busy_process              0x0002065d   Thumb Code    24  pstorage.o(i.main_state_err_busy_process)
    i.manuf_specific_data_encode             0x0002067c   Section        0  ble_advdata.o(i.manuf_specific_data_encode)
    manuf_specific_data_encode               0x0002067d   Thumb Code   118  ble_advdata.o(i.manuf_specific_data_encode)
    i.name_encode                            0x000206f2   Section        0  ble_advdata.o(i.name_encode)
    name_encode                              0x000206f3   Thumb Code   194  ble_advdata.o(i.name_encode)
    i.no_service_context_apply               0x000207b4   Section        0  device_manager_peripheral.o(i.no_service_context_apply)
    no_service_context_apply                 0x000207b5   Thumb Code     6  device_manager_peripheral.o(i.no_service_context_apply)
    i.no_service_context_load                0x000207ba   Section        0  device_manager_peripheral.o(i.no_service_context_load)
    no_service_context_load                  0x000207bb   Thumb Code     6  device_manager_peripheral.o(i.no_service_context_load)
    i.no_service_context_store               0x000207c0   Section        0  device_manager_peripheral.o(i.no_service_context_store)
    no_service_context_store                 0x000207c1   Thumb Code     6  device_manager_peripheral.o(i.no_service_context_store)
    i.nrf_drv_common_irq_enable              0x000207c8   Section        0  nrf_drv_common.o(i.nrf_drv_common_irq_enable)
    i.nrf_drv_gpiote_in_event_enable         0x00020828   Section        0  nrf_drv_gpiote.o(i.nrf_drv_gpiote_in_event_enable)
    i.nrf_drv_gpiote_in_init                 0x000208e0   Section        0  nrf_drv_gpiote.o(i.nrf_drv_gpiote_in_init)
    i.nrf_drv_gpiote_in_is_set               0x000209b8   Section        0  nrf_drv_gpiote.o(i.nrf_drv_gpiote_in_is_set)
    i.nrf_drv_gpiote_init                    0x000209d4   Section        0  nrf_drv_gpiote.o(i.nrf_drv_gpiote_init)
    i.nrf_drv_gpiote_is_init                 0x00020a28   Section        0  nrf_drv_gpiote.o(i.nrf_drv_gpiote_is_init)
    i.nrf_gpio_cfg                           0x00020a3c   Section        0  nrf_drv_gpiote.o(i.nrf_gpio_cfg)
    nrf_gpio_cfg                             0x00020a3d   Thumb Code    30  nrf_drv_gpiote.o(i.nrf_gpio_cfg)
    i.nrf_gpio_cfg_sense_set                 0x00020a60   Section        0  nrf_drv_gpiote.o(i.nrf_gpio_cfg_sense_set)
    nrf_gpio_cfg_sense_set                   0x00020a61   Thumb Code    32  nrf_drv_gpiote.o(i.nrf_gpio_cfg_sense_set)
    i.nrf_gpiote_event_addr_get              0x00020a84   Section        0  nrf_drv_gpiote.o(i.nrf_gpiote_event_addr_get)
    nrf_gpiote_event_addr_get                0x00020a85   Thumb Code     8  nrf_drv_gpiote.o(i.nrf_gpiote_event_addr_get)
    i.nrf_gpiote_event_clear                 0x00020a90   Section        0  nrf_drv_gpiote.o(i.nrf_gpiote_event_clear)
    nrf_gpiote_event_clear                   0x00020a91   Thumb Code    28  nrf_drv_gpiote.o(i.nrf_gpiote_event_clear)
    i.nrf_gpiote_event_is_set                0x00020aac   Section        0  nrf_drv_gpiote.o(i.nrf_gpiote_event_is_set)
    nrf_gpiote_event_is_set                  0x00020aad   Thumb Code    22  nrf_drv_gpiote.o(i.nrf_gpiote_event_is_set)
    i.nrf_gpiote_int_enable                  0x00020ac4   Section        0  nrf_drv_gpiote.o(i.nrf_gpiote_int_enable)
    nrf_gpiote_int_enable                    0x00020ac5   Thumb Code     6  nrf_drv_gpiote.o(i.nrf_gpiote_int_enable)
    i.nrf_uart_errorsrc_get_and_clear        0x00020ad0   Section        0  nrf_drv_uart.o(i.nrf_uart_errorsrc_get_and_clear)
    nrf_uart_errorsrc_get_and_clear          0x00020ad1   Thumb Code    12  nrf_drv_uart.o(i.nrf_uart_errorsrc_get_and_clear)
    i.nrf_uart_event_check                   0x00020adc   Section        0  nrf_drv_uart.o(i.nrf_uart_event_check)
    nrf_uart_event_check                     0x00020add   Thumb Code    14  nrf_drv_uart.o(i.nrf_uart_event_check)
    i.nrf_uart_event_clear                   0x00020aea   Section        0  nrf_drv_uart.o(i.nrf_uart_event_clear)
    nrf_uart_event_clear                     0x00020aeb   Thumb Code     6  nrf_drv_uart.o(i.nrf_uart_event_clear)
    i.nrf_uart_int_disable                   0x00020af0   Section        0  nrf_drv_uart.o(i.nrf_uart_int_disable)
    nrf_uart_int_disable                     0x00020af1   Thumb Code     6  nrf_drv_uart.o(i.nrf_uart_int_disable)
    i.nrf_uart_int_enable_check              0x00020af6   Section        0  nrf_drv_uart.o(i.nrf_uart_int_enable_check)
    nrf_uart_int_enable_check                0x00020af7   Thumb Code    18  nrf_drv_uart.o(i.nrf_uart_int_enable_check)
    i.nrf_uart_task_trigger                  0x00020b08   Section        0  nrf_drv_uart.o(i.nrf_uart_task_trigger)
    nrf_uart_task_trigger                    0x00020b09   Thumb Code     6  nrf_drv_uart.o(i.nrf_uart_task_trigger)
    i.nrf_uarte_errorsrc_get_and_clear       0x00020b0e   Section        0  nrf_drv_uart.o(i.nrf_uarte_errorsrc_get_and_clear)
    nrf_uarte_errorsrc_get_and_clear         0x00020b0f   Thumb Code    12  nrf_drv_uart.o(i.nrf_uarte_errorsrc_get_and_clear)
    i.nrf_uarte_event_check                  0x00020b1a   Section        0  nrf_drv_uart.o(i.nrf_uarte_event_check)
    nrf_uarte_event_check                    0x00020b1b   Thumb Code    14  nrf_drv_uart.o(i.nrf_uarte_event_check)
    i.nrf_uarte_event_clear                  0x00020b28   Section        0  nrf_drv_uart.o(i.nrf_uarte_event_clear)
    nrf_uarte_event_clear                    0x00020b29   Thumb Code     6  nrf_drv_uart.o(i.nrf_uarte_event_clear)
    i.nrf_uarte_rx_amount_get                0x00020b2e   Section        0  nrf_drv_uart.o(i.nrf_uarte_rx_amount_get)
    nrf_uarte_rx_amount_get                  0x00020b2f   Thumb Code    10  nrf_drv_uart.o(i.nrf_uarte_rx_amount_get)
    i.on_adv_evt                             0x00020b38   Section        0  main.o(i.on_adv_evt)
    on_adv_evt                               0x00020b39   Thumb Code    54  main.o(i.on_adv_evt)
    i.on_ble_evt                             0x00020b80   Section        0  main.o(i.on_ble_evt)
    on_ble_evt                               0x00020b81   Thumb Code    72  main.o(i.on_ble_evt)
    i.on_conn_params_evt                     0x00020bdc   Section        0  main.o(i.on_conn_params_evt)
    on_conn_params_evt                       0x00020bdd   Thumb Code    42  main.o(i.on_conn_params_evt)
    i.on_conn_params_update                  0x00020c1c   Section        0  ble_conn_params.o(i.on_conn_params_update)
    on_conn_params_update                    0x00020c1d   Thumb Code    20  ble_conn_params.o(i.on_conn_params_update)
    i.on_connect                             0x00020c34   Section        0  ble_conn_params.o(i.on_connect)
    on_connect                               0x00020c35   Thumb Code    38  ble_conn_params.o(i.on_connect)
    i.on_disconnect                          0x00020c6c   Section        0  ble_conn_params.o(i.on_disconnect)
    on_disconnect                            0x00020c6d   Thumb Code    46  ble_conn_params.o(i.on_disconnect)
    i.on_write                               0x00020cac   Section        0  ble_conn_params.o(i.on_write)
    on_write                                 0x00020cad   Thumb Code    78  ble_conn_params.o(i.on_write)
    i.peer_address_exists                    0x00020d04   Section        0  ble_advertising.o(i.peer_address_exists)
    peer_address_exists                      0x00020d05   Thumb Code    24  ble_advertising.o(i.peer_address_exists)
    i.peer_instance_init                     0x00020d1c   Section        0  device_manager_peripheral.o(i.peer_instance_init)
    peer_instance_init                       0x00020d1d   Thumb Code    92  device_manager_peripheral.o(i.peer_instance_init)
    i.pin_in_use_by_gpiote                   0x00020d80   Section        0  nrf_drv_gpiote.o(i.pin_in_use_by_gpiote)
    pin_in_use_by_gpiote                     0x00020d81   Thumb Code    22  nrf_drv_gpiote.o(i.pin_in_use_by_gpiote)
    i.pin_in_use_by_port                     0x00020d9c   Section        0  nrf_drv_gpiote.o(i.pin_in_use_by_port)
    pin_in_use_by_port                       0x00020d9d   Thumb Code    18  nrf_drv_gpiote.o(i.pin_in_use_by_port)
    i.pin_in_use_by_te                       0x00020db4   Section        0  nrf_drv_gpiote.o(i.pin_in_use_by_te)
    pin_in_use_by_te                         0x00020db5   Thumb Code    26  nrf_drv_gpiote.o(i.pin_in_use_by_te)
    i.pin_in_use_clear                       0x00020dd4   Section        0  nrf_drv_gpiote.o(i.pin_in_use_clear)
    pin_in_use_clear                         0x00020dd5   Thumb Code     8  nrf_drv_gpiote.o(i.pin_in_use_clear)
    i.power_manage                           0x00020de0   Section        0  main.o(i.power_manage)
    power_manage                             0x00020de1   Thumb Code    32  main.o(i.power_manage)
    i.pstorage_access_status_get             0x00020e10   Section        0  pstorage.o(i.pstorage_access_status_get)
    i.pstorage_block_identifier_get          0x00020e3c   Section        0  pstorage.o(i.pstorage_block_identifier_get)
    i.pstorage_clear                         0x00020ee0   Section        0  pstorage.o(i.pstorage_clear)
    i.pstorage_flash_page_end                0x00021000   Section        0  pstorage.o(i.pstorage_flash_page_end)
    pstorage_flash_page_end                  0x00021001   Thumb Code    30  pstorage.o(i.pstorage_flash_page_end)
    i.pstorage_flash_page_size               0x0002101e   Section        0  pstorage.o(i.pstorage_flash_page_size)
    pstorage_flash_page_size                 0x0002101f   Thumb Code    10  pstorage.o(i.pstorage_flash_page_size)
    i.pstorage_init                          0x00021028   Section        0  pstorage.o(i.pstorage_init)
    i.pstorage_load                          0x000210b8   Section        0  pstorage.o(i.pstorage_load)
    i.pstorage_register                      0x000211ac   Section        0  pstorage.o(i.pstorage_register)
    i.pstorage_store                         0x000212bc   Section        0  pstorage.o(i.pstorage_store)
    i.pstorage_sys_event_handler             0x00021398   Section        0  pstorage.o(i.pstorage_sys_event_handler)
    i.pstorage_update                        0x000213e0   Section        0  pstorage.o(i.pstorage_update)
    i.rtc1_compare0_set                      0x000214bc   Section        0  app_timer.o(i.rtc1_compare0_set)
    rtc1_compare0_set                        0x000214bd   Thumb Code     6  app_timer.o(i.rtc1_compare0_set)
    i.rtc1_counter_get                       0x000214c8   Section        0  app_timer.o(i.rtc1_counter_get)
    rtc1_counter_get                         0x000214c9   Thumb Code     6  app_timer.o(i.rtc1_counter_get)
    i.rtc1_init                              0x000214d4   Section        0  app_timer.o(i.rtc1_init)
    rtc1_init                                0x000214d5   Thumb Code    18  app_timer.o(i.rtc1_init)
    i.rtc1_start                             0x000214ec   Section        0  app_timer.o(i.rtc1_start)
    rtc1_start                               0x000214ed   Thumb Code    48  app_timer.o(i.rtc1_start)
    i.rtc1_stop                              0x00021528   Section        0  app_timer.o(i.rtc1_stop)
    rtc1_stop                                0x00021529   Thumb Code    68  app_timer.o(i.rtc1_stop)
    i.rx_byte                                0x00021580   Section        0  nrf_drv_uart.o(i.rx_byte)
    rx_byte                                  0x00021581   Thumb Code    68  nrf_drv_uart.o(i.rx_byte)
    i.rx_done_event                          0x000215d0   Section        0  nrf_drv_uart.o(i.rx_done_event)
    rx_done_event                            0x000215d1   Thumb Code    30  nrf_drv_uart.o(i.rx_done_event)
    i.sd_check_ram_start                     0x000215f4   Section        0  softdevice_handler.o(i.sd_check_ram_start)
    i.sd_nvic_EnableIRQ                      0x00021610   Section        0  softdevice_handler.o(i.sd_nvic_EnableIRQ)
    sd_nvic_EnableIRQ                        0x00021611   Thumb Code   190  softdevice_handler.o(i.sd_nvic_EnableIRQ)
    i.sec_mgr_oob_flags_encode               0x000216e0   Section        0  ble_advdata.o(i.sec_mgr_oob_flags_encode)
    sec_mgr_oob_flags_encode                 0x000216e1   Thumb Code    54  ble_advdata.o(i.sec_mgr_oob_flags_encode)
    i.service_data_encode                    0x00021716   Section        0  ble_advdata.o(i.service_data_encode)
    service_data_encode                      0x00021717   Thumb Code   150  ble_advdata.o(i.service_data_encode)
    i.sleep_mode_enter                       0x000217ac   Section        0  main.o(i.sleep_mode_enter)
    sleep_mode_enter                         0x000217ad   Thumb Code    88  main.o(i.sleep_mode_enter)
    i.sm_state_change                        0x00021814   Section        0  pstorage.o(i.sm_state_change)
    sm_state_change                          0x00021815   Thumb Code    14  pstorage.o(i.sm_state_change)
    i.softdevice_ble_evt_handler_set         0x00021828   Section        0  softdevice_handler.o(i.softdevice_ble_evt_handler_set)
    i.softdevice_enable                      0x00021840   Section        0  softdevice_handler.o(i.softdevice_enable)
    i.softdevice_enable_get_default_config   0x0002185c   Section        0  softdevice_handler.o(i.softdevice_enable_get_default_config)
    i.softdevice_fault_handler               0x00021888   Section        0  softdevice_handler.o(i.softdevice_fault_handler)
    i.softdevice_handler_init                0x0002189c   Section        0  softdevice_handler.o(i.softdevice_handler_init)
    i.softdevice_sys_evt_handler_set         0x00021900   Section        0  softdevice_handler.o(i.softdevice_sys_evt_handler_set)
    i.srdata_check                           0x00021918   Section        0  ble_advdata.o(i.srdata_check)
    srdata_check                             0x00021919   Thumb Code    14  ble_advdata.o(i.srdata_check)
    i.startup_event_extract                  0x00021926   Section        0  bsp_btn_ble.o(i.startup_event_extract)
    startup_event_extract                    0x00021927   Thumb Code    76  bsp_btn_ble.o(i.startup_event_extract)
    i.state_data_erase_entry_run             0x00021974   Section        0  pstorage.o(i.state_data_erase_entry_run)
    state_data_erase_entry_run               0x00021975   Thumb Code    12  pstorage.o(i.state_data_erase_entry_run)
    i.state_data_erase_swap_entry_run        0x00021984   Section        0  pstorage.o(i.state_data_erase_swap_entry_run)
    state_data_erase_swap_entry_run          0x00021985   Thumb Code   124  pstorage.o(i.state_data_erase_swap_entry_run)
    i.state_entry_action_run                 0x00021a10   Section        0  pstorage.o(i.state_entry_action_run)
    state_entry_action_run                   0x00021a11   Thumb Code    52  pstorage.o(i.state_entry_action_run)
    i.state_erase_data_page_entry_run        0x00021a48   Section        0  pstorage.o(i.state_erase_data_page_entry_run)
    state_erase_data_page_entry_run          0x00021a49   Thumb Code    12  pstorage.o(i.state_erase_data_page_entry_run)
    i.state_idle_entry_run                   0x00021a58   Section        0  pstorage.o(i.state_idle_entry_run)
    state_idle_entry_run                     0x00021a59   Thumb Code    18  pstorage.o(i.state_idle_entry_run)
    i.state_restore_head_entry_run           0x00021a74   Section        0  pstorage.o(i.state_restore_head_entry_run)
    state_restore_head_entry_run             0x00021a75   Thumb Code    44  pstorage.o(i.state_restore_head_entry_run)
    i.state_restore_tail_entry_run           0x00021aa8   Section        0  pstorage.o(i.state_restore_tail_entry_run)
    state_restore_tail_entry_run             0x00021aa9   Thumb Code    80  pstorage.o(i.state_restore_tail_entry_run)
    i.state_store_entry_run                  0x00021b00   Section        0  pstorage.o(i.state_store_entry_run)
    state_store_entry_run                    0x00021b01   Thumb Code     8  pstorage.o(i.state_store_entry_run)
    i.state_swap_erase_entry_run             0x00021b08   Section        0  pstorage.o(i.state_swap_erase_entry_run)
    state_swap_erase_entry_run               0x00021b09   Thumb Code    30  pstorage.o(i.state_swap_erase_entry_run)
    i.state_write_data_swap_entry_run        0x00021b28   Section        0  pstorage.o(i.state_write_data_swap_entry_run)
    state_write_data_swap_entry_run          0x00021b29   Thumb Code    50  pstorage.o(i.state_write_data_swap_entry_run)
    i.storage_operation_dummy_handler        0x00021b60   Section        0  device_manager_peripheral.o(i.storage_operation_dummy_handler)
    storage_operation_dummy_handler          0x00021b61   Thumb Code     8  device_manager_peripheral.o(i.storage_operation_dummy_handler)
    i.store_cmd_flash_write_execute          0x00021b68   Section        0  pstorage.o(i.store_cmd_flash_write_execute)
    store_cmd_flash_write_execute            0x00021b69   Thumb Code    94  pstorage.o(i.store_cmd_flash_write_execute)
    i.store_operation_execute                0x00021bd0   Section        0  pstorage.o(i.store_operation_execute)
    store_operation_execute                  0x00021bd1   Thumb Code    10  pstorage.o(i.store_operation_execute)
    i.store_sub_state_sm_run                 0x00021bdc   Section        0  pstorage.o(i.store_sub_state_sm_run)
    store_sub_state_sm_run                   0x00021bdd   Thumb Code    60  pstorage.o(i.store_sub_state_sm_run)
    i.swap_erase_state_run                   0x00021c24   Section        0  pstorage.o(i.swap_erase_state_run)
    swap_erase_state_run                     0x00021c25   Thumb Code    26  pstorage.o(i.swap_erase_state_run)
    i.swap_sub_sm_exit_action_run            0x00021c44   Section        0  pstorage.o(i.swap_sub_sm_exit_action_run)
    swap_sub_sm_exit_action_run              0x00021c45   Thumb Code     8  pstorage.o(i.swap_sub_sm_exit_action_run)
    i.swap_sub_state_entry_action_run        0x00021c4c   Section        0  pstorage.o(i.swap_sub_state_entry_action_run)
    swap_sub_state_entry_action_run          0x00021c4d   Thumb Code    16  pstorage.o(i.swap_sub_state_entry_action_run)
    i.swap_sub_state_err_busy_process        0x00021c64   Section        0  pstorage.o(i.swap_sub_state_err_busy_process)
    swap_sub_state_err_busy_process          0x00021c65   Thumb Code    24  pstorage.o(i.swap_sub_state_err_busy_process)
    i.swap_sub_state_sm_run                  0x00021c84   Section        0  pstorage.o(i.swap_sub_state_sm_run)
    swap_sub_state_sm_run                    0x00021c85   Thumb Code    16  pstorage.o(i.swap_sub_state_sm_run)
    i.swap_sub_state_state_change            0x00021c9c   Section        0  pstorage.o(i.swap_sub_state_state_change)
    swap_sub_state_state_change              0x00021c9d   Thumb Code    14  pstorage.o(i.swap_sub_state_state_change)
    i.sys_evt_dispatch                       0x00021cb0   Section        0  main.o(i.sys_evt_dispatch)
    sys_evt_dispatch                         0x00021cb1   Thumb Code    18  main.o(i.sys_evt_dispatch)
    i.tail_restore_state_run                 0x00021cc4   Section        0  pstorage.o(i.tail_restore_state_run)
    tail_restore_state_run                   0x00021cc5   Thumb Code    24  pstorage.o(i.tail_restore_state_run)
    i.tail_word_size_calculate               0x00021ce0   Section        0  pstorage.o(i.tail_word_size_calculate)
    tail_word_size_calculate                 0x00021ce1   Thumb Code    70  pstorage.o(i.tail_word_size_calculate)
    i.ticks_diff_get                         0x00021d2c   Section        0  app_timer.o(i.ticks_diff_get)
    ticks_diff_get                           0x00021d2d   Thumb Code    10  app_timer.o(i.ticks_diff_get)
    i.timeout_handler_exec                   0x00021d38   Section        0  app_timer.o(i.timeout_handler_exec)
    timeout_handler_exec                     0x00021d39   Thumb Code    56  app_timer.o(i.timeout_handler_exec)
    i.timer_list_handler                     0x00021db0   Section        0  app_timer.o(i.timer_list_handler)
    timer_list_handler                       0x00021db1   Thumb Code    72  app_timer.o(i.timer_list_handler)
    i.timer_list_handler_sched               0x00021e04   Section        0  app_timer.o(i.timer_list_handler_sched)
    timer_list_handler_sched                 0x00021e05   Thumb Code    10  app_timer.o(i.timer_list_handler_sched)
    i.timer_list_insert                      0x00021e10   Section        0  app_timer.o(i.timer_list_insert)
    timer_list_insert                        0x00021e11   Thumb Code    98  app_timer.o(i.timer_list_insert)
    i.timer_list_remove                      0x00021e78   Section        0  app_timer.o(i.timer_list_remove)
    timer_list_remove                        0x00021e79   Thumb Code    90  app_timer.o(i.timer_list_remove)
    i.timer_start_op_schedule                0x00021ee4   Section        0  app_timer.o(i.timer_start_op_schedule)
    timer_start_op_schedule                  0x00021ee5   Thumb Code    86  app_timer.o(i.timer_start_op_schedule)
    i.timer_stop_op_schedule                 0x00021f40   Section        0  app_timer.o(i.timer_stop_op_schedule)
    timer_stop_op_schedule                   0x00021f41   Thumb Code    58  app_timer.o(i.timer_stop_op_schedule)
    i.timer_timeouts_check                   0x00021f80   Section        0  app_timer.o(i.timer_timeouts_check)
    timer_timeouts_check                     0x00021f81   Thumb Code   130  app_timer.o(i.timer_timeouts_check)
    i.timer_timeouts_check_sched             0x00022018   Section        0  app_timer.o(i.timer_timeouts_check_sched)
    timer_timeouts_check_sched               0x00022019   Thumb Code    10  app_timer.o(i.timer_timeouts_check_sched)
    i.timers_init                            0x00022024   Section        0  main.o(i.timers_init)
    timers_init                              0x00022025   Thumb Code    44  main.o(i.timers_init)
    i.tk_value_encode                        0x00022064   Section        0  ble_advdata.o(i.tk_value_encode)
    tk_value_encode                          0x00022065   Thumb Code    70  ble_advdata.o(i.tk_value_encode)
    i.tx_byte                                0x000220ac   Section        0  nrf_drv_uart.o(i.tx_byte)
    tx_byte                                  0x000220ad   Thumb Code    42  nrf_drv_uart.o(i.tx_byte)
    i.tx_done_event                          0x000220e4   Section        0  nrf_drv_uart.o(i.tx_done_event)
    tx_done_event                            0x000220e5   Thumb Code    38  nrf_drv_uart.o(i.tx_done_event)
    i.tx_power_level_encode                  0x00022110   Section        0  ble_advdata.o(i.tx_power_level_encode)
    tx_power_level_encode                    0x00022111   Thumb Code    54  ble_advdata.o(i.tx_power_level_encode)
    i.uart_irq_handler                       0x00022148   Section        0  nrf_drv_uart.o(i.uart_irq_handler)
    uart_irq_handler                         0x00022149   Thumb Code   342  nrf_drv_uart.o(i.uart_irq_handler)
    i.uarte_irq_handler                      0x000222a8   Section        0  nrf_drv_uart.o(i.uarte_irq_handler)
    uarte_irq_handler                        0x000222a9   Thumb Code   286  nrf_drv_uart.o(i.uarte_irq_handler)
    i.uint16_encode                          0x000223d4   Section        0  ble_advdata.o(i.uint16_encode)
    uint16_encode                            0x000223d5   Thumb Code    12  ble_advdata.o(i.uint16_encode)
    i.update_operation_execute               0x000223e0   Section        0  pstorage.o(i.update_operation_execute)
    update_operation_execute                 0x000223e1   Thumb Code     8  pstorage.o(i.update_operation_execute)
    i.update_status_bit_reset                0x000223e8   Section        0  device_manager_peripheral.o(i.update_status_bit_reset)
    update_status_bit_reset                  0x000223e9   Thumb Code    16  device_manager_peripheral.o(i.update_status_bit_reset)
    i.update_timeout_handler                 0x000223fc   Section        0  ble_conn_params.o(i.update_timeout_handler)
    update_timeout_handler                   0x000223fd   Thumb Code   126  ble_conn_params.o(i.update_timeout_handler)
    i.user_id_get                            0x0002248c   Section        0  app_timer.o(i.user_id_get)
    user_id_get                              0x0002248d   Thumb Code    78  app_timer.o(i.user_id_get)
    i.user_op_alloc                          0x000224e4   Section        0  app_timer.o(i.user_op_alloc)
    user_op_alloc                            0x000224e5   Thumb Code    48  app_timer.o(i.user_op_alloc)
    i.user_op_enque                          0x00022514   Section        0  app_timer.o(i.user_op_enque)
    user_op_enque                            0x00022515   Thumb Code     4  app_timer.o(i.user_op_enque)
    i.uuid_list_encode                       0x00022518   Section        0  ble_advdata.o(i.uuid_list_encode)
    uuid_list_encode                         0x00022519   Thumb Code    78  ble_advdata.o(i.uuid_list_encode)
    i.uuid_list_sized_encode                 0x00022566   Section        0  ble_advdata.o(i.uuid_list_sized_encode)
    uuid_list_sized_encode                   0x00022567   Thumb Code   220  ble_advdata.o(i.uuid_list_sized_encode)
    i.whitelist_has_entries                  0x00022642   Section        0  ble_advertising.o(i.whitelist_has_entries)
    whitelist_has_entries                    0x00022643   Thumb Code    18  ble_advertising.o(i.whitelist_has_entries)
    .constdata                               0x00022654   Section        4  main.o(.constdata)
    .constdata                               0x00022658   Section       60  bsp.o(.constdata)
    m_leds_timer_id                          0x00022658   Data           4  bsp.o(.constdata)
    m_alert_timer_id                         0x0002265c   Data           4  bsp.o(.constdata)
    m_button_timer_id                        0x00022660   Data           4  bsp.o(.constdata)
    m_buttons_list                           0x00022664   Data          16  bsp.o(.constdata)
    app_buttons                              0x00022674   Data          32  bsp.o(.constdata)
    .constdata                               0x00022694   Section        4  ble_conn_params.o(.constdata)
    m_conn_params_timer_id                   0x00022694   Data           4  ble_conn_params.o(.constdata)
    .constdata                               0x00022698   Section       52  device_manager_peripheral.o(.constdata)
    .constdata                               0x000226cc   Section       40  pstorage.o(.constdata)
    swap_sub_state_sm_lut                    0x000226cc   Data          20  pstorage.o(.constdata)
    swap_sub_state_sm_lut                    0x000226e0   Data          20  pstorage.o(.constdata)
    .constdata                               0x000226f4   Section        8  app_button.o(.constdata)
    m_detection_delay_timer_id               0x000226f4   Data           4  app_button.o(.constdata)
    .conststring                             0x000226fc   Section       76  device_manager_peripheral.o(.conststring)
    .conststring                             0x00022748   Section       87  softdevice_handler.o(.conststring)
    .data                                    0x20002080   Section        4  main.o(.data)
    m_app_handle                             0x20002080   Data           1  main.o(.data)
    m_conn_handle                            0x20002082   Data           2  main.o(.data)
    .data                                    0x20002084   Section       25  bsp.o(.data)
    m_stable_state                           0x20002084   Data           1  bsp.o(.data)
    m_app_ticks_per_100ms                    0x20002088   Data           4  bsp.o(.data)
    m_indication_type                        0x2000208c   Data           4  bsp.o(.data)
    m_alert_mask                             0x20002090   Data           4  bsp.o(.data)
    m_registered_callback                    0x20002094   Data           4  bsp.o(.data)
    current_long_push_pin_no                 0x20002098   Data           1  bsp.o(.data)
    release_event_at_push                    0x20002099   Data           4  bsp.o(.data)
    .data                                    0x200020a0   Section        8  bsp_btn_ble.o(.data)
    m_error_handler                          0x200020a0   Data           4  bsp_btn_ble.o(.data)
    m_num_connections                        0x200020a4   Data           4  bsp_btn_ble.o(.data)
    .data                                    0x200020a8   Section       32  ble_advertising.o(.data)
    m_advertising_start_pending              0x200020a8   Data           1  ble_advertising.o(.data)
    m_peer_address                           0x200020a9   Data           7  ble_advertising.o(.data)
    m_adv_evt                                0x200020b0   Data           1  ble_advertising.o(.data)
    m_evt_handler                            0x200020b4   Data           4  ble_advertising.o(.data)
    m_error_handler                          0x200020b8   Data           4  ble_advertising.o(.data)
    m_adv_mode_current                       0x200020bc   Data           1  ble_advertising.o(.data)
    m_whitelist_temporarily_disabled         0x200020bd   Data           1  ble_advertising.o(.data)
    m_whitelist_reply_expected               0x200020be   Data           1  ble_advertising.o(.data)
    m_peer_addr_reply_expected               0x200020bf   Data           1  ble_advertising.o(.data)
    m_slave_conn_int                         0x200020c0   Data           4  ble_advertising.o(.data)
    m_tx_power_level                         0x200020c4   Data           1  ble_advertising.o(.data)
    current_slave_link_conn_handle           0x200020c6   Data           2  ble_advertising.o(.data)
    .data                                    0x200020c8   Section       21  ble_conn_params.o(.data)
    m_preferred_conn_params                  0x200020c8   Data           8  ble_conn_params.o(.data)
    m_update_count                           0x200020d0   Data           1  ble_conn_params.o(.data)
    m_conn_handle                            0x200020d2   Data           2  ble_conn_params.o(.data)
    m_current_conn_params                    0x200020d4   Data           8  ble_conn_params.o(.data)
    m_change_param                           0x200020dc   Data           1  ble_conn_params.o(.data)
    .data                                    0x200020e0   Section       20  device_manager_peripheral.o(.data)
    m_storage_handle                         0x200020e0   Data           8  device_manager_peripheral.o(.data)
    m_peer_addr_update                       0x200020e8   Data           4  device_manager_peripheral.o(.data)
    m_module_initialized                     0x200020ec   Data           1  device_manager_peripheral.o(.data)
    m_irk_index_table                        0x200020ed   Data           7  device_manager_peripheral.o(.data)
    .data                                    0x200020f4   Section       40  pstorage.o(.data)
    m_next_app_instance                      0x200020f4   Data           2  pstorage.o(.data)
    m_next_page_addr                         0x200020f8   Data           4  pstorage.o(.data)
    m_state                                  0x200020fc   Data           1  pstorage.o(.data)
    m_swap_sub_state                         0x200020fd   Data           1  pstorage.o(.data)
    m_head_word_size                         0x20002100   Data           4  pstorage.o(.data)
    m_tail_word_size                         0x20002104   Data           4  pstorage.o(.data)
    m_current_page_id                        0x20002108   Data           4  pstorage.o(.data)
    m_num_of_command_retries                 0x2000210c   Data           4  pstorage.o(.data)
    m_num_of_bytes_written                   0x20002110   Data           4  pstorage.o(.data)
    m_app_data_size                          0x20002114   Data           4  pstorage.o(.data)
    m_flags                                  0x20002118   Data           4  pstorage.o(.data)
    .data                                    0x2000211c   Section       20  app_button.o(.data)
    mp_buttons                               0x2000211c   Data           4  app_button.o(.data)
    m_button_count                           0x20002120   Data           1  app_button.o(.data)
    m_detection_delay                        0x20002124   Data           4  app_button.o(.data)
    m_pin_state                              0x20002128   Data           4  app_button.o(.data)
    m_pin_transition                         0x2000212c   Data           4  app_button.o(.data)
    .data                                    0x20002130   Section       34  app_timer.o(.data)
    m_user_array_size                        0x20002130   Data           1  app_timer.o(.data)
    mp_users                                 0x20002134   Data           4  app_timer.o(.data)
    mp_timer_id_head                         0x20002138   Data           4  app_timer.o(.data)
    m_ticks_latest                           0x2000213c   Data           4  app_timer.o(.data)
    m_ticks_elapsed                          0x20002140   Data           8  app_timer.o(.data)
    m_ticks_elapsed_q_read_ind               0x20002148   Data           1  app_timer.o(.data)
    m_ticks_elapsed_q_write_ind              0x20002149   Data           1  app_timer.o(.data)
    m_evt_schedule_func                      0x2000214c   Data           4  app_timer.o(.data)
    m_rtc1_running                           0x20002150   Data           1  app_timer.o(.data)
    m_rtc1_reset                             0x20002151   Data           1  app_timer.o(.data)
    .data                                    0x20002154   Section       24  softdevice_handler.o(.data)
    m_evt_schedule_func                      0x20002154   Data           4  softdevice_handler.o(.data)
    m_softdevice_enabled                     0x20002158   Data           1  softdevice_handler.o(.data)
    mp_ble_evt_buffer                        0x2000215c   Data           4  softdevice_handler.o(.data)
    m_ble_evt_buffer_size                    0x20002160   Data           2  softdevice_handler.o(.data)
    m_ble_evt_handler                        0x20002164   Data           4  softdevice_handler.o(.data)
    m_sys_evt_handler                        0x20002168   Data           4  softdevice_handler.o(.data)
    .data                                    0x2000216c   Section        4  system_nrf52.o(.data)
    __tagsym$$used                           0x2000216c   Number         0  system_nrf52.o(.data)
    .bss                                     0x20002170   Section      528  main.o(.bss)
    APP_TIMER_BUF                            0x20002170   Data         456  main.o(.bss)
    BLE_EVT_BUFFER                           0x20002338   Data          72  main.o(.bss)
    .bss                                     0x20002380   Section      108  bsp.o(.bss)
    m_leds_timer_id_data                     0x20002380   Data          32  bsp.o(.bss)
    m_alert_timer_id_data                    0x200023a0   Data          32  bsp.o(.bss)
    m_events_list                            0x200023c0   Data          12  bsp.o(.bss)
    m_button_timer_id_data                   0x200023cc   Data          32  bsp.o(.bss)
    .bss                                     0x200023ec   Section      259  ble_advertising.o(.bss)
    m_advdata                                0x200023ec   Data          56  ble_advertising.o(.bss)
    m_adv_modes_config                       0x20002424   Data          36  ble_advertising.o(.bss)
    m_whitelist                              0x20002448   Data          16  ble_advertising.o(.bss)
    mp_whitelist_addr                        0x20002458   Data          32  ble_advertising.o(.bss)
    mp_whitelist_irk                         0x20002478   Data          32  ble_advertising.o(.bss)
    m_manuf_specific_data                    0x20002498   Data          12  ble_advertising.o(.bss)
    m_manuf_data_array                       0x200024a4   Data          31  ble_advertising.o(.bss)
    m_service_data                           0x200024c4   Data          12  ble_advertising.o(.bss)
    m_service_data_array                     0x200024d0   Data          31  ble_advertising.o(.bss)
    .bss                                     0x200024f0   Section       60  ble_conn_params.o(.bss)
    m_conn_params_config                     0x200024f0   Data          28  ble_conn_params.o(.bss)
    m_conn_params_timer_id_data              0x2000250c   Data          32  ble_conn_params.o(.bss)
    .bss                                     0x2000252c   Section      335  device_manager_peripheral.o(.bss)
    m_app_context_table                      0x2000252c   Data          28  device_manager_peripheral.o(.bss)
    m_peer_table                             0x20002548   Data         196  device_manager_peripheral.o(.bss)
    m_bond_table                             0x2000260c   Data          28  device_manager_peripheral.o(.bss)
    m_gatts_table                            0x20002628   Data          36  device_manager_peripheral.o(.bss)
    m_connection_table                       0x2000264c   Data          12  device_manager_peripheral.o(.bss)
    m_application_table                      0x20002658   Data          12  device_manager_peripheral.o(.bss)
    m_local_id_info                          0x20002664   Data          23  device_manager_peripheral.o(.bss)
    .bss                                     0x2000267c   Section       88  nrf_drv_gpiote.o(.bss)
    m_cb                                     0x2000267c   Data          88  nrf_drv_gpiote.o(.bss)
    .bss                                     0x200026d4   Section       32  nrf_drv_uart.o(.bss)
    m_cb                                     0x200026d4   Data          32  nrf_drv_uart.o(.bss)
    .bss                                     0x200026f4   Section      228  pstorage.o(.bss)
    m_cmd_queue                              0x200026f4   Data         204  pstorage.o(.bss)
    m_app_table                              0x200027c0   Data          24  pstorage.o(.bss)
    .bss                                     0x200027d8   Section       32  app_button.o(.bss)
    m_detection_delay_timer_id_data          0x200027d8   Data          32  app_button.o(.bss)
    .bss                                     0x200027f8   Section       32  app_error.o(.bss)
    m_error_data                             0x200027f8   Data          32  app_error.o(.bss)
    .bss                                     0x20002818   Section       88  fstorage.o(.bss)
    m_queue                                  0x20002818   Data          88  fstorage.o(.bss)
    .bss                                     0x20002870   Section       12  softdevice_handler.o(.bss)
    STACK                                    0x20002880   Section     8192  arm_startup_nrf52.o(STACK)

    Global Symbols

    Symbol Name                              Value     Ov Type        Size  Object(Section)

    BuildAttributes$$THM_ISAv4$E$P$D$K$B$S$7EM$VFPi3$EXTD16$VFPS$VFMA$PE$A:L22UL41UL21$X:L11$S22US41US21$IEEE1$IW$USESV6$~STKCKD$USESV7$~SHL$OSPACE$ROPI$EBA8$MICROLIB$REQ8$PRES8$EABIv2 0x00000000   Number         0  anon$$obj.o ABSOLUTE
    __ARM_use_no_argv                        0x00000000   Number         0  main.o ABSOLUTE
    __cpp_initialize__aeabi_                  - Undefined Weak Reference
    __cxa_finalize                            - Undefined Weak Reference
    __decompress                              - Undefined Weak Reference
    _clock_init                               - Undefined Weak Reference
    _microlib_exit                            - Undefined Weak Reference
    fs_data$$Base                             - Undefined Reference
    fs_data$$Limit                            - Undefined Reference
    __Vectors_Size                           0x00000400   Number         0  arm_startup_nrf52.o ABSOLUTE
    __Vectors                                0x0001c000   Data           4  arm_startup_nrf52.o(RESET)
    __Vectors_End                            0x0001c400   Data           0  arm_startup_nrf52.o(RESET)
    __main                                   0x0001c401   Thumb Code     0  entry.o(.ARM.Collect$$$$00000000)
    _main_stk                                0x0001c401   Thumb Code     0  entry2.o(.ARM.Collect$$$$00000001)
    _main_scatterload                        0x0001c405   Thumb Code     0  entry5.o(.ARM.Collect$$$$00000004)
    __main_after_scatterload                 0x0001c409   Thumb Code     0  entry5.o(.ARM.Collect$$$$00000004)
    _main_clock                              0x0001c409   Thumb Code     0  entry7b.o(.ARM.Collect$$$$00000008)
    _main_cpp_init                           0x0001c409   Thumb Code     0  entry8b.o(.ARM.Collect$$$$0000000A)
    _main_init                               0x0001c409   Thumb Code     0  entry9a.o(.ARM.Collect$$$$0000000B)
    __rt_final_cpp                           0x0001c411   Thumb Code     0  entry10a.o(.ARM.Collect$$$$0000000D)
    __rt_final_exit                          0x0001c411   Thumb Code     0  entry11a.o(.ARM.Collect$$$$0000000F)
    __asm___11_app_timer_c_cd27f9c3__nrf_delay_us 0x0001c415   Thumb Code   118  app_timer.o(.emb_text)
    Reset_Handler                            0x0001c48d   Thumb Code     8  arm_startup_nrf52.o(.text)
    NMI_Handler                              0x0001c495   Thumb Code     2  arm_startup_nrf52.o(.text)
    HardFault_Handler                        0x0001c497   Thumb Code     2  arm_startup_nrf52.o(.text)
    MemoryManagement_Handler                 0x0001c499   Thumb Code     2  arm_startup_nrf52.o(.text)
    BusFault_Handler                         0x0001c49b   Thumb Code     2  arm_startup_nrf52.o(.text)
    UsageFault_Handler                       0x0001c49d   Thumb Code     2  arm_startup_nrf52.o(.text)
    SVC_Handler                              0x0001c49f   Thumb Code     2  arm_startup_nrf52.o(.text)
    DebugMonitor_Handler                     0x0001c4a1   Thumb Code     2  arm_startup_nrf52.o(.text)
    PendSV_Handler                           0x0001c4a3   Thumb Code     2  arm_startup_nrf52.o(.text)
    SysTick_Handler                          0x0001c4a5   Thumb Code     2  arm_startup_nrf52.o(.text)
    CCM_AAR_IRQHandler                       0x0001c4a7   Thumb Code     0  arm_startup_nrf52.o(.text)
    COMP_LPCOMP_IRQHandler                   0x0001c4a7   Thumb Code     0  arm_startup_nrf52.o(.text)
    ECB_IRQHandler                           0x0001c4a7   Thumb Code     0  arm_startup_nrf52.o(.text)
    FPU_IRQHandler                           0x0001c4a7   Thumb Code     0  arm_startup_nrf52.o(.text)
    I2S_IRQHandler                           0x0001c4a7   Thumb Code     0  arm_startup_nrf52.o(.text)
    MWU_IRQHandler                           0x0001c4a7   Thumb Code     0  arm_startup_nrf52.o(.text)
    NFCT_IRQHandler                          0x0001c4a7   Thumb Code     0  arm_startup_nrf52.o(.text)
    PDM_IRQHandler                           0x0001c4a7   Thumb Code     0  arm_startup_nrf52.o(.text)
    POWER_CLOCK_IRQHandler                   0x0001c4a7   Thumb Code     0  arm_startup_nrf52.o(.text)
    PWM0_IRQHandler                          0x0001c4a7   Thumb Code     0  arm_startup_nrf52.o(.text)
    PWM1_IRQHandler                          0x0001c4a7   Thumb Code     0  arm_startup_nrf52.o(.text)
    PWM2_IRQHandler                          0x0001c4a7   Thumb Code     0  arm_startup_nrf52.o(.text)
    QDEC_IRQHandler                          0x0001c4a7   Thumb Code     0  arm_startup_nrf52.o(.text)
    RADIO_IRQHandler                         0x0001c4a7   Thumb Code     0  arm_startup_nrf52.o(.text)
    RNG_IRQHandler                           0x0001c4a7   Thumb Code     0  arm_startup_nrf52.o(.text)
    RTC0_IRQHandler                          0x0001c4a7   Thumb Code     0  arm_startup_nrf52.o(.text)
    RTC2_IRQHandler                          0x0001c4a7   Thumb Code     0  arm_startup_nrf52.o(.text)
    SAADC_IRQHandler                         0x0001c4a7   Thumb Code     0  arm_startup_nrf52.o(.text)
    SPIM0_SPIS0_TWIM0_TWIS0_SPI0_TWI0_IRQHandler 0x0001c4a7   Thumb Code     0  arm_startup_nrf52.o(.text)
    SPIM1_SPIS1_TWIM1_TWIS1_SPI1_TWI1_IRQHandler 0x0001c4a7   Thumb Code     0  arm_startup_nrf52.o(.text)
    SPIM2_SPIS2_SPI2_IRQHandler              0x0001c4a7   Thumb Code     0  arm_startup_nrf52.o(.text)
    SWI1_EGU1_IRQHandler                     0x0001c4a7   Thumb Code     0  arm_startup_nrf52.o(.text)
    SWI3_EGU3_IRQHandler                     0x0001c4a7   Thumb Code     0  arm_startup_nrf52.o(.text)
    SWI4_EGU4_IRQHandler                     0x0001c4a7   Thumb Code     0  arm_startup_nrf52.o(.text)
    SWI5_EGU5_IRQHandler                     0x0001c4a7   Thumb Code     0  arm_startup_nrf52.o(.text)
    TEMP_IRQHandler                          0x0001c4a7   Thumb Code     0  arm_startup_nrf52.o(.text)
    TIMER0_IRQHandler                        0x0001c4a7   Thumb Code     0  arm_startup_nrf52.o(.text)
    TIMER1_IRQHandler                        0x0001c4a7   Thumb Code     0  arm_startup_nrf52.o(.text)
    TIMER2_IRQHandler                        0x0001c4a7   Thumb Code     0  arm_startup_nrf52.o(.text)
    TIMER3_IRQHandler                        0x0001c4a7   Thumb Code     0  arm_startup_nrf52.o(.text)
    TIMER4_IRQHandler                        0x0001c4a7   Thumb Code     0  arm_startup_nrf52.o(.text)
    WDT_IRQHandler                           0x0001c4a7   Thumb Code     0  arm_startup_nrf52.o(.text)
    __aeabi_memcpy                           0x0001c4b1   Thumb Code    36  memcpya.o(.text)
    __aeabi_memcpy4                          0x0001c4b1   Thumb Code     0  memcpya.o(.text)
    __aeabi_memcpy8                          0x0001c4b1   Thumb Code     0  memcpya.o(.text)
    __aeabi_memset                           0x0001c4d5   Thumb Code    14  memseta.o(.text)
    __aeabi_memset4                          0x0001c4d5   Thumb Code     0  memseta.o(.text)
    __aeabi_memset8                          0x0001c4d5   Thumb Code     0  memseta.o(.text)
    __aeabi_memclr                           0x0001c4e3   Thumb Code     4  memseta.o(.text)
    __aeabi_memclr4                          0x0001c4e3   Thumb Code     0  memseta.o(.text)
    __aeabi_memclr8                          0x0001c4e3   Thumb Code     0  memseta.o(.text)
    _memset$wrapper                          0x0001c4e7   Thumb Code    18  memseta.o(.text)
    memcmp                                   0x0001c4f9   Thumb Code    26  memcmp.o(.text)
    __scatterload                            0x0001c515   Thumb Code    28  init.o(.text)
    __scatterload_rt2                        0x0001c515   Thumb Code     0  init.o(.text)
    GPIOTE_IRQHandler                        0x0001c539   Thumb Code   420  nrf_drv_gpiote.o(i.GPIOTE_IRQHandler)
    RTC1_IRQHandler                          0x0001c761   Thumb Code    44  app_timer.o(i.RTC1_IRQHandler)
    SWI0_EGU0_IRQHandler                     0x0001c795   Thumb Code     8  app_timer.o(i.SWI0_EGU0_IRQHandler)
    SWI2_EGU2_IRQHandler                     0x0001c79d   Thumb Code    48  softdevice_handler.o(i.SWI2_EGU2_IRQHandler)
    SystemCoreClockUpdate                    0x0001c7d5   Thumb Code     8  system_nrf52.o(i.SystemCoreClockUpdate)
    SystemInit                               0x0001c7e5   Thumb Code   512  system_nrf52.o(i.SystemInit)
    UARTE0_UART0_IRQHandler                  0x0001ca19   Thumb Code    20  nrf_drv_uart.o(i.UARTE0_UART0_IRQHandler)
    __scatterload_copy                       0x0001ca31   Thumb Code    14  handlers.o(i.__scatterload_copy)
    __scatterload_null                       0x0001ca3f   Thumb Code     2  handlers.o(i.__scatterload_null)
    __scatterload_zeroinit                   0x0001ca41   Thumb Code    14  handlers.o(i.__scatterload_zeroinit)
    adv_data_encode                          0x0001ca4f   Thumb Code   454  ble_advdata.o(i.adv_data_encode)
    app_button_enable                        0x0001cd15   Thumb Code    34  app_button.o(i.app_button_enable)
    app_button_init                          0x0001cd41   Thumb Code   132  app_button.o(i.app_button_init)
    app_error_fault_handler                  0x0001cde9   Thumb Code    26  app_error_weak.o(i.app_error_fault_handler)
    app_error_handler                        0x0001ce03   Thumb Code    32  app_error.o(i.app_error_handler)
    app_error_save_and_stop                  0x0001ce25   Thumb Code   132  app_error.o(i.app_error_save_and_stop)
    app_timer_create                         0x0001cf25   Thumb Code    56  app_timer.o(i.app_timer_create)
    app_timer_init                           0x0001cf61   Thumb Code   154  app_timer.o(i.app_timer_init)
    app_timer_start                          0x0001d019   Thumb Code    84  app_timer.o(i.app_timer_start)
    app_timer_stop                           0x0001d071   Thumb Code    48  app_timer.o(i.app_timer_stop)
    ble_advdata_set                          0x0001d0f7   Thumb Code   148  ble_advdata.o(i.ble_advdata_set)
    ble_advertising_init                     0x0001d18d   Thumb Code   324  ble_advertising.o(i.ble_advertising_init)
    ble_advertising_on_ble_evt               0x0001d309   Thumb Code   224  ble_advertising.o(i.ble_advertising_on_ble_evt)
    ble_advertising_on_sys_evt               0x0001d401   Thumb Code    64  ble_advertising.o(i.ble_advertising_on_sys_evt)
    ble_advertising_restart_without_whitelist 0x0001d45d   Thumb Code    98  ble_advertising.o(i.ble_advertising_restart_without_whitelist)
    ble_advertising_start                    0x0001d4d5   Thumb Code   604  ble_advertising.o(i.ble_advertising_start)
    ble_conn_params_init                     0x0001d75d   Thumb Code    84  ble_conn_params.o(i.ble_conn_params_init)
    ble_conn_params_on_ble_evt               0x0001d7cd   Thumb Code    62  ble_conn_params.o(i.ble_conn_params_on_ble_evt)
    bond_data_load                           0x0001d9ad   Thumb Code    64  device_manager_peripheral.o(i.bond_data_load)
    bsp_btn_ble_init                         0x0001d9fd   Thumb Code    48  bsp_btn_ble.o(i.bsp_btn_ble_init)
    bsp_btn_ble_on_ble_evt                   0x0001da35   Thumb Code   110  bsp_btn_ble.o(i.bsp_btn_ble_on_ble_evt)
    bsp_btn_ble_sleep_mode_prepare           0x0001daad   Thumb Code    28  bsp_btn_ble.o(i.bsp_btn_ble_sleep_mode_prepare)
    bsp_button_is_pressed                    0x0001dba5   Thumb Code    46  bsp.o(i.bsp_button_is_pressed)
    bsp_event_handler                        0x0001dbdd   Thumb Code   104  main.o(i.bsp_event_handler)
    bsp_event_to_button_action_assign        0x0001dc59   Thumb Code    86  bsp.o(i.bsp_event_to_button_action_assign)
    bsp_indication_set                       0x0001dcb5   Thumb Code    28  bsp.o(i.bsp_indication_set)
    bsp_init                                 0x0001dcd5   Thumb Code   164  bsp.o(i.bsp_init)
    bsp_wakeup_buttons_set                   0x0001e341   Thumb Code    70  bsp.o(i.bsp_wakeup_buttons_set)
    dm_ble_evt_handler                       0x0001ef4d   Thumb Code  1696  device_manager_peripheral.o(i.dm_ble_evt_handler)
    dm_handle_initialize                     0x0001f605   Thumb Code    24  device_manager_peripheral.o(i.dm_handle_initialize)
    dm_init                                  0x0001f61d   Thumb Code   234  device_manager_peripheral.o(i.dm_init)
    dm_register                              0x0001f981   Thumb Code   166  device_manager_peripheral.o(i.dm_register)
    fs_queued_op_count_get                   0x0001fdfd   Thumb Code    18  fstorage.o(i.fs_queued_op_count_get)
    intern_softdevice_events_execute         0x00020245   Thumb Code   150  softdevice_handler.o(i.intern_softdevice_events_execute)
    main                                     0x00020601   Thumb Code    76  main.o(i.main)
    nrf_drv_common_irq_enable                0x000207c9   Thumb Code    84  nrf_drv_common.o(i.nrf_drv_common_irq_enable)
    nrf_drv_gpiote_in_event_enable           0x00020829   Thumb Code   170  nrf_drv_gpiote.o(i.nrf_drv_gpiote_in_event_enable)
    nrf_drv_gpiote_in_init                   0x000208e1   Thumb Code   198  nrf_drv_gpiote.o(i.nrf_drv_gpiote_in_init)
    nrf_drv_gpiote_in_is_set                 0x000209b9   Thumb Code    24  nrf_drv_gpiote.o(i.nrf_drv_gpiote_in_is_set)
    nrf_drv_gpiote_init                      0x000209d5   Thumb Code    78  nrf_drv_gpiote.o(i.nrf_drv_gpiote_init)
    nrf_drv_gpiote_is_init                   0x00020a29   Thumb Code    16  nrf_drv_gpiote.o(i.nrf_drv_gpiote_is_init)
    pstorage_access_status_get               0x00020e11   Thumb Code    36  pstorage.o(i.pstorage_access_status_get)
    pstorage_block_identifier_get            0x00020e3d   Thumb Code   154  pstorage.o(i.pstorage_block_identifier_get)
    pstorage_clear                           0x00020ee1   Thumb Code   280  pstorage.o(i.pstorage_clear)
    pstorage_init                            0x00021029   Thumb Code   110  pstorage.o(i.pstorage_init)
    pstorage_load                            0x000210b9   Thumb Code   236  pstorage.o(i.pstorage_load)
    pstorage_register                        0x000211ad   Thumb Code   256  pstorage.o(i.pstorage_register)
    pstorage_store                           0x000212bd   Thumb Code   212  pstorage.o(i.pstorage_store)
    pstorage_sys_event_handler               0x00021399   Thumb Code    62  pstorage.o(i.pstorage_sys_event_handler)
    pstorage_update                          0x000213e1   Thumb Code   212  pstorage.o(i.pstorage_update)
    sd_check_ram_start                       0x000215f5   Thumb Code    22  softdevice_handler.o(i.sd_check_ram_start)
    softdevice_ble_evt_handler_set           0x00021829   Thumb Code    20  softdevice_handler.o(i.softdevice_ble_evt_handler_set)
    softdevice_enable                        0x00021841   Thumb Code    24  softdevice_handler.o(i.softdevice_enable)
    softdevice_enable_get_default_config     0x0002185d   Thumb Code    44  softdevice_handler.o(i.softdevice_enable_get_default_config)
    softdevice_fault_handler                 0x00021889   Thumb Code    20  softdevice_handler.o(i.softdevice_fault_handler)
    softdevice_handler_init                  0x0002189d   Thumb Code    80  softdevice_handler.o(i.softdevice_handler_init)
    softdevice_sys_evt_handler_set           0x00021901   Thumb Code    20  softdevice_handler.o(i.softdevice_sys_evt_handler_set)
    m_service_context_store                  0x00022698   Data          16  device_manager_peripheral.o(.constdata)
    m_service_context_load                   0x000226a8   Data          16  device_manager_peripheral.o(.constdata)
    m_service_context_apply                  0x000226b8   Data          16  device_manager_peripheral.o(.constdata)
    m_context_init_len                       0x000226c8   Data           4  device_manager_peripheral.o(.constdata)
    Region$$Table$$Base                      0x000227a0   Number         0  anon$$obj.o(Region$$Table)
    Region$$Table$$Limit                     0x000227c0   Number         0  anon$$obj.o(Region$$Table)
    Image$$RW_IRAM1$$Base                    0x20002080   Number         0  anon$$obj.o ABSOLUTE
    SystemCoreClock                          0x2000216c   Data           4  system_nrf52.o(.data)
    nrf_nvic_state                           0x20002870   Data          12  softdevice_handler.o(.bss)
    __initial_sp                             0x20004880   Data           0  arm_startup_nrf52.o(STACK)



==============================================================================

Memory Map of the image

  Image Entry point : 0x0001c401

  Load Region LR_IROM1 (Base: 0x0001c000, Size: 0x000068b0, Max: 0x00064000, ABSOLUTE)

    Execution Region ER_IROM1 (Base: 0x0001c000, Size: 0x000067c0, Max: 0x00064000, ABSOLUTE)

    Base Addr    Size         Type   Attr      Idx    E Section Name        Object

    0x0001c000   0x00000400   Data   RO         2955    RESET               arm_startup_nrf52.o
    0x0001c400   0x00000000   Code   RO         3035  * .ARM.Collect$$$$00000000  mc_w.l(entry.o)
    0x0001c400   0x00000004   Code   RO         3076    .ARM.Collect$$$$00000001  mc_w.l(entry2.o)
    0x0001c404   0x00000004   Code   RO         3079    .ARM.Collect$$$$00000004  mc_w.l(entry5.o)
    0x0001c408   0x00000000   Code   RO         3081    .ARM.Collect$$$$00000008  mc_w.l(entry7b.o)
    0x0001c408   0x00000000   Code   RO         3083    .ARM.Collect$$$$0000000A  mc_w.l(entry8b.o)
    0x0001c408   0x00000008   Code   RO         3084    .ARM.Collect$$$$0000000B  mc_w.l(entry9a.o)
    0x0001c410   0x00000000   Code   RO         3086    .ARM.Collect$$$$0000000D  mc_w.l(entry10a.o)
    0x0001c410   0x00000000   Code   RO         3088    .ARM.Collect$$$$0000000F  mc_w.l(entry11a.o)
    0x0001c410   0x00000004   Code   RO         3077    .ARM.Collect$$$$00002712  mc_w.l(entry2.o)
    0x0001c414   0x00000076   Code   RO         2260    .emb_text           app_timer.o
    0x0001c48a   0x00000002   PAD
    0x0001c48c   0x00000024   Code   RO         2956    .text               arm_startup_nrf52.o
    0x0001c4b0   0x00000024   Code   RO         3038    .text               mc_w.l(memcpya.o)
    0x0001c4d4   0x00000024   Code   RO         3040    .text               mc_w.l(memseta.o)
    0x0001c4f8   0x0000001a   Code   RO         3044    .text               mc_w.l(memcmp.o)
    0x0001c512   0x00000002   PAD
    0x0001c514   0x00000024   Code   RO         3105    .text               mc_w.l(init.o)
    0x0001c538   0x000001b8   Code   RO         1275    i.GPIOTE_IRQHandler  nrf_drv_gpiote.o
    0x0001c6f0   0x00000018   Code   RO         2261    i.NVIC_ClearPendingIRQ  app_timer.o
    0x0001c708   0x00000016   Code   RO         2262    i.NVIC_EnableIRQ    app_timer.o
    0x0001c71e   0x00000002   PAD
    0x0001c720   0x00000018   Code   RO         2263    i.NVIC_SetPendingIRQ  app_timer.o
    0x0001c738   0x00000028   Code   RO         2264    i.NVIC_SetPriority  app_timer.o
    0x0001c760   0x00000034   Code   RO         2265    i.RTC1_IRQHandler   app_timer.o
    0x0001c794   0x00000008   Code   RO         2266    i.SWI0_EGU0_IRQHandler  app_timer.o
    0x0001c79c   0x00000038   Code   RO         2854    i.SWI2_EGU2_IRQHandler  softdevice_handler.o
    0x0001c7d4   0x00000010   Code   RO         2963    i.SystemCoreClockUpdate  system_nrf52.o
    0x0001c7e4   0x00000234   Code   RO         2964    i.SystemInit        system_nrf52.o
    0x0001ca18   0x00000018   Code   RO         1514    i.UARTE0_UART0_IRQHandler  nrf_drv_uart.o
    0x0001ca30   0x0000000e   Code   RO         3117    i.__scatterload_copy  mc_w.l(handlers.o)
    0x0001ca3e   0x00000002   Code   RO         3118    i.__scatterload_null  mc_w.l(handlers.o)
    0x0001ca40   0x0000000e   Code   RO         3119    i.__scatterload_zeroinit  mc_w.l(handlers.o)
    0x0001ca4e   0x000001c6   Code   RO          481    i.adv_data_encode   ble_advdata.o
    0x0001cc14   0x00000012   Code   RO          482    i.advdata_check     ble_advdata.o
    0x0001cc26   0x00000054   Code   RO          428    i.advertising_buttons_configure  bsp_btn_ble.o
    0x0001cc7a   0x00000002   PAD
    0x0001cc7c   0x00000074   Code   RO            4    i.advertising_init  main.o
    0x0001ccf0   0x00000024   Code   RO          320    i.alert_timer_handler  bsp.o
    0x0001cd14   0x0000002c   Code   RO         2135    i.app_button_enable  app_button.o
    0x0001cd40   0x000000a8   Code   RO         2136    i.app_button_init   app_button.o
    0x0001cde8   0x0000001a   Code   RO         2236    i.app_error_fault_handler  app_error_weak.o
    0x0001ce02   0x00000020   Code   RO         2196    i.app_error_handler  app_error.o
    0x0001ce22   0x00000002   PAD
    0x0001ce24   0x00000088   Code   RO         2198    i.app_error_save_and_stop  app_error.o
    0x0001ceac   0x00000020   Code   RO          840    i.app_evt_notify    device_manager_peripheral.o
    0x0001cecc   0x00000030   Code   RO         1800    i.app_notify        pstorage.o
    0x0001cefc   0x00000028   Code   RO         1801    i.app_notify_error_state_transit  pstorage.o
    0x0001cf24   0x0000003c   Code   RO         2269    i.app_timer_create  app_timer.o
    0x0001cf60   0x000000b8   Code   RO         2270    i.app_timer_init    app_timer.o
    0x0001d018   0x00000058   Code   RO         2271    i.app_timer_start   app_timer.o
    0x0001d070   0x00000034   Code   RO         2272    i.app_timer_stop    app_timer.o
    0x0001d0a4   0x00000052   Code   RO          483    i.appearance_encode  ble_advdata.o
    0x0001d0f6   0x00000094   Code   RO          484    i.ble_advdata_set   ble_advdata.o
    0x0001d18a   0x00000002   PAD
    0x0001d18c   0x0000017c   Code   RO          606    i.ble_advertising_init  ble_advertising.o
    0x0001d308   0x000000f8   Code   RO          607    i.ble_advertising_on_ble_evt  ble_advertising.o
    0x0001d400   0x0000004c   Code   RO          608    i.ble_advertising_on_sys_evt  ble_advertising.o
    0x0001d44c   0x00000010   Code   RO          610    i.ble_advertising_peer_address_clear  ble_advertising.o
    0x0001d45c   0x00000078   Code   RO          611    i.ble_advertising_restart_without_whitelist  ble_advertising.o
    0x0001d4d4   0x00000288   Code   RO          612    i.ble_advertising_start  ble_advertising.o
    0x0001d75c   0x00000070   Code   RO          696    i.ble_conn_params_init  ble_conn_params.o
    0x0001d7cc   0x0000003e   Code   RO          697    i.ble_conn_params_on_ble_evt  ble_conn_params.o
    0x0001d80a   0x00000074   Code   RO          485    i.ble_device_addr_encode  ble_advdata.o
    0x0001d87e   0x00000024   Code   RO            6    i.ble_evt_dispatch  main.o
    0x0001d8a2   0x00000002   PAD
    0x0001d8a4   0x00000108   Code   RO            7    i.ble_stack_init    main.o
    0x0001d9ac   0x00000050   Code   RO          841    i.bond_data_load    device_manager_peripheral.o
    0x0001d9fc   0x00000038   Code   RO          429    i.bsp_btn_ble_init  bsp_btn_ble.o
    0x0001da34   0x00000078   Code   RO          430    i.bsp_btn_ble_on_ble_evt  bsp_btn_ble.o
    0x0001daac   0x0000001c   Code   RO          431    i.bsp_btn_ble_sleep_mode_prepare  bsp_btn_ble.o
    0x0001dac8   0x000000dc   Code   RO          321    i.bsp_button_event_handler  bsp.o
    0x0001dba4   0x00000038   Code   RO          322    i.bsp_button_is_pressed  bsp.o
    0x0001dbdc   0x0000007c   Code   RO            8    i.bsp_event_handler  main.o
    0x0001dc58   0x0000005c   Code   RO          326    i.bsp_event_to_button_action_assign  bsp.o
    0x0001dcb4   0x00000020   Code   RO          327    i.bsp_indication_set  bsp.o
    0x0001dcd4   0x000000d0   Code   RO          329    i.bsp_init          bsp.o
    0x0001dda4   0x0000059c   Code   RO          330    i.bsp_led_indication  bsp.o
    0x0001e340   0x00000050   Code   RO          331    i.bsp_wakeup_buttons_set  bsp.o
    0x0001e390   0x0000000e   Code   RO          332    i.button_timer_handler  bsp.o
    0x0001e39e   0x00000002   PAD
    0x0001e3a0   0x00000074   Code   RO            9    i.buttons_leds_init  main.o
    0x0001e414   0x00000020   Code   RO         1276    i.channel_free      nrf_drv_gpiote.o
    0x0001e434   0x00000010   Code   RO         1277    i.channel_handler_get  nrf_drv_gpiote.o
    0x0001e444   0x00000080   Code   RO         1278    i.channel_port_alloc  nrf_drv_gpiote.o
    0x0001e4c4   0x0000000c   Code   RO         1279    i.channel_port_get  nrf_drv_gpiote.o
    0x0001e4d0   0x00000104   Code   RO         1802    i.clear_operation_execute  pstorage.o
    0x0001e5d4   0x00000028   Code   RO         1803    i.clear_post_processing_run  pstorage.o
    0x0001e5fc   0x00000048   Code   RO         1804    i.cmd_process       pstorage.o
    0x0001e644   0x00000014   Code   RO         1805    i.cmd_queue_dequeue  pstorage.o
    0x0001e658   0x00000050   Code   RO         1806    i.cmd_queue_element_init  pstorage.o
    0x0001e6a8   0x0000009c   Code   RO         1807    i.cmd_queue_enqueue  pstorage.o
    0x0001e744   0x00000020   Code   RO         1808    i.cmd_queue_init    pstorage.o
    0x0001e764   0x00000028   Code   RO         1809    i.command_end_procedure_run  pstorage.o
    0x0001e78c   0x0000002c   Code   RO         1810    i.command_queue_element_consume  pstorage.o
    0x0001e7b8   0x00000090   Code   RO         2274    i.compare_reg_update  app_timer.o
    0x0001e848   0x0000005a   Code   RO          486    i.conn_int_check    ble_advdata.o
    0x0001e8a2   0x00000068   Code   RO          487    i.conn_int_encode   ble_advdata.o
    0x0001e90a   0x00000002   PAD
    0x0001e90c   0x00000024   Code   RO           10    i.conn_params_error_handler  main.o
    0x0001e930   0x00000070   Code   RO           11    i.conn_params_init  main.o
    0x0001e9a0   0x00000084   Code   RO          699    i.conn_params_negotiation  ble_conn_params.o
    0x0001ea24   0x00000054   Code   RO          432    i.connection_buttons_configure  bsp_btn_ble.o
    0x0001ea78   0x00000048   Code   RO          842    i.connection_instance_find  device_manager_peripheral.o
    0x0001eac0   0x00000040   Code   RO          843    i.connection_instance_init  device_manager_peripheral.o
    0x0001eb00   0x0000007c   Code   RO         1811    i.data_page_erase_state_run  pstorage.o
    0x0001eb7c   0x00000034   Code   RO         1812    i.data_to_swap_write_state_run  pstorage.o
    0x0001ebb0   0x0000008c   Code   RO         2138    i.detection_delay_timeout_handler  app_button.o
    0x0001ec3c   0x000000e0   Code   RO          844    i.device_context_store  device_manager_peripheral.o
    0x0001ed1c   0x00000088   Code   RO          845    i.device_instance_allocate  device_manager_peripheral.o
    0x0001eda4   0x00000058   Code   RO          846    i.device_instance_find  device_manager_peripheral.o
    0x0001edfc   0x0000002c   Code   RO          847    i.device_instance_free  device_manager_peripheral.o
    0x0001ee28   0x00000038   Code   RO           12    i.device_manager_evt_handler  main.o
    0x0001ee60   0x000000ec   Code   RO           13    i.device_manager_init  main.o
    0x0001ef4c   0x000006b8   Code   RO          852    i.dm_ble_evt_handler  device_manager_peripheral.o
    0x0001f604   0x00000018   Code   RO          858    i.dm_handle_initialize  device_manager_peripheral.o
    0x0001f61c   0x00000108   Code   RO          859    i.dm_init           device_manager_peripheral.o
    0x0001f724   0x0000025c   Code   RO          862    i.dm_pstorage_cb_handler  device_manager_peripheral.o
    0x0001f980   0x000000b0   Code   RO          863    i.dm_register       device_manager_peripheral.o
    0x0001fa30   0x00000064   Code   RO         2275    i.elapsed_ticks_acquire  app_timer.o
    0x0001fa94   0x00000040   Code   RO         1813    i.erase_sub_state_sm_run  pstorage.o
    0x0001fad4   0x00000030   Code   RO         2965    i.errata_16         system_nrf52.o
    0x0001fb04   0x00000054   Code   RO         2966    i.errata_31         system_nrf52.o
    0x0001fb58   0x00000030   Code   RO         2967    i.errata_32         system_nrf52.o
    0x0001fb88   0x00000054   Code   RO         2968    i.errata_36         system_nrf52.o
    0x0001fbdc   0x00000030   Code   RO         2969    i.errata_37         system_nrf52.o
    0x0001fc0c   0x00000030   Code   RO         2970    i.errata_57         system_nrf52.o
    0x0001fc3c   0x00000030   Code   RO         2971    i.errata_66         system_nrf52.o
    0x0001fc6c   0x00000058   Code   RO         2276    i.expired_timers_handler  app_timer.o
    0x0001fcc4   0x00000036   Code   RO          488    i.flags_encode      ble_advdata.o
    0x0001fcfa   0x00000036   Code   RO          614    i.flash_access_in_progress  ble_advertising.o
    0x0001fd30   0x0000002c   Code   RO         1814    i.flash_api_err_code_process  pstorage.o
    0x0001fd5c   0x00000044   Code   RO         1815    i.flash_operation_failure_run  pstorage.o
    0x0001fda0   0x00000030   Code   RO         1816    i.flash_operation_success_run  pstorage.o
    0x0001fdd0   0x00000010   Code   RO         1817    i.flash_page_erase  pstorage.o
    0x0001fde0   0x0000001c   Code   RO         1818    i.flash_write       pstorage.o
    0x0001fdfc   0x00000018   Code   RO         2566    i.fs_queued_op_count_get  fstorage.o
    0x0001fe14   0x000000b0   Code   RO           14    i.gap_params_init   main.o
    0x0001fec4   0x00000006   Code   RO          870    i.gattc_context_apply  device_manager_peripheral.o
    0x0001feca   0x00000006   Code   RO          871    i.gattc_context_load  device_manager_peripheral.o
    0x0001fed0   0x00000006   Code   RO          872    i.gattc_context_store  device_manager_peripheral.o
    0x0001fed6   0x00000002   PAD
    0x0001fed8   0x000000f8   Code   RO          873    i.gatts_context_apply  device_manager_peripheral.o
    0x0001ffd0   0x0000004c   Code   RO          874    i.gatts_context_load  device_manager_peripheral.o
    0x0002001c   0x000000f0   Code   RO          875    i.gatts_context_store  device_manager_peripheral.o
    0x0002010c   0x00000018   Code   RO          876    i.gattsc_context_apply  device_manager_peripheral.o
    0x00020124   0x0000001c   Code   RO          877    i.gattsc_context_load  device_manager_peripheral.o
    0x00020140   0x0000001c   Code   RO          878    i.gattsc_context_store  device_manager_peripheral.o
    0x0002015c   0x00000080   Code   RO         2139    i.gpiote_event_handler  app_button.o
    0x000201dc   0x00000068   Code   RO         1819    i.head_restore_state_run  pstorage.o
    0x00020244   0x000000b0   Code   RO         2855    i.intern_softdevice_events_execute  softdevice_handler.o
    0x000202f4   0x00000024   Code   RO          700    i.is_conn_params_ok  ble_conn_params.o
    0x00020318   0x00000058   Code   RO         1820    i.is_page_erase_required  pstorage.o
    0x00020370   0x00000050   Code   RO         1821    i.is_tail_data_page_swap_required  pstorage.o
    0x000203c0   0x00000010   Code   RO         1822    i.is_word_aligned   pstorage.o
    0x000203d0   0x0000006a   Code   RO          489    i.le_role_encode    ble_advdata.o
    0x0002043a   0x00000002   PAD
    0x0002043c   0x00000020   Code   RO          333    i.leds_timer_handler  bsp.o
    0x0002045c   0x00000098   Code   RO         2277    i.list_deletions_handler  app_timer.o
    0x000204f4   0x0000010c   Code   RO         2278    i.list_insertions_handler  app_timer.o
    0x00020600   0x0000005c   Code   RO           15    i.main              main.o
    0x0002065c   0x00000020   Code   RO         1823    i.main_state_err_busy_process  pstorage.o
    0x0002067c   0x00000076   Code   RO          490    i.manuf_specific_data_encode  ble_advdata.o
    0x000206f2   0x000000c2   Code   RO          491    i.name_encode       ble_advdata.o
    0x000207b4   0x00000006   Code   RO          879    i.no_service_context_apply  device_manager_peripheral.o
    0x000207ba   0x00000006   Code   RO          880    i.no_service_context_load  device_manager_peripheral.o
    0x000207c0   0x00000006   Code   RO          881    i.no_service_context_store  device_manager_peripheral.o
    0x000207c6   0x00000002   PAD
    0x000207c8   0x00000060   Code   RO         1237    i.nrf_drv_common_irq_enable  nrf_drv_common.o
    0x00020828   0x000000b8   Code   RO         1282    i.nrf_drv_gpiote_in_event_enable  nrf_drv_gpiote.o
    0x000208e0   0x000000d8   Code   RO         1283    i.nrf_drv_gpiote_in_init  nrf_drv_gpiote.o
    0x000209b8   0x0000001c   Code   RO         1284    i.nrf_drv_gpiote_in_is_set  nrf_drv_gpiote.o
    0x000209d4   0x00000054   Code   RO         1286    i.nrf_drv_gpiote_init  nrf_drv_gpiote.o
    0x00020a28   0x00000014   Code   RO         1287    i.nrf_drv_gpiote_is_init  nrf_drv_gpiote.o
    0x00020a3c   0x00000024   Code   RO         1299    i.nrf_gpio_cfg      nrf_drv_gpiote.o
    0x00020a60   0x00000024   Code   RO         1301    i.nrf_gpio_cfg_sense_set  nrf_drv_gpiote.o
    0x00020a84   0x0000000c   Code   RO         1304    i.nrf_gpiote_event_addr_get  nrf_drv_gpiote.o
    0x00020a90   0x0000001c   Code   RO         1305    i.nrf_gpiote_event_clear  nrf_drv_gpiote.o
    0x00020aac   0x00000016   Code   RO         1306    i.nrf_gpiote_event_is_set  nrf_drv_gpiote.o
    0x00020ac2   0x00000002   PAD
    0x00020ac4   0x0000000c   Code   RO         1307    i.nrf_gpiote_int_enable  nrf_drv_gpiote.o
    0x00020ad0   0x0000000c   Code   RO         1535    i.nrf_uart_errorsrc_get_and_clear  nrf_drv_uart.o
    0x00020adc   0x0000000e   Code   RO         1536    i.nrf_uart_event_check  nrf_drv_uart.o
    0x00020aea   0x00000006   Code   RO         1537    i.nrf_uart_event_clear  nrf_drv_uart.o
    0x00020af0   0x00000006   Code   RO         1539    i.nrf_uart_int_disable  nrf_drv_uart.o
    0x00020af6   0x00000012   Code   RO         1541    i.nrf_uart_int_enable_check  nrf_drv_uart.o
    0x00020b08   0x00000006   Code   RO         1542    i.nrf_uart_task_trigger  nrf_drv_uart.o
    0x00020b0e   0x0000000c   Code   RO         1544    i.nrf_uarte_errorsrc_get_and_clear  nrf_drv_uart.o
    0x00020b1a   0x0000000e   Code   RO         1545    i.nrf_uarte_event_check  nrf_drv_uart.o
    0x00020b28   0x00000006   Code   RO         1546    i.nrf_uarte_event_clear  nrf_drv_uart.o
    0x00020b2e   0x0000000a   Code   RO         1550    i.nrf_uarte_rx_amount_get  nrf_drv_uart.o
    0x00020b38   0x00000048   Code   RO           16    i.on_adv_evt        main.o
    0x00020b80   0x0000005c   Code   RO           17    i.on_ble_evt        main.o
    0x00020bdc   0x00000040   Code   RO           18    i.on_conn_params_evt  main.o
    0x00020c1c   0x00000018   Code   RO          701    i.on_conn_params_update  ble_conn_params.o
    0x00020c34   0x00000038   Code   RO          702    i.on_connect        ble_conn_params.o
    0x00020c6c   0x00000040   Code   RO          703    i.on_disconnect     ble_conn_params.o
    0x00020cac   0x00000058   Code   RO          704    i.on_write          ble_conn_params.o
    0x00020d04   0x00000018   Code   RO          615    i.peer_address_exists  ble_advertising.o
    0x00020d1c   0x00000064   Code   RO          882    i.peer_instance_init  device_manager_peripheral.o
    0x00020d80   0x0000001c   Code   RO         1309    i.pin_in_use_by_gpiote  nrf_drv_gpiote.o
    0x00020d9c   0x00000018   Code   RO         1310    i.pin_in_use_by_port  nrf_drv_gpiote.o
    0x00020db4   0x00000020   Code   RO         1311    i.pin_in_use_by_te  nrf_drv_gpiote.o
    0x00020dd4   0x0000000c   Code   RO         1312    i.pin_in_use_clear  nrf_drv_gpiote.o
    0x00020de0   0x00000030   Code   RO           19    i.power_manage      main.o
    0x00020e10   0x0000002c   Code   RO         1824    i.pstorage_access_status_get  pstorage.o
    0x00020e3c   0x000000a4   Code   RO         1825    i.pstorage_block_identifier_get  pstorage.o
    0x00020ee0   0x00000120   Code   RO         1826    i.pstorage_clear    pstorage.o
    0x00021000   0x0000001e   Code   RO         1827    i.pstorage_flash_page_end  pstorage.o
    0x0002101e   0x0000000a   Code   RO         1828    i.pstorage_flash_page_size  pstorage.o
    0x00021028   0x00000090   Code   RO         1829    i.pstorage_init     pstorage.o
    0x000210b8   0x000000f4   Code   RO         1830    i.pstorage_load     pstorage.o
    0x000211ac   0x00000110   Code   RO         1831    i.pstorage_register  pstorage.o
    0x000212bc   0x000000dc   Code   RO         1832    i.pstorage_store    pstorage.o
    0x00021398   0x00000048   Code   RO         1833    i.pstorage_sys_event_handler  pstorage.o
    0x000213e0   0x000000dc   Code   RO         1834    i.pstorage_update   pstorage.o
    0x000214bc   0x0000000c   Code   RO         2279    i.rtc1_compare0_set  app_timer.o
    0x000214c8   0x0000000c   Code   RO         2280    i.rtc1_counter_get  app_timer.o
    0x000214d4   0x00000018   Code   RO         2281    i.rtc1_init         app_timer.o
    0x000214ec   0x0000003c   Code   RO         2282    i.rtc1_start        app_timer.o
    0x00021528   0x00000058   Code   RO         2283    i.rtc1_stop         app_timer.o
    0x00021580   0x00000050   Code   RO         1554    i.rx_byte           nrf_drv_uart.o
    0x000215d0   0x00000024   Code   RO         1555    i.rx_done_event     nrf_drv_uart.o
    0x000215f4   0x0000001c   Code   RO         2856    i.sd_check_ram_start  softdevice_handler.o
    0x00021610   0x000000d0   Code   RO         2857    i.sd_nvic_EnableIRQ  softdevice_handler.o
    0x000216e0   0x00000036   Code   RO          492    i.sec_mgr_oob_flags_encode  ble_advdata.o
    0x00021716   0x00000096   Code   RO          493    i.service_data_encode  ble_advdata.o
    0x000217ac   0x00000068   Code   RO           20    i.sleep_mode_enter  main.o
    0x00021814   0x00000014   Code   RO         1835    i.sm_state_change   pstorage.o
    0x00021828   0x00000018   Code   RO         2858    i.softdevice_ble_evt_handler_set  softdevice_handler.o
    0x00021840   0x0000001c   Code   RO         2859    i.softdevice_enable  softdevice_handler.o
    0x0002185c   0x0000002c   Code   RO         2860    i.softdevice_enable_get_default_config  softdevice_handler.o
    0x00021888   0x00000014   Code   RO         2861    i.softdevice_fault_handler  softdevice_handler.o
    0x0002189c   0x00000064   Code   RO         2862    i.softdevice_handler_init  softdevice_handler.o
    0x00021900   0x00000018   Code   RO         2865    i.softdevice_sys_evt_handler_set  softdevice_handler.o
    0x00021918   0x0000000e   Code   RO          494    i.srdata_check      ble_advdata.o
    0x00021926   0x0000004c   Code   RO          433    i.startup_event_extract  bsp_btn_ble.o
    0x00021972   0x00000002   PAD
    0x00021974   0x00000010   Code   RO         1836    i.state_data_erase_entry_run  pstorage.o
    0x00021984   0x0000008c   Code   RO         1837    i.state_data_erase_swap_entry_run  pstorage.o
    0x00021a10   0x00000038   Code   RO         1838    i.state_entry_action_run  pstorage.o
    0x00021a48   0x00000010   Code   RO         1839    i.state_erase_data_page_entry_run  pstorage.o
    0x00021a58   0x0000001c   Code   RO         1840    i.state_idle_entry_run  pstorage.o
    0x00021a74   0x00000034   Code   RO         1841    i.state_restore_head_entry_run  pstorage.o
    0x00021aa8   0x00000058   Code   RO         1842    i.state_restore_tail_entry_run  pstorage.o
    0x00021b00   0x00000008   Code   RO         1843    i.state_store_entry_run  pstorage.o
    0x00021b08   0x0000001e   Code   RO         1844    i.state_swap_erase_entry_run  pstorage.o
    0x00021b26   0x00000002   PAD
    0x00021b28   0x00000038   Code   RO         1845    i.state_write_data_swap_entry_run  pstorage.o
    0x00021b60   0x00000008   Code   RO          883    i.storage_operation_dummy_handler  device_manager_peripheral.o
    0x00021b68   0x00000068   Code   RO         1846    i.store_cmd_flash_write_execute  pstorage.o
    0x00021bd0   0x0000000a   Code   RO         1847    i.store_operation_execute  pstorage.o
    0x00021bda   0x00000002   PAD
    0x00021bdc   0x00000048   Code   RO         1848    i.store_sub_state_sm_run  pstorage.o
    0x00021c24   0x00000020   Code   RO         1849    i.swap_erase_state_run  pstorage.o
    0x00021c44   0x00000008   Code   RO         1850    i.swap_sub_sm_exit_action_run  pstorage.o
    0x00021c4c   0x00000018   Code   RO         1851    i.swap_sub_state_entry_action_run  pstorage.o
    0x00021c64   0x00000020   Code   RO         1852    i.swap_sub_state_err_busy_process  pstorage.o
    0x00021c84   0x00000018   Code   RO         1853    i.swap_sub_state_sm_run  pstorage.o
    0x00021c9c   0x00000014   Code   RO         1854    i.swap_sub_state_state_change  pstorage.o
    0x00021cb0   0x00000012   Code   RO           21    i.sys_evt_dispatch  main.o
    0x00021cc2   0x00000002   PAD
    0x00021cc4   0x0000001c   Code   RO         1855    i.tail_restore_state_run  pstorage.o
    0x00021ce0   0x0000004c   Code   RO         1856    i.tail_word_size_calculate  pstorage.o
    0x00021d2c   0x0000000a   Code   RO         2284    i.ticks_diff_get    app_timer.o
    0x00021d36   0x00000002   PAD
    0x00021d38   0x00000078   Code   RO         2285    i.timeout_handler_exec  app_timer.o
    0x00021db0   0x00000054   Code   RO         2286    i.timer_list_handler  app_timer.o
    0x00021e04   0x0000000a   Code   RO         2287    i.timer_list_handler_sched  app_timer.o
    0x00021e0e   0x00000002   PAD
    0x00021e10   0x00000068   Code   RO         2288    i.timer_list_insert  app_timer.o
    0x00021e78   0x0000006c   Code   RO         2289    i.timer_list_remove  app_timer.o
    0x00021ee4   0x0000005c   Code   RO         2290    i.timer_start_op_schedule  app_timer.o
    0x00021f40   0x00000040   Code   RO         2292    i.timer_stop_op_schedule  app_timer.o
    0x00021f80   0x00000098   Code   RO         2293    i.timer_timeouts_check  app_timer.o
    0x00022018   0x0000000a   Code   RO         2294    i.timer_timeouts_check_sched  app_timer.o
    0x00022022   0x00000002   PAD
    0x00022024   0x00000040   Code   RO           22    i.timers_init       main.o
    0x00022064   0x00000046   Code   RO          495    i.tk_value_encode   ble_advdata.o
    0x000220aa   0x00000002   PAD
    0x000220ac   0x00000038   Code   RO         1557    i.tx_byte           nrf_drv_uart.o
    0x000220e4   0x0000002c   Code   RO         1558    i.tx_done_event     nrf_drv_uart.o
    0x00022110   0x00000036   Code   RO          496    i.tx_power_level_encode  ble_advdata.o
    0x00022146   0x00000002   PAD
    0x00022148   0x00000160   Code   RO         1559    i.uart_irq_handler  nrf_drv_uart.o
    0x000222a8   0x0000012c   Code   RO         1560    i.uarte_irq_handler  nrf_drv_uart.o
    0x000223d4   0x0000000c   Code   RO          497    i.uint16_encode     ble_advdata.o
    0x000223e0   0x00000008   Code   RO         1857    i.update_operation_execute  pstorage.o
    0x000223e8   0x00000014   Code   RO          884    i.update_status_bit_reset  device_manager_peripheral.o
    0x000223fc   0x00000090   Code   RO          705    i.update_timeout_handler  ble_conn_params.o
    0x0002248c   0x00000058   Code   RO         2295    i.user_id_get       app_timer.o
    0x000224e4   0x00000030   Code   RO         2296    i.user_op_alloc     app_timer.o
    0x00022514   0x00000004   Code   RO         2297    i.user_op_enque     app_timer.o
    0x00022518   0x0000004e   Code   RO          498    i.uuid_list_encode  ble_advdata.o
    0x00022566   0x000000dc   Code   RO          499    i.uuid_list_sized_encode  ble_advdata.o
    0x00022642   0x00000012   Code   RO          616    i.whitelist_has_entries  ble_advertising.o
    0x00022654   0x00000004   Data   RO           24    .constdata          main.o
    0x00022658   0x0000003c   Data   RO          335    .constdata          bsp.o
    0x00022694   0x00000004   Data   RO          707    .constdata          ble_conn_params.o
    0x00022698   0x00000034   Data   RO          886    .constdata          device_manager_peripheral.o
    0x000226cc   0x00000028   Data   RO         1859    .constdata          pstorage.o
    0x000226f4   0x00000008   Data   RO         2141    .constdata          app_button.o
    0x000226fc   0x0000004c   Data   RO          887    .conststring        device_manager_peripheral.o
    0x00022748   0x00000057   Data   RO         2867    .conststring        softdevice_handler.o
    0x0002279f   0x00000001   PAD
    0x000227a0   0x00000020   Data   RO         3115    Region$$Table       anon$$obj.o


    Execution Region RW_IRAM1 (Base: 0x20002080, Size: 0x00002800, Max: 0x0000df80, ABSOLUTE)

    Base Addr    Size         Type   Attr      Idx    E Section Name        Object

    0x20002080   0x00000004   Data   RW           25    .data               main.o
    0x20002084   0x00000019   Data   RW          336    .data               bsp.o
    0x2000209d   0x00000003   PAD
    0x200020a0   0x00000008   Data   RW          434    .data               bsp_btn_ble.o
    0x200020a8   0x00000020   Data   RW          618    .data               ble_advertising.o
    0x200020c8   0x00000015   Data   RW          708    .data               ble_conn_params.o
    0x200020dd   0x00000003   PAD
    0x200020e0   0x00000014   Data   RW          888    .data               device_manager_peripheral.o
    0x200020f4   0x00000028   Data   RW         1860    .data               pstorage.o
    0x2000211c   0x00000014   Data   RW         2142    .data               app_button.o
    0x20002130   0x00000022   Data   RW         2298    .data               app_timer.o
    0x20002152   0x00000002   PAD
    0x20002154   0x00000018   Data   RW         2868    .data               softdevice_handler.o
    0x2000216c   0x00000004   Data   RW         2972    .data               system_nrf52.o
    0x20002170   0x00000210   Zero   RW           23    .bss                main.o
    0x20002380   0x0000006c   Zero   RW          334    .bss                bsp.o
    0x200023ec   0x00000103   Zero   RW          617    .bss                ble_advertising.o
    0x200024ef   0x00000001   PAD
    0x200024f0   0x0000003c   Zero   RW          706    .bss                ble_conn_params.o
    0x2000252c   0x0000014f   Zero   RW          885    .bss                device_manager_peripheral.o
    0x2000267b   0x00000001   PAD
    0x2000267c   0x00000058   Zero   RW         1313    .bss                nrf_drv_gpiote.o
    0x200026d4   0x00000020   Zero   RW         1561    .bss                nrf_drv_uart.o
    0x200026f4   0x000000e4   Zero   RW         1858    .bss                pstorage.o
    0x200027d8   0x00000020   Zero   RW         2140    .bss                app_button.o
    0x200027f8   0x00000020   Zero   RW         2199    .bss                app_error.o
    0x20002818   0x00000058   Zero   RW         2577    .bss                fstorage.o
    0x20002870   0x0000000c   Zero   RW         2866    .bss                softdevice_handler.o
    0x2000287c   0x00000004   PAD
    0x20002880   0x00002000   Zero   RW         2953    STACK               arm_startup_nrf52.o


==============================================================================

Image component sizes


      Code (inc. data)   RO Data    RW Data    ZI Data      Debug   Object Name

       480         80          8         20         32      10238   app_button.o
       168          4          0          0         32       4234   app_error.o
        26          0          0          0          0        818   app_error_weak.o
      2514        336          0         34          0      63007   app_timer.o
        36          8       1024          0       8192        956   arm_startup_nrf52.o
      2136          0          0          0          0      25664   ble_advdata.o
      1584        162          0         32        259      11541   ble_advertising.o
       718        122          4         21         60      19964   ble_conn_params.o
      2206        182         60         25        108      10689   bsp.o
       448         18          0          8          0       6277   bsp_btn_ble.o
      4336        262        128         20        335      34909   device_manager_peripheral.o
        24          6          0          0         88       3520   fstorage.o
      1826        338          4          4        528     119383   main.o
        96         12          0          0          0      29031   nrf_drv_common.o
      1402        130          0          0         88      27792   nrf_drv_gpiote.o
       996         66          0          0         32      24930   nrf_drv_uart.o
      4252        430         40         40        228      51506   pstorage.o
       708         90         87         24         12      40581   softdevice_handler.o
       988        102          0          4          0      32914   system_nrf52.o

    ----------------------------------------------------------------------
     24986       2348       1388        240      10000     517954   Object Totals
         0          0         32          0          0          0   (incl. Generated)
        42          0          1          8          6          0   (incl. Padding)

    ----------------------------------------------------------------------

      Code (inc. data)   RO Data    RW Data    ZI Data      Debug   Library Member Name

         0          0          0          0          0          0   entry.o
         0          0          0          0          0          0   entry10a.o
         0          0          0          0          0          0   entry11a.o
         8          4          0          0          0          0   entry2.o
         4          0          0          0          0          0   entry5.o
         0          0          0          0          0          0   entry7b.o
         0          0          0          0          0          0   entry8b.o
         8          4          0          0          0          0   entry9a.o
        30          0          0          0          0          0   handlers.o
        36          8          0          0          0         68   init.o
        26          0          0          0          0         80   memcmp.o
        36          0          0          0          0         68   memcpya.o
        36          0          0          0          0        108   memseta.o

    ----------------------------------------------------------------------
       186         16          0          0          0        324   Library Totals
         2          0          0          0          0          0   (incl. Padding)

    ----------------------------------------------------------------------

      Code (inc. data)   RO Data    RW Data    ZI Data      Debug   Library Name

       184         16          0          0          0        324   mc_w.l

    ----------------------------------------------------------------------
       186         16          0          0          0        324   Library Totals

    ----------------------------------------------------------------------

==============================================================================


      Code (inc. data)   RO Data    RW Data    ZI Data      Debug   

     25172       2364       1388        240      10000     493278   Grand Totals
     25172       2364       1388        240      10000     493278   ELF Image Totals
     25172       2364       1388        240          0          0   ROM Totals

==============================================================================

    Total RO  Size (Code + RO Data)                26560 (  25.94kB)
    Total RW  Size (RW Data + ZI Data)             10240 (  10.00kB)
    Total ROM Size (Code + RO Data + RW Data)      26800 (  26.17kB)

==============================================================================

