Component: ARM Compiler 5.06 update 4 (build 422) Tool: armlink [4d35d2]

==============================================================================

Section Cross References

    main.o(i.assert_nrf_callback) refers to app_error.o(i.app_error_handler) for app_error_handler
    main.o(i.ble_evt_dispatch) refers to segger_rtt_printf.o(i.SEGGER_RTT_printf) for SEGGER_RTT_printf
    main.o(i.ble_evt_dispatch) refers to device_manager_central.o(i.dm_ble_evt_handler) for dm_ble_evt_handler
    main.o(i.ble_evt_dispatch) refers to ble_db_discovery.o(i.ble_db_discovery_on_ble_evt) for ble_db_discovery_on_ble_evt
    main.o(i.ble_evt_dispatch) refers to bsp_btn_ble.o(i.bsp_btn_ble_on_ble_evt) for bsp_btn_ble_on_ble_evt
    main.o(i.ble_evt_dispatch) refers to main.o(i.on_ble_evt) for on_ble_evt
    main.o(i.ble_evt_dispatch) refers to main.o(.data) for connected
    main.o(i.ble_evt_dispatch) refers to main.o(.bss) for m_ble_db_discovery
    main.o(i.ble_stack_init) refers to segger_rtt_printf.o(i.SEGGER_RTT_printf) for SEGGER_RTT_printf
    main.o(i.ble_stack_init) refers to softdevice_handler.o(i.softdevice_handler_init) for softdevice_handler_init
    main.o(i.ble_stack_init) refers to app_error.o(i.app_error_handler_bare) for app_error_handler_bare
    main.o(i.ble_stack_init) refers to softdevice_handler.o(i.softdevice_enable_get_default_config) for softdevice_enable_get_default_config
    main.o(i.ble_stack_init) refers to softdevice_handler.o(i.sd_check_ram_start) for sd_check_ram_start
    main.o(i.ble_stack_init) refers to softdevice_handler.o(i.softdevice_enable) for softdevice_enable
    main.o(i.ble_stack_init) refers to softdevice_handler.o(i.softdevice_ble_evt_handler_set) for softdevice_ble_evt_handler_set
    main.o(i.ble_stack_init) refers to softdevice_handler.o(i.softdevice_sys_evt_handler_set) for softdevice_sys_evt_handler_set
    main.o(i.ble_stack_init) refers to main.o(.constdata) for .constdata
    main.o(i.ble_stack_init) refers to main.o(.bss) for BLE_EVT_BUFFER
    main.o(i.ble_stack_init) refers to main.o(i.ble_evt_dispatch) for ble_evt_dispatch
    main.o(i.ble_stack_init) refers to main.o(i.sys_evt_dispatch) for sys_evt_dispatch
    main.o(i.bsp_event_handler) refers to main.o(i.sleep_mode_enter) for sleep_mode_enter
    main.o(i.bsp_event_handler) refers to segger_rtt_printf.o(i.SEGGER_RTT_printf) for SEGGER_RTT_printf
    main.o(i.bsp_event_handler) refers to app_error.o(i.app_error_handler_bare) for app_error_handler_bare
    main.o(i.bsp_event_handler) refers to main.o(i.whitelist_disable) for whitelist_disable
    main.o(i.bsp_event_handler) refers to main.o(.data) for m_conn_handle
    main.o(i.buttons_leds_init) refers to bsp.o(i.bsp_init) for bsp_init
    main.o(i.buttons_leds_init) refers to segger_rtt_printf.o(i.SEGGER_RTT_printf) for SEGGER_RTT_printf
    main.o(i.buttons_leds_init) refers to app_error.o(i.app_error_handler_bare) for app_error_handler_bare
    main.o(i.buttons_leds_init) refers to bsp_btn_ble.o(i.bsp_btn_ble_init) for bsp_btn_ble_init
    main.o(i.buttons_leds_init) refers to main.o(i.bsp_event_handler) for bsp_event_handler
    main.o(i.db_disc_handler) refers to ble_hrs_c.o(i.ble_hrs_on_db_disc_evt) for ble_hrs_on_db_disc_evt
    main.o(i.db_disc_handler) refers to ble_bas_c.o(i.ble_bas_on_db_disc_evt) for ble_bas_on_db_disc_evt
    main.o(i.db_disc_handler) refers to main.o(.bss) for m_ble_hrs_c
    main.o(i.db_discovery_init) refers to ble_db_discovery.o(i.ble_db_discovery_init) for ble_db_discovery_init
    main.o(i.db_discovery_init) refers to segger_rtt_printf.o(i.SEGGER_RTT_printf) for SEGGER_RTT_printf
    main.o(i.db_discovery_init) refers to app_error.o(i.app_error_handler_bare) for app_error_handler_bare
    main.o(i.db_discovery_init) refers to main.o(i.db_disc_handler) for db_disc_handler
    main.o(i.device_manager_event_handler) refers to segger_rtt_printf.o(i.SEGGER_RTT_printf) for SEGGER_RTT_printf
    main.o(i.device_manager_event_handler) refers to bsp.o(i.bsp_indication_set) for bsp_indication_set
    main.o(i.device_manager_event_handler) refers to app_error.o(i.app_error_handler_bare) for app_error_handler_bare
    main.o(i.device_manager_event_handler) refers to device_manager_central.o(i.dm_security_setup_req) for dm_security_setup_req
    main.o(i.device_manager_event_handler) refers to main.o(i.scan_start) for scan_start
    main.o(i.device_manager_event_handler) refers to segger_rtt.o(i.SEGGER_RTT_WaitKey) for SEGGER_RTT_WaitKey
    main.o(i.device_manager_event_handler) refers to nrf_log.o(i.log_rtt_printf) for log_rtt_printf
    main.o(i.device_manager_event_handler) refers to rt_memclr.o(.text) for __aeabi_memclr
    main.o(i.device_manager_event_handler) refers to ble_db_discovery.o(i.ble_db_discovery_start) for ble_db_discovery_start
    main.o(i.device_manager_event_handler) refers to main.o(.data) for m_conn_handle
    main.o(i.device_manager_event_handler) refers to main.o(.bss) for m_ble_db_discovery
[...]
    power_manage                             0x00021b51   Thumb Code    34  main.o(i.power_manage)
    i.pstorage_access_status_get             0x00021b88   Section        0  pstorage.o(i.pstorage_access_status_get)
    i.pstorage_block_identifier_get          0x00021bb4   Section        0  pstorage.o(i.pstorage_block_identifier_get)
    i.pstorage_clear                         0x00021c54   Section        0  pstorage.o(i.pstorage_clear)
    i.pstorage_flash_page_end                0x00021d74   Section        0  pstorage.o(i.pstorage_flash_page_end)
    pstorage_flash_page_end                  0x00021d75   Thumb Code    30  pstorage.o(i.pstorage_flash_page_end)
    i.pstorage_flash_page_size               0x00021d92   Section        0  pstorage.o(i.pstorage_flash_page_size)
    pstorage_flash_page_size                 0x00021d93   Thumb Code    10  pstorage.o(i.pstorage_flash_page_size)
    i.pstorage_init                          0x00021d9c   Section        0  pstorage.o(i.pstorage_init)
    i.pstorage_load                          0x00021e2c   Section        0  pstorage.o(i.pstorage_load)
    i.pstorage_register                      0x00021f20   Section        0  pstorage.o(i.pstorage_register)
    i.pstorage_store                         0x00022030   Section        0  pstorage.o(i.pstorage_store)
    i.pstorage_sys_event_handler             0x0002210c   Section        0  pstorage.o(i.pstorage_sys_event_handler)
    i.pstorage_update                        0x00022154   Section        0  pstorage.o(i.pstorage_update)
    i.ram_end_address_get                    0x00022230   Section        0  softdevice_handler.o(i.ram_end_address_get)
    ram_end_address_get                      0x00022231   Thumb Code    16  softdevice_handler.o(i.ram_end_address_get)
    i.registered_handler_get                 0x00022244   Section        0  ble_db_discovery.o(i.registered_handler_get)
    registered_handler_get                   0x00022245   Thumb Code    52  ble_db_discovery.o(i.registered_handler_get)
    i.rtc1_compare0_set                      0x00022284   Section        0  app_timer.o(i.rtc1_compare0_set)
    rtc1_compare0_set                        0x00022285   Thumb Code     6  app_timer.o(i.rtc1_compare0_set)
    i.rtc1_counter_get                       0x00022290   Section        0  app_timer.o(i.rtc1_counter_get)
    rtc1_counter_get                         0x00022291   Thumb Code     6  app_timer.o(i.rtc1_counter_get)
    i.rtc1_init                              0x0002229c   Section        0  app_timer.o(i.rtc1_init)
    rtc1_init                                0x0002229d   Thumb Code    18  app_timer.o(i.rtc1_init)
    i.rtc1_start                             0x000222b4   Section        0  app_timer.o(i.rtc1_start)
    rtc1_start                               0x000222b5   Thumb Code    48  app_timer.o(i.rtc1_start)
    i.rtc1_stop                              0x000222f0   Section        0  app_timer.o(i.rtc1_stop)
    rtc1_stop                                0x000222f1   Thumb Code    68  app_timer.o(i.rtc1_stop)
    i.rx_byte                                0x00022348   Section        0  nrf_drv_uart.o(i.rx_byte)
    rx_byte                                  0x00022349   Thumb Code    68  nrf_drv_uart.o(i.rx_byte)
    i.rx_done_event                          0x00022398   Section        0  nrf_drv_uart.o(i.rx_done_event)
    rx_done_event                            0x00022399   Thumb Code    30  nrf_drv_uart.o(i.rx_done_event)
    i.scan_start                             0x000223bc   Section        0  main.o(i.scan_start)
    scan_start                               0x000223bd   Thumb Code   282  main.o(i.scan_start)
    i.sd_check_ram_start                     0x00022500   Section        0  softdevice_handler.o(i.sd_check_ram_start)
    i.sd_nvic_EnableIRQ                      0x00022594   Section        0  softdevice_handler.o(i.sd_nvic_EnableIRQ)
    sd_nvic_EnableIRQ                        0x00022595   Thumb Code   190  softdevice_handler.o(i.sd_nvic_EnableIRQ)
    i.sleep_mode_enter                       0x00022664   Section        0  main.o(i.sleep_mode_enter)
    sleep_mode_enter                         0x00022665   Thumb Code   100  main.o(i.sleep_mode_enter)
    i.sm_state_change                        0x000226dc   Section        0  pstorage.o(i.sm_state_change)
    sm_state_change                          0x000226dd   Thumb Code    14  pstorage.o(i.sm_state_change)
    i.softdevice_ble_evt_handler_set         0x000226f0   Section        0  softdevice_handler.o(i.softdevice_ble_evt_handler_set)
    i.softdevice_enable                      0x00022708   Section        0  softdevice_handler.o(i.softdevice_enable)
    i.softdevice_enable_get_default_config   0x0002280c   Section        0  softdevice_handler.o(i.softdevice_enable_get_default_config)
    i.softdevice_fault_handler               0x00022838   Section        0  softdevice_handler.o(i.softdevice_fault_handler)
    i.softdevice_handler_init                0x0002284c   Section        0  softdevice_handler.o(i.softdevice_handler_init)
    i.softdevice_sys_evt_handler_set         0x000228b0   Section        0  softdevice_handler.o(i.softdevice_sys_evt_handler_set)
    i.startup_event_extract                  0x000228c8   Section        0  bsp_btn_ble.o(i.startup_event_extract)
    startup_event_extract                    0x000228c9   Thumb Code    76  bsp_btn_ble.o(i.startup_event_extract)
    i.state_data_erase_entry_run             0x00022914   Section        0  pstorage.o(i.state_data_erase_entry_run)
    state_data_erase_entry_run               0x00022915   Thumb Code    12  pstorage.o(i.state_data_erase_entry_run)
    i.state_data_erase_swap_entry_run        0x00022924   Section        0  pstorage.o(i.state_data_erase_swap_entry_run)
    state_data_erase_swap_entry_run          0x00022925   Thumb Code   124  pstorage.o(i.state_data_erase_swap_entry_run)
    i.state_entry_action_run                 0x000229b0   Section        0  pstorage.o(i.state_entry_action_run)
    state_entry_action_run                   0x000229b1   Thumb Code    52  pstorage.o(i.state_entry_action_run)
    i.state_erase_data_page_entry_run        0x000229e8   Section        0  pstorage.o(i.state_erase_data_page_entry_run)
    state_erase_data_page_entry_run          0x000229e9   Thumb Code    12  pstorage.o(i.state_erase_data_page_entry_run)
    i.state_idle_entry_run                   0x000229f8   Section        0  pstorage.o(i.state_idle_entry_run)
    state_idle_entry_run                     0x000229f9   Thumb Code    18  pstorage.o(i.state_idle_entry_run)
    i.state_restore_head_entry_run           0x00022a14   Section        0  pstorage.o(i.state_restore_head_entry_run)
    state_restore_head_entry_run             0x00022a15   Thumb Code    44  pstorage.o(i.state_restore_head_entry_run)
    i.state_restore_tail_entry_run           0x00022a48   Section        0  pstorage.o(i.state_restore_tail_entry_run)
    state_restore_tail_entry_run             0x00022a49   Thumb Code    80  pstorage.o(i.state_restore_tail_entry_run)
    i.state_store_entry_run                  0x00022aa0   Section        0  pstorage.o(i.state_store_entry_run)
    state_store_entry_run                    0x00022aa1   Thumb Code     8  pstorage.o(i.state_store_entry_run)
    i.state_swap_erase_entry_run             0x00022aa8   Section        0  pstorage.o(i.state_swap_erase_entry_run)
    state_swap_erase_entry_run               0x00022aa9   Thumb Code    30  pstorage.o(i.state_swap_erase_entry_run)
    i.state_write_data_swap_entry_run        0x00022ac8   Section        0  pstorage.o(i.state_write_data_swap_entry_run)
    state_write_data_swap_entry_run          0x00022ac9   Thumb Code    50  pstorage.o(i.state_write_data_swap_entry_run)
    i.storage_operation_dummy_handler        0x00022b00   Section        0  device_manager_central.o(i.storage_operation_dummy_handler)
    storage_operation_dummy_handler          0x00022b01   Thumb Code     8  device_manager_central.o(i.storage_operation_dummy_handler)
    i.store_cmd_flash_write_execute          0x00022b08   Section        0  pstorage.o(i.store_cmd_flash_write_execute)
    store_cmd_flash_write_execute            0x00022b09   Thumb Code    94  pstorage.o(i.store_cmd_flash_write_execute)
    i.store_operation_execute                0x00022b70   Section        0  pstorage.o(i.store_operation_execute)
    store_operation_execute                  0x00022b71   Thumb Code    10  pstorage.o(i.store_operation_execute)
    i.store_sub_state_sm_run                 0x00022b7c   Section        0  pstorage.o(i.store_sub_state_sm_run)
    store_sub_state_sm_run                   0x00022b7d   Thumb Code    60  pstorage.o(i.store_sub_state_sm_run)
    i.swap_erase_state_run                   0x00022bc4   Section        0  pstorage.o(i.swap_erase_state_run)
    swap_erase_state_run                     0x00022bc5   Thumb Code    26  pstorage.o(i.swap_erase_state_run)
    i.swap_sub_sm_exit_action_run            0x00022be4   Section        0  pstorage.o(i.swap_sub_sm_exit_action_run)
    swap_sub_sm_exit_action_run              0x00022be5   Thumb Code     8  pstorage.o(i.swap_sub_sm_exit_action_run)
    i.swap_sub_state_entry_action_run        0x00022bec   Section        0  pstorage.o(i.swap_sub_state_entry_action_run)
    swap_sub_state_entry_action_run          0x00022bed   Thumb Code    16  pstorage.o(i.swap_sub_state_entry_action_run)
    i.swap_sub_state_err_busy_process        0x00022c04   Section        0  pstorage.o(i.swap_sub_state_err_busy_process)
    swap_sub_state_err_busy_process          0x00022c05   Thumb Code    24  pstorage.o(i.swap_sub_state_err_busy_process)
    i.swap_sub_state_sm_run                  0x00022c24   Section        0  pstorage.o(i.swap_sub_state_sm_run)
    swap_sub_state_sm_run                    0x00022c25   Thumb Code    16  pstorage.o(i.swap_sub_state_sm_run)
    i.swap_sub_state_state_change            0x00022c3c   Section        0  pstorage.o(i.swap_sub_state_state_change)
    swap_sub_state_state_change              0x00022c3d   Thumb Code    14  pstorage.o(i.swap_sub_state_state_change)
    i.sys_evt_dispatch                       0x00022c50   Section        0  main.o(i.sys_evt_dispatch)
    sys_evt_dispatch                         0x00022c51   Thumb Code    18  main.o(i.sys_evt_dispatch)
    i.tail_restore_state_run                 0x00022c64   Section        0  pstorage.o(i.tail_restore_state_run)
    tail_restore_state_run                   0x00022c65   Thumb Code    24  pstorage.o(i.tail_restore_state_run)
    i.tail_word_size_calculate               0x00022c80   Section        0  pstorage.o(i.tail_word_size_calculate)
    tail_word_size_calculate                 0x00022c81   Thumb Code    70  pstorage.o(i.tail_word_size_calculate)
    i.ticks_diff_get                         0x00022ccc   Section        0  app_timer.o(i.ticks_diff_get)
    ticks_diff_get                           0x00022ccd   Thumb Code    10  app_timer.o(i.ticks_diff_get)
    i.timeout_handler_exec                   0x00022cd8   Section        0  app_timer.o(i.timeout_handler_exec)
    timeout_handler_exec                     0x00022cd9   Thumb Code    58  app_timer.o(i.timeout_handler_exec)
    i.timer_list_handler                     0x00022d2c   Section        0  app_timer.o(i.timer_list_handler)
    timer_list_handler                       0x00022d2d   Thumb Code    72  app_timer.o(i.timer_list_handler)
    i.timer_list_handler_sched               0x00022d80   Section        0  app_timer.o(i.timer_list_handler_sched)
    timer_list_handler_sched                 0x00022d81   Thumb Code    10  app_timer.o(i.timer_list_handler_sched)
    i.timer_list_insert                      0x00022d8c   Section        0  app_timer.o(i.timer_list_insert)
    timer_list_insert                        0x00022d8d   Thumb Code    98  app_timer.o(i.timer_list_insert)
    i.timer_list_remove                      0x00022df4   Section        0  app_timer.o(i.timer_list_remove)
    timer_list_remove                        0x00022df5   Thumb Code    90  app_timer.o(i.timer_list_remove)
    i.timer_start_op_schedule                0x00022e60   Section        0  app_timer.o(i.timer_start_op_schedule)
    timer_start_op_schedule                  0x00022e61   Thumb Code    86  app_timer.o(i.timer_start_op_schedule)
    i.timer_stop_op_schedule                 0x00022ebc   Section        0  app_timer.o(i.timer_stop_op_schedule)
    timer_stop_op_schedule                   0x00022ebd   Thumb Code    58  app_timer.o(i.timer_stop_op_schedule)
    i.timer_timeouts_check                   0x00022efc   Section        0  app_timer.o(i.timer_timeouts_check)
    timer_timeouts_check                     0x00022efd   Thumb Code   130  app_timer.o(i.timer_timeouts_check)
    i.timer_timeouts_check_sched             0x00022f94   Section        0  app_timer.o(i.timer_timeouts_check_sched)
    timer_timeouts_check_sched               0x00022f95   Thumb Code    10  app_timer.o(i.timer_timeouts_check_sched)
    i.tx_byte                                0x00022fa0   Section        0  nrf_drv_uart.o(i.tx_byte)
    tx_byte                                  0x00022fa1   Thumb Code    42  nrf_drv_uart.o(i.tx_byte)
    i.tx_done_event                          0x00022fd8   Section        0  nrf_drv_uart.o(i.tx_done_event)
    tx_done_event                            0x00022fd9   Thumb Code    38  nrf_drv_uart.o(i.tx_done_event)
    i.uart_irq_handler                       0x00023004   Section        0  nrf_drv_uart.o(i.uart_irq_handler)
    uart_irq_handler                         0x00023005   Thumb Code   342  nrf_drv_uart.o(i.uart_irq_handler)
    i.uarte_irq_handler                      0x00023164   Section        0  nrf_drv_uart.o(i.uarte_irq_handler)
    uarte_irq_handler                        0x00023165   Thumb Code   286  nrf_drv_uart.o(i.uarte_irq_handler)
    i.update_operation_execute               0x00023290   Section        0  pstorage.o(i.update_operation_execute)
    update_operation_execute                 0x00023291   Thumb Code     8  pstorage.o(i.update_operation_execute)
    i.update_status_bit_reset                0x00023298   Section        0  device_manager_central.o(i.update_status_bit_reset)
    update_status_bit_reset                  0x00023299   Thumb Code    16  device_manager_central.o(i.update_status_bit_reset)
    i.user_id_get                            0x000232ac   Section        0  app_timer.o(i.user_id_get)
    user_id_get                              0x000232ad   Thumb Code    78  app_timer.o(i.user_id_get)
    i.user_op_alloc                          0x00023304   Section        0  app_timer.o(i.user_op_alloc)
    user_op_alloc                            0x00023305   Thumb Code    48  app_timer.o(i.user_op_alloc)
    i.user_op_enque                          0x00023334   Section        0  app_timer.o(i.user_op_enque)
    user_op_enque                            0x00023335   Thumb Code     4  app_timer.o(i.user_op_enque)
    i.whitelist_disable                      0x00023338   Section        0  main.o(i.whitelist_disable)
    whitelist_disable                        0x00023339   Thumb Code    72  main.o(i.whitelist_disable)
    x$fpl$fpinit                             0x0002339c   Section       10  fpinit.o(x$fpl$fpinit)
    $v0                                      0x0002339c   Number         0  fpinit.o(x$fpl$fpinit)
    .constdata                               0x000233a8   Section       12  main.o(.constdata)
    m_connection_param                       0x000233a8   Data           8  main.o(.constdata)
    .constdata                               0x000233b4   Section       60  bsp.o(.constdata)
    m_leds_timer_id                          0x000233b4   Data           4  bsp.o(.constdata)
    m_alert_timer_id                         0x000233b8   Data           4  bsp.o(.constdata)
    m_button_timer_id                        0x000233bc   Data           4  bsp.o(.constdata)
    m_buttons_list                           0x000233c0   Data          16  bsp.o(.constdata)
    app_buttons                              0x000233d0   Data          32  bsp.o(.constdata)
    .constdata                               0x000233f0   Section       52  device_manager_central.o(.constdata)
    .constdata                               0x00023424   Section       40  pstorage.o(.constdata)
    swap_sub_state_sm_lut                    0x00023424   Data          20  pstorage.o(.constdata)
    swap_sub_state_sm_lut                    0x00023438   Data          20  pstorage.o(.constdata)
    .constdata                               0x0002344c   Section        8  app_button.o(.constdata)
    m_detection_delay_timer_id               0x0002344c   Data           4  app_button.o(.constdata)
    .constdata                               0x00023454   Section       16  segger_rtt_printf.o(.constdata)
    _aV2C                                    0x00023454   Data          16  segger_rtt_printf.o(.constdata)
    .conststring                             0x00023464   Section      263  ble_db_discovery.o(.conststring)
    .data                                    0x20001eb0   Section       13  main.o(.data)
    m_dm_app_id                              0x20001eb0   Data           1  main.o(.data)
    m_dm_device_handle                       0x20001eb1   Data           4  main.o(.data)
    m_peer_count                             0x20001eb5   Data           1  main.o(.data)
    m_scan_mode                              0x20001eb6   Data           1  main.o(.data)
    m_conn_handle                            0x20001eb8   Data           2  main.o(.data)
    m_whitelist_temporarily_disabled         0x20001eba   Data           1  main.o(.data)
    connected                                0x20001ebb   Data           1  main.o(.data)
    m_memory_access_in_progress              0x20001ebc   Data           1  main.o(.data)
    .data                                    0x20001ec0   Section       25  bsp.o(.data)
    m_stable_state                           0x20001ec0   Data           1  bsp.o(.data)
    m_app_ticks_per_100ms                    0x20001ec4   Data           4  bsp.o(.data)
    m_indication_type                        0x20001ec8   Data           4  bsp.o(.data)
    m_alert_mask                             0x20001ecc   Data           4  bsp.o(.data)
    m_registered_callback                    0x20001ed0   Data           4  bsp.o(.data)
    current_long_push_pin_no                 0x20001ed4   Data           1  bsp.o(.data)
    release_event_at_push                    0x20001ed5   Data           4  bsp.o(.data)
    .data                                    0x20001edc   Section        8  bsp_btn_ble.o(.data)
    m_error_handler                          0x20001edc   Data           4  bsp_btn_ble.o(.data)
    m_num_connections                        0x20001ee0   Data           4  bsp_btn_ble.o(.data)
    .data                                    0x20001ee4   Section       13  ble_db_discovery.o(.data)
    m_evt_handler                            0x20001ee4   Data           4  ble_db_discovery.o(.data)
    m_pending_usr_evt_index                  0x20001ee8   Data           4  ble_db_discovery.o(.data)
    m_num_of_handlers_reg                    0x20001eec   Data           4  ble_db_discovery.o(.data)
    m_initialized                            0x20001ef0   Data           1  ble_db_discovery.o(.data)
    .data                                    0x20001ef4   Section       13  device_manager_central.o(.data)
    m_storage_handle                         0x20001ef4   Data           8  device_manager_central.o(.data)
    m_peer_addr_update                       0x20001efc   Data           4  device_manager_central.o(.data)
    m_module_initialized                     0x20001f00   Data           1  device_manager_central.o(.data)
    .data                                    0x20001f04   Section       40  pstorage.o(.data)
    m_next_app_instance                      0x20001f04   Data           2  pstorage.o(.data)
    m_next_page_addr                         0x20001f08   Data           4  pstorage.o(.data)
    m_state                                  0x20001f0c   Data           1  pstorage.o(.data)
    m_swap_sub_state                         0x20001f0d   Data           1  pstorage.o(.data)
    m_head_word_size                         0x20001f10   Data           4  pstorage.o(.data)
    m_tail_word_size                         0x20001f14   Data           4  pstorage.o(.data)
    m_current_page_id                        0x20001f18   Data           4  pstorage.o(.data)
    m_num_of_command_retries                 0x20001f1c   Data           4  pstorage.o(.data)
    m_num_of_bytes_written                   0x20001f20   Data           4  pstorage.o(.data)
    m_app_data_size                          0x20001f24   Data           4  pstorage.o(.data)
    m_flags                                  0x20001f28   Data           4  pstorage.o(.data)
    .data                                    0x20001f2c   Section       20  app_button.o(.data)
    mp_buttons                               0x20001f2c   Data           4  app_button.o(.data)
    m_button_count                           0x20001f30   Data           1  app_button.o(.data)
    m_detection_delay                        0x20001f34   Data           4  app_button.o(.data)
    m_pin_state                              0x20001f38   Data           4  app_button.o(.data)
    m_pin_transition                         0x20001f3c   Data           4  app_button.o(.data)
    .data                                    0x20001f40   Section       34  app_timer.o(.data)
    m_user_array_size                        0x20001f40   Data           1  app_timer.o(.data)
    mp_users                                 0x20001f44   Data           4  app_timer.o(.data)
    mp_timer_id_head                         0x20001f48   Data           4  app_timer.o(.data)
    m_ticks_latest                           0x20001f4c   Data           4  app_timer.o(.data)
    m_ticks_elapsed                          0x20001f50   Data           8  app_timer.o(.data)
    m_ticks_elapsed_q_read_ind               0x20001f58   Data           1  app_timer.o(.data)
    m_ticks_elapsed_q_write_ind              0x20001f59   Data           1  app_timer.o(.data)
    m_evt_schedule_func                      0x20001f5c   Data           4  app_timer.o(.data)
    m_rtc1_running                           0x20001f60   Data           1  app_timer.o(.data)
    m_rtc1_reset                             0x20001f61   Data           1  app_timer.o(.data)
    .data                                    0x20001f62   Section        4  nrf_log.o(.data)
    initialized                              0x20001f62   Data           1  nrf_log.o(.data)
    hex_string                               0x20001f63   Data           3  nrf_log.o(.data)
    .data                                    0x20001f68   Section       24  softdevice_handler.o(.data)
    m_evt_schedule_func                      0x20001f68   Data           4  softdevice_handler.o(.data)
    m_softdevice_enabled                     0x20001f6c   Data           1  softdevice_handler.o(.data)
    mp_ble_evt_buffer                        0x20001f70   Data           4  softdevice_handler.o(.data)
    m_ble_evt_buffer_size                    0x20001f74   Data           2  softdevice_handler.o(.data)
    m_ble_evt_handler                        0x20001f78   Data           4  softdevice_handler.o(.data)
    m_sys_evt_handler                        0x20001f7c   Data           4  softdevice_handler.o(.data)
    .data                                    0x20001f80   Section        4  system_nrf52.o(.data)
    __tagsym$$used                           0x20001f80   Number         0  system_nrf52.o(.data)
    .bss                                     0x20001f84   Section      852  main.o(.bss)
    m_ble_db_discovery                       0x20001f84   Data         428  main.o(.bss)
    m_ble_hrs_c                              0x20002130   Data          12  main.o(.bss)
    m_ble_bas_c                              0x2000213c   Data          12  main.o(.bss)
    m_scan_param                             0x20002148   Data          16  main.o(.bss)
    BLE_EVT_BUFFER                           0x20002158   Data          72  main.o(.bss)
    APP_TIMER_BUF                            0x200021a0   Data         312  main.o(.bss)
    .bss                                     0x200022d8   Section      108  bsp.o(.bss)
    m_leds_timer_id_data                     0x200022d8   Data          32  bsp.o(.bss)
    m_alert_timer_id_data                    0x200022f8   Data          32  bsp.o(.bss)
    m_events_list                            0x20002318   Data          12  bsp.o(.bss)
    m_button_timer_id_data                   0x20002324   Data          32  bsp.o(.bss)
    .bss                                     0x20002344   Section      504  ble_db_discovery.o(.bss)
    m_registered_handlers                    0x20002344   Data          24  ble_db_discovery.o(.bss)
    m_pending_user_evts                      0x2000235c   Data         480  ble_db_discovery.o(.bss)
    .bss                                     0x2000253c   Section      283  device_manager_central.o(.bss)
    m_app_context_table                      0x2000253c   Data          28  device_manager_central.o(.bss)
    m_peer_table                             0x20002558   Data         168  device_manager_central.o(.bss)
    m_bond_table                             0x20002600   Data          28  device_manager_central.o(.bss)
    m_gatts_table                            0x2000261c   Data          12  device_manager_central.o(.bss)
    m_connection_table                       0x20002628   Data          12  device_manager_central.o(.bss)
    m_application_table                      0x20002634   Data          12  device_manager_central.o(.bss)
    m_local_id_info                          0x20002640   Data          23  device_manager_central.o(.bss)
    .bss                                     0x20002658   Section       88  nrf_drv_gpiote.o(.bss)
    m_cb                                     0x20002658   Data          88  nrf_drv_gpiote.o(.bss)
    .bss                                     0x200026b0   Section       32  nrf_drv_uart.o(.bss)
    m_cb                                     0x200026b0   Data          32  nrf_drv_uart.o(.bss)
    .bss                                     0x200026d0   Section      216  pstorage.o(.bss)
    m_cmd_queue                              0x200026d0   Data         204  pstorage.o(.bss)
    m_app_table                              0x2000279c   Data          12  pstorage.o(.bss)
    .bss                                     0x200027a8   Section       32  app_button.o(.bss)
    m_detection_delay_timer_id_data          0x200027a8   Data          32  app_button.o(.bss)
    .bss                                     0x200027c8   Section     1051  nrf_log.o(.bss)
    buf_normal_up                            0x200027c8   Data        1024  nrf_log.o(.bss)
    buf_down                                 0x20002bc8   Data          16  nrf_log.o(.bss)
    hex_string                               0x20002bd8   Data          11  nrf_log.o(.bss)
    .bss                                     0x20002be4   Section     1160  segger_rtt.o(.bss)
    _acUpBuffer                              0x20002be4   Data        1024  segger_rtt.o(.bss)
    _acDownBuffer                            0x20002fe4   Data          16  segger_rtt.o(.bss)
    .bss                                     0x2000306c   Section       12  softdevice_handler.o(.bss)
    .bss                                     0x20003078   Section       96  libspace.o(.bss)
    HEAP                                     0x200030d8   Section        0  arm_startup_nrf52.o(HEAP)
    STACK                                    0x200030d8   Section     8192  arm_startup_nrf52.o(STACK)
    Heap_Mem                                 0x200030d8   Data           0  arm_startup_nrf52.o(HEAP)
    Stack_Mem                                0x200030d8   Data        8192  arm_startup_nrf52.o(STACK)
    __initial_sp                             0x200050d8   Data           0  arm_startup_nrf52.o(STACK)

    Global Symbols

    Symbol Name                              Value     Ov Type        Size  Object(Section)

    BuildAttributes$$THM_ISAv4$E$P$D$K$B$S$7EM$VFPi3$EXTD16$VFPS$VFMA$PE$A:L22UL41UL21$X:L11$S22US41US21$IEEE1$IW$USESV6$~STKCKD$USESV7$~SHL$OTIME$ROPI$EBA8$UX$STANDARDLIB$REQ8$PRES8$EABIv2 0x00000000   Number         0  anon$$obj.o ABSOLUTE
    __ARM_use_no_argv                        0x00000000   Number         0  main.o ABSOLUTE
    __ARM_exceptions_init                     - Undefined Weak Reference
    __alloca_initialize                       - Undefined Weak Reference
    __arm_preinit_                            - Undefined Weak Reference
    __cpp_initialize__aeabi_                  - Undefined Weak Reference
    __cxa_finalize                            - Undefined Weak Reference
    __rt_locale                               - Undefined Weak Reference
    __sigvec_lookup                           - Undefined Weak Reference
    __user_heap_extent                        - Undefined Weak Reference
    _atexit_init                              - Undefined Weak Reference
    _call_atexit_fns                          - Undefined Weak Reference
    _clock_init                               - Undefined Weak Reference
    _fp_trap_init                             - Undefined Weak Reference
    _fp_trap_shutdown                         - Undefined Weak Reference
    _get_lc_collate                           - Undefined Weak Reference
    _get_lc_ctype                             - Undefined Weak Reference
    _get_lc_monetary                          - Undefined Weak Reference
    _get_lc_numeric                           - Undefined Weak Reference
    _get_lc_time                              - Undefined Weak Reference
    _getenv_init                              - Undefined Weak Reference
    _handle_redirection                       - Undefined Weak Reference
    _mutex_acquire                            - Undefined Weak Reference
    _mutex_free                               - Undefined Weak Reference
    _mutex_release                            - Undefined Weak Reference
    _rand_init                                - Undefined Weak Reference
    _signal_finish                            - Undefined Weak Reference
    _signal_init                              - Undefined Weak Reference
    __Vectors_Size                           0x00000400   Number         0  arm_startup_nrf52.o ABSOLUTE
    __Vectors                                0x0001c000   Data           4  arm_startup_nrf52.o(RESET)
    __Vectors_End                            0x0001c400   Data           0  arm_startup_nrf52.o(RESET)
    __main                                   0x0001c401   Thumb Code     8  __main.o(!!!main)
    __scatterload                            0x0001c409   Thumb Code     0  __scatter.o(!!!scatter)
    __scatterload_rt2                        0x0001c409   Thumb Code    44  __scatter.o(!!!scatter)
    __scatterload_rt2_thumb_only             0x0001c409   Thumb Code     0  __scatter.o(!!!scatter)
    __scatterload_null                       0x0001c417   Thumb Code     0  __scatter.o(!!!scatter)
    __scatterload_copy                       0x0001c43d   Thumb Code    26  __scatter_copy.o(!!handler_copy)
    __scatterload_zeroinit                   0x0001c459   Thumb Code    28  __scatter_zi.o(!!handler_zi)
    __rt_lib_init                            0x0001c475   Thumb Code     0  libinit.o(.ARM.Collect$$libinit$$00000000)
    __rt_lib_init_fp_1                       0x0001c477   Thumb Code     0  libinit2.o(.ARM.Collect$$libinit$$00000001)
    __rt_lib_init_alloca_1                   0x0001c47b   Thumb Code     0  libinit2.o(.ARM.Collect$$libinit$$0000002E)
    __rt_lib_init_argv_1                     0x0001c47b   Thumb Code     0  libinit2.o(.ARM.Collect$$libinit$$0000002C)
    __rt_lib_init_atexit_1                   0x0001c47b   Thumb Code     0  libinit2.o(.ARM.Collect$$libinit$$0000001B)
    __rt_lib_init_clock_1                    0x0001c47b   Thumb Code     0  libinit2.o(.ARM.Collect$$libinit$$00000021)
    __rt_lib_init_cpp_1                      0x0001c47b   Thumb Code     0  libinit2.o(.ARM.Collect$$libinit$$00000032)
    __rt_lib_init_exceptions_1               0x0001c47b   Thumb Code     0  libinit2.o(.ARM.Collect$$libinit$$00000030)
    __rt_lib_init_fp_trap_1                  0x0001c47b   Thumb Code     0  libinit2.o(.ARM.Collect$$libinit$$0000001F)
    __rt_lib_init_getenv_1                   0x0001c47b   Thumb Code     0  libinit2.o(.ARM.Collect$$libinit$$00000023)
    __rt_lib_init_heap_1                     0x0001c47b   Thumb Code     0  libinit2.o(.ARM.Collect$$libinit$$0000000A)
    __rt_lib_init_lc_collate_1               0x0001c47b   Thumb Code     0  libinit2.o(.ARM.Collect$$libinit$$00000011)
    __rt_lib_init_lc_ctype_1                 0x0001c47b   Thumb Code     0  libinit2.o(.ARM.Collect$$libinit$$00000013)
    __rt_lib_init_lc_monetary_1              0x0001c47b   Thumb Code     0  libinit2.o(.ARM.Collect$$libinit$$00000015)
    __rt_lib_init_lc_numeric_1               0x0001c47b   Thumb Code     0  libinit2.o(.ARM.Collect$$libinit$$00000017)
    __rt_lib_init_lc_time_1                  0x0001c47b   Thumb Code     0  libinit2.o(.ARM.Collect$$libinit$$00000019)
    __rt_lib_init_preinit_1                  0x0001c47b   Thumb Code     0  libinit2.o(.ARM.Collect$$libinit$$00000004)
    __rt_lib_init_rand_1                     0x0001c47b   Thumb Code     0  libinit2.o(.ARM.Collect$$libinit$$0000000E)
    __rt_lib_init_return                     0x0001c47b   Thumb Code     0  libinit2.o(.ARM.Collect$$libinit$$00000033)
    __rt_lib_init_signal_1                   0x0001c47b   Thumb Code     0  libinit2.o(.ARM.Collect$$libinit$$0000001D)
    __rt_lib_init_stdio_1                    0x0001c47b   Thumb Code     0  libinit2.o(.ARM.Collect$$libinit$$00000025)
    __rt_lib_init_user_alloc_1               0x0001c47b   Thumb Code     0  libinit2.o(.ARM.Collect$$libinit$$0000000C)
    __rt_lib_shutdown                        0x0001c47d   Thumb Code     0  libshutdown.o(.ARM.Collect$$libshutdown$$00000000)
    __rt_lib_shutdown_cpp_1                  0x0001c47f   Thumb Code     0  libshutdown2.o(.ARM.Collect$$libshutdown$$00000002)
    __rt_lib_shutdown_fp_trap_1              0x0001c47f   Thumb Code     0  libshutdown2.o(.ARM.Collect$$libshutdown$$00000007)
    __rt_lib_shutdown_heap_1                 0x0001c47f   Thumb Code     0  libshutdown2.o(.ARM.Collect$$libshutdown$$0000000F)
    __rt_lib_shutdown_return                 0x0001c47f   Thumb Code     0  libshutdown2.o(.ARM.Collect$$libshutdown$$00000010)
    __rt_lib_shutdown_signal_1               0x0001c47f   Thumb Code     0  libshutdown2.o(.ARM.Collect$$libshutdown$$0000000A)
    __rt_lib_shutdown_stdio_1                0x0001c47f   Thumb Code     0  libshutdown2.o(.ARM.Collect$$libshutdown$$00000004)
    __rt_lib_shutdown_user_alloc_1           0x0001c47f   Thumb Code     0  libshutdown2.o(.ARM.Collect$$libshutdown$$0000000C)
    __rt_entry                               0x0001c481   Thumb Code     0  __rtentry.o(.ARM.Collect$$rtentry$$00000000)
    __rt_entry_presh_1                       0x0001c481   Thumb Code     0  __rtentry2.o(.ARM.Collect$$rtentry$$00000002)
    __rt_entry_sh                            0x0001c481   Thumb Code     0  __rtentry4.o(.ARM.Collect$$rtentry$$00000004)
    __rt_entry_li                            0x0001c487   Thumb Code     0  __rtentry2.o(.ARM.Collect$$rtentry$$0000000A)
    __rt_entry_postsh_1                      0x0001c487   Thumb Code     0  __rtentry2.o(.ARM.Collect$$rtentry$$00000009)
    __rt_entry_main                          0x0001c48b   Thumb Code     0  __rtentry2.o(.ARM.Collect$$rtentry$$0000000D)
    __rt_entry_postli_1                      0x0001c48b   Thumb Code     0  __rtentry2.o(.ARM.Collect$$rtentry$$0000000C)
    __rt_exit                                0x0001c493   Thumb Code     0  rtexit.o(.ARM.Collect$$rtexit$$00000000)
    __rt_exit_ls                             0x0001c495   Thumb Code     0  rtexit2.o(.ARM.Collect$$rtexit$$00000003)
    __rt_exit_prels_1                        0x0001c495   Thumb Code     0  rtexit2.o(.ARM.Collect$$rtexit$$00000002)
    __rt_exit_exit                           0x0001c499   Thumb Code     0  rtexit2.o(.ARM.Collect$$rtexit$$00000004)
    __asm___11_app_timer_c_cd27f9c3__nrf_delay_us 0x0001c4a1   Thumb Code   118  app_timer.o(.emb_text)
    Reset_Handler                            0x0001c519   Thumb Code     8  arm_startup_nrf52.o(.text)
    NMI_Handler                              0x0001c521   Thumb Code     2  arm_startup_nrf52.o(.text)
    HardFault_Handler                        0x0001c523   Thumb Code     2  arm_startup_nrf52.o(.text)
    MemoryManagement_Handler                 0x0001c525   Thumb Code     2  arm_startup_nrf52.o(.text)
    BusFault_Handler                         0x0001c527   Thumb Code     2  arm_startup_nrf52.o(.text)
    UsageFault_Handler                       0x0001c529   Thumb Code     2  arm_startup_nrf52.o(.text)
    SVC_Handler                              0x0001c52b   Thumb Code     2  arm_startup_nrf52.o(.text)
    DebugMonitor_Handler                     0x0001c52d   Thumb Code     2  arm_startup_nrf52.o(.text)
    PendSV_Handler                           0x0001c52f   Thumb Code     2  arm_startup_nrf52.o(.text)
    SysTick_Handler                          0x0001c531   Thumb Code     2  arm_startup_nrf52.o(.text)
    CCM_AAR_IRQHandler                       0x0001c533   Thumb Code     0  arm_startup_nrf52.o(.text)
    COMP_LPCOMP_IRQHandler                   0x0001c533   Thumb Code     0  arm_startup_nrf52.o(.text)
    ECB_IRQHandler                           0x0001c533   Thumb Code     0  arm_startup_nrf52.o(.text)
    FPU_IRQHandler                           0x0001c533   Thumb Code     0  arm_startup_nrf52.o(.text)
    I2S_IRQHandler                           0x0001c533   Thumb Code     0  arm_startup_nrf52.o(.text)
    MWU_IRQHandler                           0x0001c533   Thumb Code     0  arm_startup_nrf52.o(.text)
    NFCT_IRQHandler                          0x0001c533   Thumb Code     0  arm_startup_nrf52.o(.text)
    PDM_IRQHandler                           0x0001c533   Thumb Code     0  arm_startup_nrf52.o(.text)
    POWER_CLOCK_IRQHandler                   0x0001c533   Thumb Code     0  arm_startup_nrf52.o(.text)
    PWM0_IRQHandler                          0x0001c533   Thumb Code     0  arm_startup_nrf52.o(.text)
    PWM1_IRQHandler                          0x0001c533   Thumb Code     0  arm_startup_nrf52.o(.text)
    PWM2_IRQHandler                          0x0001c533   Thumb Code     0  arm_startup_nrf52.o(.text)
    QDEC_IRQHandler                          0x0001c533   Thumb Code     0  arm_startup_nrf52.o(.text)
    RADIO_IRQHandler                         0x0001c533   Thumb Code     0  arm_startup_nrf52.o(.text)
    RNG_IRQHandler                           0x0001c533   Thumb Code     0  arm_startup_nrf52.o(.text)
    RTC0_IRQHandler                          0x0001c533   Thumb Code     0  arm_startup_nrf52.o(.text)
    RTC2_IRQHandler                          0x0001c533   Thumb Code     0  arm_startup_nrf52.o(.text)
    SAADC_IRQHandler                         0x0001c533   Thumb Code     0  arm_startup_nrf52.o(.text)
    SPIM0_SPIS0_TWIM0_TWIS0_SPI0_TWI0_IRQHandler 0x0001c533   Thumb Code     0  arm_startup_nrf52.o(.text)
    SPIM1_SPIS1_TWIM1_TWIS1_SPI1_TWI1_IRQHandler 0x0001c533   Thumb Code     0  arm_startup_nrf52.o(.text)
    SPIM2_SPIS2_SPI2_IRQHandler              0x0001c533   Thumb Code     0  arm_startup_nrf52.o(.text)
    SWI1_EGU1_IRQHandler                     0x0001c533   Thumb Code     0  arm_startup_nrf52.o(.text)
    SWI3_EGU3_IRQHandler                     0x0001c533   Thumb Code     0  arm_startup_nrf52.o(.text)
    SWI4_EGU4_IRQHandler                     0x0001c533   Thumb Code     0  arm_startup_nrf52.o(.text)
    SWI5_EGU5_IRQHandler                     0x0001c533   Thumb Code     0  arm_startup_nrf52.o(.text)
    TEMP_IRQHandler                          0x0001c533   Thumb Code     0  arm_startup_nrf52.o(.text)
    TIMER0_IRQHandler                        0x0001c533   Thumb Code     0  arm_startup_nrf52.o(.text)
    TIMER1_IRQHandler                        0x0001c533   Thumb Code     0  arm_startup_nrf52.o(.text)
    TIMER2_IRQHandler                        0x0001c533   Thumb Code     0  arm_startup_nrf52.o(.text)
    TIMER3_IRQHandler                        0x0001c533   Thumb Code     0  arm_startup_nrf52.o(.text)
    TIMER4_IRQHandler                        0x0001c533   Thumb Code     0  arm_startup_nrf52.o(.text)
    WDT_IRQHandler                           0x0001c533   Thumb Code     0  arm_startup_nrf52.o(.text)
    __user_initial_stackheap                 0x0001c535   Thumb Code    10  arm_startup_nrf52.o(.text)
    memcmp                                   0x0001c555   Thumb Code    88  memcmp.o(.text)
    strcpy                                   0x0001c5ad   Thumb Code    72  strcpy.o(.text)
    __aeabi_memcpy                           0x0001c5f5   Thumb Code     0  rt_memcpy_v6.o(.text)
    __rt_memcpy                              0x0001c5f5   Thumb Code   138  rt_memcpy_v6.o(.text)
    _memcpy_lastbytes                        0x0001c65b   Thumb Code     0  rt_memcpy_v6.o(.text)
    __aeabi_memcpy4                          0x0001c67f   Thumb Code     0  rt_memcpy_w.o(.text)
    __aeabi_memcpy8                          0x0001c67f   Thumb Code     0  rt_memcpy_w.o(.text)
    __rt_memcpy_w                            0x0001c67f   Thumb Code   100  rt_memcpy_w.o(.text)
    _memcpy_lastbytes_aligned                0x0001c6c7   Thumb Code     0  rt_memcpy_w.o(.text)
    __aeabi_memclr                           0x0001c6e3   Thumb Code     0  rt_memclr.o(.text)
    __rt_memclr                              0x0001c6e3   Thumb Code    68  rt_memclr.o(.text)
    _memset                                  0x0001c6e7   Thumb Code     0  rt_memclr.o(.text)
    __aeabi_memclr4                          0x0001c727   Thumb Code     0  rt_memclr_w.o(.text)
    __aeabi_memclr8                          0x0001c727   Thumb Code     0  rt_memclr_w.o(.text)
    __rt_memclr_w                            0x0001c727   Thumb Code    78  rt_memclr_w.o(.text)
    _memset_w                                0x0001c72b   Thumb Code     0  rt_memclr_w.o(.text)
    __use_two_region_memory                  0x0001c775   Thumb Code     2  heapauxi.o(.text)
    __rt_heap_escrow                         0x0001c777   Thumb Code     2  heapauxi.o(.text)
    __rt_heap_expand                         0x0001c779   Thumb Code     2  heapauxi.o(.text)
    __user_setup_stackheap                   0x0001c77b   Thumb Code    74  sys_stackheap_outer.o(.text)
    exit                                     0x0001c7c5   Thumb Code    18  exit.o(.text)
    __user_libspace                          0x0001c7d9   Thumb Code     8  libspace.o(.text)
    __user_perproc_libspace                  0x0001c7d9   Thumb Code     0  libspace.o(.text)
    __user_perthread_libspace                0x0001c7d9   Thumb Code     0  libspace.o(.text)
    GPIOTE_IRQHandler                        0x0001c7e1   Thumb Code   420  nrf_drv_gpiote.o(i.GPIOTE_IRQHandler)
    RTC1_IRQHandler                          0x0001ca09   Thumb Code    44  app_timer.o(i.RTC1_IRQHandler)
    SEGGER_RTT_ConfigDownBuffer              0x0001ca3d   Thumb Code   142  segger_rtt.o(i.SEGGER_RTT_ConfigDownBuffer)
    SEGGER_RTT_ConfigUpBuffer                0x0001cad1   Thumb Code   142  segger_rtt.o(i.SEGGER_RTT_ConfigUpBuffer)
    SEGGER_RTT_GetKey                        0x0001cb65   Thumb Code    32  segger_rtt.o(i.SEGGER_RTT_GetKey)
    SEGGER_RTT_Read                          0x0001cb85   Thumb Code    32  segger_rtt.o(i.SEGGER_RTT_Read)
    SEGGER_RTT_ReadNoLock                    0x0001cba5   Thumb Code   148  segger_rtt.o(i.SEGGER_RTT_ReadNoLock)
    SEGGER_RTT_WaitKey                       0x0001cc3d   Thumb Code    14  segger_rtt.o(i.SEGGER_RTT_WaitKey)
    SEGGER_RTT_Write                         0x0001cc4d   Thumb Code    46  segger_rtt.o(i.SEGGER_RTT_Write)
    SEGGER_RTT_WriteNoLock                   0x0001cc81   Thumb Code   126  segger_rtt.o(i.SEGGER_RTT_WriteNoLock)
    SEGGER_RTT_printf                        0x0001cd05   Thumb Code    26  segger_rtt_printf.o(i.SEGGER_RTT_printf)
    SEGGER_RTT_vprintf                       0x0001cd1f   Thumb Code   522  segger_rtt_printf.o(i.SEGGER_RTT_vprintf)
    SWI0_EGU0_IRQHandler                     0x0001cf29   Thumb Code     8  app_timer.o(i.SWI0_EGU0_IRQHandler)
    SWI2_EGU2_IRQHandler                     0x0001cf31   Thumb Code    50  softdevice_handler.o(i.SWI2_EGU2_IRQHandler)
    SystemCoreClockUpdate                    0x0001cf7d   Thumb Code     8  system_nrf52.o(i.SystemCoreClockUpdate)
    SystemInit                               0x0001cf8d   Thumb Code   512  system_nrf52.o(i.SystemInit)
    UARTE0_UART0_IRQHandler                  0x0001d1c1   Thumb Code    20  nrf_drv_uart.o(i.UARTE0_UART0_IRQHandler)
    _sys_exit                                0x0001d53f   Thumb Code     4  rtt_syscalls_keil.o(i._sys_exit)
    app_button_enable                        0x0001d5bd   Thumb Code    34  app_button.o(i.app_button_enable)
    app_button_init                          0x0001d5e9   Thumb Code   132  app_button.o(i.app_button_init)
    app_error_fault_handler                  0x0001d691   Thumb Code    60  app_error_weak.o(i.app_error_fault_handler)
    app_error_handler_bare                   0x0001d6d5   Thumb Code    28  app_error.o(i.app_error_handler_bare)
    app_timer_create                         0x0001d769   Thumb Code    56  app_timer.o(i.app_timer_create)
    app_timer_init                           0x0001d7a5   Thumb Code   154  app_timer.o(i.app_timer_init)
    app_timer_start                          0x0001d85d   Thumb Code    84  app_timer.o(i.app_timer_start)
    app_timer_stop                           0x0001d8b5   Thumb Code    48  app_timer.o(i.app_timer_stop)
    ble_bas_c_handles_assign                 0x0001d8e9   Thumb Code    26  ble_bas_c.o(i.ble_bas_c_handles_assign)
    ble_bas_on_db_disc_evt                   0x0001d903   Thumb Code   150  ble_bas_c.o(i.ble_bas_on_db_disc_evt)
    ble_db_discovery_init                    0x0001d999   Thumb Code    40  ble_db_discovery.o(i.ble_db_discovery_init)
    ble_db_discovery_on_ble_evt              0x0001d9d1   Thumb Code   104  ble_db_discovery.o(i.ble_db_discovery_on_ble_evt)
    ble_db_discovery_start                   0x0001da3d   Thumb Code   146  ble_db_discovery.o(i.ble_db_discovery_start)
    ble_hrs_c_handles_assign                 0x0001db85   Thumb Code    26  ble_hrs_c.o(i.ble_hrs_c_handles_assign)
    ble_hrs_on_db_disc_evt                   0x0001dba1   Thumb Code   154  ble_hrs_c.o(i.ble_hrs_on_db_disc_evt)
    bsp_btn_ble_init                         0x0001ddad   Thumb Code    48  bsp_btn_ble.o(i.bsp_btn_ble_init)
    bsp_btn_ble_on_ble_evt                   0x0001dde5   Thumb Code   110  bsp_btn_ble.o(i.bsp_btn_ble_on_ble_evt)
    bsp_btn_ble_sleep_mode_prepare           0x0001de5d   Thumb Code    28  bsp_btn_ble.o(i.bsp_btn_ble_sleep_mode_prepare)
    bsp_button_is_pressed                    0x0001df55   Thumb Code    46  bsp.o(i.bsp_button_is_pressed)
    bsp_event_handler                        0x0001df8d   Thumb Code    76  main.o(i.bsp_event_handler)
    bsp_event_to_button_action_assign        0x0001dff1   Thumb Code    86  bsp.o(i.bsp_event_to_button_action_assign)
    bsp_indication_set                       0x0001e04d   Thumb Code    28  bsp.o(i.bsp_indication_set)
    bsp_init                                 0x0001e06d   Thumb Code   164  bsp.o(i.bsp_init)
    bsp_wakeup_buttons_set                   0x0001e6d9   Thumb Code    70  bsp.o(i.bsp_wakeup_buttons_set)
    dm_ble_evt_handler                       0x0001f7f5   Thumb Code  1464  device_manager_central.o(i.dm_ble_evt_handler)
    dm_handle_initialize                     0x0001fdbd   Thumb Code    24  device_manager_central.o(i.dm_handle_initialize)
    dm_init                                  0x0001fdd5   Thumb Code   230  device_manager_central.o(i.dm_init)
    dm_register                              0x00020145   Thumb Code    92  device_manager_central.o(i.dm_register)
    dm_security_setup_req                    0x000201a9   Thumb Code   348  device_manager_central.o(i.dm_security_setup_req)
    dm_whitelist_create                      0x00020315   Thumb Code   248  device_manager_central.o(i.dm_whitelist_create)
    initiate_security_request                0x00020a6d   Thumb Code   136  device_manager_central.o(i.initiate_security_request)
    intern_softdevice_events_execute         0x00020afd   Thumb Code   142  softdevice_handler.o(i.intern_softdevice_events_execute)
    log_rtt_init                             0x00020e9d   Thumb Code    64  nrf_log.o(i.log_rtt_init)
    log_rtt_printf                           0x00020ef9   Thumb Code    30  nrf_log.o(i.log_rtt_printf)
    main                                     0x00020f19   Thumb Code   100  main.o(i.main)
    nrf_drv_common_irq_enable                0x00020ff9   Thumb Code    84  nrf_drv_common.o(i.nrf_drv_common_irq_enable)
    nrf_drv_gpiote_in_event_enable           0x00021059   Thumb Code   170  nrf_drv_gpiote.o(i.nrf_drv_gpiote_in_event_enable)
    nrf_drv_gpiote_in_init                   0x00021111   Thumb Code   198  nrf_drv_gpiote.o(i.nrf_drv_gpiote_in_init)
    nrf_drv_gpiote_in_is_set                 0x000211e9   Thumb Code    24  nrf_drv_gpiote.o(i.nrf_drv_gpiote_in_is_set)
    nrf_drv_gpiote_init                      0x00021205   Thumb Code    78  nrf_drv_gpiote.o(i.nrf_drv_gpiote_init)
    nrf_drv_gpiote_is_init                   0x00021259   Thumb Code    16  nrf_drv_gpiote.o(i.nrf_drv_gpiote_is_init)
    pstorage_access_status_get               0x00021b89   Thumb Code    36  pstorage.o(i.pstorage_access_status_get)
    pstorage_block_identifier_get            0x00021bb5   Thumb Code   152  pstorage.o(i.pstorage_block_identifier_get)
    pstorage_clear                           0x00021c55   Thumb Code   278  pstorage.o(i.pstorage_clear)
    pstorage_init                            0x00021d9d   Thumb Code   110  pstorage.o(i.pstorage_init)
    pstorage_load                            0x00021e2d   Thumb Code   234  pstorage.o(i.pstorage_load)
    pstorage_register                        0x00021f21   Thumb Code   256  pstorage.o(i.pstorage_register)
    pstorage_store                           0x00022031   Thumb Code   210  pstorage.o(i.pstorage_store)
    pstorage_sys_event_handler               0x0002210d   Thumb Code    62  pstorage.o(i.pstorage_sys_event_handler)
    pstorage_update                          0x00022155   Thumb Code   210  pstorage.o(i.pstorage_update)
    sd_check_ram_start                       0x00022501   Thumb Code    52  softdevice_handler.o(i.sd_check_ram_start)
    softdevice_ble_evt_handler_set           0x000226f1   Thumb Code    20  softdevice_handler.o(i.softdevice_ble_evt_handler_set)
    softdevice_enable                        0x00022709   Thumb Code    90  softdevice_handler.o(i.softdevice_enable)
    softdevice_enable_get_default_config     0x0002280d   Thumb Code    44  softdevice_handler.o(i.softdevice_enable_get_default_config)
    softdevice_fault_handler                 0x00022839   Thumb Code    20  softdevice_handler.o(i.softdevice_fault_handler)
    softdevice_handler_init                  0x0002284d   Thumb Code    80  softdevice_handler.o(i.softdevice_handler_init)
    softdevice_sys_evt_handler_set           0x000228b1   Thumb Code    20  softdevice_handler.o(i.softdevice_sys_evt_handler_set)
    _fp_init                                 0x0002339d   Thumb Code    10  fpinit.o(x$fpl$fpinit)
    __fplib_config_fpu_vfp                   0x000233a5   Thumb Code     0  fpinit.o(x$fpl$fpinit)
    __fplib_config_pureend_doubles           0x000233a5   Thumb Code     0  fpinit.o(x$fpl$fpinit)
    m_service_context_store                  0x000233f0   Data          16  device_manager_central.o(.constdata)
    m_service_context_load                   0x00023400   Data          16  device_manager_central.o(.constdata)
    m_service_context_apply                  0x00023410   Data          16  device_manager_central.o(.constdata)
    m_context_init_len                       0x00023420   Data           4  device_manager_central.o(.constdata)
    Region$$Table$$Base                      0x0002356c   Number         0  anon$$obj.o(Region$$Table)
    Region$$Table$$Limit                     0x0002358c   Number         0  anon$$obj.o(Region$$Table)
    Image$$RW_IRAM1$$Base                    0x20001eb0   Number         0  anon$$obj.o ABSOLUTE
    SystemCoreClock                          0x20001f80   Data           4  system_nrf52.o(.data)
    _SEGGER_RTT                              0x20002ff4   Data         120  segger_rtt.o(.bss)
    nrf_nvic_state                           0x2000306c   Data          12  softdevice_handler.o(.bss)
    __libspace_start                         0x20003078   Data          96  libspace.o(.bss)
    __temporary_stack_top$libspace           0x200030d8   Data           0  libspace.o(.bss)



==============================================================================

Memory Map of the image

  Image Entry point : 0x0001c401

  Load Region LR_IROM1 (Base: 0x0001c000, Size: 0x00007660, Max: 0x00064000, ABSOLUTE)

    Execution Region ER_IROM1 (Base: 0x0001c000, Size: 0x0000758c, Max: 0x00064000, ABSOLUTE)

    Base Addr    Size         Type   Attr      Idx    E Section Name        Object

    0x0001c000   0x00000400   Data   RO         3333    RESET               arm_startup_nrf52.o
    0x0001c400   0x00000008   Code   RO         3445  * !!!main             c_w.l(__main.o)
    0x0001c408   0x00000034   Code   RO         3743    !!!scatter          c_w.l(__scatter.o)
    0x0001c43c   0x0000001a   Code   RO         3745    !!handler_copy      c_w.l(__scatter_copy.o)
    0x0001c456   0x00000002   PAD
    0x0001c458   0x0000001c   Code   RO         3747    !!handler_zi        c_w.l(__scatter_zi.o)
    0x0001c474   0x00000002   Code   RO         3676    .ARM.Collect$$libinit$$00000000  c_w.l(libinit.o)
    0x0001c476   0x00000004   Code   RO         3562    .ARM.Collect$$libinit$$00000001  c_w.l(libinit2.o)
    0x0001c47a   0x00000000   Code   RO         3565    .ARM.Collect$$libinit$$00000004  c_w.l(libinit2.o)
    0x0001c47a   0x00000000   Code   RO         3568    .ARM.Collect$$libinit$$0000000A  c_w.l(libinit2.o)
    0x0001c47a   0x00000000   Code   RO         3570    .ARM.Collect$$libinit$$0000000C  c_w.l(libinit2.o)
    0x0001c47a   0x00000000   Code   RO         3572    .ARM.Collect$$libinit$$0000000E  c_w.l(libinit2.o)
    0x0001c47a   0x00000000   Code   RO         3575    .ARM.Collect$$libinit$$00000011  c_w.l(libinit2.o)
    0x0001c47a   0x00000000   Code   RO         3577    .ARM.Collect$$libinit$$00000013  c_w.l(libinit2.o)
    0x0001c47a   0x00000000   Code   RO         3579    .ARM.Collect$$libinit$$00000015  c_w.l(libinit2.o)
    0x0001c47a   0x00000000   Code   RO         3581    .ARM.Collect$$libinit$$00000017  c_w.l(libinit2.o)
    0x0001c47a   0x00000000   Code   RO         3583    .ARM.Collect$$libinit$$00000019  c_w.l(libinit2.o)
    0x0001c47a   0x00000000   Code   RO         3585    .ARM.Collect$$libinit$$0000001B  c_w.l(libinit2.o)
    0x0001c47a   0x00000000   Code   RO         3587    .ARM.Collect$$libinit$$0000001D  c_w.l(libinit2.o)
    0x0001c47a   0x00000000   Code   RO         3589    .ARM.Collect$$libinit$$0000001F  c_w.l(libinit2.o)
    0x0001c47a   0x00000000   Code   RO         3591    .ARM.Collect$$libinit$$00000021  c_w.l(libinit2.o)
    0x0001c47a   0x00000000   Code   RO         3593    .ARM.Collect$$libinit$$00000023  c_w.l(libinit2.o)
    0x0001c47a   0x00000000   Code   RO         3595    .ARM.Collect$$libinit$$00000025  c_w.l(libinit2.o)
    0x0001c47a   0x00000000   Code   RO         3599    .ARM.Collect$$libinit$$0000002C  c_w.l(libinit2.o)
    0x0001c47a   0x00000000   Code   RO         3601    .ARM.Collect$$libinit$$0000002E  c_w.l(libinit2.o)
    0x0001c47a   0x00000000   Code   RO         3603    .ARM.Collect$$libinit$$00000030  c_w.l(libinit2.o)
    0x0001c47a   0x00000000   Code   RO         3605    .ARM.Collect$$libinit$$00000032  c_w.l(libinit2.o)
    0x0001c47a   0x00000002   Code   RO         3606    .ARM.Collect$$libinit$$00000033  c_w.l(libinit2.o)
    0x0001c47c   0x00000002   Code   RO         3740    .ARM.Collect$$libshutdown$$00000000  c_w.l(libshutdown.o)
    0x0001c47e   0x00000000   Code   RO         3608    .ARM.Collect$$libshutdown$$00000002  c_w.l(libshutdown2.o)
    0x0001c47e   0x00000000   Code   RO         3610    .ARM.Collect$$libshutdown$$00000004  c_w.l(libshutdown2.o)
    0x0001c47e   0x00000000   Code   RO         3613    .ARM.Collect$$libshutdown$$00000007  c_w.l(libshutdown2.o)
    0x0001c47e   0x00000000   Code   RO         3616    .ARM.Collect$$libshutdown$$0000000A  c_w.l(libshutdown2.o)
    0x0001c47e   0x00000000   Code   RO         3618    .ARM.Collect$$libshutdown$$0000000C  c_w.l(libshutdown2.o)
    0x0001c47e   0x00000000   Code   RO         3621    .ARM.Collect$$libshutdown$$0000000F  c_w.l(libshutdown2.o)
    0x0001c47e   0x00000002   Code   RO         3622    .ARM.Collect$$libshutdown$$00000010  c_w.l(libshutdown2.o)
    0x0001c480   0x00000000   Code   RO         3447    .ARM.Collect$$rtentry$$00000000  c_w.l(__rtentry.o)
    0x0001c480   0x00000000   Code   RO         3464    .ARM.Collect$$rtentry$$00000002  c_w.l(__rtentry2.o)
    0x0001c480   0x00000006   Code   RO         3476    .ARM.Collect$$rtentry$$00000004  c_w.l(__rtentry4.o)
    0x0001c486   0x00000000   Code   RO         3466    .ARM.Collect$$rtentry$$00000009  c_w.l(__rtentry2.o)
    0x0001c486   0x00000004   Code   RO         3467    .ARM.Collect$$rtentry$$0000000A  c_w.l(__rtentry2.o)
    0x0001c48a   0x00000000   Code   RO         3469    .ARM.Collect$$rtentry$$0000000C  c_w.l(__rtentry2.o)
    0x0001c48a   0x00000008   Code   RO         3470    .ARM.Collect$$rtentry$$0000000D  c_w.l(__rtentry2.o)
    0x0001c492   0x00000002   Code   RO         3682    .ARM.Collect$$rtexit$$00000000  c_w.l(rtexit.o)
    0x0001c494   0x00000000   Code   RO         3708    .ARM.Collect$$rtexit$$00000002  c_w.l(rtexit2.o)
    0x0001c494   0x00000004   Code   RO         3709    .ARM.Collect$$rtexit$$00000003  c_w.l(rtexit2.o)
    0x0001c498   0x00000006   Code   RO         3710    .ARM.Collect$$rtexit$$00000004  c_w.l(rtexit2.o)
    0x0001c49e   0x00000002   PAD
    0x0001c4a0   0x00000076   Code   RO         2569    .emb_text           app_timer.o
    0x0001c516   0x00000002   PAD
    0x0001c518   0x0000003c   Code   RO         3334    .text               arm_startup_nrf52.o
    0x0001c554   0x00000058   Code   RO         3427    .text               c_w.l(memcmp.o)
    0x0001c5ac   0x00000048   Code   RO         3429    .text               c_w.l(strcpy.o)
    0x0001c5f4   0x0000008a   Code   RO         3433    .text               c_w.l(rt_memcpy_v6.o)
    0x0001c67e   0x00000064   Code   RO         3435    .text               c_w.l(rt_memcpy_w.o)
    0x0001c6e2   0x00000044   Code   RO         3437    .text               c_w.l(rt_memclr.o)
    0x0001c726   0x0000004e   Code   RO         3439    .text               c_w.l(rt_memclr_w.o)
    0x0001c774   0x00000006   Code   RO         3443    .text               c_w.l(heapauxi.o)
    0x0001c77a   0x0000004a   Code   RO         3623    .text               c_w.l(sys_stackheap_outer.o)
    0x0001c7c4   0x00000012   Code   RO         3661    .text               c_w.l(exit.o)
    0x0001c7d6   0x00000002   PAD
    0x0001c7d8   0x00000008   Code   RO         3679    .text               c_w.l(libspace.o)
    0x0001c7e0   0x000001b8   Code   RO         1503    i.GPIOTE_IRQHandler  nrf_drv_gpiote.o
    0x0001c998   0x00000018   Code   RO         2570    i.NVIC_ClearPendingIRQ  app_timer.o
    0x0001c9b0   0x00000016   Code   RO         2571    i.NVIC_EnableIRQ    app_timer.o
    0x0001c9c6   0x00000002   PAD
    0x0001c9c8   0x00000018   Code   RO         2572    i.NVIC_SetPendingIRQ  app_timer.o
    0x0001c9e0   0x00000028   Code   RO         2573    i.NVIC_SetPriority  app_timer.o
    0x0001ca08   0x00000034   Code   RO         2574    i.RTC1_IRQHandler   app_timer.o
    0x0001ca3c   0x00000094   Code   RO         3051    i.SEGGER_RTT_ConfigDownBuffer  segger_rtt.o
    0x0001cad0   0x00000094   Code   RO         3052    i.SEGGER_RTT_ConfigUpBuffer  segger_rtt.o
    0x0001cb64   0x00000020   Code   RO         3053    i.SEGGER_RTT_GetKey  segger_rtt.o
    0x0001cb84   0x00000020   Code   RO         3057    i.SEGGER_RTT_Read   segger_rtt.o
    0x0001cba4   0x00000098   Code   RO         3058    i.SEGGER_RTT_ReadNoLock  segger_rtt.o
    0x0001cc3c   0x0000000e   Code   RO         3063    i.SEGGER_RTT_WaitKey  segger_rtt.o
    0x0001cc4a   0x00000002   PAD
    0x0001cc4c   0x00000034   Code   RO         3064    i.SEGGER_RTT_Write  segger_rtt.o
    0x0001cc80   0x00000084   Code   RO         3065    i.SEGGER_RTT_WriteNoLock  segger_rtt.o
    0x0001cd04   0x0000001a   Code   RO         3191    i.SEGGER_RTT_printf  segger_rtt_printf.o
    0x0001cd1e   0x0000020a   Code   RO         3192    i.SEGGER_RTT_vprintf  segger_rtt_printf.o
    0x0001cf28   0x00000008   Code   RO         2575    i.SWI0_EGU0_IRQHandler  app_timer.o
    0x0001cf30   0x0000004c   Code   RO         3228    i.SWI2_EGU2_IRQHandler  softdevice_handler.o
    0x0001cf7c   0x00000010   Code   RO         3341    i.SystemCoreClockUpdate  system_nrf52.o
    0x0001cf8c   0x00000234   Code   RO         3342    i.SystemInit        system_nrf52.o
    0x0001d1c0   0x00000018   Code   RO         1742    i.UARTE0_UART0_IRQHandler  nrf_drv_uart.o
    0x0001d1d8   0x00000070   Code   RO         3068    i._DoInit           segger_rtt.o
    0x0001d248   0x0000001c   Code   RO         3069    i._GetAvailWriteSpace  segger_rtt.o
    0x0001d264   0x000000ec   Code   RO         3193    i._PrintInt         segger_rtt_printf.o
    0x0001d350   0x000000ec   Code   RO         3194    i._PrintUnsigned    segger_rtt_printf.o
    0x0001d43c   0x00000044   Code   RO         3195    i._StoreChar        segger_rtt_printf.o
    0x0001d480   0x00000072   Code   RO         3071    i._WriteBlocking    segger_rtt.o
    0x0001d4f2   0x0000004c   Code   RO         3072    i._WriteNoCheck     segger_rtt.o
    0x0001d53e   0x00000004   Code   RO         2967    i._sys_exit         rtt_syscalls_keil.o
    0x0001d542   0x00000054   Code   RO          442    i.advertising_buttons_configure  bsp_btn_ble.o
    0x0001d596   0x00000002   PAD
    0x0001d598   0x00000024   Code   RO          338    i.alert_timer_handler  bsp.o
    0x0001d5bc   0x0000002c   Code   RO         2360    i.app_button_enable  app_button.o
    0x0001d5e8   0x000000a8   Code   RO         2361    i.app_button_init   app_button.o
    0x0001d690   0x00000044   Code   RO         2461    i.app_error_fault_handler  app_error_weak.o
    0x0001d6d4   0x0000001c   Code   RO         2422    i.app_error_handler_bare  app_error.o
    0x0001d6f0   0x00000020   Code   RO         1081    i.app_evt_notify    device_manager_central.o
    0x0001d710   0x00000030   Code   RO         2028    i.app_notify        pstorage.o
    0x0001d740   0x00000028   Code   RO         2029    i.app_notify_error_state_transit  pstorage.o
    0x0001d768   0x0000003c   Code   RO         2578    i.app_timer_create  app_timer.o
    0x0001d7a4   0x000000b8   Code   RO         2579    i.app_timer_init    app_timer.o
    0x0001d85c   0x00000058   Code   RO         2580    i.app_timer_start   app_timer.o
    0x0001d8b4   0x00000034   Code   RO         2581    i.app_timer_stop    app_timer.o
    0x0001d8e8   0x0000001a   Code   RO          625    i.ble_bas_c_handles_assign  ble_bas_c.o
    0x0001d902   0x00000096   Code   RO          628    i.ble_bas_on_db_disc_evt  ble_bas_c.o
    0x0001d998   0x00000038   Code   RO          823    i.ble_db_discovery_init  ble_db_discovery.o
    0x0001d9d0   0x0000006c   Code   RO          824    i.ble_db_discovery_on_ble_evt  ble_db_discovery.o
    0x0001da3c   0x000000a8   Code   RO          825    i.ble_db_discovery_start  ble_db_discovery.o
    0x0001dae4   0x000000a0   Code   RO            5    i.ble_evt_dispatch  main.o
    0x0001db84   0x0000001a   Code   RO          949    i.ble_hrs_c_handles_assign  ble_hrs_c.o
    0x0001db9e   0x00000002   PAD
    0x0001dba0   0x000000d0   Code   RO          953    i.ble_hrs_on_db_disc_evt  ble_hrs_c.o
    0x0001dc70   0x0000013c   Code   RO            6    i.ble_stack_init    main.o
    0x0001ddac   0x00000038   Code   RO          443    i.bsp_btn_ble_init  bsp_btn_ble.o
    0x0001dde4   0x00000078   Code   RO          444    i.bsp_btn_ble_on_ble_evt  bsp_btn_ble.o
    0x0001de5c   0x0000001c   Code   RO          445    i.bsp_btn_ble_sleep_mode_prepare  bsp_btn_ble.o
    0x0001de78   0x000000dc   Code   RO          339    i.bsp_button_event_handler  bsp.o
    0x0001df54   0x00000038   Code   RO          340    i.bsp_button_is_pressed  bsp.o
    0x0001df8c   0x00000064   Code   RO            7    i.bsp_event_handler  main.o
    0x0001dff0   0x0000005c   Code   RO          344    i.bsp_event_to_button_action_assign  bsp.o
    0x0001e04c   0x00000020   Code   RO          345    i.bsp_indication_set  bsp.o
    0x0001e06c   0x000000d0   Code   RO          347    i.bsp_init          bsp.o
    0x0001e13c   0x0000059c   Code   RO          348    i.bsp_led_indication  bsp.o
    0x0001e6d8   0x00000050   Code   RO          349    i.bsp_wakeup_buttons_set  bsp.o
    0x0001e728   0x0000000e   Code   RO          350    i.button_timer_handler  bsp.o
    0x0001e736   0x00000002   PAD
    0x0001e738   0x0000007c   Code   RO            8    i.buttons_leds_init  main.o
    0x0001e7b4   0x00000020   Code   RO         1504    i.channel_free      nrf_drv_gpiote.o
    0x0001e7d4   0x00000010   Code   RO         1505    i.channel_handler_get  nrf_drv_gpiote.o
    0x0001e7e4   0x00000080   Code   RO         1506    i.channel_port_alloc  nrf_drv_gpiote.o
    0x0001e864   0x0000000c   Code   RO         1507    i.channel_port_get  nrf_drv_gpiote.o
    0x0001e870   0x00000060   Code   RO          826    i.characteristics_discover  ble_db_discovery.o
    0x0001e8d0   0x00000104   Code   RO         2030    i.clear_operation_execute  pstorage.o
    0x0001e9d4   0x00000028   Code   RO         2031    i.clear_post_processing_run  pstorage.o
    0x0001e9fc   0x00000048   Code   RO         2032    i.cmd_process       pstorage.o
    0x0001ea44   0x00000014   Code   RO         2033    i.cmd_queue_dequeue  pstorage.o
    0x0001ea58   0x00000050   Code   RO         2034    i.cmd_queue_element_init  pstorage.o
    0x0001eaa8   0x0000009c   Code   RO         2035    i.cmd_queue_enqueue  pstorage.o
    0x0001eb44   0x00000020   Code   RO         2036    i.cmd_queue_init    pstorage.o
    0x0001eb64   0x00000028   Code   RO         2037    i.command_end_procedure_run  pstorage.o
    0x0001eb8c   0x0000002c   Code   RO         2038    i.command_queue_element_consume  pstorage.o
    0x0001ebb8   0x00000090   Code   RO         2583    i.compare_reg_update  app_timer.o
    0x0001ec48   0x00000054   Code   RO          446    i.connection_buttons_configure  bsp_btn_ble.o
    0x0001ec9c   0x00000048   Code   RO         1082    i.connection_instance_find  device_manager_central.o
    0x0001ece4   0x00000040   Code   RO         1083    i.connection_instance_init  device_manager_central.o
    0x0001ed24   0x0000007c   Code   RO         2039    i.data_page_erase_state_run  pstorage.o
    0x0001eda0   0x00000034   Code   RO         2040    i.data_to_swap_write_state_run  pstorage.o
    0x0001edd4   0x00000020   Code   RO            9    i.db_disc_handler   main.o
    0x0001edf4   0x00000040   Code   RO           10    i.db_discovery_init  main.o
    0x0001ee34   0x000000b6   Code   RO          827    i.descriptors_discover  ble_db_discovery.o
    0x0001eeea   0x00000002   PAD
    0x0001eeec   0x0000008c   Code   RO         2363    i.detection_delay_timeout_handler  app_button.o
    0x0001ef78   0x000000e0   Code   RO         1084    i.device_context_store  device_manager_central.o
    0x0001f058   0x00000088   Code   RO         1085    i.device_instance_allocate  device_manager_central.o
    0x0001f0e0   0x00000040   Code   RO         1086    i.device_instance_find  device_manager_central.o
    0x0001f120   0x000004c8   Code   RO           11    i.device_manager_event_handler  main.o
    0x0001f5e8   0x00000114   Code   RO           12    i.device_manager_init  main.o
    0x0001f6fc   0x000000b8   Code   RO          828    i.discovery_complete_evt_trigger  ble_db_discovery.o
    0x0001f7b4   0x0000003e   Code   RO          829    i.discovery_error_evt_trigger  ble_db_discovery.o
    0x0001f7f2   0x00000002   PAD
    0x0001f7f4   0x000005c8   Code   RO         1092    i.dm_ble_evt_handler  device_manager_central.o
    0x0001fdbc   0x00000018   Code   RO         1097    i.dm_handle_initialize  device_manager_central.o
    0x0001fdd4   0x00000100   Code   RO         1098    i.dm_init           device_manager_central.o
    0x0001fed4   0x00000270   Code   RO         1101    i.dm_pstorage_cb_handler  device_manager_central.o
    0x00020144   0x00000064   Code   RO         1102    i.dm_register       device_manager_central.o
    0x000201a8   0x0000016c   Code   RO         1103    i.dm_security_setup_req  device_manager_central.o
    0x00020314   0x00000108   Code   RO         1108    i.dm_whitelist_create  device_manager_central.o
    0x0002041c   0x00000064   Code   RO         2584    i.elapsed_ticks_acquire  app_timer.o
    0x00020480   0x00000040   Code   RO         2041    i.erase_sub_state_sm_run  pstorage.o
    0x000204c0   0x00000030   Code   RO         3343    i.errata_16         system_nrf52.o
    0x000204f0   0x00000054   Code   RO         3344    i.errata_31         system_nrf52.o
    0x00020544   0x00000030   Code   RO         3345    i.errata_32         system_nrf52.o
    0x00020574   0x00000054   Code   RO         3346    i.errata_36         system_nrf52.o
    0x000205c8   0x00000030   Code   RO         3347    i.errata_37         system_nrf52.o
    0x000205f8   0x00000030   Code   RO         3348    i.errata_57         system_nrf52.o
    0x00020628   0x00000030   Code   RO         3349    i.errata_66         system_nrf52.o
    0x00020658   0x00000058   Code   RO         2585    i.expired_timers_handler  app_timer.o
    0x000206b0   0x0000002c   Code   RO         2042    i.flash_api_err_code_process  pstorage.o
    0x000206dc   0x00000044   Code   RO         2043    i.flash_operation_failure_run  pstorage.o
    0x00020720   0x00000030   Code   RO         2044    i.flash_operation_success_run  pstorage.o
    0x00020750   0x00000010   Code   RO         2045    i.flash_page_erase  pstorage.o
    0x00020760   0x0000001c   Code   RO         2046    i.flash_write       pstorage.o
    0x0002077c   0x00000006   Code   RO         1109    i.gattc_context_apply  device_manager_central.o
    0x00020782   0x00000006   Code   RO         1110    i.gattc_context_load  device_manager_central.o
    0x00020788   0x00000006   Code   RO         1111    i.gattc_context_store  device_manager_central.o
    0x0002078e   0x00000002   PAD
    0x00020790   0x00000088   Code   RO         1112    i.gatts_context_apply  device_manager_central.o
    0x00020818   0x00000048   Code   RO         1113    i.gatts_context_load  device_manager_central.o
    0x00020860   0x000000d4   Code   RO         1114    i.gatts_context_store  device_manager_central.o
    0x00020934   0x00000018   Code   RO         1115    i.gattsc_context_apply  device_manager_central.o
    0x0002094c   0x0000001c   Code   RO         1116    i.gattsc_context_load  device_manager_central.o
    0x00020968   0x0000001c   Code   RO         1117    i.gattsc_context_store  device_manager_central.o
    0x00020984   0x00000080   Code   RO         2364    i.gpiote_event_handler  app_button.o
    0x00020a04   0x00000068   Code   RO         2047    i.head_restore_state_run  pstorage.o
    0x00020a6c   0x00000090   Code   RO         1118    i.initiate_security_request  device_manager_central.o
    0x00020afc   0x000000a4   Code   RO         3229    i.intern_softdevice_events_execute  softdevice_handler.o
    0x00020ba0   0x00000022   Code   RO          830    i.is_char_discovery_reqd  ble_db_discovery.o
    0x00020bc2   0x0000005e   Code   RO          831    i.is_desc_discovery_reqd  ble_db_discovery.o
    0x00020c20   0x00000058   Code   RO         2048    i.is_page_erase_required  pstorage.o
    0x00020c78   0x00000050   Code   RO         2049    i.is_tail_data_page_swap_required  pstorage.o
    0x00020cc8   0x00000010   Code   RO         2050    i.is_word_aligned   pstorage.o
    0x00020cd8   0x00000020   Code   RO          351    i.leds_timer_handler  bsp.o
    0x00020cf8   0x00000098   Code   RO         2586    i.list_deletions_handler  app_timer.o
    0x00020d90   0x0000010c   Code   RO         2587    i.list_insertions_handler  app_timer.o
    0x00020e9c   0x0000005c   Code   RO         2884    i.log_rtt_init      nrf_log.o
    0x00020ef8   0x0000001e   Code   RO         2885    i.log_rtt_printf    nrf_log.o
    0x00020f16   0x00000002   PAD
    0x00020f18   0x000000ac   Code   RO           13    i.main              main.o
    0x00020fc4   0x00000020   Code   RO         2051    i.main_state_err_busy_process  pstorage.o
    0x00020fe4   0x00000006   Code   RO         1119    i.no_service_context_apply  device_manager_central.o
    0x00020fea   0x00000006   Code   RO         1120    i.no_service_context_load  device_manager_central.o
    0x00020ff0   0x00000006   Code   RO         1121    i.no_service_context_store  device_manager_central.o
    0x00020ff6   0x00000002   PAD
    0x00020ff8   0x00000060   Code   RO         1465    i.nrf_drv_common_irq_enable  nrf_drv_common.o
    0x00021058   0x000000b8   Code   RO         1510    i.nrf_drv_gpiote_in_event_enable  nrf_drv_gpiote.o
    0x00021110   0x000000d8   Code   RO         1511    i.nrf_drv_gpiote_in_init  nrf_drv_gpiote.o
    0x000211e8   0x0000001c   Code   RO         1512    i.nrf_drv_gpiote_in_is_set  nrf_drv_gpiote.o
    0x00021204   0x00000054   Code   RO         1514    i.nrf_drv_gpiote_init  nrf_drv_gpiote.o
    0x00021258   0x00000014   Code   RO         1515    i.nrf_drv_gpiote_is_init  nrf_drv_gpiote.o
    0x0002126c   0x00000024   Code   RO         1527    i.nrf_gpio_cfg      nrf_drv_gpiote.o
    0x00021290   0x00000024   Code   RO         1529    i.nrf_gpio_cfg_sense_set  nrf_drv_gpiote.o
    0x000212b4   0x0000000c   Code   RO         1532    i.nrf_gpiote_event_addr_get  nrf_drv_gpiote.o
    0x000212c0   0x0000001c   Code   RO         1533    i.nrf_gpiote_event_clear  nrf_drv_gpiote.o
    0x000212dc   0x00000016   Code   RO         1534    i.nrf_gpiote_event_is_set  nrf_drv_gpiote.o
    0x000212f2   0x00000002   PAD
    0x000212f4   0x0000000c   Code   RO         1535    i.nrf_gpiote_int_enable  nrf_drv_gpiote.o
    0x00021300   0x00000038   Code   RO           14    i.nrf_log_init      main.o
    0x00021338   0x0000000c   Code   RO         1763    i.nrf_uart_errorsrc_get_and_clear  nrf_drv_uart.o
    0x00021344   0x0000000e   Code   RO         1764    i.nrf_uart_event_check  nrf_drv_uart.o
    0x00021352   0x00000006   Code   RO         1765    i.nrf_uart_event_clear  nrf_drv_uart.o
    0x00021358   0x00000006   Code   RO         1767    i.nrf_uart_int_disable  nrf_drv_uart.o
    0x0002135e   0x00000012   Code   RO         1769    i.nrf_uart_int_enable_check  nrf_drv_uart.o
    0x00021370   0x00000006   Code   RO         1770    i.nrf_uart_task_trigger  nrf_drv_uart.o
    0x00021376   0x0000000c   Code   RO         1772    i.nrf_uarte_errorsrc_get_and_clear  nrf_drv_uart.o
    0x00021382   0x0000000e   Code   RO         1773    i.nrf_uarte_event_check  nrf_drv_uart.o
    0x00021390   0x00000006   Code   RO         1774    i.nrf_uarte_event_clear  nrf_drv_uart.o
    0x00021396   0x0000000a   Code   RO         1778    i.nrf_uarte_rx_amount_get  nrf_drv_uart.o
    0x000213a0   0x000002a4   Code   RO           15    i.on_ble_evt        main.o
    0x00021644   0x00000164   Code   RO          832    i.on_characteristic_discovery_rsp  ble_db_discovery.o
    0x000217a8   0x000000f4   Code   RO          833    i.on_descriptor_discovery_rsp  ble_db_discovery.o
    0x0002189c   0x00000012   Code   RO          834    i.on_disconnected   ble_db_discovery.o
    0x000218ae   0x00000002   PAD
    0x000218b0   0x000000d0   Code   RO          835    i.on_primary_srv_discovery_rsp  ble_db_discovery.o
    0x00021980   0x000000ac   Code   RO          836    i.on_srv_disc_completion  ble_db_discovery.o
    0x00021a2c   0x0000002c   Code   RO           16    i.on_sys_evt        main.o
    0x00021a58   0x0000005c   Code   RO         1122    i.peer_instance_init  device_manager_central.o
    0x00021ab4   0x0000003c   Code   RO          837    i.pending_user_evts_send  ble_db_discovery.o
    0x00021af0   0x0000001c   Code   RO         1537    i.pin_in_use_by_gpiote  nrf_drv_gpiote.o
    0x00021b0c   0x00000018   Code   RO         1538    i.pin_in_use_by_port  nrf_drv_gpiote.o
    0x00021b24   0x00000020   Code   RO         1539    i.pin_in_use_by_te  nrf_drv_gpiote.o
    0x00021b44   0x0000000c   Code   RO         1540    i.pin_in_use_clear  nrf_drv_gpiote.o
    0x00021b50   0x00000038   Code   RO           17    i.power_manage      main.o
    0x00021b88   0x0000002c   Code   RO         2052    i.pstorage_access_status_get  pstorage.o
    0x00021bb4   0x000000a0   Code   RO         2053    i.pstorage_block_identifier_get  pstorage.o
    0x00021c54   0x00000120   Code   RO         2054    i.pstorage_clear    pstorage.o
    0x00021d74   0x0000001e   Code   RO         2055    i.pstorage_flash_page_end  pstorage.o
    0x00021d92   0x0000000a   Code   RO         2056    i.pstorage_flash_page_size  pstorage.o
    0x00021d9c   0x00000090   Code   RO         2057    i.pstorage_init     pstorage.o
    0x00021e2c   0x000000f4   Code   RO         2058    i.pstorage_load     pstorage.o
    0x00021f20   0x00000110   Code   RO         2059    i.pstorage_register  pstorage.o
    0x00022030   0x000000dc   Code   RO         2060    i.pstorage_store    pstorage.o
    0x0002210c   0x00000048   Code   RO         2061    i.pstorage_sys_event_handler  pstorage.o
    0x00022154   0x000000dc   Code   RO         2062    i.pstorage_update   pstorage.o
    0x00022230   0x00000014   Code   RO         3230    i.ram_end_address_get  softdevice_handler.o
    0x00022244   0x00000040   Code   RO          838    i.registered_handler_get  ble_db_discovery.o
    0x00022284   0x0000000c   Code   RO         2588    i.rtc1_compare0_set  app_timer.o
    0x00022290   0x0000000c   Code   RO         2589    i.rtc1_counter_get  app_timer.o
    0x0002229c   0x00000018   Code   RO         2590    i.rtc1_init         app_timer.o
    0x000222b4   0x0000003c   Code   RO         2591    i.rtc1_start        app_timer.o
    0x000222f0   0x00000058   Code   RO         2592    i.rtc1_stop         app_timer.o
    0x00022348   0x00000050   Code   RO         1782    i.rx_byte           nrf_drv_uart.o
    0x00022398   0x00000024   Code   RO         1783    i.rx_done_event     nrf_drv_uart.o
    0x000223bc   0x00000144   Code   RO           18    i.scan_start        main.o
    0x00022500   0x00000094   Code   RO         3231    i.sd_check_ram_start  softdevice_handler.o
    0x00022594   0x000000d0   Code   RO         3232    i.sd_nvic_EnableIRQ  softdevice_handler.o
    0x00022664   0x00000078   Code   RO           19    i.sleep_mode_enter  main.o
    0x000226dc   0x00000014   Code   RO         2063    i.sm_state_change   pstorage.o
    0x000226f0   0x00000018   Code   RO         3233    i.softdevice_ble_evt_handler_set  softdevice_handler.o
    0x00022708   0x00000104   Code   RO         3234    i.softdevice_enable  softdevice_handler.o
    0x0002280c   0x0000002c   Code   RO         3235    i.softdevice_enable_get_default_config  softdevice_handler.o
    0x00022838   0x00000014   Code   RO         3236    i.softdevice_fault_handler  softdevice_handler.o
    0x0002284c   0x00000064   Code   RO         3237    i.softdevice_handler_init  softdevice_handler.o
    0x000228b0   0x00000018   Code   RO         3240    i.softdevice_sys_evt_handler_set  softdevice_handler.o
    0x000228c8   0x0000004c   Code   RO          447    i.startup_event_extract  bsp_btn_ble.o
    0x00022914   0x00000010   Code   RO         2064    i.state_data_erase_entry_run  pstorage.o
    0x00022924   0x0000008c   Code   RO         2065    i.state_data_erase_swap_entry_run  pstorage.o
    0x000229b0   0x00000038   Code   RO         2066    i.state_entry_action_run  pstorage.o
    0x000229e8   0x00000010   Code   RO         2067    i.state_erase_data_page_entry_run  pstorage.o
    0x000229f8   0x0000001c   Code   RO         2068    i.state_idle_entry_run  pstorage.o
    0x00022a14   0x00000034   Code   RO         2069    i.state_restore_head_entry_run  pstorage.o
    0x00022a48   0x00000058   Code   RO         2070    i.state_restore_tail_entry_run  pstorage.o
    0x00022aa0   0x00000008   Code   RO         2071    i.state_store_entry_run  pstorage.o
    0x00022aa8   0x0000001e   Code   RO         2072    i.state_swap_erase_entry_run  pstorage.o
    0x00022ac6   0x00000002   PAD
    0x00022ac8   0x00000038   Code   RO         2073    i.state_write_data_swap_entry_run  pstorage.o
    0x00022b00   0x00000008   Code   RO         1123    i.storage_operation_dummy_handler  device_manager_central.o
    0x00022b08   0x00000068   Code   RO         2074    i.store_cmd_flash_write_execute  pstorage.o
    0x00022b70   0x0000000a   Code   RO         2075    i.store_operation_execute  pstorage.o
    0x00022b7a   0x00000002   PAD
    0x00022b7c   0x00000048   Code   RO         2076    i.store_sub_state_sm_run  pstorage.o
    0x00022bc4   0x00000020   Code   RO         2077    i.swap_erase_state_run  pstorage.o
    0x00022be4   0x00000008   Code   RO         2078    i.swap_sub_sm_exit_action_run  pstorage.o
    0x00022bec   0x00000018   Code   RO         2079    i.swap_sub_state_entry_action_run  pstorage.o
    0x00022c04   0x00000020   Code   RO         2080    i.swap_sub_state_err_busy_process  pstorage.o
    0x00022c24   0x00000018   Code   RO         2081    i.swap_sub_state_sm_run  pstorage.o
    0x00022c3c   0x00000014   Code   RO         2082    i.swap_sub_state_state_change  pstorage.o
    0x00022c50   0x00000012   Code   RO           20    i.sys_evt_dispatch  main.o
    0x00022c62   0x00000002   PAD
    0x00022c64   0x0000001c   Code   RO         2083    i.tail_restore_state_run  pstorage.o
    0x00022c80   0x0000004c   Code   RO         2084    i.tail_word_size_calculate  pstorage.o
    0x00022ccc   0x0000000a   Code   RO         2593    i.ticks_diff_get    app_timer.o
    0x00022cd6   0x00000002   PAD
    0x00022cd8   0x00000054   Code   RO         2594    i.timeout_handler_exec  app_timer.o
    0x00022d2c   0x00000054   Code   RO         2595    i.timer_list_handler  app_timer.o
    0x00022d80   0x0000000a   Code   RO         2596    i.timer_list_handler_sched  app_timer.o
    0x00022d8a   0x00000002   PAD
    0x00022d8c   0x00000068   Code   RO         2597    i.timer_list_insert  app_timer.o
    0x00022df4   0x0000006c   Code   RO         2598    i.timer_list_remove  app_timer.o
    0x00022e60   0x0000005c   Code   RO         2599    i.timer_start_op_schedule  app_timer.o
    0x00022ebc   0x00000040   Code   RO         2601    i.timer_stop_op_schedule  app_timer.o
    0x00022efc   0x00000098   Code   RO         2602    i.timer_timeouts_check  app_timer.o
    0x00022f94   0x0000000a   Code   RO         2603    i.timer_timeouts_check_sched  app_timer.o
    0x00022f9e   0x00000002   PAD
    0x00022fa0   0x00000038   Code   RO         1785    i.tx_byte           nrf_drv_uart.o
    0x00022fd8   0x0000002c   Code   RO         1786    i.tx_done_event     nrf_drv_uart.o
    0x00023004   0x00000160   Code   RO         1787    i.uart_irq_handler  nrf_drv_uart.o
    0x00023164   0x0000012c   Code   RO         1788    i.uarte_irq_handler  nrf_drv_uart.o
    0x00023290   0x00000008   Code   RO         2085    i.update_operation_execute  pstorage.o
    0x00023298   0x00000014   Code   RO         1124    i.update_status_bit_reset  device_manager_central.o
    0x000232ac   0x00000058   Code   RO         2604    i.user_id_get       app_timer.o
    0x00023304   0x00000030   Code   RO         2605    i.user_op_alloc     app_timer.o
    0x00023334   0x00000004   Code   RO         2606    i.user_op_enque     app_timer.o
    0x00023338   0x00000064   Code   RO           22    i.whitelist_disable  main.o
    0x0002339c   0x0000000a   Code   RO         3677    x$fpl$fpinit        fz_wm.l(fpinit.o)
    0x000233a6   0x00000002   PAD
    0x000233a8   0x0000000c   Data   RO           24    .constdata          main.o
    0x000233b4   0x0000003c   Data   RO          353    .constdata          bsp.o
    0x000233f0   0x00000034   Data   RO         1126    .constdata          device_manager_central.o
    0x00023424   0x00000028   Data   RO         2087    .constdata          pstorage.o
    0x0002344c   0x00000008   Data   RO         2366    .constdata          app_button.o
    0x00023454   0x00000010   Data   RO         3196    .constdata          segger_rtt_printf.o
    0x00023464   0x00000107   Data   RO          841    .conststring        ble_db_discovery.o
    0x0002356b   0x00000001   PAD
    0x0002356c   0x00000020   Data   RO         3741    Region$$Table       anon$$obj.o


    Execution Region RW_IRAM1 (Base: 0x20001eb0, Size: 0x00003228, Max: 0x0000e150, ABSOLUTE)

    Base Addr    Size         Type   Attr      Idx    E Section Name        Object

    0x20001eb0   0x0000000d   Data   RW           25    .data               main.o
    0x20001ebd   0x00000003   PAD
    0x20001ec0   0x00000019   Data   RW          354    .data               bsp.o
    0x20001ed9   0x00000003   PAD
    0x20001edc   0x00000008   Data   RW          448    .data               bsp_btn_ble.o
    0x20001ee4   0x0000000d   Data   RW          842    .data               ble_db_discovery.o
    0x20001ef1   0x00000003   PAD
    0x20001ef4   0x0000000d   Data   RW         1127    .data               device_manager_central.o
    0x20001f01   0x00000003   PAD
    0x20001f04   0x00000028   Data   RW         2088    .data               pstorage.o
    0x20001f2c   0x00000014   Data   RW         2367    .data               app_button.o
    0x20001f40   0x00000022   Data   RW         2607    .data               app_timer.o
    0x20001f62   0x00000004   Data   RW         2890    .data               nrf_log.o
    0x20001f66   0x00000002   PAD
    0x20001f68   0x00000018   Data   RW         3242    .data               softdevice_handler.o
    0x20001f80   0x00000004   Data   RW         3350    .data               system_nrf52.o
    0x20001f84   0x00000354   Zero   RW           23    .bss                main.o
    0x200022d8   0x0000006c   Zero   RW          352    .bss                bsp.o
    0x20002344   0x000001f8   Zero   RW          840    .bss                ble_db_discovery.o
    0x2000253c   0x0000011b   Zero   RW         1125    .bss                device_manager_central.o
    0x20002657   0x00000001   PAD
    0x20002658   0x00000058   Zero   RW         1541    .bss                nrf_drv_gpiote.o
    0x200026b0   0x00000020   Zero   RW         1789    .bss                nrf_drv_uart.o
    0x200026d0   0x000000d8   Zero   RW         2086    .bss                pstorage.o
    0x200027a8   0x00000020   Zero   RW         2365    .bss                app_button.o
    0x200027c8   0x0000041b   Zero   RW         2889    .bss                nrf_log.o
    0x20002be3   0x00000001   PAD
    0x20002be4   0x00000488   Zero   RW         3073    .bss                segger_rtt.o
    0x2000306c   0x0000000c   Zero   RW         3241    .bss                softdevice_handler.o
    0x20003078   0x00000060   Zero   RW         3680    .bss                c_w.l(libspace.o)
    0x200030d8   0x00000000   Zero   RW         3332    HEAP                arm_startup_nrf52.o
    0x200030d8   0x00002000   Zero   RW         3331    STACK               arm_startup_nrf52.o


==============================================================================

Image component sizes


      Code (inc. data)   RO Data    RW Data    ZI Data      Debug   Object Name

       480         80          8         20         32      10142   app_button.o
        28          0          0          0          0       2357   app_error.o
        68          8          0          0          0      27465   app_error_weak.o
      2478        298          0         34          0      62627   app_timer.o
        60         22       1024          0       8192       1004   arm_startup_nrf52.o
       176          0          0          0          0       3068   ble_bas_c.o
      2106        180        263         13        504      16747   ble_db_discovery.o
       234         54          0          0          0       3164   ble_hrs_c.o
      2206        182         60         25        108      10561   bsp.o
       448         18          0          8          0       6181   bsp_btn_ble.o
      4504        310         52         13        283      35342   device_manager_central.o
      3862       1424         12         13        852     107551   main.o
        96         12          0          0          0      29003   nrf_drv_common.o
      1402        130          0          0         88      27488   nrf_drv_gpiote.o
       996         66          0          0         32      24646   nrf_drv_uart.o
       122         28          0          4       1051       4613   nrf_log.o
      4248        436         40         40        216      50722   pstorage.o
         4          0          0          0          0        624   rtt_syscalls_keil.o
      1040         66          0          0       1160      13975   segger_rtt.o
      1088          6         16          0          0       6513   segger_rtt_printf.o
      1088        364          0         24         12      41485   softdevice_handler.o
       988        102          0          4          0       6187   system_nrf52.o

    ----------------------------------------------------------------------
     27760       3786       1508        212      12532     491465   Object Totals
         0          0         32          0          0          0   (incl. Generated)
        38          0          1         14          2          0   (incl. Padding)

    ----------------------------------------------------------------------

      Code (inc. data)   RO Data    RW Data    ZI Data      Debug   Library Member Name

         8          0          0          0          0         68   __main.o
         0          0          0          0          0          0   __rtentry.o
        12          0          0          0          0          0   __rtentry2.o
         6          0          0          0          0          0   __rtentry4.o
        52          8          0          0          0          0   __scatter.o
        26          0          0          0          0          0   __scatter_copy.o
        28          0          0          0          0          0   __scatter_zi.o
        18          0          0          0          0         80   exit.o
         6          0          0          0          0        152   heapauxi.o
         2          0          0          0          0          0   libinit.o
         6          0          0          0          0          0   libinit2.o
         2          0          0          0          0          0   libshutdown.o
         2          0          0          0          0          0   libshutdown2.o
         8          4          0          0         96         68   libspace.o
        88          0          0          0          0         76   memcmp.o
        68          0          0          0          0         68   rt_memclr.o
        78          0          0          0          0         80   rt_memclr_w.o
       138          0          0          0          0         68   rt_memcpy_v6.o
       100          0          0          0          0         80   rt_memcpy_w.o
         2          0          0          0          0          0   rtexit.o
        10          0          0          0          0          0   rtexit2.o
        72          0          0          0          0         80   strcpy.o
        74          0          0          0          0         80   sys_stackheap_outer.o
        10          0          0          0          0        116   fpinit.o

    ----------------------------------------------------------------------
       824         12          0          0         96       1016   Library Totals
         8          0          0          0          0          0   (incl. Padding)

    ----------------------------------------------------------------------

      Code (inc. data)   RO Data    RW Data    ZI Data      Debug   Library Name

       806         12          0          0         96        900   c_w.l
        10          0          0          0          0        116   fz_wm.l

    ----------------------------------------------------------------------
       824         12          0          0         96       1016   Library Totals

    ----------------------------------------------------------------------

==============================================================================


      Code (inc. data)   RO Data    RW Data    ZI Data      Debug   

     28584       3798       1508        212      12628     466717   Grand Totals
     28584       3798       1508        212      12628     466717   ELF Image Totals
     28584       3798       1508        212          0          0   ROM Totals

==============================================================================

    Total RO  Size (Code + RO Data)                30092 (  29.39kB)
    Total RW  Size (RW Data + ZI Data)             12840 (  12.54kB)
    Total ROM Size (Code + RO Data + RW Data)      30304 (  29.59kB)

==============================================================================

