Component: ARM Compiler 5.06 update 4 (build 422) Tool: armlink [4d35d2]

==============================================================================

Section Cross References

    main.o(i.application_timers_start) refers to app_timer.o(i.app_timer_start) for app_timer_start
    main.o(i.application_timers_start) refers to app_error.o(i.app_error_handler_bare) for app_error_handler_bare
    main.o(i.application_timers_start) refers to main.o(.constdata) for .constdata
    main.o(i.assert_nrf_callback) refers to app_error.o(i.app_error_handler) for app_error_handler
    main.o(i.battery_level_meas_timeout_handler) refers to sensorsim.o(i.sensorsim_measure) for sensorsim_measure
    main.o(i.battery_level_meas_timeout_handler) refers to ble_bas.o(i.ble_bas_battery_level_update) for ble_bas_battery_level_update
    main.o(i.battery_level_meas_timeout_handler) refers to app_error.o(i.app_error_handler_bare) for app_error_handler_bare
    main.o(i.battery_level_meas_timeout_handler) refers to main.o(.bss) for .bss
    main.o(i.battery_level_meas_timeout_handler) refers to main.o(.data) for .data
    main.o(i.ble_evt_dispatch) refers to device_manager_peripheral.o(i.dm_ble_evt_handler) for dm_ble_evt_handler
    main.o(i.ble_evt_dispatch) refers to ble_hrs.o(i.ble_hrs_on_ble_evt) for ble_hrs_on_ble_evt
    main.o(i.ble_evt_dispatch) refers to ble_bas.o(i.ble_bas_on_ble_evt) for ble_bas_on_ble_evt
    main.o(i.ble_evt_dispatch) refers to ble_conn_params.o(i.ble_conn_params_on_ble_evt) for ble_conn_params_on_ble_evt
    main.o(i.ble_evt_dispatch) refers to bsp_btn_ble.o(i.bsp_btn_ble_on_ble_evt) for bsp_btn_ble_on_ble_evt
    main.o(i.ble_evt_dispatch) refers to bsp.o(i.bsp_indication_set) for bsp_indication_set
    main.o(i.ble_evt_dispatch) refers to app_error.o(i.app_error_handler_bare) for app_error_handler_bare
    main.o(i.ble_evt_dispatch) refers to ble_advertising.o(i.ble_advertising_on_ble_evt) for ble_advertising_on_ble_evt
    main.o(i.ble_evt_dispatch) refers to main.o(.bss) for .bss
    main.o(i.ble_evt_dispatch) refers to main.o(.data) for .data
    main.o(i.ble_stack_init) refers to softdevice_handler.o(i.softdevice_handler_init) for softdevice_handler_init
    main.o(i.ble_stack_init) refers to app_error.o(i.app_error_handler_bare) for app_error_handler_bare
    main.o(i.ble_stack_init) refers to softdevice_handler.o(i.softdevice_enable_get_default_config) for softdevice_enable_get_default_config
    main.o(i.ble_stack_init) refers to softdevice_handler.o(i.sd_check_ram_start) for sd_check_ram_start
    main.o(i.ble_stack_init) refers to softdevice_handler.o(i.softdevice_enable) for softdevice_enable
    main.o(i.ble_stack_init) refers to softdevice_handler.o(i.softdevice_ble_evt_handler_set) for softdevice_ble_evt_handler_set
    main.o(i.ble_stack_init) refers to softdevice_handler.o(i.softdevice_sys_evt_handler_set) for softdevice_sys_evt_handler_set
    main.o(i.ble_stack_init) refers to main.o(.constdata) for .constdata
    main.o(i.ble_stack_init) refers to main.o(.bss) for .bss
    main.o(i.ble_stack_init) refers to main.o(i.ble_evt_dispatch) for ble_evt_dispatch
    main.o(i.ble_stack_init) refers to main.o(i.sys_evt_dispatch) for sys_evt_dispatch
    main.o(i.bsp_event_handler) refers to main.o(i.sleep_mode_enter) for sleep_mode_enter
    main.o(i.bsp_event_handler) refers to app_error.o(i.app_error_handler_bare) for app_error_handler_bare
    main.o(i.bsp_event_handler) refers to ble_advertising.o(i.ble_advertising_restart_without_whitelist) for ble_advertising_restart_without_whitelist
    main.o(i.bsp_event_handler) refers to main.o(.data) for .data
    main.o(i.conn_params_error_handler) refers to app_error.o(i.app_error_handler_bare) for app_error_handler_bare
    main.o(i.device_manager_evt_handler) refers to app_error.o(i.app_error_handler_bare) for app_error_handler_bare
    main.o(i.device_manager_init) refers to pstorage.o(i.pstorage_init) for pstorage_init
    main.o(i.device_manager_init) refers to app_error.o(i.app_error_handler_bare) for app_error_handler_bare
    main.o(i.device_manager_init) refers to device_manager_peripheral.o(i.dm_init) for dm_init
    main.o(i.device_manager_init) refers to device_manager_peripheral.o(i.dm_register) for dm_register
    main.o(i.device_manager_init) refers to main.o(i.device_manager_evt_handler) for device_manager_evt_handler
    main.o(i.device_manager_init) refers to main.o(.data) for .data
    main.o(i.gap_params_init) refers to app_error.o(i.app_error_handler_bare) for app_error_handler_bare
    main.o(i.heart_rate_meas_timeout_handler) refers to sensorsim.o(i.sensorsim_measure) for sensorsim_measure
    main.o(i.heart_rate_meas_timeout_handler) refers to ble_hrs.o(i.ble_hrs_heart_rate_measurement_send) for ble_hrs_heart_rate_measurement_send
    main.o(i.heart_rate_meas_timeout_handler) refers to app_error.o(i.app_error_handler_bare) for app_error_handler_bare
[...]
    detection_delay_timeout_handler          0x0001e775   Thumb Code    92  app_button.o(i.detection_delay_timeout_handler)
    i.device_context_store                   0x0001e7d4   Section        0  device_manager_peripheral.o(i.device_context_store)
    device_context_store                     0x0001e7d5   Thumb Code   162  device_manager_peripheral.o(i.device_context_store)
    i.device_instance_find                   0x0001e894   Section        0  device_manager_peripheral.o(i.device_instance_find)
    device_instance_find                     0x0001e895   Thumb Code    66  device_manager_peripheral.o(i.device_instance_find)
    i.device_instance_free                   0x0001e8dc   Section        0  device_manager_peripheral.o(i.device_instance_free)
    device_instance_free                     0x0001e8dd   Thumb Code    40  device_manager_peripheral.o(i.device_instance_free)
    i.device_manager_evt_handler             0x0001e908   Section        0  main.o(i.device_manager_evt_handler)
    device_manager_evt_handler               0x0001e909   Thumb Code    14  main.o(i.device_manager_evt_handler)
    i.device_manager_init                    0x0001e918   Section        0  main.o(i.device_manager_init)
    device_manager_init                      0x0001e919   Thumb Code   100  main.o(i.device_manager_init)
    i.dm_ble_evt_handler                     0x0001e984   Section        0  device_manager_peripheral.o(i.dm_ble_evt_handler)
    i.dm_handle_initialize                   0x0001edda   Section        0  device_manager_peripheral.o(i.dm_handle_initialize)
    i.dm_init                                0x0001edf0   Section        0  device_manager_peripheral.o(i.dm_init)
    i.dm_pstorage_cb_handler                 0x0001eeb8   Section        0  device_manager_peripheral.o(i.dm_pstorage_cb_handler)
    dm_pstorage_cb_handler                   0x0001eeb9   Thumb Code   374  device_manager_peripheral.o(i.dm_pstorage_cb_handler)
    i.dm_register                            0x0001f040   Section        0  device_manager_peripheral.o(i.dm_register)
    i.elapsed_ticks_acquire                  0x0001f0a8   Section        0  app_timer.o(i.elapsed_ticks_acquire)
    elapsed_ticks_acquire                    0x0001f0a9   Thumb Code    58  app_timer.o(i.elapsed_ticks_acquire)
    i.flash_api_err_code_process             0x0001f0e8   Section        0  pstorage.o(i.flash_api_err_code_process)
    flash_api_err_code_process               0x0001f0e9   Thumb Code    24  pstorage.o(i.flash_api_err_code_process)
    i.flash_operation_success_run            0x0001f104   Section        0  pstorage.o(i.flash_operation_success_run)
    flash_operation_success_run              0x0001f105   Thumb Code   126  pstorage.o(i.flash_operation_success_run)
    i.flash_page_erase                       0x0001f190   Section        0  pstorage.o(i.flash_page_erase)
    flash_page_erase                         0x0001f191   Thumb Code     6  pstorage.o(i.flash_page_erase)
    i.flash_write                            0x0001f196   Section        0  pstorage.o(i.flash_write)
    flash_write                              0x0001f197   Thumb Code     6  pstorage.o(i.flash_write)
    i.fs_queued_op_count_get                 0x0001f19c   Section        0  fstorage.o(i.fs_queued_op_count_get)
    i.gap_params_init                        0x0001f1b0   Section        0  main.o(i.gap_params_init)
    gap_params_init                          0x0001f1b1   Thumb Code    96  main.o(i.gap_params_init)
    i.gattc_context_apply                    0x0001f21c   Section        0  device_manager_peripheral.o(i.gattc_context_apply)
    gattc_context_apply                      0x0001f21d   Thumb Code     4  device_manager_peripheral.o(i.gattc_context_apply)
    i.gattc_context_load                     0x0001f220   Section        0  device_manager_peripheral.o(i.gattc_context_load)
    gattc_context_load                       0x0001f221   Thumb Code     4  device_manager_peripheral.o(i.gattc_context_load)
    i.gattc_context_store                    0x0001f224   Section        0  device_manager_peripheral.o(i.gattc_context_store)
    gattc_context_store                      0x0001f225   Thumb Code     4  device_manager_peripheral.o(i.gattc_context_store)
    i.gatts_context_apply                    0x0001f228   Section        0  device_manager_peripheral.o(i.gatts_context_apply)
    gatts_context_apply                      0x0001f229   Thumb Code   176  device_manager_peripheral.o(i.gatts_context_apply)
    i.gatts_context_load                     0x0001f2dc   Section        0  device_manager_peripheral.o(i.gatts_context_load)
    gatts_context_load                       0x0001f2dd   Thumb Code    50  device_manager_peripheral.o(i.gatts_context_load)
    i.gatts_context_store                    0x0001f314   Section        0  device_manager_peripheral.o(i.gatts_context_store)
    gatts_context_store                      0x0001f315   Thumb Code   186  device_manager_peripheral.o(i.gatts_context_store)
    i.gattsc_context_apply                   0x0001f3dc   Section        0  device_manager_peripheral.o(i.gattsc_context_apply)
    gattsc_context_apply                     0x0001f3dd   Thumb Code     4  device_manager_peripheral.o(i.gattsc_context_apply)
    i.gattsc_context_load                    0x0001f3e0   Section        0  device_manager_peripheral.o(i.gattsc_context_load)
    gattsc_context_load                      0x0001f3e1   Thumb Code     4  device_manager_peripheral.o(i.gattsc_context_load)
    i.gattsc_context_store                   0x0001f3e4   Section        0  device_manager_peripheral.o(i.gattsc_context_store)
    gattsc_context_store                     0x0001f3e5   Thumb Code     4  device_manager_peripheral.o(i.gattsc_context_store)
    i.gpiote_event_handler                   0x0001f3e8   Section        0  app_button.o(i.gpiote_event_handler)
    gpiote_event_handler                     0x0001f3e9   Thumb Code    78  app_button.o(i.gpiote_event_handler)
    i.head_restore_state_run                 0x0001f440   Section        0  pstorage.o(i.head_restore_state_run)
    head_restore_state_run                   0x0001f441   Thumb Code   110  pstorage.o(i.head_restore_state_run)
    i.heart_rate_meas_timeout_handler        0x0001f4b8   Section        0  main.o(i.heart_rate_meas_timeout_handler)
    heart_rate_meas_timeout_handler          0x0001f4b9   Thumb Code    76  main.o(i.heart_rate_meas_timeout_handler)
    i.heart_rate_measurement_char_add        0x0001f50c   Section        0  ble_hrs.o(i.heart_rate_measurement_char_add)
    heart_rate_measurement_char_add          0x0001f50d   Thumb Code   194  ble_hrs.o(i.heart_rate_measurement_char_add)
    i.hrm_encode                             0x0001f5ce   Section        0  ble_hrs.o(i.hrm_encode)
    hrm_encode                               0x0001f5cf   Thumb Code   146  ble_hrs.o(i.hrm_encode)
    i.intern_softdevice_events_execute       0x0001f660   Section        0  softdevice_handler.o(i.intern_softdevice_events_execute)
    i.is_conn_params_ok                      0x0001f6d0   Section        0  ble_conn_params.o(i.is_conn_params_ok)
    is_conn_params_ok                        0x0001f6d1   Thumb Code    24  ble_conn_params.o(i.is_conn_params_ok)
    i.is_page_erase_required                 0x0001f6ec   Section        0  pstorage.o(i.is_page_erase_required)
    is_page_erase_required                   0x0001f6ed   Thumb Code    60  pstorage.o(i.is_page_erase_required)
    i.is_word_aligned                        0x0001f730   Section        0  pstorage.o(i.is_word_aligned)
    is_word_aligned                          0x0001f731   Thumb Code    12  pstorage.o(i.is_word_aligned)
    i.le_role_encode                         0x0001f73c   Section        0  ble_advdata.o(i.le_role_encode)
    le_role_encode                           0x0001f73d   Thumb Code    84  ble_advdata.o(i.le_role_encode)
    i.leds_timer_handler                     0x0001f790   Section        0  bsp.o(i.leds_timer_handler)
    leds_timer_handler                       0x0001f791   Thumb Code    16  bsp.o(i.leds_timer_handler)
    i.list_deletions_handler                 0x0001f7a4   Section        0  app_timer.o(i.list_deletions_handler)
    list_deletions_handler                   0x0001f7a5   Thumb Code   178  app_timer.o(i.list_deletions_handler)
    i.list_insertions_handler                0x0001f860   Section        0  app_timer.o(i.list_insertions_handler)
    list_insertions_handler                  0x0001f861   Thumb Code   196  app_timer.o(i.list_insertions_handler)
    i.main                                   0x0001f92c   Section        0  main.o(i.main)
    i.main_state_err_busy_process            0x0001fa30   Section        0  pstorage.o(i.main_state_err_busy_process)
    main_state_err_busy_process              0x0001fa31   Thumb Code    16  pstorage.o(i.main_state_err_busy_process)
    i.manuf_specific_data_encode             0x0001fa44   Section        0  ble_advdata.o(i.manuf_specific_data_encode)
    manuf_specific_data_encode               0x0001fa45   Thumb Code   100  ble_advdata.o(i.manuf_specific_data_encode)
    i.name_encode                            0x0001faa8   Section        0  ble_advdata.o(i.name_encode)
    name_encode                              0x0001faa9   Thumb Code   156  ble_advdata.o(i.name_encode)
    i.no_service_context_apply               0x0001fb44   Section        0  device_manager_peripheral.o(i.no_service_context_apply)
    no_service_context_apply                 0x0001fb45   Thumb Code     4  device_manager_peripheral.o(i.no_service_context_apply)
    i.no_service_context_load                0x0001fb48   Section        0  device_manager_peripheral.o(i.no_service_context_load)
    no_service_context_load                  0x0001fb49   Thumb Code     4  device_manager_peripheral.o(i.no_service_context_load)
    i.no_service_context_store               0x0001fb4c   Section        0  device_manager_peripheral.o(i.no_service_context_store)
    no_service_context_store                 0x0001fb4d   Thumb Code     4  device_manager_peripheral.o(i.no_service_context_store)
    i.nrf_drv_common_irq_enable              0x0001fb50   Section        0  nrf_drv_common.o(i.nrf_drv_common_irq_enable)
    i.nrf_drv_gpiote_in_event_enable         0x0001fb88   Section        0  nrf_drv_gpiote.o(i.nrf_drv_gpiote_in_event_enable)
    i.nrf_drv_gpiote_in_init                 0x0001fc2c   Section        0  nrf_drv_gpiote.o(i.nrf_drv_gpiote_in_init)
    i.nrf_drv_gpiote_in_is_set               0x0001fce4   Section        0  nrf_drv_gpiote.o(i.nrf_drv_gpiote_in_is_set)
    i.nrf_drv_gpiote_init                    0x0001fcf8   Section        0  nrf_drv_gpiote.o(i.nrf_drv_gpiote_init)
    i.nrf_drv_gpiote_is_init                 0x0001fd4c   Section        0  nrf_drv_gpiote.o(i.nrf_drv_gpiote_is_init)
    i.nrf_gpio_cfg                           0x0001fd60   Section        0  nrf_drv_gpiote.o(i.nrf_gpio_cfg)
    nrf_gpio_cfg                             0x0001fd61   Thumb Code    34  nrf_drv_gpiote.o(i.nrf_gpio_cfg)
    i.nrf_gpio_cfg_sense_set                 0x0001fd82   Section        0  nrf_drv_gpiote.o(i.nrf_gpio_cfg_sense_set)
    nrf_gpio_cfg_sense_set                   0x0001fd83   Thumb Code    28  nrf_drv_gpiote.o(i.nrf_gpio_cfg_sense_set)
    i.nrf_gpiote_event_clear                 0x0001fda0   Section        0  nrf_drv_gpiote.o(i.nrf_gpiote_event_clear)
    nrf_gpiote_event_clear                   0x0001fda1   Thumb Code    16  nrf_drv_gpiote.o(i.nrf_gpiote_event_clear)
    i.nrf_gpiote_event_is_set                0x0001fdb4   Section        0  nrf_drv_gpiote.o(i.nrf_gpiote_event_is_set)
    nrf_gpiote_event_is_set                  0x0001fdb5   Thumb Code    12  nrf_drv_gpiote.o(i.nrf_gpiote_event_is_set)
    i.nrf_saadc_event_check                  0x0001fdc4   Section        0  nrf_drv_saadc.o(i.nrf_saadc_event_check)
    nrf_saadc_event_check                    0x0001fdc5   Thumb Code    12  nrf_drv_saadc.o(i.nrf_saadc_event_check)
    i.nrf_uart_event_check                   0x0001fdd4   Section        0  nrf_drv_uart.o(i.nrf_uart_event_check)
    nrf_uart_event_check                     0x0001fdd5   Thumb Code    10  nrf_drv_uart.o(i.nrf_uart_event_check)
    i.nrf_uart_int_enable_check              0x0001fdde   Section        0  nrf_drv_uart.o(i.nrf_uart_int_enable_check)
    nrf_uart_int_enable_check                0x0001fddf   Thumb Code    12  nrf_drv_uart.o(i.nrf_uart_int_enable_check)
    i.nrf_uarte_event_check                  0x0001fdea   Section        0  nrf_drv_uart.o(i.nrf_uarte_event_check)
    nrf_uarte_event_check                    0x0001fdeb   Thumb Code    10  nrf_drv_uart.o(i.nrf_uarte_event_check)
    i.on_adv_evt                             0x0001fdf4   Section        0  main.o(i.on_adv_evt)
    on_adv_evt                               0x0001fdf5   Thumb Code    36  main.o(i.on_adv_evt)
    i.on_conn_params_evt                     0x0001fe18   Section        0  main.o(i.on_conn_params_evt)
    on_conn_params_evt                       0x0001fe19   Thumb Code    24  main.o(i.on_conn_params_evt)
    i.peer_address_exists                    0x0001fe34   Section        0  ble_advertising.o(i.peer_address_exists)
    peer_address_exists                      0x0001fe35   Thumb Code    20  ble_advertising.o(i.peer_address_exists)
    i.peer_instance_init                     0x0001fe48   Section        0  device_manager_peripheral.o(i.peer_instance_init)
    peer_instance_init                       0x0001fe49   Thumb Code    60  device_manager_peripheral.o(i.peer_instance_init)
    i.pin_in_use_by_port                     0x0001fe88   Section        0  nrf_drv_gpiote.o(i.pin_in_use_by_port)
    pin_in_use_by_port                       0x0001fe89   Thumb Code    20  nrf_drv_gpiote.o(i.pin_in_use_by_port)
    i.pin_in_use_by_te                       0x0001fea0   Section        0  nrf_drv_gpiote.o(i.pin_in_use_by_te)
    pin_in_use_by_te                         0x0001fea1   Thumb Code    20  nrf_drv_gpiote.o(i.pin_in_use_by_te)
    i.pnp_id_encode                          0x0001feb8   Section        0  ble_dis.o(i.pnp_id_encode)
    pnp_id_encode                            0x0001feb9   Thumb Code    52  ble_dis.o(i.pnp_id_encode)
    i.pstorage_access_status_get             0x0001feec   Section        0  pstorage.o(i.pstorage_access_status_get)
    i.pstorage_block_identifier_get          0x0001ff10   Section        0  pstorage.o(i.pstorage_block_identifier_get)
    i.pstorage_clear                         0x0001ff64   Section        0  pstorage.o(i.pstorage_clear)
    i.pstorage_flash_page_end                0x00020000   Section        0  pstorage.o(i.pstorage_flash_page_end)
    pstorage_flash_page_end                  0x00020001   Thumb Code    30  pstorage.o(i.pstorage_flash_page_end)
    i.pstorage_flash_page_size               0x0002001e   Section        0  pstorage.o(i.pstorage_flash_page_size)
    pstorage_flash_page_size                 0x0002001f   Thumb Code    10  pstorage.o(i.pstorage_flash_page_size)
    i.pstorage_init                          0x00020028   Section        0  pstorage.o(i.pstorage_init)
    i.pstorage_load                          0x00020088   Section        0  pstorage.o(i.pstorage_load)
    i.pstorage_register                      0x00020130   Section        0  pstorage.o(i.pstorage_register)
    i.pstorage_store                         0x000201e4   Section        0  pstorage.o(i.pstorage_store)
    i.pstorage_sys_event_handler             0x0002026c   Section        0  pstorage.o(i.pstorage_sys_event_handler)
    i.pstorage_update                        0x000202b4   Section        0  pstorage.o(i.pstorage_update)
    i.rr_interval_timeout_handler            0x0002033c   Section        0  main.o(i.rr_interval_timeout_handler)
    rr_interval_timeout_handler              0x0002033d   Thumb Code    36  main.o(i.rr_interval_timeout_handler)
    i.rtc1_stop                              0x00020368   Section        0  app_timer.o(i.rtc1_stop)
    rtc1_stop                                0x00020369   Thumb Code    52  app_timer.o(i.rtc1_stop)
    i.rx_byte                                0x000203a4   Section        0  nrf_drv_uart.o(i.rx_byte)
    rx_byte                                  0x000203a5   Thumb Code    38  nrf_drv_uart.o(i.rx_byte)
    i.rx_done_event                          0x000203d4   Section        0  nrf_drv_uart.o(i.rx_done_event)
    rx_done_event                            0x000203d5   Thumb Code    26  nrf_drv_uart.o(i.rx_done_event)
    i.sd_check_ram_start                     0x000203f4   Section        0  softdevice_handler.o(i.sd_check_ram_start)
    i.sd_nvic_EnableIRQ                      0x00020404   Section        0  softdevice_handler.o(i.sd_nvic_EnableIRQ)
    sd_nvic_EnableIRQ                        0x00020405   Thumb Code   128  softdevice_handler.o(i.sd_nvic_EnableIRQ)
    i.sensor_contact_detected_timeout_handler 0x0002048c   Section        0  main.o(i.sensor_contact_detected_timeout_handler)
    sensor_contact_detected_timeout_handler  0x0002048d   Thumb Code    16  main.o(i.sensor_contact_detected_timeout_handler)
    i.sensor_simulator_init                  0x000204a4   Section        0  main.o(i.sensor_simulator_init)
    sensor_simulator_init                    0x000204a5   Thumb Code    88  main.o(i.sensor_simulator_init)
    i.sensorsim_decrement                    0x00020504   Section        0  sensorsim.o(i.sensorsim_decrement)
    i.sensorsim_increment                    0x00020520   Section        0  sensorsim.o(i.sensorsim_increment)
    i.sensorsim_init                         0x0002053c   Section        0  sensorsim.o(i.sensorsim_init)
    i.sensorsim_measure                      0x00020552   Section        0  sensorsim.o(i.sensorsim_measure)
    i.service_data_encode                    0x0002056c   Section        0  ble_advdata.o(i.service_data_encode)
    service_data_encode                      0x0002056d   Thumb Code   136  ble_advdata.o(i.service_data_encode)
    i.services_init                          0x000205f4   Section        0  main.o(i.services_init)
    services_init                            0x000205f5   Thumb Code   298  main.o(i.services_init)
    i.sleep_mode_enter                       0x00020738   Section        0  main.o(i.sleep_mode_enter)
    sleep_mode_enter                         0x00020739   Thumb Code    40  main.o(i.sleep_mode_enter)
    i.sm_state_change                        0x00020760   Section        0  pstorage.o(i.sm_state_change)
    sm_state_change                          0x00020761   Thumb Code    52  pstorage.o(i.sm_state_change)
    i.softdevice_ble_evt_handler_set         0x0002079c   Section        0  softdevice_handler.o(i.softdevice_ble_evt_handler_set)
    i.softdevice_enable                      0x000207b0   Section        0  softdevice_handler.o(i.softdevice_enable)
    i.softdevice_enable_get_default_config   0x000207c4   Section        0  softdevice_handler.o(i.softdevice_enable_get_default_config)
    i.softdevice_fault_handler               0x000207ea   Section        0  softdevice_handler.o(i.softdevice_fault_handler)
    i.softdevice_handler_init                0x000207f0   Section        0  softdevice_handler.o(i.softdevice_handler_init)
    i.softdevice_sys_evt_handler_set         0x00020824   Section        0  softdevice_handler.o(i.softdevice_sys_evt_handler_set)
    i.state_data_erase_swap_entry_run        0x00020838   Section        0  pstorage.o(i.state_data_erase_swap_entry_run)
    state_data_erase_swap_entry_run          0x00020839   Thumb Code    96  pstorage.o(i.state_data_erase_swap_entry_run)
    i.state_erase_data_page_entry_run        0x000208a0   Section        0  pstorage.o(i.state_erase_data_page_entry_run)
    state_erase_data_page_entry_run          0x000208a1   Thumb Code     8  pstorage.o(i.state_erase_data_page_entry_run)
    i.state_restore_head_entry_run           0x000208ac   Section        0  pstorage.o(i.state_restore_head_entry_run)
    state_restore_head_entry_run             0x000208ad   Thumb Code    38  pstorage.o(i.state_restore_head_entry_run)
    i.state_restore_tail_entry_run           0x000208d8   Section        0  pstorage.o(i.state_restore_tail_entry_run)
    state_restore_tail_entry_run             0x000208d9   Thumb Code    72  pstorage.o(i.state_restore_tail_entry_run)
    i.state_swap_erase_entry_run             0x00020928   Section        0  pstorage.o(i.state_swap_erase_entry_run)
    state_swap_erase_entry_run               0x00020929   Thumb Code    30  pstorage.o(i.state_swap_erase_entry_run)
    i.state_write_data_swap_entry_run        0x00020948   Section        0  pstorage.o(i.state_write_data_swap_entry_run)
    state_write_data_swap_entry_run          0x00020949   Thumb Code    44  pstorage.o(i.state_write_data_swap_entry_run)
    i.storage_operation_dummy_handler        0x00020978   Section        0  device_manager_peripheral.o(i.storage_operation_dummy_handler)
    storage_operation_dummy_handler          0x00020979   Thumb Code     4  device_manager_peripheral.o(i.storage_operation_dummy_handler)
    i.store_cmd_flash_write_execute          0x0002097c   Section        0  pstorage.o(i.store_cmd_flash_write_execute)
    store_cmd_flash_write_execute            0x0002097d   Thumb Code    84  pstorage.o(i.store_cmd_flash_write_execute)
    i.swap_erase_state_run                   0x000209d8   Section        0  pstorage.o(i.swap_erase_state_run)
    swap_erase_state_run                     0x000209d9   Thumb Code    18  pstorage.o(i.swap_erase_state_run)
    i.swap_sub_state_err_busy_process        0x000209f0   Section        0  pstorage.o(i.swap_sub_state_err_busy_process)
    swap_sub_state_err_busy_process          0x000209f1   Thumb Code    16  pstorage.o(i.swap_sub_state_err_busy_process)
    i.swap_sub_state_state_change            0x00020a04   Section        0  pstorage.o(i.swap_sub_state_state_change)
    swap_sub_state_state_change              0x00020a05   Thumb Code    12  pstorage.o(i.swap_sub_state_state_change)
    i.sys_evt_dispatch                       0x00020a18   Section        0  main.o(i.sys_evt_dispatch)
    sys_evt_dispatch                         0x00020a19   Thumb Code    18  main.o(i.sys_evt_dispatch)
    i.sys_id_encode                          0x00020a2a   Section        0  ble_dis.o(i.sys_id_encode)
    sys_id_encode                            0x00020a2b   Thumb Code    66  ble_dis.o(i.sys_id_encode)
    i.tail_restore_state_run                 0x00020a6c   Section        0  pstorage.o(i.tail_restore_state_run)
    tail_restore_state_run                   0x00020a6d   Thumb Code    16  pstorage.o(i.tail_restore_state_run)
    i.timer_list_handler                     0x00020a80   Section        0  app_timer.o(i.timer_list_handler)
    timer_list_handler                       0x00020a81   Thumb Code   134  app_timer.o(i.timer_list_handler)
    i.timer_list_insert                      0x00020b0c   Section        0  app_timer.o(i.timer_list_insert)
    timer_list_insert                        0x00020b0d   Thumb Code    56  app_timer.o(i.timer_list_insert)
    i.timer_timeouts_check                   0x00020b48   Section        0  app_timer.o(i.timer_timeouts_check)
    timer_timeouts_check                     0x00020b49   Thumb Code   124  app_timer.o(i.timer_timeouts_check)
    i.timers_init                            0x00020bcc   Section        0  main.o(i.timers_init)
    timers_init                              0x00020bcd   Thumb Code    98  main.o(i.timers_init)
    i.tx_byte                                0x00020c48   Section        0  nrf_drv_uart.o(i.tx_byte)
    tx_byte                                  0x00020c49   Thumb Code    28  nrf_drv_uart.o(i.tx_byte)
    i.tx_done_event                          0x00020c6c   Section        0  nrf_drv_uart.o(i.tx_done_event)
    tx_done_event                            0x00020c6d   Thumb Code    30  nrf_drv_uart.o(i.tx_done_event)
    i.uart_irq_handler                       0x00020c90   Section        0  nrf_drv_uart.o(i.uart_irq_handler)
    uart_irq_handler                         0x00020c91   Thumb Code   254  nrf_drv_uart.o(i.uart_irq_handler)
    i.uarte_irq_handler                      0x00020d98   Section        0  nrf_drv_uart.o(i.uarte_irq_handler)
    uarte_irq_handler                        0x00020d99   Thumb Code   206  nrf_drv_uart.o(i.uarte_irq_handler)
    i.uint16_encode                          0x00020e70   Section        0  ble_advdata.o(i.uint16_encode)
    uint16_encode                            0x00020e71   Thumb Code    10  ble_advdata.o(i.uint16_encode)
    i.update_status_bit_reset                0x00020e7c   Section        0  device_manager_peripheral.o(i.update_status_bit_reset)
    update_status_bit_reset                  0x00020e7d   Thumb Code    14  device_manager_peripheral.o(i.update_status_bit_reset)
    i.update_timeout_handler                 0x00020e90   Section        0  ble_conn_params.o(i.update_timeout_handler)
    update_timeout_handler                   0x00020e91   Thumb Code    88  ble_conn_params.o(i.update_timeout_handler)
    i.user_id_get                            0x00020ef0   Section        0  app_timer.o(i.user_id_get)
    user_id_get                              0x00020ef1   Thumb Code    62  app_timer.o(i.user_id_get)
    i.user_op_alloc                          0x00020f2e   Section        0  app_timer.o(i.user_op_alloc)
    user_op_alloc                            0x00020f2f   Thumb Code    40  app_timer.o(i.user_op_alloc)
    i.uuid_list_encode                       0x00020f56   Section        0  ble_advdata.o(i.uuid_list_encode)
    uuid_list_encode                         0x00020f57   Thumb Code    48  ble_advdata.o(i.uuid_list_encode)
    i.uuid_list_sized_encode                 0x00020f86   Section        0  ble_advdata.o(i.uuid_list_sized_encode)
    uuid_list_sized_encode                   0x00020f87   Thumb Code   158  ble_advdata.o(i.uuid_list_sized_encode)
    i.whitelist_has_entries                  0x00021024   Section        0  ble_advertising.o(i.whitelist_has_entries)
    whitelist_has_entries                    0x00021025   Thumb Code    14  ble_advertising.o(i.whitelist_has_entries)
    .constdata                               0x00021034   Section       20  main.o(.constdata)
    m_battery_timer_id                       0x00021034   Data           4  main.o(.constdata)
    m_heart_rate_timer_id                    0x00021038   Data           4  main.o(.constdata)
    m_rr_interval_timer_id                   0x0002103c   Data           4  main.o(.constdata)
    m_sensor_contact_timer_id                0x00021040   Data           4  main.o(.constdata)
    .constdata                               0x00021048   Section       24  bsp.o(.constdata)
    m_leds_timer_id                          0x00021048   Data           4  bsp.o(.constdata)
    m_alert_timer_id                         0x0002104c   Data           4  bsp.o(.constdata)
    m_button_timer_id                        0x00021050   Data           4  bsp.o(.constdata)
    m_buttons_list                           0x00021054   Data           4  bsp.o(.constdata)
    app_buttons                              0x00021058   Data           8  bsp.o(.constdata)
    .constdata                               0x00021060   Section        4  ble_conn_params.o(.constdata)
    m_conn_params_timer_id                   0x00021060   Data           4  ble_conn_params.o(.constdata)
    .constdata                               0x00021064   Section       52  device_manager_peripheral.o(.constdata)
    .constdata                               0x00021098   Section       40  pstorage.o(.constdata)
    swap_sub_state_sm_lut                    0x00021098   Data          20  pstorage.o(.constdata)
    swap_sub_state_sm_lut                    0x000210ac   Data          20  pstorage.o(.constdata)
    .constdata                               0x000210c0   Section        8  app_button.o(.constdata)
    m_detection_delay_timer_id               0x000210c0   Data           4  app_button.o(.constdata)
    .data                                    0x20002080   Section       48  main.o(.data)
    m_rr_interval_enabled                    0x20002080   Data           1  main.o(.data)
    sensor_contact_detected                  0x20002081   Data           1  main.o(.data)
    m_app_handle                             0x20002082   Data           1  main.o(.data)
    m_conn_handle                            0x20002084   Data           2  main.o(.data)
    cnt                                      0x20002088   Data           4  main.o(.data)
    m_battery_sim_state                      0x2000208c   Data           8  main.o(.data)
    m_heart_rate_sim_state                   0x20002094   Data           8  main.o(.data)
    m_rr_interval_sim_state                  0x2000209c   Data           8  main.o(.data)
    m_adv_uuids                              0x200020a4   Data          12  main.o(.data)
    .data                                    0x200020b0   Section       24  bsp.o(.data)
    m_stable_state                           0x200020b0   Data           1  bsp.o(.data)
    current_long_push_pin_no                 0x200020b1   Data           1  bsp.o(.data)
    release_event_at_push                    0x200020b2   Data           1  bsp.o(.data)
    m_events_list                            0x200020b3   Data           3  bsp.o(.data)
    m_app_ticks_per_100ms                    0x200020b8   Data           4  bsp.o(.data)
    m_indication_type                        0x200020bc   Data           4  bsp.o(.data)
    m_alert_mask                             0x200020c0   Data           4  bsp.o(.data)
    m_registered_callback                    0x200020c4   Data           4  bsp.o(.data)
    .data                                    0x200020c8   Section        8  bsp_btn_ble.o(.data)
    m_error_handler                          0x200020c8   Data           4  bsp_btn_ble.o(.data)
    m_num_connections                        0x200020cc   Data           4  bsp_btn_ble.o(.data)
    .data                                    0x200020d0   Section       31  ble_advertising.o(.data)
    m_advertising_start_pending              0x200020d0   Data           1  ble_advertising.o(.data)
    m_whitelist_temporarily_disabled         0x200020d1   Data           1  ble_advertising.o(.data)
    m_whitelist_reply_expected               0x200020d2   Data           1  ble_advertising.o(.data)
    m_peer_addr_reply_expected               0x200020d3   Data           1  ble_advertising.o(.data)
    m_adv_evt                                0x200020d4   Data           1  ble_advertising.o(.data)
    m_adv_mode_current                       0x200020d5   Data           1  ble_advertising.o(.data)
    m_tx_power_level                         0x200020d6   Data           1  ble_advertising.o(.data)
    current_slave_link_conn_handle           0x200020d8   Data           2  ble_advertising.o(.data)
    m_evt_handler                            0x200020dc   Data           4  ble_advertising.o(.data)
    m_error_handler                          0x200020e0   Data           4  ble_advertising.o(.data)
    m_slave_conn_int                         0x200020e4   Data           4  ble_advertising.o(.data)
    m_peer_address                           0x200020e8   Data           7  ble_advertising.o(.data)
    .data                                    0x200020f0   Section       20  ble_conn_params.o(.data)
    m_change_param                           0x200020f0   Data           1  ble_conn_params.o(.data)
    m_update_count                           0x200020f1   Data           1  ble_conn_params.o(.data)
    m_conn_handle                            0x200020f2   Data           2  ble_conn_params.o(.data)
    m_preferred_conn_params                  0x200020f4   Data           8  ble_conn_params.o(.data)
    m_current_conn_params                    0x200020fc   Data           8  ble_conn_params.o(.data)
    .data                                    0x20002104   Section       74  ble_dis.o(.data)
    service_handle                           0x20002104   Data           2  ble_dis.o(.data)
    manufact_name_handles                    0x20002106   Data           8  ble_dis.o(.data)
    model_num_handles                        0x2000210e   Data           8  ble_dis.o(.data)
    serial_num_handles                       0x20002116   Data           8  ble_dis.o(.data)
    hw_rev_handles                           0x2000211e   Data           8  ble_dis.o(.data)
    fw_rev_handles                           0x20002126   Data           8  ble_dis.o(.data)
    sw_rev_handles                           0x2000212e   Data           8  ble_dis.o(.data)
    sys_id_handles                           0x20002136   Data           8  ble_dis.o(.data)
    reg_cert_data_list_handles               0x2000213e   Data           8  ble_dis.o(.data)
    pnp_id_handles                           0x20002146   Data           8  ble_dis.o(.data)
    .data                                    0x20002150   Section       24  device_manager_peripheral.o(.data)
    m_module_initialized                     0x20002150   Data           1  device_manager_peripheral.o(.data)
    m_peer_addr_update                       0x20002154   Data           4  device_manager_peripheral.o(.data)
    m_irk_index_table                        0x20002158   Data           7  device_manager_peripheral.o(.data)
    m_storage_handle                         0x20002160   Data           8  device_manager_peripheral.o(.data)
    .data                                    0x20002168   Section       36  pstorage.o(.data)
    m_state                                  0x20002168   Data           1  pstorage.o(.data)
    m_swap_sub_state                         0x20002169   Data           1  pstorage.o(.data)
    m_next_app_instance                      0x2000216a   Data           2  pstorage.o(.data)
    m_flags                                  0x2000216c   Data           4  pstorage.o(.data)
    m_next_page_addr                         0x20002170   Data           4  pstorage.o(.data)
    m_head_word_size                         0x20002174   Data           4  pstorage.o(.data)
    m_tail_word_size                         0x20002178   Data           4  pstorage.o(.data)
    m_current_page_id                        0x2000217c   Data           4  pstorage.o(.data)
    m_num_of_command_retries                 0x20002180   Data           4  pstorage.o(.data)
    m_num_of_bytes_written                   0x20002184   Data           4  pstorage.o(.data)
    m_app_data_size                          0x20002188   Data           4  pstorage.o(.data)
    .data                                    0x2000218c   Section       20  app_button.o(.data)
    m_button_count                           0x2000218c   Data           1  app_button.o(.data)
    mp_buttons                               0x20002190   Data           4  app_button.o(.data)
    m_detection_delay                        0x20002194   Data           4  app_button.o(.data)
    m_pin_state                              0x20002198   Data           4  app_button.o(.data)
    m_pin_transition                         0x2000219c   Data           4  app_button.o(.data)
    .data                                    0x200021a0   Section       32  app_timer.o(.data)
    m_user_array_size                        0x200021a0   Data           1  app_timer.o(.data)
    m_ticks_elapsed_q_read_ind               0x200021a1   Data           1  app_timer.o(.data)
    m_ticks_elapsed_q_write_ind              0x200021a2   Data           1  app_timer.o(.data)
    m_rtc1_running                           0x200021a3   Data           1  app_timer.o(.data)
    m_rtc1_reset                             0x200021a4   Data           1  app_timer.o(.data)
    mp_users                                 0x200021a8   Data           4  app_timer.o(.data)
    mp_timer_id_head                         0x200021ac   Data           4  app_timer.o(.data)
    m_ticks_latest                           0x200021b0   Data           4  app_timer.o(.data)
    m_evt_schedule_func                      0x200021b4   Data           4  app_timer.o(.data)
    m_ticks_elapsed                          0x200021b8   Data           8  app_timer.o(.data)
    .data                                    0x200021c0   Section       20  softdevice_handler.o(.data)
    m_softdevice_enabled                     0x200021c0   Data           1  softdevice_handler.o(.data)
    m_ble_evt_buffer_size                    0x200021c2   Data           2  softdevice_handler.o(.data)
    m_evt_schedule_func                      0x200021c4   Data           4  softdevice_handler.o(.data)
    mp_ble_evt_buffer                        0x200021c8   Data           4  softdevice_handler.o(.data)
    m_ble_evt_handler                        0x200021cc   Data           4  softdevice_handler.o(.data)
    m_sys_evt_handler                        0x200021d0   Data           4  softdevice_handler.o(.data)
    .data                                    0x200021d4   Section        4  system_nrf52.o(.data)
    __tagsym$$used                           0x200021d4   Number         0  system_nrf52.o(.data)
    .bss                                     0x200021d8   Section       32  main.o(.bss)
    m_battery_timer_id_data                  0x200021d8   Data          32  main.o(.bss)
    .bss                                     0x200021f8   Section       32  main.o(.bss)
    m_heart_rate_timer_id_data               0x200021f8   Data          32  main.o(.bss)
    .bss                                     0x20002218   Section       32  main.o(.bss)
    m_rr_interval_timer_id_data              0x20002218   Data          32  main.o(.bss)
    .bss                                     0x20002238   Section       32  main.o(.bss)
    m_sensor_contact_timer_id_data           0x20002238   Data          32  main.o(.bss)
    .bss                                     0x20002258   Section      680  main.o(.bss)
    APP_TIMER_BUF                            0x20002258   Data         456  main.o(.bss)
    BLE_EVT_BUFFER                           0x20002420   Data          72  main.o(.bss)
    m_bas                                    0x20002468   Data          24  main.o(.bss)
    m_hrs                                    0x20002480   Data          80  main.o(.bss)
    m_battery_sim_cfg                        0x200024d0   Data          16  main.o(.bss)
    m_heart_rate_sim_cfg                     0x200024e0   Data          16  main.o(.bss)
    m_rr_interval_sim_cfg                    0x200024f0   Data          16  main.o(.bss)
    .bss                                     0x20002500   Section       32  bsp.o(.bss)
    m_leds_timer_id_data                     0x20002500   Data          32  bsp.o(.bss)
    .bss                                     0x20002520   Section       32  bsp.o(.bss)
    m_alert_timer_id_data                    0x20002520   Data          32  bsp.o(.bss)
    .bss                                     0x20002540   Section       32  bsp.o(.bss)
    m_button_timer_id_data                   0x20002540   Data          32  bsp.o(.bss)
    .bss                                     0x20002560   Section      259  ble_advertising.o(.bss)
    m_advdata                                0x20002560   Data          56  ble_advertising.o(.bss)
    m_adv_modes_config                       0x20002598   Data          36  ble_advertising.o(.bss)
    m_whitelist                              0x200025bc   Data          16  ble_advertising.o(.bss)
    mp_whitelist_addr                        0x200025cc   Data          32  ble_advertising.o(.bss)
    mp_whitelist_irk                         0x200025ec   Data          32  ble_advertising.o(.bss)
    m_manuf_specific_data                    0x2000260c   Data          12  ble_advertising.o(.bss)
    m_manuf_data_array                       0x20002618   Data          31  ble_advertising.o(.bss)
    m_service_data                           0x20002638   Data          12  ble_advertising.o(.bss)
    m_service_data_array                     0x20002644   Data          31  ble_advertising.o(.bss)
    .bss                                     0x20002664   Section       32  ble_conn_params.o(.bss)
    m_conn_params_timer_id_data              0x20002664   Data          32  ble_conn_params.o(.bss)
    .bss                                     0x20002684   Section       28  ble_conn_params.o(.bss)
    m_conn_params_config                     0x20002684   Data          28  ble_conn_params.o(.bss)
    .bss                                     0x200026a0   Section      335  device_manager_peripheral.o(.bss)
    m_app_context_table                      0x200026a0   Data          28  device_manager_peripheral.o(.bss)
    m_peer_table                             0x200026bc   Data         196  device_manager_peripheral.o(.bss)
    m_bond_table                             0x20002780   Data          28  device_manager_peripheral.o(.bss)
    m_gatts_table                            0x2000279c   Data          36  device_manager_peripheral.o(.bss)
    m_connection_table                       0x200027c0   Data          12  device_manager_peripheral.o(.bss)
    m_application_table                      0x200027cc   Data          12  device_manager_peripheral.o(.bss)
    m_local_id_info                          0x200027d8   Data          23  device_manager_peripheral.o(.bss)
    .bss                                     0x200027f0   Section       88  nrf_drv_gpiote.o(.bss)
    m_cb                                     0x200027f0   Data          88  nrf_drv_gpiote.o(.bss)
    .bss                                     0x20002848   Section       32  nrf_drv_uart.o(.bss)
    m_cb                                     0x20002848   Data          32  nrf_drv_uart.o(.bss)
    .bss                                     0x20002868   Section      628  pstorage.o(.bss)
    m_cmd_queue                              0x20002868   Data         604  pstorage.o(.bss)
    m_app_table                              0x20002ac4   Data          24  pstorage.o(.bss)
    .bss                                     0x20002adc   Section       44  nrf_drv_saadc.o(.bss)
    m_cb                                     0x20002adc   Data          44  nrf_drv_saadc.o(.bss)
    .bss                                     0x20002b08   Section       12  nrf_drv_timer.o(.bss)
    m_cb                                     0x20002b08   Data          12  nrf_drv_timer.o(.bss)
    .bss                                     0x20002b14   Section       32  app_button.o(.bss)
    m_detection_delay_timer_id_data          0x20002b14   Data          32  app_button.o(.bss)
    .bss                                     0x20002b34   Section       88  fstorage.o(.bss)
    m_queue                                  0x20002b34   Data          88  fstorage.o(.bss)
    .bss                                     0x20002b8c   Section       12  softdevice_handler.o(.bss)
    STACK                                    0x20002b98   Section     8192  arm_startup_nrf52.o(STACK)

    Global Symbols

    Symbol Name                              Value     Ov Type        Size  Object(Section)

    BuildAttributes$$THM_ISAv4$E$P$D$K$B$S$7EM$VFPi3$EXTD16$VFPS$VFMA$PE$A:L22UL41UL21$X:L11$S22US41US21$IEEE1$IW$USESV6$~STKCKD$USESV7$~SHL$OSPACE$ROPI$EBA8$MICROLIB$REQ8$PRES8$EABIv2 0x00000000   Number         0  anon$$obj.o ABSOLUTE
    __ARM_use_no_argv                        0x00000000   Number         0  main.o ABSOLUTE
    __cpp_initialize__aeabi_                  - Undefined Weak Reference
    __cxa_finalize                            - Undefined Weak Reference
    _clock_init                               - Undefined Weak Reference
    _microlib_exit                            - Undefined Weak Reference
    fs_data$$Base                             - Undefined Reference
    fs_data$$Limit                            - Undefined Reference
    __Vectors_Size                           0x00000400   Number         0  arm_startup_nrf52.o ABSOLUTE
    __Vectors                                0x0001c000   Data           4  arm_startup_nrf52.o(RESET)
    __Vectors_End                            0x0001c400   Data           0  arm_startup_nrf52.o(RESET)
    __main                                   0x0001c401   Thumb Code     0  entry.o(.ARM.Collect$$$$00000000)
    _main_stk                                0x0001c401   Thumb Code     0  entry2.o(.ARM.Collect$$$$00000001)
    _main_scatterload                        0x0001c405   Thumb Code     0  entry5.o(.ARM.Collect$$$$00000004)
    __main_after_scatterload                 0x0001c409   Thumb Code     0  entry5.o(.ARM.Collect$$$$00000004)
    _main_clock                              0x0001c409   Thumb Code     0  entry7b.o(.ARM.Collect$$$$00000008)
    _main_cpp_init                           0x0001c409   Thumb Code     0  entry8b.o(.ARM.Collect$$$$0000000A)
    _main_init                               0x0001c409   Thumb Code     0  entry9a.o(.ARM.Collect$$$$0000000B)
    __rt_final_cpp                           0x0001c411   Thumb Code     0  entry10a.o(.ARM.Collect$$$$0000000D)
    __rt_final_exit                          0x0001c411   Thumb Code     0  entry11a.o(.ARM.Collect$$$$0000000F)
    __asm___11_app_timer_c_cd27f9c3__nrf_delay_us 0x0001c415   Thumb Code   118  app_timer.o(.emb_text)
    Reset_Handler                            0x0001c48d   Thumb Code     8  arm_startup_nrf52.o(.text)
    NMI_Handler                              0x0001c495   Thumb Code     2  arm_startup_nrf52.o(.text)
    HardFault_Handler                        0x0001c497   Thumb Code     2  arm_startup_nrf52.o(.text)
    MemoryManagement_Handler                 0x0001c499   Thumb Code     2  arm_startup_nrf52.o(.text)
    BusFault_Handler                         0x0001c49b   Thumb Code     2  arm_startup_nrf52.o(.text)
    UsageFault_Handler                       0x0001c49d   Thumb Code     2  arm_startup_nrf52.o(.text)
    SVC_Handler                              0x0001c49f   Thumb Code     2  arm_startup_nrf52.o(.text)
    DebugMonitor_Handler                     0x0001c4a1   Thumb Code     2  arm_startup_nrf52.o(.text)
    PendSV_Handler                           0x0001c4a3   Thumb Code     2  arm_startup_nrf52.o(.text)
    SysTick_Handler                          0x0001c4a5   Thumb Code     2  arm_startup_nrf52.o(.text)
    CCM_AAR_IRQHandler                       0x0001c4a7   Thumb Code     0  arm_startup_nrf52.o(.text)
    COMP_LPCOMP_IRQHandler                   0x0001c4a7   Thumb Code     0  arm_startup_nrf52.o(.text)
    ECB_IRQHandler                           0x0001c4a7   Thumb Code     0  arm_startup_nrf52.o(.text)
    FPU_IRQHandler                           0x0001c4a7   Thumb Code     0  arm_startup_nrf52.o(.text)
    I2S_IRQHandler                           0x0001c4a7   Thumb Code     0  arm_startup_nrf52.o(.text)
    MWU_IRQHandler                           0x0001c4a7   Thumb Code     0  arm_startup_nrf52.o(.text)
    NFCT_IRQHandler                          0x0001c4a7   Thumb Code     0  arm_startup_nrf52.o(.text)
    PDM_IRQHandler                           0x0001c4a7   Thumb Code     0  arm_startup_nrf52.o(.text)
    POWER_CLOCK_IRQHandler                   0x0001c4a7   Thumb Code     0  arm_startup_nrf52.o(.text)
    PWM0_IRQHandler                          0x0001c4a7   Thumb Code     0  arm_startup_nrf52.o(.text)
    PWM1_IRQHandler                          0x0001c4a7   Thumb Code     0  arm_startup_nrf52.o(.text)
    PWM2_IRQHandler                          0x0001c4a7   Thumb Code     0  arm_startup_nrf52.o(.text)
    QDEC_IRQHandler                          0x0001c4a7   Thumb Code     0  arm_startup_nrf52.o(.text)
    RADIO_IRQHandler                         0x0001c4a7   Thumb Code     0  arm_startup_nrf52.o(.text)
    RNG_IRQHandler                           0x0001c4a7   Thumb Code     0  arm_startup_nrf52.o(.text)
    RTC0_IRQHandler                          0x0001c4a7   Thumb Code     0  arm_startup_nrf52.o(.text)
    RTC2_IRQHandler                          0x0001c4a7   Thumb Code     0  arm_startup_nrf52.o(.text)
    SPIM0_SPIS0_TWIM0_TWIS0_SPI0_TWI0_IRQHandler 0x0001c4a7   Thumb Code     0  arm_startup_nrf52.o(.text)
    SPIM1_SPIS1_TWIM1_TWIS1_SPI1_TWI1_IRQHandler 0x0001c4a7   Thumb Code     0  arm_startup_nrf52.o(.text)
    SPIM2_SPIS2_SPI2_IRQHandler              0x0001c4a7   Thumb Code     0  arm_startup_nrf52.o(.text)
    SWI1_EGU1_IRQHandler                     0x0001c4a7   Thumb Code     0  arm_startup_nrf52.o(.text)
    SWI3_EGU3_IRQHandler                     0x0001c4a7   Thumb Code     0  arm_startup_nrf52.o(.text)
    SWI4_EGU4_IRQHandler                     0x0001c4a7   Thumb Code     0  arm_startup_nrf52.o(.text)
    SWI5_EGU5_IRQHandler                     0x0001c4a7   Thumb Code     0  arm_startup_nrf52.o(.text)
    TEMP_IRQHandler                          0x0001c4a7   Thumb Code     0  arm_startup_nrf52.o(.text)
    TIMER1_IRQHandler                        0x0001c4a7   Thumb Code     0  arm_startup_nrf52.o(.text)
    TIMER2_IRQHandler                        0x0001c4a7   Thumb Code     0  arm_startup_nrf52.o(.text)
    TIMER3_IRQHandler                        0x0001c4a7   Thumb Code     0  arm_startup_nrf52.o(.text)
    TIMER4_IRQHandler                        0x0001c4a7   Thumb Code     0  arm_startup_nrf52.o(.text)
    WDT_IRQHandler                           0x0001c4a7   Thumb Code     0  arm_startup_nrf52.o(.text)
    ___aeabi_memcpy8$move                    0x0001c4b1   Thumb Code     0  memmovea.o(.text)
    __aeabi_memcpy                           0x0001c4b1   Thumb Code    64  memmovea.o(.text)
    __aeabi_memcpy4                          0x0001c4b1   Thumb Code     0  memmovea.o(.text)
    __aeabi_memmove                          0x0001c4b1   Thumb Code     0  memmovea.o(.text)
    __aeabi_memmove4                         0x0001c4b1   Thumb Code     0  memmovea.o(.text)
    __aeabi_memmove8                         0x0001c4b1   Thumb Code     0  memmovea.o(.text)
    __aeabi_memset                           0x0001c4f1   Thumb Code    14  memseta.o(.text)
    __aeabi_memset4                          0x0001c4f1   Thumb Code     0  memseta.o(.text)
    __aeabi_memset8                          0x0001c4f1   Thumb Code     0  memseta.o(.text)
    __aeabi_memclr                           0x0001c4ff   Thumb Code     4  memseta.o(.text)
    __aeabi_memclr4                          0x0001c4ff   Thumb Code     0  memseta.o(.text)
    __aeabi_memclr8                          0x0001c4ff   Thumb Code     0  memseta.o(.text)
    _memset$wrapper                          0x0001c503   Thumb Code    18  memseta.o(.text)
    strlen                                   0x0001c515   Thumb Code    14  strlen.o(.text)
    memcmp                                   0x0001c523   Thumb Code    26  memcmp.o(.text)
    __scatterload                            0x0001c53d   Thumb Code    28  init.o(.text)
    __scatterload_rt2                        0x0001c53d   Thumb Code     0  init.o(.text)
    __decompress                             0x0001c561   Thumb Code     0  __dczerorl.o(.text)
    __decompress0                            0x0001c561   Thumb Code    58  __dczerorl.o(.text)
    GPIOTE_IRQHandler                        0x0001c59d   Thumb Code   316  nrf_drv_gpiote.o(i.GPIOTE_IRQHandler)
    RTC1_IRQHandler                          0x0001c749   Thumb Code    32  app_timer.o(i.RTC1_IRQHandler)
    SAADC_IRQHandler                         0x0001c76d   Thumb Code   172  nrf_drv_saadc.o(i.SAADC_IRQHandler)
    SWI0_EGU0_IRQHandler                     0x0001c829   Thumb Code     4  app_timer.o(i.SWI0_EGU0_IRQHandler)
    SWI2_EGU2_IRQHandler                     0x0001c82d   Thumb Code    32  softdevice_handler.o(i.SWI2_EGU2_IRQHandler)
    SystemInit                               0x0001c851   Thumb Code   566  system_nrf52.o(i.SystemInit)
    TIMER0_IRQHandler                        0x0001cabd   Thumb Code    64  nrf_drv_timer.o(i.TIMER0_IRQHandler)
    UARTE0_UART0_IRQHandler                  0x0001cb05   Thumb Code    14  nrf_drv_uart.o(i.UARTE0_UART0_IRQHandler)
    __scatterload_copy                       0x0001cb19   Thumb Code    14  handlers.o(i.__scatterload_copy)
    __scatterload_null                       0x0001cb27   Thumb Code     2  handlers.o(i.__scatterload_null)
    __scatterload_zeroinit                   0x0001cb29   Thumb Code    14  handlers.o(i.__scatterload_zeroinit)
    adv_data_encode                          0x0001cb37   Thumb Code   514  ble_advdata.o(i.adv_data_encode)
    app_button_enable                        0x0001cd8d   Thumb Code    32  app_button.o(i.app_button_enable)
    app_button_init                          0x0001cdb1   Thumb Code    96  app_button.o(i.app_button_init)
    app_error_fault_handler                  0x0001ce21   Thumb Code    26  app_error_weak.o(i.app_error_fault_handler)
    app_error_handler_bare                   0x0001ce45   Thumb Code    22  app_error.o(i.app_error_handler_bare)
    app_timer_create                         0x0001ceb9   Thumb Code    32  app_timer.o(i.app_timer_create)
    app_timer_init                           0x0001cedd   Thumb Code   134  app_timer.o(i.app_timer_init)
    app_timer_start                          0x0001cf6d   Thumb Code   118  app_timer.o(i.app_timer_start)
    app_timer_stop                           0x0001cfed   Thumb Code    76  app_timer.o(i.app_timer_stop)
    ble_advdata_set                          0x0001d225   Thumb Code   104  ble_advdata.o(i.ble_advdata_set)
    ble_advertising_init                     0x0001d28d   Thumb Code   274  ble_advertising.o(i.ble_advertising_init)
    ble_advertising_on_ble_evt               0x0001d3a9   Thumb Code   122  ble_advertising.o(i.ble_advertising_on_ble_evt)
    ble_advertising_on_sys_evt               0x0001d429   Thumb Code    46  ble_advertising.o(i.ble_advertising_on_sys_evt)
    ble_advertising_restart_without_whitelist 0x0001d46d   Thumb Code    70  ble_advertising.o(i.ble_advertising_restart_without_whitelist)
    ble_advertising_start                    0x0001d4bd   Thumb Code   470  ble_advertising.o(i.ble_advertising_start)
    ble_bas_battery_level_update             0x0001d69d   Thumb Code   122  ble_bas.o(i.ble_bas_battery_level_update)
    ble_bas_init                             0x0001d717   Thumb Code    68  ble_bas.o(i.ble_bas_init)
    ble_bas_on_ble_evt                       0x0001d75b   Thumb Code    88  ble_bas.o(i.ble_bas_on_ble_evt)
    ble_conn_params_init                     0x0001d7b5   Thumb Code    72  ble_conn_params.o(i.ble_conn_params_init)
    ble_conn_params_on_ble_evt               0x0001d80d   Thumb Code   120  ble_conn_params.o(i.ble_conn_params_on_ble_evt)
    ble_dis_init                             0x0001d8f1   Thumb Code   296  ble_dis.o(i.ble_dis_init)
    ble_hrs_heart_rate_measurement_send      0x0001da79   Thumb Code    92  ble_hrs.o(i.ble_hrs_heart_rate_measurement_send)
    ble_hrs_init                             0x0001dad5   Thumb Code    88  ble_hrs.o(i.ble_hrs_init)
    ble_hrs_on_ble_evt                       0x0001db2d   Thumb Code    74  ble_hrs.o(i.ble_hrs_on_ble_evt)
    ble_hrs_rr_interval_add                  0x0001db77   Thumb Code    54  ble_hrs.o(i.ble_hrs_rr_interval_add)
    ble_hrs_sensor_contact_detected_update   0x0001dbad   Thumb Code     6  ble_hrs.o(i.ble_hrs_sensor_contact_detected_update)
    ble_srv_ascii_to_utf8                    0x0001dbb3   Thumb Code    18  ble_srv_common.o(i.ble_srv_ascii_to_utf8)
    ble_srv_report_ref_encode                0x0001dbc5   Thumb Code    12  ble_srv_common.o(i.ble_srv_report_ref_encode)
    bond_data_load                           0x0001dcd1   Thumb Code    60  device_manager_peripheral.o(i.bond_data_load)
    bsp_btn_ble_init                         0x0001dd19   Thumb Code    72  bsp_btn_ble.o(i.bsp_btn_ble_init)
    bsp_btn_ble_on_ble_evt                   0x0001dd65   Thumb Code   106  bsp_btn_ble.o(i.bsp_btn_ble_on_ble_evt)
    bsp_btn_ble_sleep_mode_prepare           0x0001ddd5   Thumb Code    18  bsp_btn_ble.o(i.bsp_btn_ble_sleep_mode_prepare)
    bsp_button_is_pressed                    0x0001de65   Thumb Code    32  bsp.o(i.bsp_button_is_pressed)
    bsp_event_handler                        0x0001de8d   Thumb Code    54  main.o(i.bsp_event_handler)
    bsp_event_to_button_action_assign        0x0001dec9   Thumb Code    48  bsp.o(i.bsp_event_to_button_action_assign)
    bsp_indication_set                       0x0001defd   Thumb Code    20  bsp.o(i.bsp_indication_set)
    bsp_init                                 0x0001df15   Thumb Code   138  bsp.o(i.bsp_init)
    bsp_wakeup_buttons_set                   0x0001e1cd   Thumb Code    38  bsp.o(i.bsp_wakeup_buttons_set)
    dm_ble_evt_handler                       0x0001e985   Thumb Code  1110  device_manager_peripheral.o(i.dm_ble_evt_handler)
    dm_handle_initialize                     0x0001eddb   Thumb Code    22  device_manager_peripheral.o(i.dm_handle_initialize)
    dm_init                                  0x0001edf1   Thumb Code   182  device_manager_peripheral.o(i.dm_init)
    dm_register                              0x0001f041   Thumb Code    94  device_manager_peripheral.o(i.dm_register)
    fs_queued_op_count_get                   0x0001f19d   Thumb Code    16  fstorage.o(i.fs_queued_op_count_get)
    intern_softdevice_events_execute         0x0001f661   Thumb Code   106  softdevice_handler.o(i.intern_softdevice_events_execute)
    main                                     0x0001f92d   Thumb Code   236  main.o(i.main)
    nrf_drv_common_irq_enable                0x0001fb51   Thumb Code    56  nrf_drv_common.o(i.nrf_drv_common_irq_enable)
    nrf_drv_gpiote_in_event_enable           0x0001fb89   Thumb Code   150  nrf_drv_gpiote.o(i.nrf_drv_gpiote_in_event_enable)
    nrf_drv_gpiote_in_init                   0x0001fc2d   Thumb Code   170  nrf_drv_gpiote.o(i.nrf_drv_gpiote_in_init)
    nrf_drv_gpiote_in_is_set                 0x0001fce5   Thumb Code    16  nrf_drv_gpiote.o(i.nrf_drv_gpiote_in_is_set)
    nrf_drv_gpiote_init                      0x0001fcf9   Thumb Code    76  nrf_drv_gpiote.o(i.nrf_drv_gpiote_init)
    nrf_drv_gpiote_is_init                   0x0001fd4d   Thumb Code    14  nrf_drv_gpiote.o(i.nrf_drv_gpiote_is_init)
    pstorage_access_status_get               0x0001feed   Thumb Code    28  pstorage.o(i.pstorage_access_status_get)
    pstorage_block_identifier_get            0x0001ff11   Thumb Code    76  pstorage.o(i.pstorage_block_identifier_get)
    pstorage_clear                           0x0001ff65   Thumb Code   148  pstorage.o(i.pstorage_clear)
    pstorage_init                            0x00020029   Thumb Code    84  pstorage.o(i.pstorage_init)
    pstorage_load                            0x00020089   Thumb Code   158  pstorage.o(i.pstorage_load)
    pstorage_register                        0x00020131   Thumb Code   172  pstorage.o(i.pstorage_register)
    pstorage_store                           0x000201e5   Thumb Code   128  pstorage.o(i.pstorage_store)
    pstorage_sys_event_handler               0x0002026d   Thumb Code    66  pstorage.o(i.pstorage_sys_event_handler)
    pstorage_update                          0x000202b5   Thumb Code   128  pstorage.o(i.pstorage_update)
    sd_check_ram_start                       0x000203f5   Thumb Code    10  softdevice_handler.o(i.sd_check_ram_start)
    sensorsim_decrement                      0x00020505   Thumb Code    28  sensorsim.o(i.sensorsim_decrement)
    sensorsim_increment                      0x00020521   Thumb Code    28  sensorsim.o(i.sensorsim_increment)
    sensorsim_init                           0x0002053d   Thumb Code    22  sensorsim.o(i.sensorsim_init)
    sensorsim_measure                        0x00020553   Thumb Code    26  sensorsim.o(i.sensorsim_measure)
    softdevice_ble_evt_handler_set           0x0002079d   Thumb Code    14  softdevice_handler.o(i.softdevice_ble_evt_handler_set)
    softdevice_enable                        0x000207b1   Thumb Code    14  softdevice_handler.o(i.softdevice_enable)
    softdevice_enable_get_default_config     0x000207c5   Thumb Code    38  softdevice_handler.o(i.softdevice_enable_get_default_config)
    softdevice_fault_handler                 0x000207eb   Thumb Code     4  softdevice_handler.o(i.softdevice_fault_handler)
    softdevice_handler_init                  0x000207f1   Thumb Code    42  softdevice_handler.o(i.softdevice_handler_init)
    softdevice_sys_evt_handler_set           0x00020825   Thumb Code    14  softdevice_handler.o(i.softdevice_sys_evt_handler_set)
    m_context_init_len                       0x00021064   Data           4  device_manager_peripheral.o(.constdata)
    m_service_context_store                  0x00021068   Data          16  device_manager_peripheral.o(.constdata)
    m_service_context_load                   0x00021078   Data          16  device_manager_peripheral.o(.constdata)
    m_service_context_apply                  0x00021088   Data          16  device_manager_peripheral.o(.constdata)
    Region$$Table$$Base                      0x000210c8   Number         0  anon$$obj.o(Region$$Table)
    Region$$Table$$Limit                     0x000210e8   Number         0  anon$$obj.o(Region$$Table)
    Image$$RW_IRAM1$$Base                    0x20002080   Number         0  anon$$obj.o ABSOLUTE
    SystemCoreClock                          0x200021d4   Data           4  system_nrf52.o(.data)
    nrf_nvic_state                           0x20002b8c   Data          12  softdevice_handler.o(.bss)
    __initial_sp                             0x20004b98   Data           0  arm_startup_nrf52.o(STACK)



==============================================================================

Memory Map of the image

  Image Entry point : 0x0001c401

  Load Region LR_IROM1 (Base: 0x0001c000, Size: 0x00005240, Max: 0x00064000, ABSOLUTE, COMPRESSED[0x00005104])

    Execution Region ER_IROM1 (Base: 0x0001c000, Size: 0x000050e8, Max: 0x00064000, ABSOLUTE)

    Base Addr    Size         Type   Attr      Idx    E Section Name        Object

    0x0001c000   0x00000400   Data   RO         3480    RESET               arm_startup_nrf52.o
    0x0001c400   0x00000000   Code   RO         3521  * .ARM.Collect$$$$00000000  mc_w.l(entry.o)
    0x0001c400   0x00000004   Code   RO         3568    .ARM.Collect$$$$00000001  mc_w.l(entry2.o)
    0x0001c404   0x00000004   Code   RO         3571    .ARM.Collect$$$$00000004  mc_w.l(entry5.o)
    0x0001c408   0x00000000   Code   RO         3573    .ARM.Collect$$$$00000008  mc_w.l(entry7b.o)
    0x0001c408   0x00000000   Code   RO         3575    .ARM.Collect$$$$0000000A  mc_w.l(entry8b.o)
    0x0001c408   0x00000008   Code   RO         3576    .ARM.Collect$$$$0000000B  mc_w.l(entry9a.o)
    0x0001c410   0x00000000   Code   RO         3578    .ARM.Collect$$$$0000000D  mc_w.l(entry10a.o)
    0x0001c410   0x00000000   Code   RO         3580    .ARM.Collect$$$$0000000F  mc_w.l(entry11a.o)
    0x0001c410   0x00000004   Code   RO         3569    .ARM.Collect$$$$00002712  mc_w.l(entry2.o)
    0x0001c414   0x00000076   Code   RO         2734    .emb_text           app_timer.o
    0x0001c48a   0x00000002   PAD
    0x0001c48c   0x00000024   Code   RO         3481    .text               arm_startup_nrf52.o
    0x0001c4b0   0x00000040   Code   RO         3526    .text               mc_w.l(memmovea.o)
    0x0001c4f0   0x00000024   Code   RO         3528    .text               mc_w.l(memseta.o)
    0x0001c514   0x0000000e   Code   RO         3530    .text               mc_w.l(strlen.o)
    0x0001c522   0x0000001a   Code   RO         3532    .text               mc_w.l(memcmp.o)
    0x0001c53c   0x00000024   Code   RO         3597    .text               mc_w.l(init.o)
    0x0001c560   0x0000003a   Code   RO         3615    .text               mc_w.l(__dczerorl.o)
    0x0001c59a   0x00000002   PAD
    0x0001c59c   0x00000148   Code   RO         1410    i.GPIOTE_IRQHandler  nrf_drv_gpiote.o
    0x0001c6e4   0x00000016   Code   RO         2735    i.NVIC_ClearPendingIRQ  app_timer.o
    0x0001c6fa   0x00000016   Code   RO         2736    i.NVIC_EnableIRQ    app_timer.o
    0x0001c710   0x00000016   Code   RO         2737    i.NVIC_SetPendingIRQ  app_timer.o
    0x0001c726   0x00000020   Code   RO         2738    i.NVIC_SetPriority  app_timer.o
    0x0001c746   0x00000002   PAD
    0x0001c748   0x00000024   Code   RO         2739    i.RTC1_IRQHandler   app_timer.o
    0x0001c76c   0x000000bc   Code   RO         2286    i.SAADC_IRQHandler  nrf_drv_saadc.o
    0x0001c828   0x00000004   Code   RO         2740    i.SWI0_EGU0_IRQHandler  app_timer.o
    0x0001c82c   0x00000024   Code   RO         3374    i.SWI2_EGU2_IRQHandler  softdevice_handler.o
    0x0001c850   0x0000026c   Code   RO         3489    i.SystemInit        system_nrf52.o
    0x0001cabc   0x00000048   Code   RO         2394    i.TIMER0_IRQHandler  nrf_drv_timer.o
    0x0001cb04   0x00000014   Code   RO         1609    i.UARTE0_UART0_IRQHandler  nrf_drv_uart.o
    0x0001cb18   0x0000000e   Code   RO         3609    i.__scatterload_copy  mc_w.l(handlers.o)
    0x0001cb26   0x00000002   Code   RO         3610    i.__scatterload_null  mc_w.l(handlers.o)
    0x0001cb28   0x0000000e   Code   RO         3611    i.__scatterload_zeroinit  mc_w.l(handlers.o)
    0x0001cb36   0x00000202   Code   RO          525    i.adv_data_encode   ble_advdata.o
    0x0001cd38   0x00000036   Code   RO          482    i.advertising_buttons_configure  bsp_btn_ble.o
    0x0001cd6e   0x00000002   PAD
    0x0001cd70   0x0000001c   Code   RO          369    i.alert_timer_handler  bsp.o
    0x0001cd8c   0x00000024   Code   RO         2535    i.app_button_enable  app_button.o
    0x0001cdb0   0x00000070   Code   RO         2536    i.app_button_init   app_button.o
    0x0001ce20   0x00000024   Code   RO         2636    i.app_error_fault_handler  app_error_weak.o
    0x0001ce44   0x00000016   Code   RO         2597    i.app_error_handler_bare  app_error.o
    0x0001ce5a   0x00000002   PAD
    0x0001ce5c   0x0000000c   Code   RO          988    i.app_evt_notify    device_manager_peripheral.o
    0x0001ce68   0x0000002c   Code   RO         1810    i.app_notify        pstorage.o
    0x0001ce94   0x00000024   Code   RO         1811    i.app_notify_error_state_transit  pstorage.o
    0x0001ceb8   0x00000024   Code   RO         2743    i.app_timer_create  app_timer.o
    0x0001cedc   0x00000090   Code   RO         2744    i.app_timer_init    app_timer.o
    0x0001cf6c   0x00000080   Code   RO         2745    i.app_timer_start   app_timer.o
    0x0001cfec   0x00000050   Code   RO         2746    i.app_timer_stop    app_timer.o
    0x0001d03c   0x00000058   Code   RO            5    i.application_timers_start  main.o
    0x0001d094   0x0000014e   Code   RO          694    i.battery_level_char_add  ble_bas.o
    0x0001d1e2   0x00000002   PAD
    0x0001d1e4   0x00000040   Code   RO            7    i.battery_level_meas_timeout_handler  main.o
    0x0001d224   0x00000068   Code   RO          526    i.ble_advdata_set   ble_advdata.o
    0x0001d28c   0x0000011c   Code   RO          610    i.ble_advertising_init  ble_advertising.o
    0x0001d3a8   0x00000080   Code   RO          611    i.ble_advertising_on_ble_evt  ble_advertising.o
    0x0001d428   0x00000034   Code   RO          612    i.ble_advertising_on_sys_evt  ble_advertising.o
    0x0001d45c   0x00000010   Code   RO          614    i.ble_advertising_peer_address_clear  ble_advertising.o
    0x0001d46c   0x00000050   Code   RO          615    i.ble_advertising_restart_without_whitelist  ble_advertising.o
    0x0001d4bc   0x000001e0   Code   RO          616    i.ble_advertising_start  ble_advertising.o
    0x0001d69c   0x0000007a   Code   RO          695    i.ble_bas_battery_level_update  ble_bas.o
    0x0001d716   0x00000044   Code   RO          696    i.ble_bas_init      ble_bas.o
    0x0001d75a   0x00000058   Code   RO          697    i.ble_bas_on_ble_evt  ble_bas.o
    0x0001d7b2   0x00000002   PAD
    0x0001d7b4   0x00000058   Code   RO          742    i.ble_conn_params_init  ble_conn_params.o
    0x0001d80c   0x00000084   Code   RO          743    i.ble_conn_params_on_ble_evt  ble_conn_params.o
    0x0001d890   0x0000005e   Code   RO          527    i.ble_device_addr_encode  ble_advdata.o
    0x0001d8ee   0x00000002   PAD
    0x0001d8f0   0x0000012c   Code   RO          813    i.ble_dis_init      ble_dis.o
    0x0001da1c   0x0000005c   Code   RO            8    i.ble_evt_dispatch  main.o
    0x0001da78   0x0000005c   Code   RO          858    i.ble_hrs_heart_rate_measurement_send  ble_hrs.o
    0x0001dad4   0x00000058   Code   RO          859    i.ble_hrs_init      ble_hrs.o
    0x0001db2c   0x0000004a   Code   RO          860    i.ble_hrs_on_ble_evt  ble_hrs.o
    0x0001db76   0x00000036   Code   RO          861    i.ble_hrs_rr_interval_add  ble_hrs.o
    0x0001dbac   0x00000006   Code   RO          863    i.ble_hrs_sensor_contact_detected_update  ble_hrs.o
    0x0001dbb2   0x00000012   Code   RO          941    i.ble_srv_ascii_to_utf8  ble_srv_common.o
    0x0001dbc4   0x0000000c   Code   RO          942    i.ble_srv_report_ref_encode  ble_srv_common.o
    0x0001dbd0   0x00000078   Code   RO            9    i.ble_stack_init    main.o
    0x0001dc48   0x00000086   Code   RO          865    i.body_sensor_location_char_add  ble_hrs.o
    0x0001dcce   0x00000002   PAD
    0x0001dcd0   0x00000048   Code   RO          989    i.bond_data_load    device_manager_peripheral.o
    0x0001dd18   0x0000004c   Code   RO          483    i.bsp_btn_ble_init  bsp_btn_ble.o
    0x0001dd64   0x00000070   Code   RO          484    i.bsp_btn_ble_on_ble_evt  bsp_btn_ble.o
    0x0001ddd4   0x00000012   Code   RO          485    i.bsp_btn_ble_sleep_mode_prepare  bsp_btn_ble.o
    0x0001dde6   0x00000002   PAD
    0x0001dde8   0x0000007c   Code   RO          370    i.bsp_button_event_handler  bsp.o
    0x0001de64   0x00000028   Code   RO          371    i.bsp_button_is_pressed  bsp.o
    0x0001de8c   0x0000003c   Code   RO           10    i.bsp_event_handler  main.o
    0x0001dec8   0x00000034   Code   RO          375    i.bsp_event_to_button_action_assign  bsp.o
    0x0001defc   0x00000018   Code   RO          376    i.bsp_indication_set  bsp.o
    0x0001df14   0x000000a4   Code   RO          378    i.bsp_init          bsp.o
    0x0001dfb8   0x00000214   Code   RO          379    i.bsp_led_indication  bsp.o
    0x0001e1cc   0x0000002c   Code   RO          380    i.bsp_wakeup_buttons_set  bsp.o
    0x0001e1f8   0x00000008   Code   RO          381    i.button_timer_handler  bsp.o
    0x0001e200   0x0000001c   Code   RO         1411    i.channel_free      nrf_drv_gpiote.o
    0x0001e21c   0x00000048   Code   RO         1412    i.channel_port_alloc  nrf_drv_gpiote.o
    0x0001e264   0x00000010   Code   RO         1413    i.channel_port_get  nrf_drv_gpiote.o
    0x0001e274   0x000000a0   Code   RO          814    i.char_add          ble_dis.o
    0x0001e314   0x000000fc   Code   RO         1812    i.clear_operation_execute  pstorage.o
    0x0001e410   0x00000020   Code   RO         1813    i.clear_post_processing_run  pstorage.o
    0x0001e430   0x00000034   Code   RO         1814    i.cmd_process       pstorage.o
    0x0001e464   0x00000020   Code   RO         1815    i.cmd_queue_element_init  pstorage.o
    0x0001e484   0x00000054   Code   RO         1816    i.cmd_queue_enqueue  pstorage.o
    0x0001e4d8   0x00000040   Code   RO         1817    i.command_end_procedure_run  pstorage.o
    0x0001e518   0x000000ac   Code   RO         2748    i.compare_reg_update  app_timer.o
    0x0001e5c4   0x00000088   Code   RO          528    i.conn_int_encode   ble_advdata.o
    0x0001e64c   0x00000004   Code   RO           11    i.conn_params_error_handler  main.o
    0x0001e650   0x0000005c   Code   RO          745    i.conn_params_negotiation  ble_conn_params.o
    0x0001e6ac   0x0000002c   Code   RO          990    i.connection_instance_find  device_manager_peripheral.o
    0x0001e6d8   0x00000028   Code   RO          991    i.connection_instance_init  device_manager_peripheral.o
    0x0001e700   0x00000054   Code   RO         1818    i.data_page_erase_state_run  pstorage.o
    0x0001e754   0x00000020   Code   RO         1819    i.data_to_swap_write_state_run  pstorage.o
    0x0001e774   0x00000060   Code   RO         2538    i.detection_delay_timeout_handler  app_button.o
    0x0001e7d4   0x000000c0   Code   RO          992    i.device_context_store  device_manager_peripheral.o
    0x0001e894   0x00000048   Code   RO          993    i.device_instance_find  device_manager_peripheral.o
    0x0001e8dc   0x0000002c   Code   RO          994    i.device_instance_free  device_manager_peripheral.o
    0x0001e908   0x0000000e   Code   RO           12    i.device_manager_evt_handler  main.o
    0x0001e916   0x00000002   PAD
    0x0001e918   0x0000006c   Code   RO           13    i.device_manager_init  main.o
    0x0001e984   0x00000456   Code   RO          999    i.dm_ble_evt_handler  device_manager_peripheral.o
    0x0001edda   0x00000016   Code   RO         1005    i.dm_handle_initialize  device_manager_peripheral.o
    0x0001edf0   0x000000c8   Code   RO         1006    i.dm_init           device_manager_peripheral.o
    0x0001eeb8   0x00000188   Code   RO         1009    i.dm_pstorage_cb_handler  device_manager_peripheral.o
    0x0001f040   0x00000068   Code   RO         1010    i.dm_register       device_manager_peripheral.o
    0x0001f0a8   0x00000040   Code   RO         2749    i.elapsed_ticks_acquire  app_timer.o
    0x0001f0e8   0x0000001c   Code   RO         1820    i.flash_api_err_code_process  pstorage.o
    0x0001f104   0x0000008c   Code   RO         1821    i.flash_operation_success_run  pstorage.o
    0x0001f190   0x00000006   Code   RO         1822    i.flash_page_erase  pstorage.o
    0x0001f196   0x00000006   Code   RO         1823    i.flash_write       pstorage.o
    0x0001f19c   0x00000014   Code   RO         2955    i.fs_queued_op_count_get  fstorage.o
    0x0001f1b0   0x0000006c   Code   RO           14    i.gap_params_init   main.o
    0x0001f21c   0x00000004   Code   RO         1017    i.gattc_context_apply  device_manager_peripheral.o
    0x0001f220   0x00000004   Code   RO         1018    i.gattc_context_load  device_manager_peripheral.o
    0x0001f224   0x00000004   Code   RO         1019    i.gattc_context_store  device_manager_peripheral.o
    0x0001f228   0x000000b4   Code   RO         1020    i.gatts_context_apply  device_manager_peripheral.o
    0x0001f2dc   0x00000038   Code   RO         1021    i.gatts_context_load  device_manager_peripheral.o
    0x0001f314   0x000000c8   Code   RO         1022    i.gatts_context_store  device_manager_peripheral.o
    0x0001f3dc   0x00000004   Code   RO         1023    i.gattsc_context_apply  device_manager_peripheral.o
    0x0001f3e0   0x00000004   Code   RO         1024    i.gattsc_context_load  device_manager_peripheral.o
    0x0001f3e4   0x00000004   Code   RO         1025    i.gattsc_context_store  device_manager_peripheral.o
    0x0001f3e8   0x00000058   Code   RO         2539    i.gpiote_event_handler  app_button.o
    0x0001f440   0x00000078   Code   RO         1824    i.head_restore_state_run  pstorage.o
    0x0001f4b8   0x00000054   Code   RO           15    i.heart_rate_meas_timeout_handler  main.o
    0x0001f50c   0x000000c2   Code   RO          866    i.heart_rate_measurement_char_add  ble_hrs.o
    0x0001f5ce   0x00000092   Code   RO          867    i.hrm_encode        ble_hrs.o
    0x0001f660   0x00000070   Code   RO         3375    i.intern_softdevice_events_execute  softdevice_handler.o
    0x0001f6d0   0x0000001c   Code   RO          746    i.is_conn_params_ok  ble_conn_params.o
    0x0001f6ec   0x00000044   Code   RO         1825    i.is_page_erase_required  pstorage.o
    0x0001f730   0x0000000c   Code   RO         1826    i.is_word_aligned   pstorage.o
    0x0001f73c   0x00000054   Code   RO          529    i.le_role_encode    ble_advdata.o
    0x0001f790   0x00000014   Code   RO          382    i.leds_timer_handler  bsp.o
    0x0001f7a4   0x000000bc   Code   RO         2750    i.list_deletions_handler  app_timer.o
    0x0001f860   0x000000cc   Code   RO         2751    i.list_insertions_handler  app_timer.o
    0x0001f92c   0x00000104   Code   RO           16    i.main              main.o
    0x0001fa30   0x00000014   Code   RO         1827    i.main_state_err_busy_process  pstorage.o
    0x0001fa44   0x00000064   Code   RO          530    i.manuf_specific_data_encode  ble_advdata.o
    0x0001faa8   0x0000009c   Code   RO          531    i.name_encode       ble_advdata.o
    0x0001fb44   0x00000004   Code   RO         1026    i.no_service_context_apply  device_manager_peripheral.o
    0x0001fb48   0x00000004   Code   RO         1027    i.no_service_context_load  device_manager_peripheral.o
    0x0001fb4c   0x00000004   Code   RO         1028    i.no_service_context_store  device_manager_peripheral.o
    0x0001fb50   0x00000038   Code   RO         1372    i.nrf_drv_common_irq_enable  nrf_drv_common.o
    0x0001fb88   0x000000a4   Code   RO         1416    i.nrf_drv_gpiote_in_event_enable  nrf_drv_gpiote.o
    0x0001fc2c   0x000000b8   Code   RO         1417    i.nrf_drv_gpiote_in_init  nrf_drv_gpiote.o
    0x0001fce4   0x00000014   Code   RO         1418    i.nrf_drv_gpiote_in_is_set  nrf_drv_gpiote.o
    0x0001fcf8   0x00000054   Code   RO         1420    i.nrf_drv_gpiote_init  nrf_drv_gpiote.o
    0x0001fd4c   0x00000014   Code   RO         1421    i.nrf_drv_gpiote_is_init  nrf_drv_gpiote.o
    0x0001fd60   0x00000022   Code   RO         1433    i.nrf_gpio_cfg      nrf_drv_gpiote.o
    0x0001fd82   0x0000001c   Code   RO         1435    i.nrf_gpio_cfg_sense_set  nrf_drv_gpiote.o
    0x0001fd9e   0x00000002   PAD
    0x0001fda0   0x00000014   Code   RO         1436    i.nrf_gpiote_event_clear  nrf_drv_gpiote.o
    0x0001fdb4   0x00000010   Code   RO         1437    i.nrf_gpiote_event_is_set  nrf_drv_gpiote.o
    0x0001fdc4   0x00000010   Code   RO         2298    i.nrf_saadc_event_check  nrf_drv_saadc.o
    0x0001fdd4   0x0000000a   Code   RO         1628    i.nrf_uart_event_check  nrf_drv_uart.o
    0x0001fdde   0x0000000c   Code   RO         1629    i.nrf_uart_int_enable_check  nrf_drv_uart.o
    0x0001fdea   0x0000000a   Code   RO         1630    i.nrf_uarte_event_check  nrf_drv_uart.o
    0x0001fdf4   0x00000024   Code   RO           17    i.on_adv_evt        main.o
    0x0001fe18   0x0000001c   Code   RO           18    i.on_conn_params_evt  main.o
    0x0001fe34   0x00000014   Code   RO          618    i.peer_address_exists  ble_advertising.o
    0x0001fe48   0x00000040   Code   RO         1029    i.peer_instance_init  device_manager_peripheral.o
    0x0001fe88   0x00000018   Code   RO         1438    i.pin_in_use_by_port  nrf_drv_gpiote.o
    0x0001fea0   0x00000018   Code   RO         1439    i.pin_in_use_by_te  nrf_drv_gpiote.o
    0x0001feb8   0x00000034   Code   RO          815    i.pnp_id_encode     ble_dis.o
    0x0001feec   0x00000024   Code   RO         1828    i.pstorage_access_status_get  pstorage.o
    0x0001ff10   0x00000054   Code   RO         1829    i.pstorage_block_identifier_get  pstorage.o
    0x0001ff64   0x0000009c   Code   RO         1830    i.pstorage_clear    pstorage.o
    0x00020000   0x0000001e   Code   RO         1831    i.pstorage_flash_page_end  pstorage.o
    0x0002001e   0x0000000a   Code   RO         1832    i.pstorage_flash_page_size  pstorage.o
    0x00020028   0x00000060   Code   RO         1833    i.pstorage_init     pstorage.o
    0x00020088   0x000000a8   Code   RO         1834    i.pstorage_load     pstorage.o
    0x00020130   0x000000b4   Code   RO         1835    i.pstorage_register  pstorage.o
    0x000201e4   0x00000088   Code   RO         1836    i.pstorage_store    pstorage.o
    0x0002026c   0x00000048   Code   RO         1837    i.pstorage_sys_event_handler  pstorage.o
    0x000202b4   0x00000088   Code   RO         1838    i.pstorage_update   pstorage.o
    0x0002033c   0x0000002c   Code   RO           19    i.rr_interval_timeout_handler  main.o
    0x00020368   0x0000003c   Code   RO         2752    i.rtc1_stop         app_timer.o
    0x000203a4   0x00000030   Code   RO         1632    i.rx_byte           nrf_drv_uart.o
    0x000203d4   0x00000020   Code   RO         1633    i.rx_done_event     nrf_drv_uart.o
    0x000203f4   0x00000010   Code   RO         3376    i.sd_check_ram_start  softdevice_handler.o
    0x00020404   0x00000088   Code   RO         3377    i.sd_nvic_EnableIRQ  softdevice_handler.o
    0x0002048c   0x00000018   Code   RO           20    i.sensor_contact_detected_timeout_handler  main.o
    0x000204a4   0x00000060   Code   RO           21    i.sensor_simulator_init  main.o
    0x00020504   0x0000001c   Code   RO         3195    i.sensorsim_decrement  sensorsim.o
    0x00020520   0x0000001c   Code   RO         3196    i.sensorsim_increment  sensorsim.o
    0x0002053c   0x00000016   Code   RO         3197    i.sensorsim_init    sensorsim.o
    0x00020552   0x0000001a   Code   RO         3198    i.sensorsim_measure  sensorsim.o
    0x0002056c   0x00000088   Code   RO          532    i.service_data_encode  ble_advdata.o
    0x000205f4   0x00000144   Code   RO           22    i.services_init     main.o
    0x00020738   0x00000028   Code   RO           23    i.sleep_mode_enter  main.o
    0x00020760   0x0000003c   Code   RO         1839    i.sm_state_change   pstorage.o
    0x0002079c   0x00000014   Code   RO         3378    i.softdevice_ble_evt_handler_set  softdevice_handler.o
    0x000207b0   0x00000014   Code   RO         3379    i.softdevice_enable  softdevice_handler.o
    0x000207c4   0x00000026   Code   RO         3380    i.softdevice_enable_get_default_config  softdevice_handler.o
    0x000207ea   0x00000004   Code   RO         3381    i.softdevice_fault_handler  softdevice_handler.o
    0x000207ee   0x00000002   PAD
    0x000207f0   0x00000034   Code   RO         3382    i.softdevice_handler_init  softdevice_handler.o
    0x00020824   0x00000014   Code   RO         3385    i.softdevice_sys_evt_handler_set  softdevice_handler.o
    0x00020838   0x00000068   Code   RO         1840    i.state_data_erase_swap_entry_run  pstorage.o
    0x000208a0   0x0000000c   Code   RO         1841    i.state_erase_data_page_entry_run  pstorage.o
    0x000208ac   0x0000002c   Code   RO         1842    i.state_restore_head_entry_run  pstorage.o
    0x000208d8   0x00000050   Code   RO         1843    i.state_restore_tail_entry_run  pstorage.o
    0x00020928   0x0000001e   Code   RO         1844    i.state_swap_erase_entry_run  pstorage.o
    0x00020946   0x00000002   PAD
    0x00020948   0x00000030   Code   RO         1845    i.state_write_data_swap_entry_run  pstorage.o
    0x00020978   0x00000004   Code   RO         1030    i.storage_operation_dummy_handler  device_manager_peripheral.o
    0x0002097c   0x0000005c   Code   RO         1846    i.store_cmd_flash_write_execute  pstorage.o
    0x000209d8   0x00000018   Code   RO         1847    i.swap_erase_state_run  pstorage.o
    0x000209f0   0x00000014   Code   RO         1848    i.swap_sub_state_err_busy_process  pstorage.o
    0x00020a04   0x00000014   Code   RO         1849    i.swap_sub_state_state_change  pstorage.o
    0x00020a18   0x00000012   Code   RO           24    i.sys_evt_dispatch  main.o
    0x00020a2a   0x00000042   Code   RO          816    i.sys_id_encode     ble_dis.o
    0x00020a6c   0x00000014   Code   RO         1850    i.tail_restore_state_run  pstorage.o
    0x00020a80   0x0000008c   Code   RO         2753    i.timer_list_handler  app_timer.o
    0x00020b0c   0x0000003c   Code   RO         2754    i.timer_list_insert  app_timer.o
    0x00020b48   0x00000084   Code   RO         2755    i.timer_timeouts_check  app_timer.o
    0x00020bcc   0x0000007c   Code   RO           25    i.timers_init       main.o
    0x00020c48   0x00000024   Code   RO         1635    i.tx_byte           nrf_drv_uart.o
    0x00020c6c   0x00000024   Code   RO         1636    i.tx_done_event     nrf_drv_uart.o
    0x00020c90   0x00000108   Code   RO         1637    i.uart_irq_handler  nrf_drv_uart.o
    0x00020d98   0x000000d8   Code   RO         1638    i.uarte_irq_handler  nrf_drv_uart.o
    0x00020e70   0x0000000a   Code   RO          533    i.uint16_encode     ble_advdata.o
    0x00020e7a   0x00000002   PAD
    0x00020e7c   0x00000014   Code   RO         1031    i.update_status_bit_reset  device_manager_peripheral.o
    0x00020e90   0x00000060   Code   RO          747    i.update_timeout_handler  ble_conn_params.o
    0x00020ef0   0x0000003e   Code   RO         2756    i.user_id_get       app_timer.o
    0x00020f2e   0x00000028   Code   RO         2757    i.user_op_alloc     app_timer.o
    0x00020f56   0x00000030   Code   RO          534    i.uuid_list_encode  ble_advdata.o
    0x00020f86   0x0000009e   Code   RO          535    i.uuid_list_sized_encode  ble_advdata.o
    0x00021024   0x0000000e   Code   RO          619    i.whitelist_has_entries  ble_advertising.o
    0x00021032   0x00000002   PAD
    0x00021034   0x00000014   Data   RO           31    .constdata          main.o
    0x00021048   0x00000018   Data   RO          386    .constdata          bsp.o
    0x00021060   0x00000004   Data   RO          750    .constdata          ble_conn_params.o
    0x00021064   0x00000034   Data   RO         1033    .constdata          device_manager_peripheral.o
    0x00021098   0x00000028   Data   RO         1852    .constdata          pstorage.o
    0x000210c0   0x00000008   Data   RO         2541    .constdata          app_button.o
    0x000210c8   0x00000020   Data   RO         3607    Region$$Table       anon$$obj.o


    Execution Region RW_IRAM1 (Base: 0x20002080, Size: 0x00002b18, Max: 0x0000df80, ABSOLUTE, COMPRESSED[0x0000001c])

    Base Addr    Size         Type   Attr      Idx    E Section Name        Object

    0x20002080   0x00000030   Data   RW           32    .data               main.o
    0x200020b0   0x00000018   Data   RW          387    .data               bsp.o
    0x200020c8   0x00000008   Data   RW          486    .data               bsp_btn_ble.o
    0x200020d0   0x0000001f   Data   RW          621    .data               ble_advertising.o
    0x200020ef   0x00000001   PAD
    0x200020f0   0x00000014   Data   RW          751    .data               ble_conn_params.o
    0x20002104   0x0000004a   Data   RW          817    .data               ble_dis.o
    0x2000214e   0x00000002   PAD
    0x20002150   0x00000018   Data   RW         1034    .data               device_manager_peripheral.o
    0x20002168   0x00000024   Data   RW         1853    .data               pstorage.o
    0x2000218c   0x00000014   Data   RW         2542    .data               app_button.o
    0x200021a0   0x00000020   Data   RW         2758    .data               app_timer.o
    0x200021c0   0x00000014   Data   RW         3387    .data               softdevice_handler.o
    0x200021d4   0x00000004   Data   RW         3490    .data               system_nrf52.o
    0x200021d8   0x00000020   Zero   RW           26    .bss                main.o
    0x200021f8   0x00000020   Zero   RW           27    .bss                main.o
    0x20002218   0x00000020   Zero   RW           28    .bss                main.o
    0x20002238   0x00000020   Zero   RW           29    .bss                main.o
    0x20002258   0x000002a8   Zero   RW           30    .bss                main.o
    0x20002500   0x00000020   Zero   RW          383    .bss                bsp.o
    0x20002520   0x00000020   Zero   RW          384    .bss                bsp.o
    0x20002540   0x00000020   Zero   RW          385    .bss                bsp.o
    0x20002560   0x00000103   Zero   RW          620    .bss                ble_advertising.o
    0x20002663   0x00000001   PAD
    0x20002664   0x00000020   Zero   RW          748    .bss                ble_conn_params.o
    0x20002684   0x0000001c   Zero   RW          749    .bss                ble_conn_params.o
    0x200026a0   0x0000014f   Zero   RW         1032    .bss                device_manager_peripheral.o
    0x200027ef   0x00000001   PAD
    0x200027f0   0x00000058   Zero   RW         1440    .bss                nrf_drv_gpiote.o
    0x20002848   0x00000020   Zero   RW         1639    .bss                nrf_drv_uart.o
    0x20002868   0x00000274   Zero   RW         1851    .bss                pstorage.o
    0x20002adc   0x0000002c   Zero   RW         2300    .bss                nrf_drv_saadc.o
    0x20002b08   0x0000000c   Zero   RW         2408    .bss                nrf_drv_timer.o
    0x20002b14   0x00000020   Zero   RW         2540    .bss                app_button.o
    0x20002b34   0x00000058   Zero   RW         2964    .bss                fstorage.o
    0x20002b8c   0x0000000c   Zero   RW         3386    .bss                softdevice_handler.o
    0x20002b98   0x00002000   Zero   RW         3478    STACK               arm_startup_nrf52.o


==============================================================================

Image component sizes


      Code (inc. data)   RO Data    RW Data    ZI Data      Debug   Object Name

       332         34          8         20         32      10230   app_button.o
        22          0          0          0          0       2321   app_error.o
        36         10          0          0          0      27385   app_error_weak.o
      1766         94          0         32          0      56403   app_timer.o
        36          8       1024          0       8192        964   arm_startup_nrf52.o
      1540          0          0          0          0      20868   ble_advdata.o
      1074         46          0         31        259      10977   ble_advertising.o
       612          0          0          0          0      13467   ble_bas.o
       436         54          4         20         60       7212   ble_conn_params.o
       578          8          0         74          0       5907   ble_dis.o
       788          0          0          0          0      11249   ble_hrs.o
        30          0          0          0          0       2328   ble_srv_common.o
      1036        100         24         24         96      10565   bsp.o
       260         10          0          8          0       5029   bsp_btn_ble.o
      2864        162         52         24        335      34069   device_manager_peripheral.o
        20          4          0          0         88       3920   fstorage.o
      1736        182         20         48        808     129403   main.o
        56          0          0          0          0      28915   nrf_drv_common.o
      1062         92          0          0         88      25028   nrf_drv_gpiote.o
       204         20          0          0         44      11431   nrf_drv_saadc.o
        72          8          0          0         12      10614   nrf_drv_timer.o
       684         56          0          0         32      21612   nrf_drv_uart.o
      2770        248         40         36        628      42414   pstorage.o
       104          0          0          0          0       3579   sensorsim.o
       454         52          0         20         12      42481   softdevice_handler.o
       620         54          0          4          0       2699   system_nrf52.o

    ----------------------------------------------------------------------
     19222       1242       1204        344      10688     541070   Object Totals
         0          0         32          0          0          0   (incl. Generated)
        30          0          0          3          2          0   (incl. Padding)

    ----------------------------------------------------------------------

      Code (inc. data)   RO Data    RW Data    ZI Data      Debug   Library Member Name

        58          0          0          0          0          0   __dczerorl.o
         0          0          0          0          0          0   entry.o
         0          0          0          0          0          0   entry10a.o
         0          0          0          0          0          0   entry11a.o
         8          4          0          0          0          0   entry2.o
         4          0          0          0          0          0   entry5.o
         0          0          0          0          0          0   entry7b.o
         0          0          0          0          0          0   entry8b.o
         8          4          0          0          0          0   entry9a.o
        30          0          0          0          0          0   handlers.o
        36          8          0          0          0         68   init.o
        26          0          0          0          0         80   memcmp.o
        64          0          0          0          0         76   memmovea.o
        36          0          0          0          0        108   memseta.o
        14          0          0          0          0         68   strlen.o

    ----------------------------------------------------------------------
       286         16          0          0          0        400   Library Totals
         2          0          0          0          0          0   (incl. Padding)

    ----------------------------------------------------------------------

      Code (inc. data)   RO Data    RW Data    ZI Data      Debug   Library Name

       284         16          0          0          0        400   mc_w.l

    ----------------------------------------------------------------------
       286         16          0          0          0        400   Library Totals

    ----------------------------------------------------------------------

==============================================================================


      Code (inc. data)   RO Data    RW Data    ZI Data      Debug   

     19508       1258       1204        344      10688     520750   Grand Totals
     19508       1258       1204         28      10688     520750   ELF Image Totals (compressed)
     19508       1258       1204         28          0          0   ROM Totals

==============================================================================

    Total RO  Size (Code + RO Data)                20712 (  20.23kB)
    Total RW  Size (RW Data + ZI Data)             11032 (  10.77kB)
    Total ROM Size (Code + RO Data + RW Data)      20740 (  20.25kB)

==============================================================================

