Component: ARM Compiler 5.06 update 4 (build 422) Tool: armlink [4d35d2]

==============================================================================

Section Cross References

    main.o(i.low_power_init) refers to low_power_pwm.o(i.low_power_pwm_init) for low_power_pwm_init
    main.o(i.low_power_init) refers to app_error.o(i.app_error_handler_bare) for app_error_handler_bare
    main.o(i.low_power_init) refers to low_power_pwm.o(i.low_power_pwm_duty_set) for low_power_pwm_duty_set
    main.o(i.low_power_init) refers to low_power_pwm.o(i.low_power_pwm_start) for low_power_pwm_start
    main.o(i.low_power_init) refers to main.o(.constdata) for .constdata
    main.o(i.low_power_init) refers to main.o(i.pwm_handler) for pwm_handler
    main.o(i.low_power_init) refers to main.o(.bss) for .bss
    main.o(i.main) refers to nrf_drv_clock.o(i.nrf_drv_clock_init) for nrf_drv_clock_init
    main.o(i.main) refers to app_error.o(i.app_error_handler_bare) for app_error_handler_bare
    main.o(i.main) refers to nrf_drv_clock.o(i.nrf_drv_clock_lfclk_request) for nrf_drv_clock_lfclk_request
    main.o(i.main) refers to app_timer.o(i.app_timer_init) for app_timer_init
    main.o(i.main) refers to main.o(i.low_power_init) for low_power_init
    main.o(i.main) refers to low_power_pwm.o(i.low_power_pwm_duty_set) for low_power_pwm_duty_set
    main.o(i.main) refers to nrf_delay.o(i.nrf_delay_ms) for nrf_delay_ms
    main.o(i.main) refers to main.o(.bss) for .bss
    main.o(i.pwm_handler) refers to low_power_pwm.o(i.low_power_pwm_duty_set) for low_power_pwm_duty_set
    main.o(i.pwm_handler) refers to app_error.o(i.app_error_handler_bare) for app_error_handler_bare
    main.o(i.pwm_handler) refers to main.o(.data) for .data
    main.o(.constdata) refers to main.o(.bss) for lpp_timer_0_data
    main.o(.constdata) refers to main.o(.bss) for lpp_timer_1_data
    main.o(.constdata) refers to main.o(.bss) for lpp_timer_2_data
    nrf_delay.o(i.nrf_delay_ms) refers to nrf_delay.o(.emb_text) for __asm___11_nrf_delay_c_532987f3__nrf_delay_us
    nrf_drv_clock.o(i.POWER_CLOCK_IRQHandler) refers to nrf_drv_clock.o(i.nrf_clock_event_check) for nrf_clock_event_check
    nrf_drv_clock.o(i.POWER_CLOCK_IRQHandler) refers to nrf_drv_clock.o(i.nrf_clock_event_clear) for nrf_clock_event_clear
    nrf_drv_clock.o(i.POWER_CLOCK_IRQHandler) refers to nrf_drv_clock.o(i.clock_clk_started_notify) for clock_clk_started_notify
    nrf_drv_clock.o(i.POWER_CLOCK_IRQHandler) refers to nrf_drv_clock.o(.bss) for .bss
    nrf_drv_clock.o(i.hfclk_stop) refers to nrf_drv_clock.o(i.nrf_clock_hf_is_running) for nrf_clock_hf_is_running
    nrf_drv_clock.o(i.nrf_drv_clock_hfclk_is_running) refers to nrf_drv_clock.o(i.nrf_clock_hf_is_running) for nrf_clock_hf_is_running
    nrf_drv_clock.o(i.nrf_drv_clock_hfclk_release) refers to app_util_platform.o(i.app_util_critical_region_enter) for app_util_critical_region_enter
    nrf_drv_clock.o(i.nrf_drv_clock_hfclk_release) refers to nrf_drv_clock.o(i.hfclk_stop) for hfclk_stop
    nrf_drv_clock.o(i.nrf_drv_clock_hfclk_release) refers to app_util_platform.o(i.app_util_critical_region_exit) for app_util_critical_region_exit
    nrf_drv_clock.o(i.nrf_drv_clock_hfclk_release) refers to nrf_drv_clock.o(.bss) for .bss
    nrf_drv_clock.o(i.nrf_drv_clock_hfclk_request) refers to app_util_platform.o(i.app_util_critical_region_enter) for app_util_critical_region_enter
    nrf_drv_clock.o(i.nrf_drv_clock_hfclk_request) refers to nrf_drv_clock.o(i.item_enqueue) for item_enqueue
    nrf_drv_clock.o(i.nrf_drv_clock_hfclk_request) refers to nrf_drv_clock.o(i.nrf_clock_event_clear) for nrf_clock_event_clear
    nrf_drv_clock.o(i.nrf_drv_clock_hfclk_request) refers to app_util_platform.o(i.app_util_critical_region_exit) for app_util_critical_region_exit
    nrf_drv_clock.o(i.nrf_drv_clock_hfclk_request) refers to nrf_drv_clock.o(.bss) for .bss
    nrf_drv_clock.o(i.nrf_drv_clock_init) refers to nrf_drv_common.o(i.nrf_drv_common_irq_enable) for nrf_drv_common_irq_enable
    nrf_drv_clock.o(i.nrf_drv_clock_init) refers to nrf_drv_clock.o(.bss) for .bss
    nrf_drv_clock.o(i.nrf_drv_clock_lfclk_release) refers to app_util_platform.o(i.app_util_critical_region_enter) for app_util_critical_region_enter
    nrf_drv_clock.o(i.nrf_drv_clock_lfclk_release) refers to nrf_drv_clock.o(i.lfclk_stop) for lfclk_stop
    nrf_drv_clock.o(i.nrf_drv_clock_lfclk_release) refers to app_util_platform.o(i.app_util_critical_region_exit) for app_util_critical_region_exit
    nrf_drv_clock.o(i.nrf_drv_clock_lfclk_release) refers to nrf_drv_clock.o(.bss) for .bss
    nrf_drv_clock.o(i.nrf_drv_clock_lfclk_request) refers to app_util_platform.o(i.app_util_critical_region_enter) for app_util_critical_region_enter
    nrf_drv_clock.o(i.nrf_drv_clock_lfclk_request) refers to nrf_drv_clock.o(i.item_enqueue) for item_enqueue
    nrf_drv_clock.o(i.nrf_drv_clock_lfclk_request) refers to nrf_drv_clock.o(i.nrf_clock_event_clear) for nrf_clock_event_clear
    nrf_drv_clock.o(i.nrf_drv_clock_lfclk_request) refers to app_util_platform.o(i.app_util_critical_region_exit) for app_util_critical_region_exit
    nrf_drv_clock.o(i.nrf_drv_clock_lfclk_request) refers to nrf_drv_clock.o(.bss) for .bss
    nrf_drv_clock.o(i.nrf_drv_clock_uninit) refers to nrf_drv_clock.o(i.lfclk_stop) for lfclk_stop
    nrf_drv_clock.o(i.nrf_drv_clock_uninit) refers to nrf_drv_clock.o(i.hfclk_stop) for hfclk_stop
    nrf_drv_clock.o(i.nrf_drv_clock_uninit) refers to nrf_drv_clock.o(.bss) for .bss
    nrf_nvic.o(i.sd_nvic_critical_region_enter) refers to nrf_nvic.o(.data) for .data
    nrf_nvic.o(i.sd_nvic_critical_region_exit) refers to nrf_nvic.o(.data) for .data
    app_error.o(i.app_error_handler) refers to app_error_weak.o(i.app_error_fault_handler) for app_error_fault_handler
    app_error.o(i.app_error_handler_bare) refers to app_error_weak.o(i.app_error_fault_handler) for app_error_fault_handler
    app_error.o(i.app_error_save_and_stop) refers to app_error.o(.bss) for .bss
    app_timer.o(i.RTC1_IRQHandler) refers to app_timer.o(i.timer_timeouts_check) for timer_timeouts_check
    app_timer.o(i.SWI0_EGU0_IRQHandler) refers to app_timer.o(i.timer_list_handler) for timer_list_handler
    app_timer.o(i.app_timer_create) refers to app_timer.o(.data) for .data
    app_timer.o(i.app_timer_init) refers to app_timer.o(i.rtc1_stop) for rtc1_stop
    app_timer.o(i.app_timer_init) refers to app_timer.o(i.NVIC_ClearPendingIRQ) for NVIC_ClearPendingIRQ
    app_timer.o(i.app_timer_init) refers to app_timer.o(i.NVIC_SetPriority) for NVIC_SetPriority
    app_timer.o(i.app_timer_init) refers to app_timer.o(i.NVIC_EnableIRQ) for NVIC_EnableIRQ
    app_timer.o(i.app_timer_init) refers to app_timer.o(.data) for .data
    app_timer.o(i.app_timer_start) refers to app_timer.o(i.user_id_get) for user_id_get
    app_timer.o(i.app_timer_start) refers to app_timer.o(i.user_op_alloc) for user_op_alloc
    app_timer.o(i.app_timer_start) refers to app_timer.o(i.NVIC_SetPendingIRQ) for NVIC_SetPendingIRQ
    app_timer.o(i.app_timer_start) refers to app_timer.o(.data) for .data
    app_timer.o(i.app_timer_stop) refers to app_timer.o(i.user_id_get) for user_id_get
    app_timer.o(i.app_timer_stop) refers to app_timer.o(i.user_op_alloc) for user_op_alloc
    app_timer.o(i.app_timer_stop) refers to app_timer.o(i.NVIC_SetPendingIRQ) for NVIC_SetPendingIRQ
    app_timer.o(i.app_timer_stop) refers to app_timer.o(.data) for .data
    app_timer.o(i.app_timer_stop_all) refers to app_timer.o(i.user_id_get) for user_id_get
    app_timer.o(i.app_timer_stop_all) refers to app_timer.o(i.user_op_alloc) for user_op_alloc
    app_timer.o(i.app_timer_stop_all) refers to app_timer.o(i.NVIC_SetPendingIRQ) for NVIC_SetPendingIRQ
    app_timer.o(i.app_timer_stop_all) refers to app_timer.o(.data) for .data
    app_timer.o(i.compare_reg_update) refers to app_timer.o(i.NVIC_ClearPendingIRQ) for NVIC_ClearPendingIRQ
    app_timer.o(i.compare_reg_update) refers to app_timer.o(i.NVIC_EnableIRQ) for NVIC_EnableIRQ
    app_timer.o(i.compare_reg_update) refers to app_timer.o(.emb_text) for __asm___11_app_timer_c_cd27f9c3__nrf_delay_us
    app_timer.o(i.compare_reg_update) refers to app_timer.o(i.NVIC_SetPendingIRQ) for NVIC_SetPendingIRQ
    app_timer.o(i.compare_reg_update) refers to app_timer.o(i.rtc1_stop) for rtc1_stop
    app_timer.o(i.compare_reg_update) refers to app_timer.o(.data) for .data
    app_timer.o(i.elapsed_ticks_acquire) refers to app_timer.o(.data) for .data
    app_timer.o(i.list_deletions_handler) refers to app_timer.o(.data) for .data
    app_timer.o(i.list_insertions_handler) refers to app_timer.o(i.timer_list_insert) for timer_list_insert
    app_timer.o(i.list_insertions_handler) refers to app_timer.o(.data) for .data
    app_timer.o(i.rtc1_stop) refers to app_timer.o(.emb_text) for __asm___11_app_timer_c_cd27f9c3__nrf_delay_us
    app_timer.o(i.rtc1_stop) refers to app_timer.o(.data) for .data
    app_timer.o(i.timer_list_handler) refers to app_timer.o(i.elapsed_ticks_acquire) for elapsed_ticks_acquire
    app_timer.o(i.timer_list_handler) refers to app_timer.o(i.list_deletions_handler) for list_deletions_handler
    app_timer.o(i.timer_list_handler) refers to app_timer.o(i.list_insertions_handler) for list_insertions_handler
    app_timer.o(i.timer_list_handler) refers to app_timer.o(i.compare_reg_update) for compare_reg_update
    app_timer.o(i.timer_list_handler) refers to app_timer.o(.data) for .data
    app_timer.o(i.timer_list_insert) refers to app_timer.o(.data) for .data
    app_timer.o(i.timer_timeouts_check) refers to app_error.o(i.app_error_handler_bare) for app_error_handler_bare
    app_timer.o(i.timer_timeouts_check) refers to app_timer.o(i.NVIC_SetPendingIRQ) for NVIC_SetPendingIRQ
    app_timer.o(i.timer_timeouts_check) refers to app_timer.o(.data) for .data
    app_util_platform.o(i.app_util_critical_region_enter) refers to app_util_platform.o(i.app_util_disable_irq) for app_util_disable_irq
    app_util_platform.o(i.app_util_critical_region_exit) refers to app_util_platform.o(i.app_util_enable_irq) for app_util_enable_irq
    app_util_platform.o(i.app_util_disable_irq) refers to app_util_platform.o(.data) for .data
    app_util_platform.o(i.app_util_enable_irq) refers to app_util_platform.o(.data) for .data
    low_power_pwm.o(i.low_power_pwm_init) refers to app_timer.o(i.app_timer_create) for app_timer_create
    low_power_pwm.o(i.low_power_pwm_init) refers to low_power_pwm.o(i.led_off) for led_off
    low_power_pwm.o(i.low_power_pwm_init) refers to low_power_pwm.o(i.pwm_timeout_handler) for pwm_timeout_handler
    low_power_pwm.o(i.low_power_pwm_start) refers to low_power_pwm.o(i.led_off) for led_off
    low_power_pwm.o(i.low_power_pwm_start) refers to low_power_pwm.o(i.pwm_timeout_handler) for pwm_timeout_handler
    low_power_pwm.o(i.low_power_pwm_stop) refers to app_timer.o(i.app_timer_stop) for app_timer_stop
    low_power_pwm.o(i.low_power_pwm_stop) refers to low_power_pwm.o(i.led_off) for led_off
    low_power_pwm.o(i.pwm_timeout_handler) refers to low_power_pwm.o(i.led_off) for led_off
    low_power_pwm.o(i.pwm_timeout_handler) refers to low_power_pwm.o(i.led_on) for led_on
    low_power_pwm.o(i.pwm_timeout_handler) refers to app_timer.o(i.app_timer_start) for app_timer_start
    low_power_pwm.o(i.pwm_timeout_handler) refers to app_error.o(i.app_error_handler_bare) for app_error_handler_bare
    arm_startup_nrf52.o(RESET) refers to arm_startup_nrf52.o(STACK) for __initial_sp
    arm_startup_nrf52.o(RESET) refers to arm_startup_nrf52.o(.text) for Reset_Handler
    arm_startup_nrf52.o(RESET) refers to nrf_drv_clock.o(i.POWER_CLOCK_IRQHandler) for POWER_CLOCK_IRQHandler
    arm_startup_nrf52.o(RESET) refers to app_timer.o(i.RTC1_IRQHandler) for RTC1_IRQHandler
    arm_startup_nrf52.o(RESET) refers to app_timer.o(i.SWI0_EGU0_IRQHandler) for SWI0_EGU0_IRQHandler
    arm_startup_nrf52.o(.text) refers to system_nrf52.o(i.SystemInit) for SystemInit
    arm_startup_nrf52.o(.text) refers to entry.o(.ARM.Collect$$$$00000000) for __main
    system_nrf52.o(i.SystemCoreClockUpdate) refers to system_nrf52.o(.data) for .data
    system_nrf52.o(i.SystemInit) refers to system_nrf52.o(.data) for .data
    entry.o(.ARM.Collect$$$$00000000) refers (Special) to entry10a.o(.ARM.Collect$$$$0000000D) for __rt_final_cpp
    entry.o(.ARM.Collect$$$$00000000) refers (Special) to entry11a.o(.ARM.Collect$$$$0000000F) for __rt_final_exit
    entry.o(.ARM.Collect$$$$00000000) refers (Special) to entry7b.o(.ARM.Collect$$$$00000008) for _main_clock
    entry.o(.ARM.Collect$$$$00000000) refers (Special) to entry8b.o(.ARM.Collect$$$$0000000A) for _main_cpp_init
    entry.o(.ARM.Collect$$$$00000000) refers (Special) to entry9a.o(.ARM.Collect$$$$0000000B) for _main_init
    entry.o(.ARM.Collect$$$$00000000) refers (Special) to entry5.o(.ARM.Collect$$$$00000004) for _main_scatterload
    entry.o(.ARM.Collect$$$$00000000) refers (Special) to entry2.o(.ARM.Collect$$$$00000001) for _main_stk
    entry2.o(.ARM.Collect$$$$00000001) refers to entry2.o(.ARM.Collect$$$$00002712) for __lit__00000000
    entry2.o(.ARM.Collect$$$$00002712) refers to arm_startup_nrf52.o(STACK) for __initial_sp
    entry2.o(__vectab_stack_and_reset_area) refers to arm_startup_nrf52.o(STACK) for __initial_sp
    entry2.o(__vectab_stack_and_reset_area) refers to entry.o(.ARM.Collect$$$$00000000) for __main
    entry5.o(.ARM.Collect$$$$00000004) refers to init.o(.text) for __scatterload
    entry9a.o(.ARM.Collect$$$$0000000B) refers to main.o(i.main) for main
    entry9b.o(.ARM.Collect$$$$0000000C) refers to main.o(i.main) for main
    init.o(.text) refers to entry5.o(.ARM.Collect$$$$00000004) for __main_after_scatterload


==============================================================================

Removing Unused input sections from the image.

    Removing main.o(.rev16_text), (4 bytes).
    Removing main.o(.revsh_text), (4 bytes).
    Removing main.o(.rrx_text), (6 bytes).
    Removing main.o(.emb_text), (118 bytes).
    Removing nrf_delay.o(.rev16_text), (4 bytes).
    Removing nrf_delay.o(.revsh_text), (4 bytes).
    Removing nrf_delay.o(.rrx_text), (6 bytes).
    Removing nrf_drv_clock.o(.rev16_text), (4 bytes).
    Removing nrf_drv_clock.o(.revsh_text), (4 bytes).
    Removing nrf_drv_clock.o(.rrx_text), (6 bytes).
    Removing nrf_drv_clock.o(i.hfclk_stop), (24 bytes).
    Removing nrf_drv_clock.o(i.lfclk_stop), (28 bytes).
    Removing nrf_drv_clock.o(i.nrf_clock_hf_is_running), (28 bytes).
    Removing nrf_drv_clock.o(i.nrf_drv_clock_calibration_abort), (4 bytes).
    Removing nrf_drv_clock.o(i.nrf_drv_clock_calibration_start), (4 bytes).
    Removing nrf_drv_clock.o(i.nrf_drv_clock_hfclk_is_running), (6 bytes).
    Removing nrf_drv_clock.o(i.nrf_drv_clock_hfclk_release), (44 bytes).
    Removing nrf_drv_clock.o(i.nrf_drv_clock_hfclk_request), (80 bytes).
    Removing nrf_drv_clock.o(i.nrf_drv_clock_is_calibrating), (4 bytes).
    Removing nrf_drv_clock.o(i.nrf_drv_clock_lfclk_is_running), (16 bytes).
    Removing nrf_drv_clock.o(i.nrf_drv_clock_lfclk_release), (44 bytes).
    Removing nrf_drv_clock.o(i.nrf_drv_clock_uninit), (44 bytes).
    Removing nrf_drv_common.o(.rev16_text), (4 bytes).
    Removing nrf_drv_common.o(.revsh_text), (4 bytes).
    Removing nrf_drv_common.o(.rrx_text), (6 bytes).
    Removing nrf_nvic.o(.rev16_text), (4 bytes).
    Removing nrf_nvic.o(.revsh_text), (4 bytes).
    Removing nrf_nvic.o(.rrx_text), (6 bytes).
    Removing nrf_nvic.o(i.sd_nvic_ClearPendingIRQ), (24 bytes).
    Removing nrf_nvic.o(i.sd_nvic_DisableIRQ), (24 bytes).
    Removing nrf_nvic.o(i.sd_nvic_EnableIRQ), (24 bytes).
    Removing nrf_nvic.o(i.sd_nvic_GetPendingIRQ), (42 bytes).
    Removing nrf_nvic.o(i.sd_nvic_GetPriority), (40 bytes).
    Removing nrf_nvic.o(i.sd_nvic_SetPendingIRQ), (24 bytes).
    Removing nrf_nvic.o(i.sd_nvic_SetPriority), (34 bytes).
    Removing nrf_nvic.o(i.sd_nvic_SystemReset), (36 bytes).
    Removing nrf_nvic.o(i.sd_nvic_critical_region_enter), (28 bytes).
    Removing nrf_nvic.o(i.sd_nvic_critical_region_exit), (24 bytes).
    Removing nrf_nvic.o(.data), (1 bytes).
    Removing nrf_soc.o(.rev16_text), (4 bytes).
    Removing nrf_soc.o(.revsh_text), (4 bytes).
    Removing nrf_soc.o(.rrx_text), (6 bytes).
    Removing nrf_soc.o(i.sd_app_evt_wait), (6 bytes).
    Removing app_error.o(.rev16_text), (4 bytes).
    Removing app_error.o(.revsh_text), (4 bytes).
    Removing app_error.o(.rrx_text), (6 bytes).
    Removing app_error.o(i.app_error_handler), (24 bytes).
    Removing app_error.o(i.app_error_save_and_stop), (100 bytes).
    Removing app_error.o(.bss), (32 bytes).
    Removing app_error_weak.o(.rev16_text), (4 bytes).
    Removing app_error_weak.o(.revsh_text), (4 bytes).
    Removing app_error_weak.o(.rrx_text), (6 bytes).
    Removing app_timer.o(.rev16_text), (4 bytes).
    Removing app_timer.o(.revsh_text), (4 bytes).
    Removing app_timer.o(.rrx_text), (6 bytes).
    Removing app_timer.o(i.app_timer_cnt_diff_compute), (12 bytes).
    Removing app_timer.o(i.app_timer_cnt_get), (16 bytes).
    Removing app_timer.o(i.app_timer_stop), (80 bytes).
    Removing app_timer.o(i.app_timer_stop_all), (72 bytes).
    Removing app_util_platform.o(.rev16_text), (4 bytes).
    Removing app_util_platform.o(.revsh_text), (4 bytes).
    Removing app_util_platform.o(.rrx_text), (6 bytes).
    Removing low_power_pwm.o(.rev16_text), (4 bytes).
    Removing low_power_pwm.o(.revsh_text), (4 bytes).
    Removing low_power_pwm.o(.rrx_text), (6 bytes).
    Removing low_power_pwm.o(i.low_power_pwm_stop), (34 bytes).
    Removing nrf_assert.o(.rev16_text), (4 bytes).
    Removing nrf_assert.o(.revsh_text), (4 bytes).
    Removing nrf_assert.o(.rrx_text), (6 bytes).
    Removing arm_startup_nrf52.o(HEAP), (8192 bytes).
    Removing system_nrf52.o(.rev16_text), (4 bytes).
    Removing system_nrf52.o(.revsh_text), (4 bytes).
    Removing system_nrf52.o(.rrx_text), (6 bytes).
    Removing system_nrf52.o(i.SystemCoreClockUpdate), (16 bytes).

74 unused section(s) (total 9511 bytes) removed from the image.

==============================================================================

Image Symbol Table

    Local Symbols

    Symbol Name                              Value     Ov Type        Size  Object(Section)

    RESET                                    0x00000000   Section     1024  arm_startup_nrf52.o(RESET)
    ../clib/microlib/init/entry.s            0x00000000   Number         0  entry8b.o ABSOLUTE
    ../clib/microlib/init/entry.s            0x00000000   Number         0  entry9b.o ABSOLUTE
    ../clib/microlib/init/entry.s            0x00000000   Number         0  entry8a.o ABSOLUTE
    ../clib/microlib/init/entry.s            0x00000000   Number         0  entry7b.o ABSOLUTE
    ../clib/microlib/init/entry.s            0x00000000   Number         0  entry5.o ABSOLUTE
    ../clib/microlib/init/entry.s            0x00000000   Number         0  entry2.o ABSOLUTE
    ../clib/microlib/init/entry.s            0x00000000   Number         0  entry.o ABSOLUTE
    ../clib/microlib/init/entry.s            0x00000000   Number         0  entry10a.o ABSOLUTE
    ../clib/microlib/init/entry.s            0x00000000   Number         0  entry10b.o ABSOLUTE
    ../clib/microlib/init/entry.s            0x00000000   Number         0  entry7a.o ABSOLUTE
    ../clib/microlib/init/entry.s            0x00000000   Number         0  entry11a.o ABSOLUTE
    ../clib/microlib/init/entry.s            0x00000000   Number         0  entry11b.o ABSOLUTE
    ../clib/microlib/init/entry.s            0x00000000   Number         0  entry9a.o ABSOLUTE
    ..\..\..\..\..\components\drivers_nrf\clock\nrf_drv_clock.c 0x00000000   Number         0  nrf_drv_clock.o ABSOLUTE
    ..\..\..\..\..\components\drivers_nrf\common\nrf_drv_common.c 0x00000000   Number         0  nrf_drv_common.o ABSOLUTE
    ..\..\..\..\..\components\drivers_nrf\delay\nrf_delay.c 0x00000000   Number         0  nrf_delay.o ABSOLUTE
    ..\..\..\..\..\components\drivers_nrf\nrf_soc_nosd\nrf_nvic.c 0x00000000   Number         0  nrf_nvic.o ABSOLUTE
    ..\..\..\..\..\components\drivers_nrf\nrf_soc_nosd\nrf_soc.c 0x00000000   Number         0  nrf_soc.o ABSOLUTE
    ..\..\..\..\..\components\libraries\low_power_pwm\low_power_pwm.c 0x00000000   Number         0  low_power_pwm.o ABSOLUTE
    ..\..\..\..\..\components\libraries\timer\app_timer.c 0x00000000   Number         0  app_timer.o ABSOLUTE
    ..\..\..\..\..\components\libraries\util\app_error.c 0x00000000   Number         0  app_error.o ABSOLUTE
    ..\..\..\..\..\components\libraries\util\app_error_weak.c 0x00000000   Number         0  app_error_weak.o ABSOLUTE
    ..\..\..\..\..\components\libraries\util\app_util_platform.c 0x00000000   Number         0  app_util_platform.o ABSOLUTE
    ..\..\..\..\..\components\libraries\util\nrf_assert.c 0x00000000   Number         0  nrf_assert.o ABSOLUTE
    ..\..\main.c                             0x00000000   Number         0  main.o ABSOLUTE
    ..\\..\\..\\..\\..\\components\\drivers_nrf\\clock\\nrf_drv_clock.c 0x00000000   Number         0  nrf_drv_clock.o ABSOLUTE
    ..\\..\\..\\..\\..\\components\\drivers_nrf\\common\\nrf_drv_common.c 0x00000000   Number         0  nrf_drv_common.o ABSOLUTE
    ..\\..\\..\\..\\..\\components\\drivers_nrf\\delay\\nrf_delay.c 0x00000000   Number         0  nrf_delay.o ABSOLUTE
    ..\\..\\..\\..\\..\\components\\drivers_nrf\\nrf_soc_nosd\\nrf_nvic.c 0x00000000   Number         0  nrf_nvic.o ABSOLUTE
    ..\\..\\..\\..\\..\\components\\drivers_nrf\\nrf_soc_nosd\\nrf_soc.c 0x00000000   Number         0  nrf_soc.o ABSOLUTE
    ..\\..\\..\\..\\..\\components\\libraries\\low_power_pwm\\low_power_pwm.c 0x00000000   Number         0  low_power_pwm.o ABSOLUTE
    ..\\..\\..\\..\\..\\components\\libraries\\timer\\app_timer.c 0x00000000   Number         0  app_timer.o ABSOLUTE
    ..\\..\\..\\..\\..\\components\\libraries\\util\\app_error.c 0x00000000   Number         0  app_error.o ABSOLUTE
    ..\\..\\..\\..\\..\\components\\libraries\\util\\app_error_weak.c 0x00000000   Number         0  app_error_weak.o ABSOLUTE
    ..\\..\\..\\..\\..\\components\\libraries\\util\\app_util_platform.c 0x00000000   Number         0  app_util_platform.o ABSOLUTE
    ..\\..\\..\\..\\..\\components\\libraries\\util\\nrf_assert.c 0x00000000   Number         0  nrf_assert.o ABSOLUTE
    ..\\..\\main.c                           0x00000000   Number         0  main.o ABSOLUTE
    RTE\Device\nRF52832_xxAA\arm_startup_nrf52.s 0x00000000   Number         0  arm_startup_nrf52.o ABSOLUTE
    RTE\Device\nRF52832_xxAA\system_nrf52.c  0x00000000   Number         0  system_nrf52.o ABSOLUTE
    RTE\\Device\\nRF52832_xxAA\\system_nrf52.c 0x00000000   Number         0  system_nrf52.o ABSOLUTE
    dc.s                                     0x00000000   Number         0  dc.o ABSOLUTE
    handlers.s                               0x00000000   Number         0  handlers.o ABSOLUTE
    init.s                                   0x00000000   Number         0  init.o ABSOLUTE
    .ARM.Collect$$$$00000000                 0x00000400   Section        0  entry.o(.ARM.Collect$$$$00000000)
    .ARM.Collect$$$$00000001                 0x00000400   Section        4  entry2.o(.ARM.Collect$$$$00000001)
    .ARM.Collect$$$$00000004                 0x00000404   Section        4  entry5.o(.ARM.Collect$$$$00000004)
    .ARM.Collect$$$$00000008                 0x00000408   Section        0  entry7b.o(.ARM.Collect$$$$00000008)
    .ARM.Collect$$$$0000000A                 0x00000408   Section        0  entry8b.o(.ARM.Collect$$$$0000000A)
    .ARM.Collect$$$$0000000B                 0x00000408   Section        8  entry9a.o(.ARM.Collect$$$$0000000B)
    .ARM.Collect$$$$0000000D                 0x00000410   Section        0  entry10a.o(.ARM.Collect$$$$0000000D)
    .ARM.Collect$$$$0000000F                 0x00000410   Section        0  entry11a.o(.ARM.Collect$$$$0000000F)
    .ARM.Collect$$$$00002712                 0x00000410   Section        4  entry2.o(.ARM.Collect$$$$00002712)
    __lit__00000000                          0x00000410   Data           4  entry2.o(.ARM.Collect$$$$00002712)
    .emb_text                                0x00000414   Section      118  nrf_delay.o(.emb_text)
    $v0                                      0x00000414   Number         0  nrf_delay.o(.emb_text)
    .emb_text                                0x0000048c   Section      118  app_timer.o(.emb_text)
    $v0                                      0x0000048c   Number         0  app_timer.o(.emb_text)
    .text                                    0x00000504   Section       36  arm_startup_nrf52.o(.text)
    $v0                                      0x00000504   Number         0  arm_startup_nrf52.o(.text)
    .text                                    0x00000528   Section       36  init.o(.text)
    i.NVIC_ClearPendingIRQ                   0x0000054c   Section        0  app_timer.o(i.NVIC_ClearPendingIRQ)
    NVIC_ClearPendingIRQ                     0x0000054d   Thumb Code    22  app_timer.o(i.NVIC_ClearPendingIRQ)
    i.NVIC_EnableIRQ                         0x00000562   Section        0  app_timer.o(i.NVIC_EnableIRQ)
    NVIC_EnableIRQ                           0x00000563   Thumb Code    22  app_timer.o(i.NVIC_EnableIRQ)
    i.NVIC_SetPendingIRQ                     0x00000578   Section        0  app_timer.o(i.NVIC_SetPendingIRQ)
    NVIC_SetPendingIRQ                       0x00000579   Thumb Code    22  app_timer.o(i.NVIC_SetPendingIRQ)
    i.NVIC_SetPriority                       0x0000058e   Section        0  app_timer.o(i.NVIC_SetPriority)
    NVIC_SetPriority                         0x0000058f   Thumb Code    32  app_timer.o(i.NVIC_SetPriority)
    i.POWER_CLOCK_IRQHandler                 0x000005b0   Section        0  nrf_drv_clock.o(i.POWER_CLOCK_IRQHandler)
    i.RTC1_IRQHandler                        0x00000610   Section        0  app_timer.o(i.RTC1_IRQHandler)
    i.SWI0_EGU0_IRQHandler                   0x00000634   Section        0  app_timer.o(i.SWI0_EGU0_IRQHandler)
    i.SystemInit                             0x00000638   Section        0  system_nrf52.o(i.SystemInit)
    i.__scatterload_copy                     0x000008a4   Section       14  handlers.o(i.__scatterload_copy)
    i.__scatterload_null                     0x000008b2   Section        2  handlers.o(i.__scatterload_null)
    i.__scatterload_zeroinit                 0x000008b4   Section       14  handlers.o(i.__scatterload_zeroinit)
    i.app_error_fault_handler                0x000008c4   Section        0  app_error_weak.o(i.app_error_fault_handler)
    i.app_error_handler_bare                 0x000008e8   Section        0  app_error.o(i.app_error_handler_bare)
    i.app_timer_create                       0x00000900   Section        0  app_timer.o(i.app_timer_create)
    i.app_timer_init                         0x00000924   Section        0  app_timer.o(i.app_timer_init)
    i.app_timer_start                        0x000009b4   Section        0  app_timer.o(i.app_timer_start)
    i.app_util_critical_region_enter         0x00000a34   Section        0  app_util_platform.o(i.app_util_critical_region_enter)
    i.app_util_critical_region_exit          0x00000a38   Section        0  app_util_platform.o(i.app_util_critical_region_exit)
    i.app_util_disable_irq                   0x00000a3c   Section        0  app_util_platform.o(i.app_util_disable_irq)
    i.app_util_enable_irq                    0x00000a4c   Section        0  app_util_platform.o(i.app_util_enable_irq)
    i.clock_clk_started_notify               0x00000a60   Section        0  nrf_drv_clock.o(i.clock_clk_started_notify)
    clock_clk_started_notify                 0x00000a61   Thumb Code    26  nrf_drv_clock.o(i.clock_clk_started_notify)
    i.compare_reg_update                     0x00000a7c   Section        0  app_timer.o(i.compare_reg_update)
    compare_reg_update                       0x00000a7d   Thumb Code   160  app_timer.o(i.compare_reg_update)
    i.elapsed_ticks_acquire                  0x00000b28   Section        0  app_timer.o(i.elapsed_ticks_acquire)
    elapsed_ticks_acquire                    0x00000b29   Thumb Code    58  app_timer.o(i.elapsed_ticks_acquire)
    i.item_enqueue                           0x00000b68   Section        0  nrf_drv_clock.o(i.item_enqueue)
    item_enqueue                             0x00000b69   Thumb Code    10  nrf_drv_clock.o(i.item_enqueue)
    i.led_off                                0x00000b74   Section        0  low_power_pwm.o(i.led_off)
    led_off                                  0x00000b75   Thumb Code    22  low_power_pwm.o(i.led_off)
    i.led_on                                 0x00000b90   Section        0  low_power_pwm.o(i.led_on)
    led_on                                   0x00000b91   Thumb Code    22  low_power_pwm.o(i.led_on)
    i.list_deletions_handler                 0x00000bac   Section        0  app_timer.o(i.list_deletions_handler)
    list_deletions_handler                   0x00000bad   Thumb Code   178  app_timer.o(i.list_deletions_handler)
    i.list_insertions_handler                0x00000c68   Section        0  app_timer.o(i.list_insertions_handler)
    list_insertions_handler                  0x00000c69   Thumb Code   196  app_timer.o(i.list_insertions_handler)
    i.low_power_init                         0x00000d34   Section        0  main.o(i.low_power_init)
    i.low_power_pwm_duty_set                 0x00000e18   Section        0  low_power_pwm.o(i.low_power_pwm_duty_set)
    i.low_power_pwm_init                     0x00000e28   Section        0  low_power_pwm.o(i.low_power_pwm_init)
    i.low_power_pwm_start                    0x00000e7c   Section        0  low_power_pwm.o(i.low_power_pwm_start)
    i.main                                   0x00000ea0   Section        0  main.o(i.main)
    i.nrf_clock_event_check                  0x00000f0c   Section        0  nrf_drv_clock.o(i.nrf_clock_event_check)
    nrf_clock_event_check                    0x00000f0d   Thumb Code    14  nrf_drv_clock.o(i.nrf_clock_event_check)
    i.nrf_clock_event_clear                  0x00000f1a   Section        0  nrf_drv_clock.o(i.nrf_clock_event_clear)
    nrf_clock_event_clear                    0x00000f1b   Thumb Code    16  nrf_drv_clock.o(i.nrf_clock_event_clear)
    i.nrf_delay_ms                           0x00000f2a   Section        0  nrf_delay.o(i.nrf_delay_ms)
    i.nrf_drv_clock_init                     0x00000f44   Section        0  nrf_drv_clock.o(i.nrf_drv_clock_init)
    i.nrf_drv_clock_lfclk_request            0x00000f78   Section        0  nrf_drv_clock.o(i.nrf_drv_clock_lfclk_request)
    i.nrf_drv_common_irq_enable              0x00000fd0   Section        0  nrf_drv_common.o(i.nrf_drv_common_irq_enable)
    i.pwm_handler                            0x00001008   Section        0  main.o(i.pwm_handler)
    i.pwm_timeout_handler                    0x00001068   Section        0  low_power_pwm.o(i.pwm_timeout_handler)
    pwm_timeout_handler                      0x00001069   Thumb Code   134  low_power_pwm.o(i.pwm_timeout_handler)
    i.rtc1_stop                              0x000010f0   Section        0  app_timer.o(i.rtc1_stop)
    rtc1_stop                                0x000010f1   Thumb Code    52  app_timer.o(i.rtc1_stop)
    i.timer_list_handler                     0x0000112c   Section        0  app_timer.o(i.timer_list_handler)
    timer_list_handler                       0x0000112d   Thumb Code   134  app_timer.o(i.timer_list_handler)
    i.timer_list_insert                      0x000011b8   Section        0  app_timer.o(i.timer_list_insert)
    timer_list_insert                        0x000011b9   Thumb Code    56  app_timer.o(i.timer_list_insert)
    i.timer_timeouts_check                   0x000011f4   Section        0  app_timer.o(i.timer_timeouts_check)
    timer_timeouts_check                     0x000011f5   Thumb Code   124  app_timer.o(i.timer_timeouts_check)
    i.user_id_get                            0x00001278   Section        0  app_timer.o(i.user_id_get)
    user_id_get                              0x00001279   Thumb Code    62  app_timer.o(i.user_id_get)
    i.user_op_alloc                          0x000012b6   Section        0  app_timer.o(i.user_op_alloc)
    user_op_alloc                            0x000012b7   Thumb Code    40  app_timer.o(i.user_op_alloc)
    .constdata                               0x000012e0   Section       12  main.o(.constdata)
    lpp_timer_0                              0x000012e0   Data           4  main.o(.constdata)
    lpp_timer_1                              0x000012e4   Data           4  main.o(.constdata)
    lpp_timer_2                              0x000012e8   Data           4  main.o(.constdata)
    .data                                    0x20000000   Section        4  main.o(.data)
    led_0                                    0x20000000   Data           2  main.o(.data)
    led_1                                    0x20000002   Data           2  main.o(.data)
    .data                                    0x20000004   Section       32  app_timer.o(.data)
    m_user_array_size                        0x20000004   Data           1  app_timer.o(.data)
    m_ticks_elapsed_q_read_ind               0x20000005   Data           1  app_timer.o(.data)
    m_ticks_elapsed_q_write_ind              0x20000006   Data           1  app_timer.o(.data)
    m_rtc1_running                           0x20000007   Data           1  app_timer.o(.data)
    m_rtc1_reset                             0x20000008   Data           1  app_timer.o(.data)
    mp_users                                 0x2000000c   Data           4  app_timer.o(.data)
    mp_timer_id_head                         0x20000010   Data           4  app_timer.o(.data)
    m_ticks_latest                           0x20000014   Data           4  app_timer.o(.data)
    m_evt_schedule_func                      0x20000018   Data           4  app_timer.o(.data)
    m_ticks_elapsed                          0x2000001c   Data           8  app_timer.o(.data)
    .data                                    0x20000024   Section        4  app_util_platform.o(.data)
    m_in_critical_region                     0x20000024   Data           4  app_util_platform.o(.data)
    .data                                    0x20000028   Section        4  system_nrf52.o(.data)
    __tagsym$$used                           0x20000028   Number         0  system_nrf52.o(.data)
    .bss                                     0x2000002c   Section       32  main.o(.bss)
    lpp_timer_0_data                         0x2000002c   Data          32  main.o(.bss)
    .bss                                     0x2000004c   Section       32  main.o(.bss)
    lpp_timer_1_data                         0x2000004c   Data          32  main.o(.bss)
    .bss                                     0x2000006c   Section       32  main.o(.bss)
    lpp_timer_2_data                         0x2000006c   Data          32  main.o(.bss)
    .bss                                     0x2000008c   Section      480  main.o(.bss)
    APP_TIMER_BUF                            0x2000008c   Data         384  main.o(.bss)
    low_power_pwm_0                          0x2000020c   Data          32  main.o(.bss)
    low_power_pwm_1                          0x2000022c   Data          32  main.o(.bss)
    low_power_pwm_2                          0x2000024c   Data          32  main.o(.bss)
    .bss                                     0x2000026c   Section       20  nrf_drv_clock.o(.bss)
    m_clock_cb                               0x2000026c   Data          20  nrf_drv_clock.o(.bss)
    STACK                                    0x20000280   Section     8192  arm_startup_nrf52.o(STACK)

    Global Symbols

    Symbol Name                              Value     Ov Type        Size  Object(Section)

    BuildAttributes$$THM_ISAv4$E$P$D$K$B$S$7EM$VFPi3$EXTD16$VFPS$VFMA$PE$A:L22UL41UL21$X:L11$S22US41US21$IEEE1$IW$USESV6$~STKCKD$USESV7$~SHL$OSPACE$EBA8$MICROLIB$REQ8$PRES8$EABIv2 0x00000000   Number         0  anon$$obj.o ABSOLUTE
    __ARM_use_no_argv                        0x00000000   Number         0  main.o ABSOLUTE
    __Vectors                                0x00000000   Data           4  arm_startup_nrf52.o(RESET)
    __cpp_initialize__aeabi_                  - Undefined Weak Reference
    __cxa_finalize                            - Undefined Weak Reference
    __decompress                              - Undefined Weak Reference
    _clock_init                               - Undefined Weak Reference
    _microlib_exit                            - Undefined Weak Reference
    __Vectors_End                            0x00000400   Data           0  arm_startup_nrf52.o(RESET)
    __Vectors_Size                           0x00000400   Number         0  arm_startup_nrf52.o ABSOLUTE
    __main                                   0x00000401   Thumb Code     0  entry.o(.ARM.Collect$$$$00000000)
    _main_stk                                0x00000401   Thumb Code     0  entry2.o(.ARM.Collect$$$$00000001)
    _main_scatterload                        0x00000405   Thumb Code     0  entry5.o(.ARM.Collect$$$$00000004)
    __main_after_scatterload                 0x00000409   Thumb Code     0  entry5.o(.ARM.Collect$$$$00000004)
    _main_clock                              0x00000409   Thumb Code     0  entry7b.o(.ARM.Collect$$$$00000008)
    _main_cpp_init                           0x00000409   Thumb Code     0  entry8b.o(.ARM.Collect$$$$0000000A)
    _main_init                               0x00000409   Thumb Code     0  entry9a.o(.ARM.Collect$$$$0000000B)
    __rt_final_cpp                           0x00000411   Thumb Code     0  entry10a.o(.ARM.Collect$$$$0000000D)
    __rt_final_exit                          0x00000411   Thumb Code     0  entry11a.o(.ARM.Collect$$$$0000000F)
    __asm___11_nrf_delay_c_532987f3__nrf_delay_us 0x00000415   Thumb Code   118  nrf_delay.o(.emb_text)
    __asm___11_app_timer_c_cd27f9c3__nrf_delay_us 0x0000048d   Thumb Code   118  app_timer.o(.emb_text)
    Reset_Handler                            0x00000505   Thumb Code     8  arm_startup_nrf52.o(.text)
    NMI_Handler                              0x0000050d   Thumb Code     2  arm_startup_nrf52.o(.text)
    HardFault_Handler                        0x0000050f   Thumb Code     2  arm_startup_nrf52.o(.text)
    MemoryManagement_Handler                 0x00000511   Thumb Code     2  arm_startup_nrf52.o(.text)
    BusFault_Handler                         0x00000513   Thumb Code     2  arm_startup_nrf52.o(.text)
    UsageFault_Handler                       0x00000515   Thumb Code     2  arm_startup_nrf52.o(.text)
    SVC_Handler                              0x00000517   Thumb Code     2  arm_startup_nrf52.o(.text)
    DebugMonitor_Handler                     0x00000519   Thumb Code     2  arm_startup_nrf52.o(.text)
    PendSV_Handler                           0x0000051b   Thumb Code     2  arm_startup_nrf52.o(.text)
    SysTick_Handler                          0x0000051d   Thumb Code     2  arm_startup_nrf52.o(.text)
    CCM_AAR_IRQHandler                       0x0000051f   Thumb Code     0  arm_startup_nrf52.o(.text)
    COMP_LPCOMP_IRQHandler                   0x0000051f   Thumb Code     0  arm_startup_nrf52.o(.text)
    ECB_IRQHandler                           0x0000051f   Thumb Code     0  arm_startup_nrf52.o(.text)
    FPU_IRQHandler                           0x0000051f   Thumb Code     0  arm_startup_nrf52.o(.text)
    GPIOTE_IRQHandler                        0x0000051f   Thumb Code     0  arm_startup_nrf52.o(.text)
    I2S_IRQHandler                           0x0000051f   Thumb Code     0  arm_startup_nrf52.o(.text)
    MWU_IRQHandler                           0x0000051f   Thumb Code     0  arm_startup_nrf52.o(.text)
    NFCT_IRQHandler                          0x0000051f   Thumb Code     0  arm_startup_nrf52.o(.text)
    PDM_IRQHandler                           0x0000051f   Thumb Code     0  arm_startup_nrf52.o(.text)
    PWM0_IRQHandler                          0x0000051f   Thumb Code     0  arm_startup_nrf52.o(.text)
    PWM1_IRQHandler                          0x0000051f   Thumb Code     0  arm_startup_nrf52.o(.text)
    PWM2_IRQHandler                          0x0000051f   Thumb Code     0  arm_startup_nrf52.o(.text)
    QDEC_IRQHandler                          0x0000051f   Thumb Code     0  arm_startup_nrf52.o(.text)
    RADIO_IRQHandler                         0x0000051f   Thumb Code     0  arm_startup_nrf52.o(.text)
    RNG_IRQHandler                           0x0000051f   Thumb Code     0  arm_startup_nrf52.o(.text)
    RTC0_IRQHandler                          0x0000051f   Thumb Code     0  arm_startup_nrf52.o(.text)
    RTC2_IRQHandler                          0x0000051f   Thumb Code     0  arm_startup_nrf52.o(.text)
    SAADC_IRQHandler                         0x0000051f   Thumb Code     0  arm_startup_nrf52.o(.text)
    SPIM0_SPIS0_TWIM0_TWIS0_SPI0_TWI0_IRQHandler 0x0000051f   Thumb Code     0  arm_startup_nrf52.o(.text)
    SPIM1_SPIS1_TWIM1_TWIS1_SPI1_TWI1_IRQHandler 0x0000051f   Thumb Code     0  arm_startup_nrf52.o(.text)
    SPIM2_SPIS2_SPI2_IRQHandler              0x0000051f   Thumb Code     0  arm_startup_nrf52.o(.text)
    SWI1_EGU1_IRQHandler                     0x0000051f   Thumb Code     0  arm_startup_nrf52.o(.text)
    SWI2_EGU2_IRQHandler                     0x0000051f   Thumb Code     0  arm_startup_nrf52.o(.text)
    SWI3_EGU3_IRQHandler                     0x0000051f   Thumb Code     0  arm_startup_nrf52.o(.text)
    SWI4_EGU4_IRQHandler                     0x0000051f   Thumb Code     0  arm_startup_nrf52.o(.text)
    SWI5_EGU5_IRQHandler                     0x0000051f   Thumb Code     0  arm_startup_nrf52.o(.text)
    TEMP_IRQHandler                          0x0000051f   Thumb Code     0  arm_startup_nrf52.o(.text)
    TIMER0_IRQHandler                        0x0000051f   Thumb Code     0  arm_startup_nrf52.o(.text)
    TIMER1_IRQHandler                        0x0000051f   Thumb Code     0  arm_startup_nrf52.o(.text)
    TIMER2_IRQHandler                        0x0000051f   Thumb Code     0  arm_startup_nrf52.o(.text)
    TIMER3_IRQHandler                        0x0000051f   Thumb Code     0  arm_startup_nrf52.o(.text)
    TIMER4_IRQHandler                        0x0000051f   Thumb Code     0  arm_startup_nrf52.o(.text)
    UARTE0_UART0_IRQHandler                  0x0000051f   Thumb Code     0  arm_startup_nrf52.o(.text)
    WDT_IRQHandler                           0x0000051f   Thumb Code     0  arm_startup_nrf52.o(.text)
    __scatterload                            0x00000529   Thumb Code    28  init.o(.text)
    __scatterload_rt2                        0x00000529   Thumb Code     0  init.o(.text)
    POWER_CLOCK_IRQHandler                   0x000005b1   Thumb Code    90  nrf_drv_clock.o(i.POWER_CLOCK_IRQHandler)
    RTC1_IRQHandler                          0x00000611   Thumb Code    32  app_timer.o(i.RTC1_IRQHandler)
    SWI0_EGU0_IRQHandler                     0x00000635   Thumb Code     4  app_timer.o(i.SWI0_EGU0_IRQHandler)
    SystemInit                               0x00000639   Thumb Code   566  system_nrf52.o(i.SystemInit)
    __scatterload_copy                       0x000008a5   Thumb Code    14  handlers.o(i.__scatterload_copy)
    __scatterload_null                       0x000008b3   Thumb Code     2  handlers.o(i.__scatterload_null)
    __scatterload_zeroinit                   0x000008b5   Thumb Code    14  handlers.o(i.__scatterload_zeroinit)
    app_error_fault_handler                  0x000008c5   Thumb Code    26  app_error_weak.o(i.app_error_fault_handler)
    app_error_handler_bare                   0x000008e9   Thumb Code    22  app_error.o(i.app_error_handler_bare)
    app_timer_create                         0x00000901   Thumb Code    32  app_timer.o(i.app_timer_create)
    app_timer_init                           0x00000925   Thumb Code   134  app_timer.o(i.app_timer_init)
    app_timer_start                          0x000009b5   Thumb Code   118  app_timer.o(i.app_timer_start)
    app_util_critical_region_enter           0x00000a35   Thumb Code     4  app_util_platform.o(i.app_util_critical_region_enter)
    app_util_critical_region_exit            0x00000a39   Thumb Code     4  app_util_platform.o(i.app_util_critical_region_exit)
    app_util_disable_irq                     0x00000a3d   Thumb Code    12  app_util_platform.o(i.app_util_disable_irq)
    app_util_enable_irq                      0x00000a4d   Thumb Code    14  app_util_platform.o(i.app_util_enable_irq)
    low_power_init                           0x00000d35   Thumb Code   216  main.o(i.low_power_init)
    low_power_pwm_duty_set                   0x00000e19   Thumb Code    16  low_power_pwm.o(i.low_power_pwm_duty_set)
    low_power_pwm_init                       0x00000e29   Thumb Code    80  low_power_pwm.o(i.low_power_pwm_init)
    low_power_pwm_start                      0x00000e7d   Thumb Code    34  low_power_pwm.o(i.low_power_pwm_start)
    main                                     0x00000ea1   Thumb Code    98  main.o(i.main)
    nrf_delay_ms                             0x00000f2b   Thumb Code    26  nrf_delay.o(i.nrf_delay_ms)
    nrf_drv_clock_init                       0x00000f45   Thumb Code    42  nrf_drv_clock.o(i.nrf_drv_clock_init)
    nrf_drv_clock_lfclk_request              0x00000f79   Thumb Code    80  nrf_drv_clock.o(i.nrf_drv_clock_lfclk_request)
    nrf_drv_common_irq_enable                0x00000fd1   Thumb Code    56  nrf_drv_common.o(i.nrf_drv_common_irq_enable)
    pwm_handler                              0x00001009   Thumb Code    92  main.o(i.pwm_handler)
    Region$$Table$$Base                      0x000012ec   Number         0  anon$$obj.o(Region$$Table)
    Region$$Table$$Limit                     0x0000130c   Number         0  anon$$obj.o(Region$$Table)
    SystemCoreClock                          0x20000028   Data           4  system_nrf52.o(.data)
    __initial_sp                             0x20002280   Data           0  arm_startup_nrf52.o(STACK)



==============================================================================

Memory Map of the image

  Image Entry point : 0x00000401

  Load Region LR_IROM1 (Base: 0x00000000, Size: 0x00001338, Max: 0x00080000, ABSOLUTE)

    Execution Region ER_IROM1 (Base: 0x00000000, Size: 0x0000130c, Max: 0x00080000, ABSOLUTE)

    Base Addr    Size         Type   Attr      Idx    E Section Name        Object

    0x00000000   0x00000400   Data   RO          865    RESET               arm_startup_nrf52.o
    0x00000400   0x00000000   Code   RO          906  * .ARM.Collect$$$$00000000  mc_w.l(entry.o)
    0x00000400   0x00000004   Code   RO          909    .ARM.Collect$$$$00000001  mc_w.l(entry2.o)
    0x00000404   0x00000004   Code   RO          912    .ARM.Collect$$$$00000004  mc_w.l(entry5.o)
    0x00000408   0x00000000   Code   RO          914    .ARM.Collect$$$$00000008  mc_w.l(entry7b.o)
    0x00000408   0x00000000   Code   RO          916    .ARM.Collect$$$$0000000A  mc_w.l(entry8b.o)
    0x00000408   0x00000008   Code   RO          917    .ARM.Collect$$$$0000000B  mc_w.l(entry9a.o)
    0x00000410   0x00000000   Code   RO          919    .ARM.Collect$$$$0000000D  mc_w.l(entry10a.o)
    0x00000410   0x00000000   Code   RO          921    .ARM.Collect$$$$0000000F  mc_w.l(entry11a.o)
    0x00000410   0x00000004   Code   RO          910    .ARM.Collect$$$$00002712  mc_w.l(entry2.o)
    0x00000414   0x00000076   Code   RO          169    .emb_text           nrf_delay.o
    0x0000048a   0x00000002   PAD
    0x0000048c   0x00000076   Code   RO          561    .emb_text           app_timer.o
    0x00000502   0x00000002   PAD
    0x00000504   0x00000024   Code   RO          866    .text               arm_startup_nrf52.o
    0x00000528   0x00000024   Code   RO          923    .text               mc_w.l(init.o)
    0x0000054c   0x00000016   Code   RO          562    i.NVIC_ClearPendingIRQ  app_timer.o
    0x00000562   0x00000016   Code   RO          563    i.NVIC_EnableIRQ    app_timer.o
    0x00000578   0x00000016   Code   RO          564    i.NVIC_SetPendingIRQ  app_timer.o
    0x0000058e   0x00000020   Code   RO          565    i.NVIC_SetPriority  app_timer.o
    0x000005ae   0x00000002   PAD
    0x000005b0   0x00000060   Code   RO          204    i.POWER_CLOCK_IRQHandler  nrf_drv_clock.o
    0x00000610   0x00000024   Code   RO          566    i.RTC1_IRQHandler   app_timer.o
    0x00000634   0x00000004   Code   RO          567    i.SWI0_EGU0_IRQHandler  app_timer.o
    0x00000638   0x0000026c   Code   RO          874    i.SystemInit        system_nrf52.o
    0x000008a4   0x0000000e   Code   RO          927    i.__scatterload_copy  mc_w.l(handlers.o)
    0x000008b2   0x00000002   Code   RO          928    i.__scatterload_null  mc_w.l(handlers.o)
    0x000008b4   0x0000000e   Code   RO          929    i.__scatterload_zeroinit  mc_w.l(handlers.o)
    0x000008c2   0x00000002   PAD
    0x000008c4   0x00000024   Code   RO          533    i.app_error_fault_handler  app_error_weak.o
    0x000008e8   0x00000016   Code   RO          494    i.app_error_handler_bare  app_error.o
    0x000008fe   0x00000002   PAD
    0x00000900   0x00000024   Code   RO          570    i.app_timer_create  app_timer.o
    0x00000924   0x00000090   Code   RO          571    i.app_timer_init    app_timer.o
    0x000009b4   0x00000080   Code   RO          572    i.app_timer_start   app_timer.o
    0x00000a34   0x00000004   Code   RO          738    i.app_util_critical_region_enter  app_util_platform.o
    0x00000a38   0x00000004   Code   RO          739    i.app_util_critical_region_exit  app_util_platform.o
    0x00000a3c   0x00000010   Code   RO          740    i.app_util_disable_irq  app_util_platform.o
    0x00000a4c   0x00000014   Code   RO          741    i.app_util_enable_irq  app_util_platform.o
    0x00000a60   0x0000001a   Code   RO          205    i.clock_clk_started_notify  nrf_drv_clock.o
    0x00000a7a   0x00000002   PAD
    0x00000a7c   0x000000ac   Code   RO          575    i.compare_reg_update  app_timer.o
    0x00000b28   0x00000040   Code   RO          576    i.elapsed_ticks_acquire  app_timer.o
    0x00000b68   0x0000000a   Code   RO          207    i.item_enqueue      nrf_drv_clock.o
    0x00000b72   0x00000002   PAD
    0x00000b74   0x0000001c   Code   RO          781    i.led_off           low_power_pwm.o
    0x00000b90   0x0000001c   Code   RO          782    i.led_on            low_power_pwm.o
    0x00000bac   0x000000bc   Code   RO          577    i.list_deletions_handler  app_timer.o
    0x00000c68   0x000000cc   Code   RO          578    i.list_insertions_handler  app_timer.o
    0x00000d34   0x000000e4   Code   RO            5    i.low_power_init    main.o
    0x00000e18   0x00000010   Code   RO          783    i.low_power_pwm_duty_set  low_power_pwm.o
    0x00000e28   0x00000054   Code   RO          784    i.low_power_pwm_init  low_power_pwm.o
    0x00000e7c   0x00000022   Code   RO          785    i.low_power_pwm_start  low_power_pwm.o
    0x00000e9e   0x00000002   PAD
    0x00000ea0   0x0000006c   Code   RO            6    i.main              main.o
    0x00000f0c   0x0000000e   Code   RO          209    i.nrf_clock_event_check  nrf_drv_clock.o
    0x00000f1a   0x00000010   Code   RO          210    i.nrf_clock_event_clear  nrf_drv_clock.o
    0x00000f2a   0x0000001a   Code   RO          170    i.nrf_delay_ms      nrf_delay.o
    0x00000f44   0x00000034   Code   RO          217    i.nrf_drv_clock_init  nrf_drv_clock.o
    0x00000f78   0x00000058   Code   RO          221    i.nrf_drv_clock_lfclk_request  nrf_drv_clock.o
    0x00000fd0   0x00000038   Code   RO          344    i.nrf_drv_common_irq_enable  nrf_drv_common.o
    0x00001008   0x00000060   Code   RO            7    i.pwm_handler       main.o
    0x00001068   0x00000086   Code   RO          787    i.pwm_timeout_handler  low_power_pwm.o
    0x000010ee   0x00000002   PAD
    0x000010f0   0x0000003c   Code   RO          579    i.rtc1_stop         app_timer.o
    0x0000112c   0x0000008c   Code   RO          580    i.timer_list_handler  app_timer.o
    0x000011b8   0x0000003c   Code   RO          581    i.timer_list_insert  app_timer.o
    0x000011f4   0x00000084   Code   RO          582    i.timer_timeouts_check  app_timer.o
    0x00001278   0x0000003e   Code   RO          583    i.user_id_get       app_timer.o
    0x000012b6   0x00000028   Code   RO          584    i.user_op_alloc     app_timer.o
    0x000012de   0x00000002   PAD
    0x000012e0   0x0000000c   Data   RO           12    .constdata          main.o
    0x000012ec   0x00000020   Data   RO          925    Region$$Table       anon$$obj.o


    Execution Region RW_IRAM1 (Base: 0x20000000, Size: 0x00002280, Max: 0x00010000, ABSOLUTE)

    Base Addr    Size         Type   Attr      Idx    E Section Name        Object

    0x20000000   0x00000004   Data   RW           13    .data               main.o
    0x20000004   0x00000020   Data   RW          585    .data               app_timer.o
    0x20000024   0x00000004   Data   RW          742    .data               app_util_platform.o
    0x20000028   0x00000004   Data   RW          875    .data               system_nrf52.o
    0x2000002c   0x00000020   Zero   RW            8    .bss                main.o
    0x2000004c   0x00000020   Zero   RW            9    .bss                main.o
    0x2000006c   0x00000020   Zero   RW           10    .bss                main.o
    0x2000008c   0x000001e0   Zero   RW           11    .bss                main.o
    0x2000026c   0x00000014   Zero   RW          223    .bss                nrf_drv_clock.o
    0x20000280   0x00002000   Zero   RW          863    STACK               arm_startup_nrf52.o


==============================================================================

Image component sizes


      Code (inc. data)   RO Data    RW Data    ZI Data      Debug   Object Name

        22          0          0          0          0       2265   app_error.o
        36         10          0          0          0      27357   app_error_weak.o
      1686         90          0         32          0      57842   app_timer.o
        44         10          0          4          0       3344   app_util_platform.o
        36          8       1024          0       8192        940   arm_startup_nrf52.o
       324         16          0          0          0       9140   low_power_pwm.o
       432         26         12          4        576      44210   main.o
       144          0          0          0          0       1907   nrf_delay.o
       302         24          0          0         20      10932   nrf_drv_clock.o
        56          0          0          0          0      27559   nrf_drv_common.o
       620         54          0          4          0       2627   system_nrf52.o

    ----------------------------------------------------------------------
      3720        238       1068         44       8788     188123   Object Totals
         0          0         32          0          0          0   (incl. Generated)
        18          0          0          0          0          0   (incl. Padding)

    ----------------------------------------------------------------------

      Code (inc. data)   RO Data    RW Data    ZI Data      Debug   Library Member Name

         0          0          0          0          0          0   entry.o
         0          0          0          0          0          0   entry10a.o
         0          0          0          0          0          0   entry11a.o
         8          4          0          0          0          0   entry2.o
         4          0          0          0          0          0   entry5.o
         0          0          0          0          0          0   entry7b.o
         0          0          0          0          0          0   entry8b.o
         8          4          0          0          0          0   entry9a.o
        30          0          0          0          0          0   handlers.o
        36          8          0          0          0         68   init.o

    ----------------------------------------------------------------------
        88         16          0          0          0         68   Library Totals
         2          0          0          0          0          0   (incl. Padding)

    ----------------------------------------------------------------------

      Code (inc. data)   RO Data    RW Data    ZI Data      Debug   Library Name

        86         16          0          0          0         68   mc_w.l

    ----------------------------------------------------------------------
        88         16          0          0          0         68   Library Totals

    ----------------------------------------------------------------------

==============================================================================


      Code (inc. data)   RO Data    RW Data    ZI Data      Debug   

      3808        254       1068         44       8788     184295   Grand Totals
      3808        254       1068         44       8788     184295   ELF Image Totals
      3808        254       1068         44          0          0   ROM Totals

==============================================================================

    Total RO  Size (Code + RO Data)                 4876 (   4.76kB)
    Total RW  Size (RW Data + ZI Data)              8832 (   8.63kB)
    Total ROM Size (Code + RO Data + RW Data)       4920 (   4.80kB)

==============================================================================

