Component: ARM Compiler 5.06 update 4 (build 422) Tool: armlink [4d35d2]

==============================================================================

Section Cross References

    main.o(i.assert_nrf_callback) refers to app_error.o(i.app_error_handler) for app_error_handler
    main.o(i.battery_level_meas_timeout_handler) refers to sensorsim.o(i.sensorsim_measure) for sensorsim_measure
    main.o(i.battery_level_meas_timeout_handler) refers to ble_bas.o(i.ble_bas_battery_level_update) for ble_bas_battery_level_update
    main.o(i.battery_level_meas_timeout_handler) refers to app_error.o(i.app_error_handler_bare) for app_error_handler_bare
    main.o(i.battery_level_meas_timeout_handler) refers to main.o(.bss) for .bss
    main.o(i.battery_level_meas_timeout_handler) refers to main.o(.data) for .data
    main.o(i.ble_evt_dispatch) refers to device_manager_peripheral.o(i.dm_ble_evt_handler) for dm_ble_evt_handler
    main.o(i.ble_evt_dispatch) refers to ble_hrs.o(i.ble_hrs_on_ble_evt) for ble_hrs_on_ble_evt
    main.o(i.ble_evt_dispatch) refers to ble_bas.o(i.ble_bas_on_ble_evt) for ble_bas_on_ble_evt
    main.o(i.ble_evt_dispatch) refers to ble_conn_params.o(i.ble_conn_params_on_ble_evt) for ble_conn_params_on_ble_evt
    main.o(i.ble_evt_dispatch) refers to bsp_btn_ble.o(i.bsp_btn_ble_on_ble_evt) for bsp_btn_ble_on_ble_evt
    main.o(i.ble_evt_dispatch) refers to bsp.o(i.bsp_indication_set) for bsp_indication_set
    main.o(i.ble_evt_dispatch) refers to app_error.o(i.app_error_handler_bare) for app_error_handler_bare
    main.o(i.ble_evt_dispatch) refers to ble_advertising.o(i.ble_advertising_on_ble_evt) for ble_advertising_on_ble_evt
    main.o(i.ble_evt_dispatch) refers to main.o(.bss) for .bss
    main.o(i.ble_evt_dispatch) refers to main.o(.data) for .data
    main.o(i.bsp_event_handler) refers to bsp.o(i.bsp_indication_set) for bsp_indication_set
    main.o(i.bsp_event_handler) refers to app_error.o(i.app_error_handler_bare) for app_error_handler_bare
    main.o(i.bsp_event_handler) refers to bsp_btn_ble.o(i.bsp_btn_ble_sleep_mode_prepare) for bsp_btn_ble_sleep_mode_prepare
    main.o(i.bsp_event_handler) refers to ble_advertising.o(i.ble_advertising_restart_without_whitelist) for ble_advertising_restart_without_whitelist
    main.o(i.bsp_event_handler) refers to main.o(.data) for .data
    main.o(i.conn_params_error_handler) refers to app_error.o(i.app_error_handler_bare) for app_error_handler_bare
    main.o(i.device_manager_evt_handler) refers to app_error.o(i.app_error_handler_bare) for app_error_handler_bare
    main.o(i.heart_rate_meas_timeout_handler) refers to ble_hrs.o(i.ble_hrs_heart_rate_measurement_send) for ble_hrs_heart_rate_measurement_send
    main.o(i.heart_rate_meas_timeout_handler) refers to app_error.o(i.app_error_handler_bare) for app_error_handler_bare
    main.o(i.heart_rate_meas_timeout_handler) refers to main.o(.data) for .data
    main.o(i.heart_rate_meas_timeout_handler) refers to main.o(.bss) for .bss
    main.o(i.lfclk_config) refers to nrf_drv_clock.o(i.nrf_drv_clock_init) for nrf_drv_clock_init
    main.o(i.lfclk_config) refers to app_error.o(i.app_error_handler_bare) for app_error_handler_bare
    main.o(i.lfclk_config) refers to nrf_drv_clock.o(i.nrf_drv_clock_lfclk_request) for nrf_drv_clock_lfclk_request
    main.o(i.main) refers to nrf_drv_ppi.o(i.nrf_drv_ppi_init) for nrf_drv_ppi_init
    main.o(i.main) refers to app_error.o(i.app_error_handler_bare) for app_error_handler_bare
    main.o(i.main) refers to nrf_drv_rtc.o(i.nrf_drv_rtc_init) for nrf_drv_rtc_init
    main.o(i.main) refers to nrf_drv_rtc.o(i.nrf_drv_rtc_tick_enable) for nrf_drv_rtc_tick_enable
    main.o(i.main) refers to nrf_drv_rtc.o(i.nrf_drv_rtc_enable) for nrf_drv_rtc_enable
    main.o(i.main) refers to app_timer.o(i.app_timer_init) for app_timer_init
    main.o(i.main) refers to app_timer.o(i.app_timer_create) for app_timer_create
    main.o(i.main) refers to bsp.o(i.bsp_init) for bsp_init
    main.o(i.main) refers to bsp_btn_ble.o(i.bsp_btn_ble_init) for bsp_btn_ble_init
    main.o(i.main) refers to softdevice_handler.o(i.softdevice_handler_init) for softdevice_handler_init
    main.o(i.main) refers to softdevice_handler.o(i.softdevice_enable_get_default_config) for softdevice_enable_get_default_config
    main.o(i.main) refers to softdevice_handler.o(i.sd_check_ram_start) for sd_check_ram_start
    main.o(i.main) refers to softdevice_handler.o(i.softdevice_enable) for softdevice_enable
    main.o(i.main) refers to softdevice_handler.o(i.softdevice_ble_evt_handler_set) for softdevice_ble_evt_handler_set
    main.o(i.main) refers to softdevice_handler.o(i.softdevice_sys_evt_handler_set) for softdevice_sys_evt_handler_set
    main.o(i.main) refers to pstorage.o(i.pstorage_init) for pstorage_init
    main.o(i.main) refers to device_manager_peripheral.o(i.dm_init) for dm_init
    main.o(i.main) refers to main.o(i.__ARM_common_memclr4_5) for __ARM_common_memclr4_5
[...]
    device_context_store                     0x0001f469   Thumb Code   170  device_manager_peripheral.o(i.device_context_store)
    i.device_instance_find                   0x0001f538   Section        0  device_manager_peripheral.o(i.device_instance_find)
    device_instance_find                     0x0001f539   Thumb Code   240  device_manager_peripheral.o(i.device_instance_find)
    i.device_manager_evt_handler             0x0001f62c   Section        0  main.o(i.device_manager_evt_handler)
    device_manager_evt_handler               0x0001f62d   Thumb Code    14  main.o(i.device_manager_evt_handler)
    i.dm_ble_evt_handler                     0x0001f63c   Section        0  device_manager_peripheral.o(i.dm_ble_evt_handler)
    i.dm_init                                0x0001fb58   Section        0  device_manager_peripheral.o(i.dm_init)
    i.dm_pstorage_cb_handler                 0x0001fc9c   Section        0  device_manager_peripheral.o(i.dm_pstorage_cb_handler)
    dm_pstorage_cb_handler                   0x0001fc9d   Thumb Code   446  device_manager_peripheral.o(i.dm_pstorage_cb_handler)
    i.dm_register                            0x0001fe80   Section        0  device_manager_peripheral.o(i.dm_register)
    i.flash_operation_success_run            0x0001feec   Section        0  pstorage.o(i.flash_operation_success_run)
    flash_operation_success_run              0x0001feed   Thumb Code   248  pstorage.o(i.flash_operation_success_run)
    i.flash_write                            0x0001fff0   Section        0  pstorage.o(i.flash_write)
    flash_write                              0x0001fff1   Thumb Code    82  pstorage.o(i.flash_write)
    i.fs_queued_op_count_get                 0x00020050   Section        0  fstorage.o(i.fs_queued_op_count_get)
    i.gattc_context_apply                    0x00020068   Section        0  device_manager_peripheral.o(i.gattc_context_apply)
    gattc_context_apply                      0x00020069   Thumb Code     4  device_manager_peripheral.o(i.gattc_context_apply)
    i.gattc_context_load                     0x0002006c   Section        0  device_manager_peripheral.o(i.gattc_context_load)
    gattc_context_load                       0x0002006d   Thumb Code     4  device_manager_peripheral.o(i.gattc_context_load)
    i.gattc_context_store                    0x00020070   Section        0  device_manager_peripheral.o(i.gattc_context_store)
    gattc_context_store                      0x00020071   Thumb Code     4  device_manager_peripheral.o(i.gattc_context_store)
    i.gatts_context_apply                    0x00020074   Section        0  device_manager_peripheral.o(i.gatts_context_apply)
    gatts_context_apply                      0x00020075   Thumb Code   196  device_manager_peripheral.o(i.gatts_context_apply)
    i.gatts_context_load                     0x0002013c   Section        0  device_manager_peripheral.o(i.gatts_context_load)
    gatts_context_load                       0x0002013d   Thumb Code    56  device_manager_peripheral.o(i.gatts_context_load)
    i.gatts_context_store                    0x00020178   Section        0  device_manager_peripheral.o(i.gatts_context_store)
    gatts_context_store                      0x00020179   Thumb Code   204  device_manager_peripheral.o(i.gatts_context_store)
    i.gattsc_context_apply                   0x00020250   Section        0  device_manager_peripheral.o(i.gattsc_context_apply)
    gattsc_context_apply                     0x00020251   Thumb Code   196  device_manager_peripheral.o(i.gattsc_context_apply)
    i.gattsc_context_load                    0x00020318   Section        0  device_manager_peripheral.o(i.gattsc_context_load)
    gattsc_context_load                      0x00020319   Thumb Code    56  device_manager_peripheral.o(i.gattsc_context_load)
    i.gattsc_context_store                   0x00020354   Section        0  device_manager_peripheral.o(i.gattsc_context_store)
    gattsc_context_store                     0x00020355   Thumb Code   206  device_manager_peripheral.o(i.gattsc_context_store)
    i.gpiote_event_handler                   0x00020430   Section        0  app_button.o(i.gpiote_event_handler)
    gpiote_event_handler                     0x00020431   Thumb Code    82  app_button.o(i.gpiote_event_handler)
    i.head_restore_state_run                 0x0002048c   Section        0  pstorage.o(i.head_restore_state_run)
    head_restore_state_run                   0x0002048d   Thumb Code   178  pstorage.o(i.head_restore_state_run)
    i.heart_rate_meas_timeout_handler        0x0002054c   Section        0  main.o(i.heart_rate_meas_timeout_handler)
    heart_rate_meas_timeout_handler          0x0002054d   Thumb Code   154  main.o(i.heart_rate_meas_timeout_handler)
    i.hrm_encode                             0x000205f4   Section        0  ble_hrs.o(i.hrm_encode)
    hrm_encode                               0x000205f5   Thumb Code   182  ble_hrs.o(i.hrm_encode)
    i.leds_timer_handler                     0x000206ac   Section        0  bsp.o(i.leds_timer_handler)
    leds_timer_handler                       0x000206ad   Thumb Code    18  bsp.o(i.leds_timer_handler)
    i.main                                   0x000206c4   Section        0  main.o(i.main)
    i.no_service_context_apply               0x00020bcc   Section        0  device_manager_peripheral.o(i.no_service_context_apply)
    no_service_context_apply                 0x00020bcd   Thumb Code     4  device_manager_peripheral.o(i.no_service_context_apply)
    i.no_service_context_load                0x00020bd0   Section        0  device_manager_peripheral.o(i.no_service_context_load)
    no_service_context_load                  0x00020bd1   Thumb Code     4  device_manager_peripheral.o(i.no_service_context_load)
    i.no_service_context_store               0x00020bd4   Section        0  device_manager_peripheral.o(i.no_service_context_store)
    no_service_context_store                 0x00020bd5   Thumb Code     4  device_manager_peripheral.o(i.no_service_context_store)
    i.nrf_drv_common_irq_enable              0x00020bd8   Section        0  nrf_drv_common.o(i.nrf_drv_common_irq_enable)
    i.nrf_drv_gpiote_in_event_enable         0x00020c10   Section        0  nrf_drv_gpiote.o(i.nrf_drv_gpiote_in_event_enable)
    i.nrf_drv_gpiote_in_init                 0x00020cd4   Section        0  nrf_drv_gpiote.o(i.nrf_drv_gpiote_in_init)
    i.nrf_drv_gpiote_in_is_set               0x00020db8   Section        0  nrf_drv_gpiote.o(i.nrf_drv_gpiote_in_is_set)
    i.nrf_drv_gpiote_init                    0x00020dcc   Section        0  nrf_drv_gpiote.o(i.nrf_drv_gpiote_init)
    i.nrf_drv_gpiote_is_init                 0x00020e2c   Section        0  nrf_drv_gpiote.o(i.nrf_drv_gpiote_is_init)
    i.nrf_drv_ppi_init                       0x00020e40   Section        0  nrf_drv_ppi.o(i.nrf_drv_ppi_init)
    i.nrf_drv_rtc_enable                     0x00020e58   Section        0  nrf_drv_rtc.o(i.nrf_drv_rtc_enable)
    i.nrf_drv_rtc_init                       0x00020e70   Section        0  nrf_drv_rtc.o(i.nrf_drv_rtc_init)
    i.nrf_drv_rtc_tick_enable                0x00020eec   Section        0  nrf_drv_rtc.o(i.nrf_drv_rtc_tick_enable)
    i.nrf_drv_saadc_buffer_convert           0x00020f14   Section        0  nrf_drv_saadc.o(i.nrf_drv_saadc_buffer_convert)
    i.nrf_drv_saadc_channel_init             0x00020f90   Section        0  nrf_drv_saadc.o(i.nrf_drv_saadc_channel_init)
    i.nrf_drv_saadc_init                     0x00020fe4   Section        0  nrf_drv_saadc.o(i.nrf_drv_saadc_init)
    i.nrf_drv_saadc_sample                   0x0002105c   Section        0  nrf_drv_saadc.o(i.nrf_drv_saadc_sample)
    i.nrf_drv_saadc_uninit                   0x0002107c   Section        0  nrf_drv_saadc.o(i.nrf_drv_saadc_uninit)
    i.nrf_saadc_channel_init                 0x00021160   Section        0  nrf_saadc.o(i.nrf_saadc_channel_init)
    i.on_adv_evt                             0x000211be   Section        0  main.o(i.on_adv_evt)
    on_adv_evt                               0x000211bf   Thumb Code    62  main.o(i.on_adv_evt)
    i.on_conn_params_evt                     0x000211fc   Section        0  main.o(i.on_conn_params_evt)
    on_conn_params_evt                       0x000211fd   Thumb Code    26  main.o(i.on_conn_params_evt)
    i.pstorage_access_status_get             0x0002121c   Section        0  pstorage.o(i.pstorage_access_status_get)
    i.pstorage_block_identifier_get          0x00021244   Section        0  pstorage.o(i.pstorage_block_identifier_get)
    i.pstorage_clear                         0x000212a8   Section        0  pstorage.o(i.pstorage_clear)
    i.pstorage_init                          0x0002133c   Section        0  pstorage.o(i.pstorage_init)
    i.pstorage_load                          0x000213c4   Section        0  pstorage.o(i.pstorage_load)
    i.pstorage_register                      0x0002145c   Section        0  pstorage.o(i.pstorage_register)
    i.pstorage_store                         0x00021538   Section        0  pstorage.o(i.pstorage_store)
    i.pstorage_sys_event_handler             0x000215c0   Section        0  pstorage.o(i.pstorage_sys_event_handler)
    i.pstorage_update                        0x00021654   Section        0  pstorage.o(i.pstorage_update)
    i.rr_interval_timeout_handler            0x000216dc   Section        0  main.o(i.rr_interval_timeout_handler)
    rr_interval_timeout_handler              0x000216dd   Thumb Code    32  main.o(i.rr_interval_timeout_handler)
    i.rtc_handler                            0x0002170c   Section        0  main.o(i.rtc_handler)
    i.saadc_callback                         0x00021774   Section        0  main.o(i.saadc_callback)
    i.sd_check_ram_start                     0x000217d0   Section        0  softdevice_handler.o(i.sd_check_ram_start)
    i.sensor_contact_detected_timeout_handler 0x000217e0   Section        0  main.o(i.sensor_contact_detected_timeout_handler)
    sensor_contact_detected_timeout_handler  0x000217e1   Thumb Code    16  main.o(i.sensor_contact_detected_timeout_handler)
    i.sensorsim_init                         0x000217f8   Section        0  sensorsim.o(i.sensorsim_init)
    i.sensorsim_measure                      0x0002180e   Section        0  sensorsim.o(i.sensorsim_measure)
    i.sm_state_change                        0x0002184c   Section        0  pstorage.o(i.sm_state_change)
    sm_state_change                          0x0002184d   Thumb Code   326  pstorage.o(i.sm_state_change)
    i.softdevice_ble_evt_handler_set         0x000219a4   Section        0  softdevice_handler.o(i.softdevice_ble_evt_handler_set)
    i.softdevice_enable                      0x000219b8   Section        0  softdevice_handler.o(i.softdevice_enable)
    i.softdevice_enable_get_default_config   0x000219cc   Section        0  softdevice_handler.o(i.softdevice_enable_get_default_config)
    i.softdevice_fault_handler               0x000219f2   Section        0  softdevice_handler.o(i.softdevice_fault_handler)
    i.softdevice_handler_init                0x000219f8   Section        0  softdevice_handler.o(i.softdevice_handler_init)
    i.softdevice_sys_evt_handler_set         0x00021a74   Section        0  softdevice_handler.o(i.softdevice_sys_evt_handler_set)
    i.state_erase_data_page_entry_run        0x00021a88   Section        0  pstorage.o(i.state_erase_data_page_entry_run)
    state_erase_data_page_entry_run          0x00021a89   Thumb Code    84  pstorage.o(i.state_erase_data_page_entry_run)
    i.state_restore_head_entry_run           0x00021ae8   Section        0  pstorage.o(i.state_restore_head_entry_run)
    state_restore_head_entry_run             0x00021ae9   Thumb Code    54  pstorage.o(i.state_restore_head_entry_run)
    i.state_restore_tail_entry_run           0x00021b24   Section        0  pstorage.o(i.state_restore_tail_entry_run)
    state_restore_tail_entry_run             0x00021b25   Thumb Code    86  pstorage.o(i.state_restore_tail_entry_run)
    i.state_swap_erase_entry_run             0x00021b84   Section        0  pstorage.o(i.state_swap_erase_entry_run)
    state_swap_erase_entry_run               0x00021b85   Thumb Code   126  pstorage.o(i.state_swap_erase_entry_run)
    i.state_write_data_swap_entry_run        0x00021c10   Section        0  pstorage.o(i.state_write_data_swap_entry_run)
    state_write_data_swap_entry_run          0x00021c11   Thumb Code    60  pstorage.o(i.state_write_data_swap_entry_run)
    i.storage_operation_dummy_handler        0x00021c50   Section        0  device_manager_peripheral.o(i.storage_operation_dummy_handler)
    storage_operation_dummy_handler          0x00021c51   Thumb Code     4  device_manager_peripheral.o(i.storage_operation_dummy_handler)
    i.swap_erase_state_run                   0x00021c54   Section        0  pstorage.o(i.swap_erase_state_run)
    swap_erase_state_run                     0x00021c55   Thumb Code    34  pstorage.o(i.swap_erase_state_run)
    i.sys_evt_dispatch                       0x00021c80   Section        0  main.o(i.sys_evt_dispatch)
    sys_evt_dispatch                         0x00021c81   Thumb Code    18  main.o(i.sys_evt_dispatch)
    i.tail_restore_state_run                 0x00021c94   Section        0  pstorage.o(i.tail_restore_state_run)
    tail_restore_state_run                   0x00021c95   Thumb Code    54  pstorage.o(i.tail_restore_state_run)
    i.timer_list_handler                     0x00021cd8   Section        0  app_timer.o(i.timer_list_handler)
    timer_list_handler                       0x00021cd9   Thumb Code   822  app_timer.o(i.timer_list_handler)
    i.update_timeout_handler                 0x00022028   Section        0  ble_conn_params.o(i.update_timeout_handler)
    update_timeout_handler                   0x00022029   Thumb Code    96  ble_conn_params.o(i.update_timeout_handler)
    i.uuid_list_encode                       0x00022094   Section        0  ble_advdata.o(i.uuid_list_encode)
    uuid_list_encode                         0x00022095   Thumb Code   356  ble_advdata.o(i.uuid_list_encode)
    x$fpl$fpinit                             0x000221f8   Section       10  fpinit.o(x$fpl$fpinit)
    $v0                                      0x000221f8   Number         0  fpinit.o(x$fpl$fpinit)
    .constdata                               0x00022204   Section       36  main.o(.constdata)
    m_battery_timer_id                       0x00022204   Data           4  main.o(.constdata)
    m_heart_rate_timer_id                    0x00022208   Data           4  main.o(.constdata)
    m_rr_interval_timer_id                   0x0002220c   Data           4  main.o(.constdata)
    m_sensor_contact_timer_id                0x00022210   Data           4  main.o(.constdata)
    .constdata                               0x00022228   Section       24  bsp.o(.constdata)
    m_leds_timer_id                          0x00022228   Data           4  bsp.o(.constdata)
    m_alert_timer_id                         0x0002222c   Data           4  bsp.o(.constdata)
    m_button_timer_id                        0x00022230   Data           4  bsp.o(.constdata)
    m_buttons_list                           0x00022234   Data           4  bsp.o(.constdata)
    app_buttons                              0x00022238   Data           8  bsp.o(.constdata)
    .constdata                               0x00022240   Section        4  ble_conn_params.o(.constdata)
    m_conn_params_timer_id                   0x00022240   Data           4  ble_conn_params.o(.constdata)
    .constdata                               0x00022244   Section       52  device_manager_peripheral.o(.constdata)
    .constdata                               0x00022278   Section       40  pstorage.o(.constdata)
    swap_sub_state_sm_lut                    0x00022278   Data          20  pstorage.o(.constdata)
    swap_sub_state_sm_lut                    0x0002228c   Data          20  pstorage.o(.constdata)
    .constdata                               0x000222a0   Section        3  nrf_drv_saadc.o(.constdata)
    m_default_config                         0x000222a0   Data           3  nrf_drv_saadc.o(.constdata)
    .constdata                               0x000222a4   Section        6  nrf_drv_rtc.o(.constdata)
    m_default_config                         0x000222a4   Data           6  nrf_drv_rtc.o(.constdata)
    .constdata                               0x000222ac   Section        8  app_button.o(.constdata)
    m_detection_delay_timer_id               0x000222ac   Data           4  app_button.o(.constdata)
    .data                                    0x20002080   Section       64  main.o(.data)
    m_rr_interval_enabled                    0x20002080   Data           1  main.o(.data)
    sensor_contact_detected                  0x20002081   Data           1  main.o(.data)
    m_app_handle                             0x20002082   Data           1  main.o(.data)
    m_conn_handle                            0x20002084   Data           2  main.o(.data)
    adcSampleCount                           0x20002088   Data           4  main.o(.data)
    cnt                                      0x2000208c   Data           4  main.o(.data)
    m_buffer_pool                            0x20002090   Data           4  main.o(.data)
    m_battery_sim_state                      0x20002094   Data           8  main.o(.data)
    m_heart_rate_sim_state                   0x2000209c   Data           8  main.o(.data)
    m_rr_interval_sim_state                  0x200020a4   Data           8  main.o(.data)
    samples                                  0x200020ac   Data           8  main.o(.data)
    m_adv_uuids                              0x200020b4   Data          12  main.o(.data)
    .data                                    0x200020c0   Section       24  bsp.o(.data)
    m_stable_state                           0x200020c0   Data           1  bsp.o(.data)
    current_long_push_pin_no                 0x200020c1   Data           1  bsp.o(.data)
    release_event_at_push                    0x200020c2   Data           1  bsp.o(.data)
    m_events_list                            0x200020c3   Data           3  bsp.o(.data)
    m_app_ticks_per_100ms                    0x200020c8   Data           4  bsp.o(.data)
    m_indication_type                        0x200020cc   Data           4  bsp.o(.data)
    m_alert_mask                             0x200020d0   Data           4  bsp.o(.data)
    m_registered_callback                    0x200020d4   Data           4  bsp.o(.data)
    .data                                    0x200020d8   Section        8  bsp_btn_ble.o(.data)
    m_error_handler                          0x200020d8   Data           4  bsp_btn_ble.o(.data)
    m_num_connections                        0x200020dc   Data           4  bsp_btn_ble.o(.data)
    .data                                    0x200020e0   Section       31  ble_advertising.o(.data)
    m_advertising_start_pending              0x200020e0   Data           1  ble_advertising.o(.data)
    m_whitelist_temporarily_disabled         0x200020e1   Data           1  ble_advertising.o(.data)
    m_whitelist_reply_expected               0x200020e2   Data           1  ble_advertising.o(.data)
    m_peer_addr_reply_expected               0x200020e3   Data           1  ble_advertising.o(.data)
    m_adv_evt                                0x200020e4   Data           1  ble_advertising.o(.data)
    m_adv_mode_current                       0x200020e5   Data           1  ble_advertising.o(.data)
    m_tx_power_level                         0x200020e6   Data           1  ble_advertising.o(.data)
    current_slave_link_conn_handle           0x200020e8   Data           2  ble_advertising.o(.data)
    m_evt_handler                            0x200020ec   Data           4  ble_advertising.o(.data)
    m_error_handler                          0x200020f0   Data           4  ble_advertising.o(.data)
    m_slave_conn_int                         0x200020f4   Data           4  ble_advertising.o(.data)
    m_peer_address                           0x200020f8   Data           7  ble_advertising.o(.data)
    .data                                    0x20002100   Section       20  ble_conn_params.o(.data)
    m_change_param                           0x20002100   Data           1  ble_conn_params.o(.data)
    m_update_count                           0x20002101   Data           1  ble_conn_params.o(.data)
    m_conn_handle                            0x20002102   Data           2  ble_conn_params.o(.data)
    m_preferred_conn_params                  0x20002104   Data           8  ble_conn_params.o(.data)
    m_current_conn_params                    0x2000210c   Data           8  ble_conn_params.o(.data)
    .data                                    0x20002114   Section       74  ble_dis.o(.data)
    service_handle                           0x20002114   Data           2  ble_dis.o(.data)
    manufact_name_handles                    0x20002116   Data           8  ble_dis.o(.data)
    model_num_handles                        0x2000211e   Data           8  ble_dis.o(.data)
    serial_num_handles                       0x20002126   Data           8  ble_dis.o(.data)
    hw_rev_handles                           0x2000212e   Data           8  ble_dis.o(.data)
    fw_rev_handles                           0x20002136   Data           8  ble_dis.o(.data)
    sw_rev_handles                           0x2000213e   Data           8  ble_dis.o(.data)
    sys_id_handles                           0x20002146   Data           8  ble_dis.o(.data)
    reg_cert_data_list_handles               0x2000214e   Data           8  ble_dis.o(.data)
    pnp_id_handles                           0x20002156   Data           8  ble_dis.o(.data)
    .data                                    0x20002160   Section       24  device_manager_peripheral.o(.data)
    m_module_initialized                     0x20002160   Data           1  device_manager_peripheral.o(.data)
    m_peer_addr_update                       0x20002164   Data           4  device_manager_peripheral.o(.data)
    m_irk_index_table                        0x20002168   Data           7  device_manager_peripheral.o(.data)
    m_storage_handle                         0x20002170   Data           8  device_manager_peripheral.o(.data)
    .data                                    0x20002178   Section       36  pstorage.o(.data)
    m_state                                  0x20002178   Data           1  pstorage.o(.data)
    m_swap_sub_state                         0x20002179   Data           1  pstorage.o(.data)
    m_next_app_instance                      0x2000217a   Data           2  pstorage.o(.data)
    m_flags                                  0x2000217c   Data           4  pstorage.o(.data)
    m_next_page_addr                         0x20002180   Data           4  pstorage.o(.data)
    m_head_word_size                         0x20002184   Data           4  pstorage.o(.data)
    m_tail_word_size                         0x20002188   Data           4  pstorage.o(.data)
    m_current_page_id                        0x2000218c   Data           4  pstorage.o(.data)
    m_num_of_command_retries                 0x20002190   Data           4  pstorage.o(.data)
    m_num_of_bytes_written                   0x20002194   Data           4  pstorage.o(.data)
    m_app_data_size                          0x20002198   Data           4  pstorage.o(.data)
    .data                                    0x2000219c   Section        8  nrf_drv_ppi.o(.data)
    m_drv_state                              0x2000219c   Data           1  nrf_drv_ppi.o(.data)
    m_groups_allocated                       0x2000219d   Data           1  nrf_drv_ppi.o(.data)
    m_channels_allocated                     0x200021a0   Data           4  nrf_drv_ppi.o(.data)
    .data                                    0x200021a4   Section        8  nrf_drv_rtc.o(.data)
    m_cb                                     0x200021a4   Data           3  nrf_drv_rtc.o(.data)
    m_handlers                               0x200021a8   Data           4  nrf_drv_rtc.o(.data)
    .data                                    0x200021ac   Section       20  app_button.o(.data)
    m_button_count                           0x200021ac   Data           1  app_button.o(.data)
    mp_buttons                               0x200021b0   Data           4  app_button.o(.data)
    m_detection_delay                        0x200021b4   Data           4  app_button.o(.data)
    m_pin_state                              0x200021b8   Data           4  app_button.o(.data)
    m_pin_transition                         0x200021bc   Data           4  app_button.o(.data)
    .data                                    0x200021c0   Section       32  app_timer.o(.data)
    m_user_array_size                        0x200021c0   Data           1  app_timer.o(.data)
    m_ticks_elapsed_q_read_ind               0x200021c1   Data           1  app_timer.o(.data)
    m_ticks_elapsed_q_write_ind              0x200021c2   Data           1  app_timer.o(.data)
    m_rtc1_running                           0x200021c3   Data           1  app_timer.o(.data)
    m_rtc1_reset                             0x200021c4   Data           1  app_timer.o(.data)
    mp_users                                 0x200021c8   Data           4  app_timer.o(.data)
    mp_timer_id_head                         0x200021cc   Data           4  app_timer.o(.data)
    m_ticks_latest                           0x200021d0   Data           4  app_timer.o(.data)
    m_evt_schedule_func                      0x200021d4   Data           4  app_timer.o(.data)
    m_ticks_elapsed                          0x200021d8   Data           8  app_timer.o(.data)
    .data                                    0x200021e0   Section       20  softdevice_handler.o(.data)
    m_softdevice_enabled                     0x200021e0   Data           1  softdevice_handler.o(.data)
    m_ble_evt_buffer_size                    0x200021e2   Data           2  softdevice_handler.o(.data)
    m_evt_schedule_func                      0x200021e4   Data           4  softdevice_handler.o(.data)
    mp_ble_evt_buffer                        0x200021e8   Data           4  softdevice_handler.o(.data)
    m_ble_evt_handler                        0x200021ec   Data           4  softdevice_handler.o(.data)
    m_sys_evt_handler                        0x200021f0   Data           4  softdevice_handler.o(.data)
    .data                                    0x200021f4   Section        4  system_nrf52.o(.data)
    __tagsym$$used                           0x200021f4   Number         0  system_nrf52.o(.data)
    .bss                                     0x200021f8   Section       32  main.o(.bss)
    m_battery_timer_id_data                  0x200021f8   Data          32  main.o(.bss)
    .bss                                     0x20002218   Section       32  main.o(.bss)
    m_heart_rate_timer_id_data               0x20002218   Data          32  main.o(.bss)
    .bss                                     0x20002238   Section       32  main.o(.bss)
    m_rr_interval_timer_id_data              0x20002238   Data          32  main.o(.bss)
    .bss                                     0x20002258   Section       32  main.o(.bss)
    m_sensor_contact_timer_id_data           0x20002258   Data          32  main.o(.bss)
    .bss                                     0x20002278   Section      680  main.o(.bss)
    APP_TIMER_BUF                            0x20002278   Data         456  main.o(.bss)
    BLE_EVT_BUFFER                           0x20002440   Data          72  main.o(.bss)
    m_bas                                    0x20002488   Data          24  main.o(.bss)
    m_hrs                                    0x200024a0   Data          80  main.o(.bss)
    m_battery_sim_cfg                        0x200024f0   Data          16  main.o(.bss)
    m_heart_rate_sim_cfg                     0x20002500   Data          16  main.o(.bss)
    m_rr_interval_sim_cfg                    0x20002510   Data          16  main.o(.bss)
    .bss                                     0x20002520   Section       32  bsp.o(.bss)
    m_leds_timer_id_data                     0x20002520   Data          32  bsp.o(.bss)
    .bss                                     0x20002540   Section       32  bsp.o(.bss)
    m_alert_timer_id_data                    0x20002540   Data          32  bsp.o(.bss)
    .bss                                     0x20002560   Section       32  bsp.o(.bss)
    m_button_timer_id_data                   0x20002560   Data          32  bsp.o(.bss)
    .bss                                     0x20002580   Section      259  ble_advertising.o(.bss)
    m_advdata                                0x20002580   Data          56  ble_advertising.o(.bss)
    m_adv_modes_config                       0x200025b8   Data          36  ble_advertising.o(.bss)
    m_whitelist                              0x200025dc   Data          16  ble_advertising.o(.bss)
    mp_whitelist_addr                        0x200025ec   Data          32  ble_advertising.o(.bss)
    mp_whitelist_irk                         0x2000260c   Data          32  ble_advertising.o(.bss)
    m_manuf_specific_data                    0x2000262c   Data          12  ble_advertising.o(.bss)
    m_manuf_data_array                       0x20002638   Data          31  ble_advertising.o(.bss)
    m_service_data                           0x20002658   Data          12  ble_advertising.o(.bss)
    m_service_data_array                     0x20002664   Data          31  ble_advertising.o(.bss)
    .bss                                     0x20002684   Section       32  ble_conn_params.o(.bss)
    m_conn_params_timer_id_data              0x20002684   Data          32  ble_conn_params.o(.bss)
    .bss                                     0x200026a4   Section       28  ble_conn_params.o(.bss)
    m_conn_params_config                     0x200026a4   Data          28  ble_conn_params.o(.bss)
    .bss                                     0x200026c0   Section      335  device_manager_peripheral.o(.bss)
    m_app_context_table                      0x200026c0   Data          28  device_manager_peripheral.o(.bss)
    m_peer_table                             0x200026dc   Data         196  device_manager_peripheral.o(.bss)
    m_bond_table                             0x200027a0   Data          28  device_manager_peripheral.o(.bss)
    m_gatts_table                            0x200027bc   Data          36  device_manager_peripheral.o(.bss)
    m_connection_table                       0x200027e0   Data          12  device_manager_peripheral.o(.bss)
    m_application_table                      0x200027ec   Data          12  device_manager_peripheral.o(.bss)
    m_local_id_info                          0x200027f8   Data          23  device_manager_peripheral.o(.bss)
    .bss                                     0x20002810   Section       88  nrf_drv_gpiote.o(.bss)
    m_cb                                     0x20002810   Data          88  nrf_drv_gpiote.o(.bss)
    .bss                                     0x20002868   Section       32  nrf_drv_uart.o(.bss)
    m_cb                                     0x20002868   Data          32  nrf_drv_uart.o(.bss)
    .bss                                     0x20002888   Section      628  pstorage.o(.bss)
    m_cmd_queue                              0x20002888   Data         604  pstorage.o(.bss)
    m_app_table                              0x20002ae4   Data          24  pstorage.o(.bss)
    .bss                                     0x20002afc   Section       44  nrf_drv_saadc.o(.bss)
    m_cb                                     0x20002afc   Data          44  nrf_drv_saadc.o(.bss)
    .bss                                     0x20002b28   Section       12  nrf_drv_timer.o(.bss)
    m_cb                                     0x20002b28   Data          12  nrf_drv_timer.o(.bss)
    .bss                                     0x20002b34   Section       32  app_button.o(.bss)
    m_detection_delay_timer_id_data          0x20002b34   Data          32  app_button.o(.bss)
    .bss                                     0x20002b54   Section       88  fstorage.o(.bss)
    m_queue                                  0x20002b54   Data          88  fstorage.o(.bss)
    .bss                                     0x20002bac   Section       12  softdevice_handler.o(.bss)
    .bss                                     0x20002bb8   Section       96  libspace.o(.bss)
    HEAP                                     0x20002c18   Section     8192  arm_startup_nrf52.o(HEAP)
    Heap_Mem                                 0x20002c18   Data        8192  arm_startup_nrf52.o(HEAP)
    STACK                                    0x20004c18   Section     8192  arm_startup_nrf52.o(STACK)
    Stack_Mem                                0x20004c18   Data        8192  arm_startup_nrf52.o(STACK)
    __initial_sp                             0x20006c18   Data           0  arm_startup_nrf52.o(STACK)

    Global Symbols

    Symbol Name                              Value     Ov Type        Size  Object(Section)

    BuildAttributes$$THM_ISAv4$E$P$D$K$B$S$7EM$VFPi3$EXTD16$VFPS$VFMA$PE$A:L22UL41UL21$X:L11$S22US41US21$IEEE1$IW$USESV6$~STKCKD$USESV7$~SHL$OTIME$ROPI$EBA8$UX$STANDARDLIB$REQ8$PRES8$EABIv2 0x00000000   Number         0  anon$$obj.o ABSOLUTE
    __ARM_use_no_argv                        0x00000000   Number         0  main.o ABSOLUTE
    __ARM_exceptions_init                     - Undefined Weak Reference
    __alloca_initialize                       - Undefined Weak Reference
    __arm_preinit_                            - Undefined Weak Reference
    __cpp_initialize__aeabi_                  - Undefined Weak Reference
    __cxa_finalize                            - Undefined Weak Reference
    __rt_locale                               - Undefined Weak Reference
    __sigvec_lookup                           - Undefined Weak Reference
    _atexit_init                              - Undefined Weak Reference
    _call_atexit_fns                          - Undefined Weak Reference
    _clock_init                               - Undefined Weak Reference
    _fp_trap_init                             - Undefined Weak Reference
    _fp_trap_shutdown                         - Undefined Weak Reference
    _get_lc_collate                           - Undefined Weak Reference
    _get_lc_ctype                             - Undefined Weak Reference
    _get_lc_monetary                          - Undefined Weak Reference
    _get_lc_numeric                           - Undefined Weak Reference
    _get_lc_time                              - Undefined Weak Reference
    _getenv_init                              - Undefined Weak Reference
    _handle_redirection                       - Undefined Weak Reference
    _init_alloc                               - Undefined Weak Reference
    _init_user_alloc                          - Undefined Weak Reference
    _initio                                   - Undefined Weak Reference
    _rand_init                                - Undefined Weak Reference
    _signal_finish                            - Undefined Weak Reference
    _signal_init                              - Undefined Weak Reference
    _terminate_alloc                          - Undefined Weak Reference
    _terminate_user_alloc                     - Undefined Weak Reference
    _terminateio                              - Undefined Weak Reference
    fs_data$$Base                             - Undefined Reference
    fs_data$$Limit                            - Undefined Reference
    __Vectors_Size                           0x00000400   Number         0  arm_startup_nrf52.o ABSOLUTE
    __Vectors                                0x0001c000   Data           4  arm_startup_nrf52.o(RESET)
    __Vectors_End                            0x0001c400   Data           0  arm_startup_nrf52.o(RESET)
    __main                                   0x0001c401   Thumb Code     8  __main.o(!!!main)
    __scatterload                            0x0001c409   Thumb Code     0  __scatter.o(!!!scatter)
    __scatterload_rt2                        0x0001c409   Thumb Code    44  __scatter.o(!!!scatter)
    __scatterload_rt2_thumb_only             0x0001c409   Thumb Code     0  __scatter.o(!!!scatter)
    __scatterload_null                       0x0001c417   Thumb Code     0  __scatter.o(!!!scatter)
    __decompress                             0x0001c43d   Thumb Code    58  __dczerorl.o(!!dczerorl)
    __decompress0                            0x0001c43d   Thumb Code     0  __dczerorl.o(!!dczerorl)
    __scatterload_zeroinit                   0x0001c479   Thumb Code    28  __scatter_zi.o(!!handler_zi)
    __rt_lib_init                            0x0001c495   Thumb Code     0  libinit.o(.ARM.Collect$$libinit$$00000000)
    __rt_lib_init_fp_1                       0x0001c497   Thumb Code     0  libinit2.o(.ARM.Collect$$libinit$$00000001)
    __rt_lib_init_alloca_1                   0x0001c49b   Thumb Code     0  libinit2.o(.ARM.Collect$$libinit$$0000002E)
    __rt_lib_init_argv_1                     0x0001c49b   Thumb Code     0  libinit2.o(.ARM.Collect$$libinit$$0000002C)
    __rt_lib_init_atexit_1                   0x0001c49b   Thumb Code     0  libinit2.o(.ARM.Collect$$libinit$$0000001B)
    __rt_lib_init_clock_1                    0x0001c49b   Thumb Code     0  libinit2.o(.ARM.Collect$$libinit$$00000021)
    __rt_lib_init_cpp_1                      0x0001c49b   Thumb Code     0  libinit2.o(.ARM.Collect$$libinit$$00000032)
    __rt_lib_init_exceptions_1               0x0001c49b   Thumb Code     0  libinit2.o(.ARM.Collect$$libinit$$00000030)
    __rt_lib_init_fp_trap_1                  0x0001c49b   Thumb Code     0  libinit2.o(.ARM.Collect$$libinit$$0000001F)
    __rt_lib_init_getenv_1                   0x0001c49b   Thumb Code     0  libinit2.o(.ARM.Collect$$libinit$$00000023)
    __rt_lib_init_heap_1                     0x0001c49b   Thumb Code     0  libinit2.o(.ARM.Collect$$libinit$$0000000A)
    __rt_lib_init_lc_collate_1               0x0001c49b   Thumb Code     0  libinit2.o(.ARM.Collect$$libinit$$00000011)
    __rt_lib_init_lc_ctype_1                 0x0001c49b   Thumb Code     0  libinit2.o(.ARM.Collect$$libinit$$00000013)
    __rt_lib_init_lc_monetary_1              0x0001c49b   Thumb Code     0  libinit2.o(.ARM.Collect$$libinit$$00000015)
    __rt_lib_init_lc_numeric_1               0x0001c49b   Thumb Code     0  libinit2.o(.ARM.Collect$$libinit$$00000017)
    __rt_lib_init_lc_time_1                  0x0001c49b   Thumb Code     0  libinit2.o(.ARM.Collect$$libinit$$00000019)
    __rt_lib_init_preinit_1                  0x0001c49b   Thumb Code     0  libinit2.o(.ARM.Collect$$libinit$$00000004)
    __rt_lib_init_rand_1                     0x0001c49b   Thumb Code     0  libinit2.o(.ARM.Collect$$libinit$$0000000E)
    __rt_lib_init_return                     0x0001c49b   Thumb Code     0  libinit2.o(.ARM.Collect$$libinit$$00000033)
    __rt_lib_init_signal_1                   0x0001c49b   Thumb Code     0  libinit2.o(.ARM.Collect$$libinit$$0000001D)
    __rt_lib_init_stdio_1                    0x0001c49b   Thumb Code     0  libinit2.o(.ARM.Collect$$libinit$$00000025)
    __rt_lib_init_user_alloc_1               0x0001c49b   Thumb Code     0  libinit2.o(.ARM.Collect$$libinit$$0000000C)
    __rt_lib_shutdown                        0x0001c49d   Thumb Code     0  libshutdown.o(.ARM.Collect$$libshutdown$$00000000)
    __rt_lib_shutdown_cpp_1                  0x0001c49f   Thumb Code     0  libshutdown2.o(.ARM.Collect$$libshutdown$$00000002)
    __rt_lib_shutdown_fp_trap_1              0x0001c49f   Thumb Code     0  libshutdown2.o(.ARM.Collect$$libshutdown$$00000007)
    __rt_lib_shutdown_heap_1                 0x0001c49f   Thumb Code     0  libshutdown2.o(.ARM.Collect$$libshutdown$$0000000F)
    __rt_lib_shutdown_return                 0x0001c49f   Thumb Code     0  libshutdown2.o(.ARM.Collect$$libshutdown$$00000010)
    __rt_lib_shutdown_signal_1               0x0001c49f   Thumb Code     0  libshutdown2.o(.ARM.Collect$$libshutdown$$0000000A)
    __rt_lib_shutdown_stdio_1                0x0001c49f   Thumb Code     0  libshutdown2.o(.ARM.Collect$$libshutdown$$00000004)
    __rt_lib_shutdown_user_alloc_1           0x0001c49f   Thumb Code     0  libshutdown2.o(.ARM.Collect$$libshutdown$$0000000C)
    __rt_entry                               0x0001c4a1   Thumb Code     0  __rtentry.o(.ARM.Collect$$rtentry$$00000000)
    __rt_entry_presh_1                       0x0001c4a1   Thumb Code     0  __rtentry2.o(.ARM.Collect$$rtentry$$00000002)
    __rt_entry_sh                            0x0001c4a1   Thumb Code     0  __rtentry4.o(.ARM.Collect$$rtentry$$00000004)
    __rt_entry_li                            0x0001c4a7   Thumb Code     0  __rtentry2.o(.ARM.Collect$$rtentry$$0000000A)
    __rt_entry_postsh_1                      0x0001c4a7   Thumb Code     0  __rtentry2.o(.ARM.Collect$$rtentry$$00000009)
    __rt_entry_main                          0x0001c4ab   Thumb Code     0  __rtentry2.o(.ARM.Collect$$rtentry$$0000000D)
    __rt_entry_postli_1                      0x0001c4ab   Thumb Code     0  __rtentry2.o(.ARM.Collect$$rtentry$$0000000C)
    __rt_exit                                0x0001c4b3   Thumb Code     0  rtexit.o(.ARM.Collect$$rtexit$$00000000)
    __rt_exit_ls                             0x0001c4b5   Thumb Code     0  rtexit2.o(.ARM.Collect$$rtexit$$00000003)
    __rt_exit_prels_1                        0x0001c4b5   Thumb Code     0  rtexit2.o(.ARM.Collect$$rtexit$$00000002)
    __rt_exit_exit                           0x0001c4b9   Thumb Code     0  rtexit2.o(.ARM.Collect$$rtexit$$00000004)
    __asm___11_app_timer_c_cd27f9c3__nrf_delay_us 0x0001c4c1   Thumb Code   118  app_timer.o(.emb_text)
    Reset_Handler                            0x0001c539   Thumb Code     8  arm_startup_nrf52.o(.text)
    NMI_Handler                              0x0001c541   Thumb Code     2  arm_startup_nrf52.o(.text)
    HardFault_Handler                        0x0001c543   Thumb Code     2  arm_startup_nrf52.o(.text)
    MemoryManagement_Handler                 0x0001c545   Thumb Code     2  arm_startup_nrf52.o(.text)
    BusFault_Handler                         0x0001c547   Thumb Code     2  arm_startup_nrf52.o(.text)
    UsageFault_Handler                       0x0001c549   Thumb Code     2  arm_startup_nrf52.o(.text)
    SVC_Handler                              0x0001c54b   Thumb Code     2  arm_startup_nrf52.o(.text)
    DebugMonitor_Handler                     0x0001c54d   Thumb Code     2  arm_startup_nrf52.o(.text)
    PendSV_Handler                           0x0001c54f   Thumb Code     2  arm_startup_nrf52.o(.text)
    SysTick_Handler                          0x0001c551   Thumb Code     2  arm_startup_nrf52.o(.text)
    CCM_AAR_IRQHandler                       0x0001c553   Thumb Code     0  arm_startup_nrf52.o(.text)
    COMP_LPCOMP_IRQHandler                   0x0001c553   Thumb Code     0  arm_startup_nrf52.o(.text)
    ECB_IRQHandler                           0x0001c553   Thumb Code     0  arm_startup_nrf52.o(.text)
    FPU_IRQHandler                           0x0001c553   Thumb Code     0  arm_startup_nrf52.o(.text)
    I2S_IRQHandler                           0x0001c553   Thumb Code     0  arm_startup_nrf52.o(.text)
    MWU_IRQHandler                           0x0001c553   Thumb Code     0  arm_startup_nrf52.o(.text)
    NFCT_IRQHandler                          0x0001c553   Thumb Code     0  arm_startup_nrf52.o(.text)
    PDM_IRQHandler                           0x0001c553   Thumb Code     0  arm_startup_nrf52.o(.text)
    POWER_CLOCK_IRQHandler                   0x0001c553   Thumb Code     0  arm_startup_nrf52.o(.text)
    PWM0_IRQHandler                          0x0001c553   Thumb Code     0  arm_startup_nrf52.o(.text)
    PWM1_IRQHandler                          0x0001c553   Thumb Code     0  arm_startup_nrf52.o(.text)
    PWM2_IRQHandler                          0x0001c553   Thumb Code     0  arm_startup_nrf52.o(.text)
    QDEC_IRQHandler                          0x0001c553   Thumb Code     0  arm_startup_nrf52.o(.text)
    RADIO_IRQHandler                         0x0001c553   Thumb Code     0  arm_startup_nrf52.o(.text)
    RNG_IRQHandler                           0x0001c553   Thumb Code     0  arm_startup_nrf52.o(.text)
    RTC0_IRQHandler                          0x0001c553   Thumb Code     0  arm_startup_nrf52.o(.text)
    SPIM0_SPIS0_TWIM0_TWIS0_SPI0_TWI0_IRQHandler 0x0001c553   Thumb Code     0  arm_startup_nrf52.o(.text)
    SPIM1_SPIS1_TWIM1_TWIS1_SPI1_TWI1_IRQHandler 0x0001c553   Thumb Code     0  arm_startup_nrf52.o(.text)
    SPIM2_SPIS2_SPI2_IRQHandler              0x0001c553   Thumb Code     0  arm_startup_nrf52.o(.text)
    SWI1_EGU1_IRQHandler                     0x0001c553   Thumb Code     0  arm_startup_nrf52.o(.text)
    SWI3_EGU3_IRQHandler                     0x0001c553   Thumb Code     0  arm_startup_nrf52.o(.text)
    SWI4_EGU4_IRQHandler                     0x0001c553   Thumb Code     0  arm_startup_nrf52.o(.text)
    SWI5_EGU5_IRQHandler                     0x0001c553   Thumb Code     0  arm_startup_nrf52.o(.text)
    TEMP_IRQHandler                          0x0001c553   Thumb Code     0  arm_startup_nrf52.o(.text)
    TIMER0_IRQHandler                        0x0001c553   Thumb Code     0  arm_startup_nrf52.o(.text)
    TIMER1_IRQHandler                        0x0001c553   Thumb Code     0  arm_startup_nrf52.o(.text)
    TIMER2_IRQHandler                        0x0001c553   Thumb Code     0  arm_startup_nrf52.o(.text)
    TIMER4_IRQHandler                        0x0001c553   Thumb Code     0  arm_startup_nrf52.o(.text)
    WDT_IRQHandler                           0x0001c553   Thumb Code     0  arm_startup_nrf52.o(.text)
    __user_initial_stackheap                 0x0001c555   Thumb Code    10  arm_startup_nrf52.o(.text)
    memcmp                                   0x0001c579   Thumb Code    88  memcmp.o(.text)
    strlen                                   0x0001c5d1   Thumb Code    62  strlen.o(.text)
    __aeabi_memcpy                           0x0001c60f   Thumb Code     0  rt_memcpy_v6.o(.text)
    __rt_memcpy                              0x0001c60f   Thumb Code   138  rt_memcpy_v6.o(.text)
    _memcpy_lastbytes                        0x0001c675   Thumb Code     0  rt_memcpy_v6.o(.text)
    __aeabi_memmove                          0x0001c699   Thumb Code     0  rt_memmove_v6.o(.text)
    __rt_memmove                             0x0001c699   Thumb Code   132  rt_memmove_v6.o(.text)
    __memmove_lastfew                        0x0001c6f9   Thumb Code     0  rt_memmove_v6.o(.text)
    __aeabi_memcpy4                          0x0001c71d   Thumb Code     0  rt_memcpy_w.o(.text)
    __aeabi_memcpy8                          0x0001c71d   Thumb Code     0  rt_memcpy_w.o(.text)
    __rt_memcpy_w                            0x0001c71d   Thumb Code   100  rt_memcpy_w.o(.text)
    _memcpy_lastbytes_aligned                0x0001c765   Thumb Code     0  rt_memcpy_w.o(.text)
    __aeabi_memset                           0x0001c781   Thumb Code    16  aeabi_memset.o(.text)
    __aeabi_memclr4                          0x0001c791   Thumb Code     0  rt_memclr_w.o(.text)
    __aeabi_memclr8                          0x0001c791   Thumb Code     0  rt_memclr_w.o(.text)
    __rt_memclr_w                            0x0001c791   Thumb Code    78  rt_memclr_w.o(.text)
    _memset_w                                0x0001c795   Thumb Code     0  rt_memclr_w.o(.text)
    __use_two_region_memory                  0x0001c7df   Thumb Code     2  heapauxi.o(.text)
    __rt_heap_escrow$2region                 0x0001c7e1   Thumb Code     2  heapauxi.o(.text)
    __rt_heap_expand$2region                 0x0001c7e3   Thumb Code     2  heapauxi.o(.text)
    __aeabi_memmove4                         0x0001c7e5   Thumb Code     0  rt_memmove_w.o(.text)
    __aeabi_memmove8                         0x0001c7e5   Thumb Code     0  rt_memmove_w.o(.text)
    __rt_memmove_w                           0x0001c7e5   Thumb Code   122  rt_memmove_w.o(.text)
    __memmove_aligned                        0x0001c80b   Thumb Code     0  rt_memmove_w.o(.text)
    __memmove_lastfew_aligned                0x0001c843   Thumb Code     0  rt_memmove_w.o(.text)
    __aeabi_memclr                           0x0001c85f   Thumb Code     0  rt_memclr.o(.text)
    __rt_memclr                              0x0001c85f   Thumb Code    68  rt_memclr.o(.text)
    _memset                                  0x0001c863   Thumb Code     0  rt_memclr.o(.text)
    __user_setup_stackheap                   0x0001c8a3   Thumb Code    74  sys_stackheap_outer.o(.text)
    exit                                     0x0001c8ed   Thumb Code    18  exit.o(.text)
    __user_libspace                          0x0001c901   Thumb Code     8  libspace.o(.text)
    __user_perproc_libspace                  0x0001c901   Thumb Code     0  libspace.o(.text)
    __user_perthread_libspace                0x0001c901   Thumb Code     0  libspace.o(.text)
    _sys_exit                                0x0001c909   Thumb Code     8  sys_exit.o(.text)
    __I$use$semihosting                      0x0001c915   Thumb Code     0  use_no_semi.o(.text)
    __use_no_semihosting_swi                 0x0001c915   Thumb Code     2  use_no_semi.o(.text)
    __semihosting_library_function           0x0001c917   Thumb Code     0  indicate_semi.o(.text)
    GPIOTE_IRQHandler                        0x0001c919   Thumb Code   368  nrf_drv_gpiote.o(i.GPIOTE_IRQHandler)
    RTC1_IRQHandler                          0x0001ca99   Thumb Code   158  app_timer.o(i.RTC1_IRQHandler)
    RTC2_IRQHandler                          0x0001cb49   Thumb Code   166  nrf_drv_rtc.o(i.RTC2_IRQHandler)
    SAADC_IRQHandler                         0x0001cbf9   Thumb Code   178  nrf_drv_saadc.o(i.SAADC_IRQHandler)
    SWI0_EGU0_IRQHandler                     0x0001ccb9   Thumb Code     4  app_timer.o(i.SWI0_EGU0_IRQHandler)
    SWI2_EGU2_IRQHandler                     0x0001ccbd   Thumb Code   126  softdevice_handler.o(i.SWI2_EGU2_IRQHandler)
    SystemInit                               0x0001cd41   Thumb Code   570  system_nrf52.o(i.SystemInit)
    TIMER3_IRQHandler                        0x0001d011   Thumb Code    68  nrf_drv_timer.o(i.TIMER3_IRQHandler)
    UARTE0_UART0_IRQHandler                  0x0001d05d   Thumb Code   610  nrf_drv_uart.o(i.UARTE0_UART0_IRQHandler)
    __ARM_common_memclr4_5                   0x0001d2cd   Thumb Code     8  main.o(i.__ARM_common_memclr4_5)
    __ARM_common_memclr4_6                   0x0001d2d5   Thumb Code     8  device_manager_peripheral.o(i.__ARM_common_memclr4_6)
    __ARM_common_memclr4_7                   0x0001d2dd   Thumb Code    10  ble_advertising.o(i.__ARM_common_memclr4_7)
    __ARM_common_memcpy4_5                   0x0001d2e7   Thumb Code    10  device_manager_peripheral.o(i.__ARM_common_memcpy4_5)
    adv_data_encode                          0x0001d2f1   Thumb Code  1174  ble_advdata.o(i.adv_data_encode)
    app_button_enable                        0x0001d7a9   Thumb Code    36  app_button.o(i.app_button_enable)
    app_button_init                          0x0001d7d1   Thumb Code   106  app_button.o(i.app_button_init)
    app_error_fault_handler                  0x0001d84d   Thumb Code    26  app_error_weak.o(i.app_error_fault_handler)
    app_error_handler_bare                   0x0001d871   Thumb Code    26  app_error.o(i.app_error_handler_bare)
    app_timer_create                         0x0001d88d   Thumb Code    38  app_timer.o(i.app_timer_create)
    app_timer_init                           0x0001d8b9   Thumb Code   198  app_timer.o(i.app_timer_init)
    app_timer_start                          0x0001d995   Thumb Code   190  app_timer.o(i.app_timer_start)
    app_timer_stop                           0x0001da5d   Thumb Code   156  app_timer.o(i.app_timer_stop)
    ble_advdata_set                          0x0001db3d   Thumb Code   120  ble_advdata.o(i.ble_advdata_set)
    ble_advertising_init                     0x0001dbb5   Thumb Code   362  ble_advertising.o(i.ble_advertising_init)
    ble_advertising_on_ble_evt               0x0001dd39   Thumb Code   174  ble_advertising.o(i.ble_advertising_on_ble_evt)
    ble_advertising_on_sys_evt               0x0001dded   Thumb Code    46  ble_advertising.o(i.ble_advertising_on_sys_evt)
    ble_advertising_restart_without_whitelist 0x0001de21   Thumb Code    74  ble_advertising.o(i.ble_advertising_restart_without_whitelist)
    ble_advertising_start                    0x0001de79   Thumb Code   558  ble_advertising.o(i.ble_advertising_start)
    ble_bas_battery_level_update             0x0001e0b9   Thumb Code   144  ble_bas.o(i.ble_bas_battery_level_update)
    ble_bas_init                             0x0001e149   Thumb Code   394  ble_bas.o(i.ble_bas_init)
    ble_bas_on_ble_evt                       0x0001e2d3   Thumb Code    94  ble_bas.o(i.ble_bas_on_ble_evt)
    ble_conn_params_init                     0x0001e331   Thumb Code    72  ble_conn_params.o(i.ble_conn_params_init)
    ble_conn_params_on_ble_evt               0x0001e38d   Thumb Code   162  ble_conn_params.o(i.ble_conn_params_on_ble_evt)
    ble_dis_init                             0x0001e43d   Thumb Code   418  ble_dis.o(i.ble_dis_init)
    ble_hrs_heart_rate_measurement_send      0x0001e669   Thumb Code    98  ble_hrs.o(i.ble_hrs_heart_rate_measurement_send)
    ble_hrs_init                             0x0001e6cb   Thumb Code   392  ble_hrs.o(i.ble_hrs_init)
    ble_hrs_on_ble_evt                       0x0001e853   Thumb Code    78  ble_hrs.o(i.ble_hrs_on_ble_evt)
    ble_hrs_rr_interval_add                  0x0001e8a1   Thumb Code    54  ble_hrs.o(i.ble_hrs_rr_interval_add)
    ble_hrs_sensor_contact_detected_update   0x0001e8d7   Thumb Code     6  ble_hrs.o(i.ble_hrs_sensor_contact_detected_update)
    ble_srv_ascii_to_utf8                    0x0001e8dd   Thumb Code    18  ble_srv_common.o(i.ble_srv_ascii_to_utf8)
    ble_srv_report_ref_encode                0x0001e8ef   Thumb Code    12  ble_srv_common.o(i.ble_srv_report_ref_encode)
    bsp_btn_ble_init                         0x0001e8fd   Thumb Code   156  bsp_btn_ble.o(i.bsp_btn_ble_init)
    bsp_btn_ble_on_ble_evt                   0x0001e99d   Thumb Code   186  bsp_btn_ble.o(i.bsp_btn_ble_on_ble_evt)
    bsp_btn_ble_sleep_mode_prepare           0x0001ea5d   Thumb Code    18  bsp_btn_ble.o(i.bsp_btn_ble_sleep_mode_prepare)
    bsp_button_is_pressed                    0x0001eafd   Thumb Code    40  bsp.o(i.bsp_button_is_pressed)
    bsp_event_handler                        0x0001eb2d   Thumb Code    90  main.o(i.bsp_event_handler)
    bsp_event_to_button_action_assign        0x0001eb8d   Thumb Code    52  bsp.o(i.bsp_event_to_button_action_assign)
    bsp_indication_set                       0x0001ebc5   Thumb Code    22  bsp.o(i.bsp_indication_set)
    bsp_init                                 0x0001ebe1   Thumb Code   138  bsp.o(i.bsp_init)
    bsp_wakeup_buttons_set                   0x0001efdd   Thumb Code    26  bsp.o(i.bsp_wakeup_buttons_set)
    dm_ble_evt_handler                       0x0001f63d   Thumb Code  1300  device_manager_peripheral.o(i.dm_ble_evt_handler)
    dm_init                                  0x0001fb59   Thumb Code   300  device_manager_peripheral.o(i.dm_init)
    dm_register                              0x0001fe81   Thumb Code    96  device_manager_peripheral.o(i.dm_register)
    fs_queued_op_count_get                   0x00020051   Thumb Code    18  fstorage.o(i.fs_queued_op_count_get)
    main                                     0x000206c5   Thumb Code  1288  main.o(i.main)
    nrf_drv_common_irq_enable                0x00020bd9   Thumb Code    56  nrf_drv_common.o(i.nrf_drv_common_irq_enable)
    nrf_drv_gpiote_in_event_enable           0x00020c11   Thumb Code   184  nrf_drv_gpiote.o(i.nrf_drv_gpiote_in_event_enable)
    nrf_drv_gpiote_in_init                   0x00020cd5   Thumb Code   222  nrf_drv_gpiote.o(i.nrf_drv_gpiote_in_init)
    nrf_drv_gpiote_in_is_set                 0x00020db9   Thumb Code    14  nrf_drv_gpiote.o(i.nrf_drv_gpiote_in_is_set)
    nrf_drv_gpiote_init                      0x00020dcd   Thumb Code    86  nrf_drv_gpiote.o(i.nrf_drv_gpiote_init)
    nrf_drv_gpiote_is_init                   0x00020e2d   Thumb Code    14  nrf_drv_gpiote.o(i.nrf_drv_gpiote_is_init)
    nrf_drv_ppi_init                         0x00020e41   Thumb Code    20  nrf_drv_ppi.o(i.nrf_drv_ppi_init)
    nrf_drv_rtc_enable                       0x00020e59   Thumb Code    20  nrf_drv_rtc.o(i.nrf_drv_rtc_enable)
    nrf_drv_rtc_init                         0x00020e71   Thumb Code   110  nrf_drv_rtc.o(i.nrf_drv_rtc_init)
    nrf_drv_rtc_tick_enable                  0x00020eed   Thumb Code    40  nrf_drv_rtc.o(i.nrf_drv_rtc_tick_enable)
    nrf_drv_saadc_buffer_convert             0x00020f15   Thumb Code   112  nrf_drv_saadc.o(i.nrf_drv_saadc_buffer_convert)
    nrf_drv_saadc_channel_init               0x00020f91   Thumb Code    80  nrf_drv_saadc.o(i.nrf_drv_saadc_channel_init)
    nrf_drv_saadc_init                       0x00020fe5   Thumb Code   100  nrf_drv_saadc.o(i.nrf_drv_saadc_init)
    nrf_drv_saadc_sample                     0x0002105d   Thumb Code    24  nrf_drv_saadc.o(i.nrf_drv_saadc_sample)
    nrf_drv_saadc_uninit                     0x0002107d   Thumb Code   212  nrf_drv_saadc.o(i.nrf_drv_saadc_uninit)
    nrf_saadc_channel_init                   0x00021161   Thumb Code    94  nrf_saadc.o(i.nrf_saadc_channel_init)
    pstorage_access_status_get               0x0002121d   Thumb Code    32  pstorage.o(i.pstorage_access_status_get)
    pstorage_block_identifier_get            0x00021245   Thumb Code    90  pstorage.o(i.pstorage_block_identifier_get)
    pstorage_clear                           0x000212a9   Thumb Code   138  pstorage.o(i.pstorage_clear)
    pstorage_init                            0x0002133d   Thumb Code   122  pstorage.o(i.pstorage_init)
    pstorage_load                            0x000213c5   Thumb Code   142  pstorage.o(i.pstorage_load)
    pstorage_register                        0x0002145d   Thumb Code   212  pstorage.o(i.pstorage_register)
    pstorage_store                           0x00021539   Thumb Code   128  pstorage.o(i.pstorage_store)
    pstorage_sys_event_handler               0x000215c1   Thumb Code   132  pstorage.o(i.pstorage_sys_event_handler)
    pstorage_update                          0x00021655   Thumb Code   128  pstorage.o(i.pstorage_update)
    rtc_handler                              0x0002170d   Thumb Code    88  main.o(i.rtc_handler)
    saadc_callback                           0x00021775   Thumb Code    82  main.o(i.saadc_callback)
    sd_check_ram_start                       0x000217d1   Thumb Code    12  softdevice_handler.o(i.sd_check_ram_start)
    sensorsim_init                           0x000217f9   Thumb Code    22  sensorsim.o(i.sensorsim_init)
    sensorsim_measure                        0x0002180f   Thumb Code    60  sensorsim.o(i.sensorsim_measure)
    softdevice_ble_evt_handler_set           0x000219a5   Thumb Code    16  softdevice_handler.o(i.softdevice_ble_evt_handler_set)
    softdevice_enable                        0x000219b9   Thumb Code    16  softdevice_handler.o(i.softdevice_enable)
    softdevice_enable_get_default_config     0x000219cd   Thumb Code    38  softdevice_handler.o(i.softdevice_enable_get_default_config)
    softdevice_fault_handler                 0x000219f3   Thumb Code     4  softdevice_handler.o(i.softdevice_fault_handler)
    softdevice_handler_init                  0x000219f9   Thumb Code   108  softdevice_handler.o(i.softdevice_handler_init)
    softdevice_sys_evt_handler_set           0x00021a75   Thumb Code    16  softdevice_handler.o(i.softdevice_sys_evt_handler_set)
    _fp_init                                 0x000221f9   Thumb Code    10  fpinit.o(x$fpl$fpinit)
    __fplib_config_fpu_vfp                   0x00022201   Thumb Code     0  fpinit.o(x$fpl$fpinit)
    __fplib_config_pureend_doubles           0x00022201   Thumb Code     0  fpinit.o(x$fpl$fpinit)
    rtc                                      0x00022218   Data           8  main.o(.constdata)
    m_context_init_len                       0x00022244   Data           4  device_manager_peripheral.o(.constdata)
    m_service_context_store                  0x00022248   Data          16  device_manager_peripheral.o(.constdata)
    m_service_context_load                   0x00022258   Data          16  device_manager_peripheral.o(.constdata)
    m_service_context_apply                  0x00022268   Data          16  device_manager_peripheral.o(.constdata)
    Region$$Table$$Base                      0x000222b4   Number         0  anon$$obj.o(Region$$Table)
    Region$$Table$$Limit                     0x000222d4   Number         0  anon$$obj.o(Region$$Table)
    Image$$RW_IRAM1$$Base                    0x20002080   Number         0  anon$$obj.o ABSOLUTE
    SystemCoreClock                          0x200021f4   Data           4  system_nrf52.o(.data)
    nrf_nvic_state                           0x20002bac   Data          12  softdevice_handler.o(.bss)
    __libspace_start                         0x20002bb8   Data          96  libspace.o(.bss)
    __temporary_stack_top$libspace           0x20002c18   Data           0  libspace.o(.bss)



==============================================================================

Memory Map of the image

  Image Entry point : 0x0001c401

  Load Region LR_IROM1 (Base: 0x0001c000, Size: 0x0000644c, Max: 0x00064000, ABSOLUTE, COMPRESSED[0x000062f0])

    Execution Region ER_IROM1 (Base: 0x0001c000, Size: 0x000062d4, Max: 0x00064000, ABSOLUTE)

    Base Addr    Size         Type   Attr      Idx    E Section Name        Object

    0x0001c000   0x00000400   Data   RO         3083    RESET               arm_startup_nrf52.o
    0x0001c400   0x00000008   Code   RO         3142  * !!!main             c_w.l(__main.o)
    0x0001c408   0x00000034   Code   RO         3305    !!!scatter          c_w.l(__scatter.o)
    0x0001c43c   0x0000003a   Code   RO         3303    !!dczerorl          c_w.l(__dczerorl.o)
    0x0001c476   0x00000002   PAD
    0x0001c478   0x0000001c   Code   RO         3307    !!handler_zi        c_w.l(__scatter_zi.o)
    0x0001c494   0x00000002   Code   RO         3173    .ARM.Collect$$libinit$$00000000  c_w.l(libinit.o)
    0x0001c496   0x00000004   Code   RO         3179    .ARM.Collect$$libinit$$00000001  c_w.l(libinit2.o)
    0x0001c49a   0x00000000   Code   RO         3182    .ARM.Collect$$libinit$$00000004  c_w.l(libinit2.o)
    0x0001c49a   0x00000000   Code   RO         3185    .ARM.Collect$$libinit$$0000000A  c_w.l(libinit2.o)
    0x0001c49a   0x00000000   Code   RO         3187    .ARM.Collect$$libinit$$0000000C  c_w.l(libinit2.o)
    0x0001c49a   0x00000000   Code   RO         3189    .ARM.Collect$$libinit$$0000000E  c_w.l(libinit2.o)
    0x0001c49a   0x00000000   Code   RO         3192    .ARM.Collect$$libinit$$00000011  c_w.l(libinit2.o)
    0x0001c49a   0x00000000   Code   RO         3194    .ARM.Collect$$libinit$$00000013  c_w.l(libinit2.o)
    0x0001c49a   0x00000000   Code   RO         3196    .ARM.Collect$$libinit$$00000015  c_w.l(libinit2.o)
    0x0001c49a   0x00000000   Code   RO         3198    .ARM.Collect$$libinit$$00000017  c_w.l(libinit2.o)
    0x0001c49a   0x00000000   Code   RO         3200    .ARM.Collect$$libinit$$00000019  c_w.l(libinit2.o)
    0x0001c49a   0x00000000   Code   RO         3202    .ARM.Collect$$libinit$$0000001B  c_w.l(libinit2.o)
    0x0001c49a   0x00000000   Code   RO         3204    .ARM.Collect$$libinit$$0000001D  c_w.l(libinit2.o)
    0x0001c49a   0x00000000   Code   RO         3206    .ARM.Collect$$libinit$$0000001F  c_w.l(libinit2.o)
    0x0001c49a   0x00000000   Code   RO         3208    .ARM.Collect$$libinit$$00000021  c_w.l(libinit2.o)
    0x0001c49a   0x00000000   Code   RO         3210    .ARM.Collect$$libinit$$00000023  c_w.l(libinit2.o)
    0x0001c49a   0x00000000   Code   RO         3212    .ARM.Collect$$libinit$$00000025  c_w.l(libinit2.o)
    0x0001c49a   0x00000000   Code   RO         3216    .ARM.Collect$$libinit$$0000002C  c_w.l(libinit2.o)
    0x0001c49a   0x00000000   Code   RO         3218    .ARM.Collect$$libinit$$0000002E  c_w.l(libinit2.o)
    0x0001c49a   0x00000000   Code   RO         3220    .ARM.Collect$$libinit$$00000030  c_w.l(libinit2.o)
    0x0001c49a   0x00000000   Code   RO         3222    .ARM.Collect$$libinit$$00000032  c_w.l(libinit2.o)
    0x0001c49a   0x00000002   Code   RO         3223    .ARM.Collect$$libinit$$00000033  c_w.l(libinit2.o)
    0x0001c49c   0x00000002   Code   RO         3243    .ARM.Collect$$libshutdown$$00000000  c_w.l(libshutdown.o)
    0x0001c49e   0x00000000   Code   RO         3256    .ARM.Collect$$libshutdown$$00000002  c_w.l(libshutdown2.o)
    0x0001c49e   0x00000000   Code   RO         3258    .ARM.Collect$$libshutdown$$00000004  c_w.l(libshutdown2.o)
    0x0001c49e   0x00000000   Code   RO         3261    .ARM.Collect$$libshutdown$$00000007  c_w.l(libshutdown2.o)
    0x0001c49e   0x00000000   Code   RO         3264    .ARM.Collect$$libshutdown$$0000000A  c_w.l(libshutdown2.o)
    0x0001c49e   0x00000000   Code   RO         3266    .ARM.Collect$$libshutdown$$0000000C  c_w.l(libshutdown2.o)
    0x0001c49e   0x00000000   Code   RO         3269    .ARM.Collect$$libshutdown$$0000000F  c_w.l(libshutdown2.o)
    0x0001c49e   0x00000002   Code   RO         3270    .ARM.Collect$$libshutdown$$00000010  c_w.l(libshutdown2.o)
    0x0001c4a0   0x00000000   Code   RO         3144    .ARM.Collect$$rtentry$$00000000  c_w.l(__rtentry.o)
    0x0001c4a0   0x00000000   Code   RO         3150    .ARM.Collect$$rtentry$$00000002  c_w.l(__rtentry2.o)
    0x0001c4a0   0x00000006   Code   RO         3162    .ARM.Collect$$rtentry$$00000004  c_w.l(__rtentry4.o)
    0x0001c4a6   0x00000000   Code   RO         3152    .ARM.Collect$$rtentry$$00000009  c_w.l(__rtentry2.o)
    0x0001c4a6   0x00000004   Code   RO         3153    .ARM.Collect$$rtentry$$0000000A  c_w.l(__rtentry2.o)
    0x0001c4aa   0x00000000   Code   RO         3155    .ARM.Collect$$rtentry$$0000000C  c_w.l(__rtentry2.o)
    0x0001c4aa   0x00000008   Code   RO         3156    .ARM.Collect$$rtentry$$0000000D  c_w.l(__rtentry2.o)
    0x0001c4b2   0x00000002   Code   RO         3177    .ARM.Collect$$rtexit$$00000000  c_w.l(rtexit.o)
    0x0001c4b4   0x00000000   Code   RO         3225    .ARM.Collect$$rtexit$$00000002  c_w.l(rtexit2.o)
    0x0001c4b4   0x00000004   Code   RO         3226    .ARM.Collect$$rtexit$$00000003  c_w.l(rtexit2.o)
    0x0001c4b8   0x00000006   Code   RO         3227    .ARM.Collect$$rtexit$$00000004  c_w.l(rtexit2.o)
    0x0001c4be   0x00000002   PAD
    0x0001c4c0   0x00000076   Code   RO         2565    .emb_text           app_timer.o
    0x0001c536   0x00000002   PAD
    0x0001c538   0x00000040   Code   RO         3084    .text               arm_startup_nrf52.o
    0x0001c578   0x00000058   Code   RO         3126    .text               c_w.l(memcmp.o)
    0x0001c5d0   0x0000003e   Code   RO         3128    .text               c_w.l(strlen.o)
    0x0001c60e   0x0000008a   Code   RO         3130    .text               c_w.l(rt_memcpy_v6.o)
    0x0001c698   0x00000084   Code   RO         3132    .text               c_w.l(rt_memmove_v6.o)
    0x0001c71c   0x00000064   Code   RO         3134    .text               c_w.l(rt_memcpy_w.o)
    0x0001c780   0x00000010   Code   RO         3136    .text               c_w.l(aeabi_memset.o)
    0x0001c790   0x0000004e   Code   RO         3138    .text               c_w.l(rt_memclr_w.o)
    0x0001c7de   0x00000006   Code   RO         3140    .text               c_w.l(heapauxi.o)
    0x0001c7e4   0x0000007a   Code   RO         3145    .text               c_w.l(rt_memmove_w.o)
    0x0001c85e   0x00000044   Code   RO         3147    .text               c_w.l(rt_memclr.o)
    0x0001c8a2   0x0000004a   Code   RO         3164    .text               c_w.l(sys_stackheap_outer.o)
    0x0001c8ec   0x00000012   Code   RO         3166    .text               c_w.l(exit.o)
    0x0001c8fe   0x00000002   PAD
    0x0001c900   0x00000008   Code   RO         3174    .text               c_w.l(libspace.o)
    0x0001c908   0x0000000c   Code   RO         3235    .text               c_w.l(sys_exit.o)
    0x0001c914   0x00000002   Code   RO         3246    .text               c_w.l(use_no_semi.o)
    0x0001c916   0x00000000   Code   RO         3248    .text               c_w.l(indicate_semi.o)
    0x0001c916   0x00000002   PAD
    0x0001c918   0x00000180   Code   RO         1347    i.GPIOTE_IRQHandler  nrf_drv_gpiote.o
    0x0001ca98   0x000000b0   Code   RO         2566    i.RTC1_IRQHandler   app_timer.o
    0x0001cb48   0x000000b0   Code   RO         2276    i.RTC2_IRQHandler   nrf_drv_rtc.o
    0x0001cbf8   0x000000c0   Code   RO         1947    i.SAADC_IRQHandler  nrf_drv_saadc.o
    0x0001ccb8   0x00000004   Code   RO         2567    i.SWI0_EGU0_IRQHandler  app_timer.o
    0x0001ccbc   0x00000084   Code   RO         2989    i.SWI2_EGU2_IRQHandler  softdevice_handler.o
    0x0001cd40   0x000002d0   Code   RO         3092    i.SystemInit        system_nrf52.o
    0x0001d010   0x0000004c   Code   RO         2038    i.TIMER3_IRQHandler  nrf_drv_timer.o
    0x0001d05c   0x00000270   Code   RO         1498    i.UARTE0_UART0_IRQHandler  nrf_drv_uart.o
    0x0001d2cc   0x00000008   Code   RO          133    i.__ARM_common_memclr4_5  main.o
    0x0001d2d4   0x00000008   Code   RO         1197    i.__ARM_common_memclr4_6  device_manager_peripheral.o
    0x0001d2dc   0x0000000a   Code   RO          682    i.__ARM_common_memclr4_7  ble_advertising.o
    0x0001d2e6   0x0000000a   Code   RO         1195    i.__ARM_common_memcpy4_5  device_manager_peripheral.o
    0x0001d2f0   0x00000496   Code   RO          577    i.adv_data_encode   ble_advdata.o
    0x0001d786   0x00000002   PAD
    0x0001d788   0x00000020   Code   RO          423    i.alert_timer_handler  bsp.o
    0x0001d7a8   0x00000028   Code   RO         2376    i.app_button_enable  app_button.o
    0x0001d7d0   0x0000007c   Code   RO         2377    i.app_button_init   app_button.o
    0x0001d84c   0x00000024   Code   RO         2477    i.app_error_fault_handler  app_error_weak.o
    0x0001d870   0x0000001a   Code   RO         2438    i.app_error_handler_bare  app_error.o
    0x0001d88a   0x00000002   PAD
    0x0001d88c   0x0000002c   Code   RO         2570    i.app_timer_create  app_timer.o
    0x0001d8b8   0x000000dc   Code   RO         2571    i.app_timer_init    app_timer.o
    0x0001d994   0x000000c8   Code   RO         2572    i.app_timer_start   app_timer.o
    0x0001da5c   0x000000a0   Code   RO         2573    i.app_timer_stop    app_timer.o
    0x0001dafc   0x00000040   Code   RO            6    i.battery_level_meas_timeout_handler  main.o
    0x0001db3c   0x00000078   Code   RO          578    i.ble_advdata_set   ble_advdata.o
    0x0001dbb4   0x00000184   Code   RO          625    i.ble_advertising_init  ble_advertising.o
    0x0001dd38   0x000000b4   Code   RO          626    i.ble_advertising_on_ble_evt  ble_advertising.o
    0x0001ddec   0x00000034   Code   RO          627    i.ble_advertising_on_sys_evt  ble_advertising.o
    0x0001de20   0x00000058   Code   RO          629    i.ble_advertising_restart_without_whitelist  ble_advertising.o
    0x0001de78   0x00000240   Code   RO          630    i.ble_advertising_start  ble_advertising.o
    0x0001e0b8   0x00000090   Code   RO          696    i.ble_bas_battery_level_update  ble_bas.o
    0x0001e148   0x0000018a   Code   RO          697    i.ble_bas_init      ble_bas.o
    0x0001e2d2   0x0000005e   Code   RO          698    i.ble_bas_on_ble_evt  ble_bas.o
    0x0001e330   0x0000005c   Code   RO          739    i.ble_conn_params_init  ble_conn_params.o
    0x0001e38c   0x000000b0   Code   RO          740    i.ble_conn_params_on_ble_evt  ble_conn_params.o
    0x0001e43c   0x000001cc   Code   RO          805    i.ble_dis_init      ble_dis.o
    0x0001e608   0x00000060   Code   RO            7    i.ble_evt_dispatch  main.o
    0x0001e668   0x00000062   Code   RO          840    i.ble_hrs_heart_rate_measurement_send  ble_hrs.o
    0x0001e6ca   0x00000188   Code   RO          841    i.ble_hrs_init      ble_hrs.o
    0x0001e852   0x0000004e   Code   RO          842    i.ble_hrs_on_ble_evt  ble_hrs.o
    0x0001e8a0   0x00000036   Code   RO          843    i.ble_hrs_rr_interval_add  ble_hrs.o
    0x0001e8d6   0x00000006   Code   RO          845    i.ble_hrs_sensor_contact_detected_update  ble_hrs.o
    0x0001e8dc   0x00000012   Code   RO          917    i.ble_srv_ascii_to_utf8  ble_srv_common.o
    0x0001e8ee   0x0000000c   Code   RO          918    i.ble_srv_report_ref_encode  ble_srv_common.o
    0x0001e8fa   0x00000002   PAD
    0x0001e8fc   0x000000a0   Code   RO          539    i.bsp_btn_ble_init  bsp_btn_ble.o
    0x0001e99c   0x000000c0   Code   RO          540    i.bsp_btn_ble_on_ble_evt  bsp_btn_ble.o
    0x0001ea5c   0x00000012   Code   RO          541    i.bsp_btn_ble_sleep_mode_prepare  bsp_btn_ble.o
    0x0001ea6e   0x00000002   PAD
    0x0001ea70   0x0000008c   Code   RO          424    i.bsp_button_event_handler  bsp.o
    0x0001eafc   0x00000030   Code   RO          425    i.bsp_button_is_pressed  bsp.o
    0x0001eb2c   0x00000060   Code   RO            8    i.bsp_event_handler  main.o
    0x0001eb8c   0x00000038   Code   RO          429    i.bsp_event_to_button_action_assign  bsp.o
    0x0001ebc4   0x0000001c   Code   RO          430    i.bsp_indication_set  bsp.o
    0x0001ebe0   0x000000b8   Code   RO          432    i.bsp_init          bsp.o
    0x0001ec98   0x00000344   Code   RO          433    i.bsp_led_indication  bsp.o
    0x0001efdc   0x00000020   Code   RO          434    i.bsp_wakeup_buttons_set  bsp.o
    0x0001effc   0x00000008   Code   RO          435    i.button_timer_handler  bsp.o
    0x0001f004   0x0000009c   Code   RO          806    i.char_add          ble_dis.o
    0x0001f0a0   0x00000100   Code   RO         1601    i.clear_operation_execute  pstorage.o
    0x0001f1a0   0x00000084   Code   RO         1602    i.cmd_queue_enqueue  pstorage.o
    0x0001f224   0x00000070   Code   RO         1603    i.command_end_procedure_run  pstorage.o
    0x0001f294   0x00000004   Code   RO            9    i.conn_params_error_handler  main.o
    0x0001f298   0x0000006c   Code   RO          742    i.conn_params_negotiation  ble_conn_params.o
    0x0001f304   0x000000c0   Code   RO         1604    i.data_page_erase_state_run  pstorage.o
    0x0001f3c4   0x00000038   Code   RO         1605    i.data_to_swap_write_state_run  pstorage.o
    0x0001f3fc   0x0000006c   Code   RO         2379    i.detection_delay_timeout_handler  app_button.o
    0x0001f468   0x000000d0   Code   RO          969    i.device_context_store  device_manager_peripheral.o
    0x0001f538   0x000000f4   Code   RO          970    i.device_instance_find  device_manager_peripheral.o
    0x0001f62c   0x0000000e   Code   RO           10    i.device_manager_evt_handler  main.o
    0x0001f63a   0x00000002   PAD
    0x0001f63c   0x0000051c   Code   RO          975    i.dm_ble_evt_handler  device_manager_peripheral.o
    0x0001fb58   0x00000144   Code   RO          982    i.dm_init           device_manager_peripheral.o
    0x0001fc9c   0x000001e4   Code   RO          985    i.dm_pstorage_cb_handler  device_manager_peripheral.o
    0x0001fe80   0x0000006c   Code   RO          986    i.dm_register       device_manager_peripheral.o
    0x0001feec   0x00000104   Code   RO         1606    i.flash_operation_success_run  pstorage.o
    0x0001fff0   0x00000060   Code   RO         1607    i.flash_write       pstorage.o
    0x00020050   0x00000018   Code   RO         2720    i.fs_queued_op_count_get  fstorage.o
    0x00020068   0x00000004   Code   RO          993    i.gattc_context_apply  device_manager_peripheral.o
    0x0002006c   0x00000004   Code   RO          994    i.gattc_context_load  device_manager_peripheral.o
    0x00020070   0x00000004   Code   RO          995    i.gattc_context_store  device_manager_peripheral.o
    0x00020074   0x000000c8   Code   RO          996    i.gatts_context_apply  device_manager_peripheral.o
    0x0002013c   0x0000003c   Code   RO          997    i.gatts_context_load  device_manager_peripheral.o
    0x00020178   0x000000d8   Code   RO          998    i.gatts_context_store  device_manager_peripheral.o
    0x00020250   0x000000c8   Code   RO          999    i.gattsc_context_apply  device_manager_peripheral.o
    0x00020318   0x0000003c   Code   RO         1000    i.gattsc_context_load  device_manager_peripheral.o
    0x00020354   0x000000dc   Code   RO         1001    i.gattsc_context_store  device_manager_peripheral.o
    0x00020430   0x0000005c   Code   RO         2380    i.gpiote_event_handler  app_button.o
    0x0002048c   0x000000c0   Code   RO         1608    i.head_restore_state_run  pstorage.o
    0x0002054c   0x000000a8   Code   RO           11    i.heart_rate_meas_timeout_handler  main.o
    0x000205f4   0x000000b6   Code   RO          847    i.hrm_encode        ble_hrs.o
    0x000206aa   0x00000002   PAD
    0x000206ac   0x00000018   Code   RO          436    i.leds_timer_handler  bsp.o
    0x000206c4   0x00000508   Code   RO           13    i.main              main.o
    0x00020bcc   0x00000004   Code   RO         1002    i.no_service_context_apply  device_manager_peripheral.o
    0x00020bd0   0x00000004   Code   RO         1003    i.no_service_context_load  device_manager_peripheral.o
    0x00020bd4   0x00000004   Code   RO         1004    i.no_service_context_store  device_manager_peripheral.o
    0x00020bd8   0x00000038   Code   RO         1319    i.nrf_drv_common_irq_enable  nrf_drv_common.o
    0x00020c10   0x000000c4   Code   RO         1350    i.nrf_drv_gpiote_in_event_enable  nrf_drv_gpiote.o
    0x00020cd4   0x000000e4   Code   RO         1351    i.nrf_drv_gpiote_in_init  nrf_drv_gpiote.o
    0x00020db8   0x00000014   Code   RO         1352    i.nrf_drv_gpiote_in_is_set  nrf_drv_gpiote.o
    0x00020dcc   0x00000060   Code   RO         1354    i.nrf_drv_gpiote_init  nrf_drv_gpiote.o
    0x00020e2c   0x00000014   Code   RO         1355    i.nrf_drv_gpiote_is_init  nrf_drv_gpiote.o
    0x00020e40   0x00000018   Code   RO         1846    i.nrf_drv_ppi_init  nrf_drv_ppi.o
    0x00020e58   0x00000018   Code   RO         2280    i.nrf_drv_rtc_enable  nrf_drv_rtc.o
    0x00020e70   0x0000007c   Code   RO         2281    i.nrf_drv_rtc_init  nrf_drv_rtc.o
    0x00020eec   0x00000028   Code   RO         2286    i.nrf_drv_rtc_tick_enable  nrf_drv_rtc.o
    0x00020f14   0x0000007c   Code   RO         1949    i.nrf_drv_saadc_buffer_convert  nrf_drv_saadc.o
    0x00020f90   0x00000054   Code   RO         1950    i.nrf_drv_saadc_channel_init  nrf_drv_saadc.o
    0x00020fe4   0x00000078   Code   RO         1952    i.nrf_drv_saadc_init  nrf_drv_saadc.o
    0x0002105c   0x00000020   Code   RO         1955    i.nrf_drv_saadc_sample  nrf_drv_saadc.o
    0x0002107c   0x000000e4   Code   RO         1957    i.nrf_drv_saadc_uninit  nrf_drv_saadc.o
    0x00021160   0x0000005e   Code   RO         2151    i.nrf_saadc_channel_init  nrf_saadc.o
    0x000211be   0x0000003e   Code   RO           14    i.on_adv_evt        main.o
    0x000211fc   0x00000020   Code   RO           15    i.on_conn_params_evt  main.o
    0x0002121c   0x00000028   Code   RO         1609    i.pstorage_access_status_get  pstorage.o
    0x00021244   0x00000064   Code   RO         1610    i.pstorage_block_identifier_get  pstorage.o
    0x000212a8   0x00000094   Code   RO         1611    i.pstorage_clear    pstorage.o
    0x0002133c   0x00000088   Code   RO         1612    i.pstorage_init     pstorage.o
    0x000213c4   0x00000098   Code   RO         1613    i.pstorage_load     pstorage.o
    0x0002145c   0x000000dc   Code   RO         1614    i.pstorage_register  pstorage.o
    0x00021538   0x00000088   Code   RO         1615    i.pstorage_store    pstorage.o
    0x000215c0   0x00000094   Code   RO         1616    i.pstorage_sys_event_handler  pstorage.o
    0x00021654   0x00000088   Code   RO         1617    i.pstorage_update   pstorage.o
    0x000216dc   0x00000030   Code   RO           16    i.rr_interval_timeout_handler  main.o
    0x0002170c   0x00000068   Code   RO           18    i.rtc_handler       main.o
    0x00021774   0x0000005c   Code   RO           19    i.saadc_callback    main.o
    0x000217d0   0x00000010   Code   RO         2991    i.sd_check_ram_start  softdevice_handler.o
    0x000217e0   0x00000018   Code   RO           22    i.sensor_contact_detected_timeout_handler  main.o
    0x000217f8   0x00000016   Code   RO         2830    i.sensorsim_init    sensorsim.o
    0x0002180e   0x0000003c   Code   RO         2831    i.sensorsim_measure  sensorsim.o
    0x0002184a   0x00000002   PAD
    0x0002184c   0x00000158   Code   RO         1618    i.sm_state_change   pstorage.o
    0x000219a4   0x00000014   Code   RO         2992    i.softdevice_ble_evt_handler_set  softdevice_handler.o
    0x000219b8   0x00000014   Code   RO         2993    i.softdevice_enable  softdevice_handler.o
    0x000219cc   0x00000026   Code   RO         2994    i.softdevice_enable_get_default_config  softdevice_handler.o
    0x000219f2   0x00000004   Code   RO         2995    i.softdevice_fault_handler  softdevice_handler.o
    0x000219f6   0x00000002   PAD
    0x000219f8   0x0000007c   Code   RO         2996    i.softdevice_handler_init  softdevice_handler.o
    0x00021a74   0x00000014   Code   RO         2999    i.softdevice_sys_evt_handler_set  softdevice_handler.o
    0x00021a88   0x00000060   Code   RO         1619    i.state_erase_data_page_entry_run  pstorage.o
    0x00021ae8   0x0000003c   Code   RO         1620    i.state_restore_head_entry_run  pstorage.o
    0x00021b24   0x00000060   Code   RO         1621    i.state_restore_tail_entry_run  pstorage.o
    0x00021b84   0x0000008c   Code   RO         1622    i.state_swap_erase_entry_run  pstorage.o
    0x00021c10   0x00000040   Code   RO         1623    i.state_write_data_swap_entry_run  pstorage.o
    0x00021c50   0x00000004   Code   RO         1005    i.storage_operation_dummy_handler  device_manager_peripheral.o
    0x00021c54   0x0000002c   Code   RO         1624    i.swap_erase_state_run  pstorage.o
    0x00021c80   0x00000012   Code   RO           23    i.sys_evt_dispatch  main.o
    0x00021c92   0x00000002   PAD
    0x00021c94   0x00000044   Code   RO         1625    i.tail_restore_state_run  pstorage.o
    0x00021cd8   0x00000350   Code   RO         2575    i.timer_list_handler  app_timer.o
    0x00022028   0x0000006c   Code   RO          743    i.update_timeout_handler  ble_conn_params.o
    0x00022094   0x00000164   Code   RO          579    i.uuid_list_encode  ble_advdata.o
    0x000221f8   0x0000000a   Code   RO         3233    x$fpl$fpinit        fz_wm.l(fpinit.o)
    0x00022202   0x00000002   PAD
    0x00022204   0x00000024   Data   RO           29    .constdata          main.o
    0x00022228   0x00000018   Data   RO          440    .constdata          bsp.o
    0x00022240   0x00000004   Data   RO          746    .constdata          ble_conn_params.o
    0x00022244   0x00000034   Data   RO         1007    .constdata          device_manager_peripheral.o
    0x00022278   0x00000028   Data   RO         1627    .constdata          pstorage.o
    0x000222a0   0x00000003   Data   RO         1959    .constdata          nrf_drv_saadc.o
    0x000222a3   0x00000001   PAD
    0x000222a4   0x00000006   Data   RO         2288    .constdata          nrf_drv_rtc.o
    0x000222aa   0x00000002   PAD
    0x000222ac   0x00000008   Data   RO         2382    .constdata          app_button.o
    0x000222b4   0x00000020   Data   RO         3301    Region$$Table       anon$$obj.o


    Execution Region RW_IRAM1 (Base: 0x20002080, Size: 0x00004b98, Max: 0x0000df80, ABSOLUTE, COMPRESSED[0x0000001c])

    Base Addr    Size         Type   Attr      Idx    E Section Name        Object

    0x20002080   0x00000040   Data   RW           31    .data               main.o
    0x200020c0   0x00000018   Data   RW          441    .data               bsp.o
    0x200020d8   0x00000008   Data   RW          542    .data               bsp_btn_ble.o
    0x200020e0   0x0000001f   Data   RW          633    .data               ble_advertising.o
    0x200020ff   0x00000001   PAD
    0x20002100   0x00000014   Data   RW          747    .data               ble_conn_params.o
    0x20002114   0x0000004a   Data   RW          807    .data               ble_dis.o
    0x2000215e   0x00000002   PAD
    0x20002160   0x00000018   Data   RW         1008    .data               device_manager_peripheral.o
    0x20002178   0x00000024   Data   RW         1628    .data               pstorage.o
    0x2000219c   0x00000008   Data   RW         1848    .data               nrf_drv_ppi.o
    0x200021a4   0x00000008   Data   RW         2289    .data               nrf_drv_rtc.o
    0x200021ac   0x00000014   Data   RW         2383    .data               app_button.o
    0x200021c0   0x00000020   Data   RW         2576    .data               app_timer.o
    0x200021e0   0x00000014   Data   RW         3001    .data               softdevice_handler.o
    0x200021f4   0x00000004   Data   RW         3093    .data               system_nrf52.o
    0x200021f8   0x00000020   Zero   RW           24    .bss                main.o
    0x20002218   0x00000020   Zero   RW           25    .bss                main.o
    0x20002238   0x00000020   Zero   RW           26    .bss                main.o
    0x20002258   0x00000020   Zero   RW           27    .bss                main.o
    0x20002278   0x000002a8   Zero   RW           28    .bss                main.o
    0x20002520   0x00000020   Zero   RW          437    .bss                bsp.o
    0x20002540   0x00000020   Zero   RW          438    .bss                bsp.o
    0x20002560   0x00000020   Zero   RW          439    .bss                bsp.o
    0x20002580   0x00000103   Zero   RW          632    .bss                ble_advertising.o
    0x20002683   0x00000001   PAD
    0x20002684   0x00000020   Zero   RW          744    .bss                ble_conn_params.o
    0x200026a4   0x0000001c   Zero   RW          745    .bss                ble_conn_params.o
    0x200026c0   0x0000014f   Zero   RW         1006    .bss                device_manager_peripheral.o
    0x2000280f   0x00000001   PAD
    0x20002810   0x00000058   Zero   RW         1367    .bss                nrf_drv_gpiote.o
    0x20002868   0x00000020   Zero   RW         1509    .bss                nrf_drv_uart.o
    0x20002888   0x00000274   Zero   RW         1626    .bss                pstorage.o
    0x20002afc   0x0000002c   Zero   RW         1958    .bss                nrf_drv_saadc.o
    0x20002b28   0x0000000c   Zero   RW         2052    .bss                nrf_drv_timer.o
    0x20002b34   0x00000020   Zero   RW         2381    .bss                app_button.o
    0x20002b54   0x00000058   Zero   RW         2724    .bss                fstorage.o
    0x20002bac   0x0000000c   Zero   RW         3000    .bss                softdevice_handler.o
    0x20002bb8   0x00000060   Zero   RW         3175    .bss                c_w.l(libspace.o)
    0x20002c18   0x00002000   Zero   RW         3082    HEAP                arm_startup_nrf52.o
    0x20004c18   0x00002000   Zero   RW         3081    STACK               arm_startup_nrf52.o


==============================================================================

Image component sizes


      Code (inc. data)   RO Data    RW Data    ZI Data      Debug   Object Name

       364         38          8         20         32      10090   app_button.o
        26          0          0          0          0       2321   app_error.o
        36         10          0          0          0      27369   app_error_weak.o
      1770         86          0         32          0      49391   app_timer.o
        64         26       1024          0      16384       1004   arm_startup_nrf52.o
      1650          0          0          0          0      17564   ble_advdata.o
      1294         70          0         31        259       9729   ble_advertising.o
       632          0          0          0          0      13143   ble_bas.o
       484         58          4         20         60       6696   ble_conn_params.o
       616         48          0         74          0       5007   ble_dis.o
       810          0          0          0          0      13525   ble_hrs.o
        30          0          0          0          0       2276   ble_srv_common.o
      1388        152         24         24         96      10799   bsp.o
       370         10          0          8          0       4745   bsp_btn_ble.o
      3678        202         52         24        335      31823   device_manager_peripheral.o
        24          6          0          0         88       4044   fstorage.o
      2118        264         36         64        808     167673   main.o
         0          0          0          0          0       1896   nrf_drv_clock.o
        56          0          0          0          0      27559   nrf_drv_common.o
       944         56          0          0         88      19469   nrf_drv_gpiote.o
        24          4          0          8          0       1079   nrf_drv_ppi.o
       364         28          6          8          0       9616   nrf_drv_rtc.o
       780         74          3          0         44      16564   nrf_drv_saadc.o
        76          8          0          0         12      10298   nrf_drv_timer.o
       624         14          0          0         32      41335   nrf_drv_uart.o
        94          0          0          0          0       6405   nrf_saadc.o
      3424        274         40         36        628      33910   pstorage.o
        82          0          0          0          0       2231   sensorsim.o
       374         38          0         20         12      38927   softdevice_handler.o
       720        150          0          4          0       2663   system_nrf52.o

    ----------------------------------------------------------------------
     22936       1616       1232        376      18880     589151   Object Totals
         0          0         32          0          0          0   (incl. Generated)
        20          0          3          3          2          0   (incl. Padding)

    ----------------------------------------------------------------------

      Code (inc. data)   RO Data    RW Data    ZI Data      Debug   Library Member Name

        58          0          0          0          0          0   __dczerorl.o
         8          0          0          0          0         68   __main.o
         0          0          0          0          0          0   __rtentry.o
        12          0          0          0          0          0   __rtentry2.o
         6          0          0          0          0          0   __rtentry4.o
        52          8          0          0          0          0   __scatter.o
        28          0          0          0          0          0   __scatter_zi.o
        16          0          0          0          0         68   aeabi_memset.o
        18          0          0          0          0         80   exit.o
         6          0          0          0          0        152   heapauxi.o
         0          0          0          0          0          0   indicate_semi.o
         2          0          0          0          0          0   libinit.o
         6          0          0          0          0          0   libinit2.o
         2          0          0          0          0          0   libshutdown.o
         2          0          0          0          0          0   libshutdown2.o
         8          4          0          0         96         68   libspace.o
        88          0          0          0          0         76   memcmp.o
        68          0          0          0          0         68   rt_memclr.o
        78          0          0          0          0         80   rt_memclr_w.o
       138          0          0          0          0         68   rt_memcpy_v6.o
       100          0          0          0          0         80   rt_memcpy_w.o
       132          0          0          0          0         68   rt_memmove_v6.o
       122          0          0          0          0         80   rt_memmove_w.o
         2          0          0          0          0          0   rtexit.o
        10          0          0          0          0          0   rtexit2.o
        62          0          0          0          0         76   strlen.o
        12          4          0          0          0         68   sys_exit.o
        74          0          0          0          0         80   sys_stackheap_outer.o
         2          0          0          0          0         68   use_no_semi.o
        10          0          0          0          0        116   fpinit.o

    ----------------------------------------------------------------------
      1132         16          0          0         96       1364   Library Totals
        10          0          0          0          0          0   (incl. Padding)

    ----------------------------------------------------------------------

      Code (inc. data)   RO Data    RW Data    ZI Data      Debug   Library Name

      1112         16          0          0         96       1248   c_w.l
        10          0          0          0          0        116   fz_wm.l

    ----------------------------------------------------------------------
      1132         16          0          0         96       1364   Library Totals

    ----------------------------------------------------------------------

==============================================================================


      Code (inc. data)   RO Data    RW Data    ZI Data      Debug   

     24068       1632       1232        376      18976     575791   Grand Totals
     24068       1632       1232         28      18976     575791   ELF Image Totals (compressed)
     24068       1632       1232         28          0          0   ROM Totals

==============================================================================

    Total RO  Size (Code + RO Data)                25300 (  24.71kB)
    Total RW  Size (RW Data + ZI Data)             19352 (  18.90kB)
    Total ROM Size (Code + RO Data + RW Data)      25328 (  24.73kB)

==============================================================================

